C51 COMPILER V8.05a   ABSTASK                                                              07/30/2017 21:35:55 PAGE 1   


C51 COMPILER V8.05a, COMPILATION OF MODULE ABSTASK
OBJECT MODULE PLACED IN .\absTask.obj
COMPILER INVOKED BY: C:\Keil_v5\C51\BIN\C51.EXE ..\SOFTWARE\absTask.c LARGE WARNINGLEVEL(0) BROWSE DEBUG OBJECTEXTEND PR
                    -INT(.\absTask.lst) TABS(2) OBJECT(.\absTask.obj)

line level    source

   1          #include <stdlib.h>
   2          #include "TASK/task.h"
   3          void taskStart() _task_ 0
   4          { 
   5   1        setup();
   6   1        blink(4);
   7   1        
   8   1        os_delete_task(0);
   9   1        
  10   1      }


MODULE INFORMATION:   STATIC OVERLAYABLE
   CODE SIZE        =     13    ----
   CONSTANT SIZE    =   ----    ----
   XDATA SIZE       =   ----    ----
   PDATA SIZE       =   ----    ----
   DATA SIZE        =   ----    ----
   IDATA SIZE       =   ----    ----
   BIT SIZE         =   ----    ----
END OF MODULE INFORMATION.


C51 COMPILATION COMPLETE.  0 WARNING(S),  0 ERROR(S)
