C51 COMPILER V8.05a   ABSTASK                                                              06/28/2017 22:36:34 PAGE 1   


C51 COMPILER V8.05a, COMPILATION OF MODULE ABSTASK
OBJECT MODULE PLACED IN .\absTask.obj
COMPILER INVOKED BY: C:\Keil_v5\C51\BIN\C51.EXE ..\SOFTWARE\ABS_TASK\absTask.c LARGE BROWSE DEBUG OBJECTEXTEND PRINT(.\a
                    -bsTask.lst) TABS(2) OBJECT(.\absTask.obj)

line level    source

   1          #include "../TASK/TASK.h"
   2          #include <rtx51tny.h>                 /* RTX-51 tiny functions & defines      */
   3          #include <stdio.h>
   4          
   5          //串口示波器数据发送函数
   6          void taskStart() _task_ 0
   7          {
   8   1        setup();
   9   1        os_create_task (1);
  10   1        os_create_task (2);
  11   1        os_create_task (3);
  12   1      
  13   1        os_delete_task (0); 
  14   1      }
  15          void task1(void) _task_ 1
  16          {  
  17   1        for(;;)
  18   1        {
  19   2         PrintString1("task1 is running\n");   //串口测试
  20   2         os_wait(K_IVL,1000,0);
  21   2        }
  22   1      }
  23          void task2(void) _task_ 2
  24          {
  25   1         for(;;)
  26   1        {
  27   2         PrintString1("task2 is running\n");   //串口测试
  28   2      
  29   2          os_wait(K_IVL,2000,0);
  30   2      
  31   2        }
  32   1        
  33   1      }
  34          void task3(void) _task_ 3
  35          { 
  36   1      int i=0;  
  37   1        for(;;)
  38   1        {
  39   2          sendScopeData();
  40   2          //PrintString1("task3 is running\n");   //串口测试
  41   2        //  TX1_write2buff(i++);
  42   2          os_wait(K_IVL,100,0);
  43   2      
  44   2        }
  45   1        
  46   1      }


MODULE INFORMATION:   STATIC OVERLAYABLE
   CODE SIZE        =     87    ----
   CONSTANT SIZE    =     36    ----
   XDATA SIZE       =   ----       2
   PDATA SIZE       =   ----    ----
   DATA SIZE        =   ----    ----
C51 COMPILER V8.05a   ABSTASK                                                              06/28/2017 22:36:34 PAGE 2   

   IDATA SIZE       =   ----    ----
   BIT SIZE         =   ----    ----
END OF MODULE INFORMATION.


C51 COMPILATION COMPLETE.  0 WARNING(S),  0 ERROR(S)
