C51 COMPILER V8.05a   BUTTON                                                               08/03/2017 10:04:15 PAGE 1   


C51 COMPILER V8.05a, COMPILATION OF MODULE BUTTON
OBJECT MODULE PLACED IN .\BUTTON.obj
COMPILER INVOKED BY: C:\Keil_v5\C51\BIN\C51.EXE ..\HARDWARE\BUTTON\BUTTON.C LARGE WARNINGLEVEL(0) BROWSE DEBUG OBJECTEXT
                    -END PRINT(.\BUTTON.lst) TABS(2) OBJECT(.\BUTTON.obj)

line level    source

   1          /************************************************************
   2          * 组织名称：
   3          * 文件名称: BUTTON.c
   4          * 作者:  周晨阳
   5          * 版本 : v1.0
   6          * 日期:
   7          * 描述: 按键初始化及相关函数
   8          * 主要函数及其功能 : 
   9          
  10          * 历史修改记录: // 历史修改记录
  11          * <作者> <时间> <版本 > <描述>
  12          * 周晨阳
  13          ***********************************************************/
  14          #include "BUTTON.h"
  15          
  16          #define BUTTON
  17          #ifdef BUTTON
  18          static u8 g_Button[BUTTON_NUM] = {0};
  19          /*************************************************
  20          * 函数名称: void Button_config()
  21          * 描述: 用于初始单片机的I/O口引脚
  22          * 其他说明: 用于初始单片机的I/O口引脚
  23          *************************************************/
  24          void Button_config(void)
  25          {
  26   1        GPIO_InitTypeDef    GPIO_InitStructure;     //结构定义
  27   1        GPIO_InitStructure.Mode = GPIO_PullUp;  
  28   1        GPIO_InitStructure.Pin = GPIO_Pin_2|GPIO_Pin_1|GPIO_Pin_0;    //指定要初始化的IO, GPIO_Pin_0 ~ GPIO_Pin_7
             -, 或操作
  29   1        GPIO_Inilize(GPIO_P1, &GPIO_InitStructure);  //初始化  
  30   1      }
  31          
  32          /************************************************
  33          * 函数名称: unsigned char getButtonState(u8 BUTTON_data)
  34          * 描述: 按键状态读取
  35          * 输入: 按键引脚宏
  36          * 返回值: 按键状态，按下返回1，未按下返回0，一直按着按键则按键只显示单次点击
  37          * 其他说明: 此函数为外界接口函数
  38          *************************************************/
  39          u8 getButtonState(u8 BUTTON_data)
  40          {
  41   1        u8 ButtonState;
  42   1        ButtonState = g_Button[BUTTON_data];
  43   1        g_Button[BUTTON_data] = 0;
  44   1        return ButtonState;
  45   1      }
  46          
  47          /*************************************************
  48          * 函数名称: void  buttonScan(void )//按键扫描函数
  49          * 描述: 按键检测程序
  50          * 输入: 无
  51          * 输出: 无
  52          * 返回值: 无
  53          * 其他说明: 此按键检测程序没有使用到定时器，
C51 COMPILER V8.05a   BUTTON                                                               08/03/2017 10:04:15 PAGE 2   

  54          *           将在后续的工程中改进此函数
  55          *************************************************/
  56          void  buttonScan(void )//按键扫描函数
  57          {
  58   1        u8 i,num;
  59   1        num = getButtonNum();
  60   1        if(num > 0)
  61   1        {
  62   2          g_Button[num - 1] = 1;
  63   2          if(getButtonNum() != 0)
  64   2          {   
  65   3            while(getButtonNum() != 0);
  66   3          }
  67   2          else
  68   2          {
  69   3            g_Button[num - 1] = 0;
  70   3          }
  71   2        }
  72   1      }
  73          #endif


MODULE INFORMATION:   STATIC OVERLAYABLE
   CODE SIZE        =    103    ----
   CONSTANT SIZE    =   ----    ----
   XDATA SIZE       =     16       4
   PDATA SIZE       =   ----    ----
   DATA SIZE        =   ----    ----
   IDATA SIZE       =   ----    ----
   BIT SIZE         =   ----    ----
END OF MODULE INFORMATION.


C51 COMPILATION COMPLETE.  0 WARNING(S),  0 ERROR(S)
