C51 COMPILER V8.05a   BUTTON                                                               08/02/2017 18:22:37 PAGE 1   


C51 COMPILER V8.05a, COMPILATION OF MODULE BUTTON
OBJECT MODULE PLACED IN .\BUTTON.obj
COMPILER INVOKED BY: C:\Keil_v5\C51\BIN\C51.EXE ..\HARDWARE\BUTTON\BUTTON.C LARGE WARNINGLEVEL(0) BROWSE DEBUG OBJECTEXT
                    -END PRINT(.\BUTTON.lst) TABS(2) OBJECT(.\BUTTON.obj)

line level    source

   1          /************************************************************
   2          * 组织名称：
   3          * 文件名称: BUTTON.c
   4          * 作者:  周晨阳
   5          * 版本 : v1.0
   6          * 日期:
   7          * 描述: 按键初始化及相关函数
   8          * 主要函数及其功能 : 
   9          
  10          * 历史修改记录: // 历史修改记录
  11          * <作者> <时间> <版本 > <描述>
  12          * 周晨阳
  13          ***********************************************************/
  14          #include "BUTTON.h"
  15          
  16          #define BUTTON
  17          #ifdef BUTTON
  18          ////extern  struct PID pid;
  19          /*************************************************
  20          * 函数名称: void Button_config()
  21          * 描述: 片上按键io初始化函数
  22          * 其他说明: 初始化 P23,24,25,26为按键
  23          *************************************************/
  24          void Button_config(void)
  25          {
  26   1          Init_TM1638();
  27   1      }
  28          ///*************************************************
  29          //* 函数名称:static bit digitalRead(pin)//读取按键状态函数,按下按键返回1，没按下返回0
  30          //* 描述: 带防抖的引脚电平读取函数
  31          //* 输入: 需要读取的pin* 输出:
  32          //* 返回值: 引脚电平，按下返回1，未按下返回0
  33          //* 其他说明: 内部函数，外部无须调用
  34          //*************************************************/
  35          ///*static bit digitalRead(pin)//读取按键状态函数,按下按键返回1，没按下返回0
  36          //{
  37          //    if(!pin)
  38          //    {
  39          //        return !pin;
  40          //    }
  41          //}
  42          //static bit BUTTON1_bit=0;
  43          //static bit BUTTON2_bit=0;
  44          //static bit BUTTON3_bit=0;
  45          //static bit BUTTON4_bit=0;*/
  46          /*************************************************
  47          * 函数名称: unsigned char getButtonState(u8 BUTTON_data)
  48          * 描述: 按键状态读取
  49          * 输入: 按键引脚宏
  50          * 返回值: 按键状态，按下返回1，未按下返回0
  51          * 其他说明: 此函数为外界接口函数
  52          *************************************************/
  53          u8 getButtonState(u8 BUTTON_data)
  54          {
C51 COMPILER V8.05a   BUTTON                                                               08/02/2017 18:22:37 PAGE 2   

  55   1         return g_Button[BUTTON_data];
  56   1      }
  57          /*************************************************
  58          * 函数名称: void  buttonScan(void )//按键扫描函数
  59          * 描述: 按键检测程序
  60          * 输入: 无
  61          * 输出: 无
  62          * 返回值: 无
  63          * 其他说明: 此按键检测程序没有使用到定时器，
  64          *           将在后续的工程中改进此函数
  65          *************************************************/
  66          void  buttonScan(void )//按键扫描函数
  67          {
  68   1        static unsigned char wait;
  69   1        u8 i,num;
  70   1        if(!getButtonNum())
  71   1        {
  72   2          num = getButtonNum();
  73   2          if(num)
  74   2          {
  75   3            g_Button[num] = 1;  
  76   3            wait = 0;
  77   3          }
  78   2          else
  79   2          {
  80   3            if(wait == 1000)
  81   3            {
  82   4              for(i = 0;i < 16;i++)
  83   4              {
  84   5                g_Button[i] = 0;
  85   5              }
  86   4            }
  87   3          }
  88   2          wait++;
  89   2        }
  90   1      }
  91          #endif


MODULE INFORMATION:   STATIC OVERLAYABLE
   CODE SIZE        =     77    ----
   CONSTANT SIZE    =   ----    ----
   XDATA SIZE       =     17    ----
   PDATA SIZE       =   ----    ----
   DATA SIZE        =   ----    ----
   IDATA SIZE       =   ----    ----
   BIT SIZE         =   ----    ----
END OF MODULE INFORMATION.


C51 COMPILATION COMPLETE.  0 WARNING(S),  0 ERROR(S)
