C51 COMPILER V8.05a   MOTOR                                                                07/10/2017 16:36:07 PAGE 1   


C51 COMPILER V8.05a, COMPILATION OF MODULE MOTOR
OBJECT MODULE PLACED IN .\MOTOR.obj
COMPILER INVOKED BY: C:\Keil_v5\C51\BIN\C51.EXE ..\HARDWARE\DEVICES\MOTOR\DC_MOTOR\MOTOR.C LARGE BROWSE DEBUG OBJECTEXTE
                    -ND PRINT(.\MOTOR.lst) TABS(2) OBJECT(.\MOTOR.obj)

line level    source

   1          /************************************************************
   2          * 组织名称： (C), 1988-1999, Tech. Co., Ltd.
   3          * 文件名称: MOTOR.C
   4          * 作者:  周晨阳
   5          * 版本:  1.3
   6          * 日期:  17/4/29
   7          * 描述:  和电机有关的控制函数都在这里，还有pid算法控制也在其中
   8          * 主要函数及其功能 : // 主要函数及其功能
   9          * 1. -------
  10          * 历史修改记录: // 历史修改记录
  11          * <作者> <时间> <版本 > <描述>
  12          * 周晨阳 17/6/216 1.0 创建此描述
  13          * 周晨阳 17/7/9   1.1 更新了数据结构，可以定义任意数量的电机
  14          ***********************************************************/
  15          #include "MOTOR.h"
  16          #include "../../../BSP/STC15_PWM.h"
  17          #include "../../../BSP/GPIO.h"
  18          
  19          #define DC_MOTOR
  20          #ifdef DC_MOTOR
  21          
  22          struct DC_Motor
  23          {
  24            u8 state;
  25            u8 speed;
  26          
  27          };
  28          static struct DC_Motor g_DC_Motor[DC_MOTOR_NUM];
  29          
  30          /*************************************************
  31          * 函数名称: void setMotorSpeed(bit motor,float speed)
  32          * 描述: 设置电机速度函数
  33          * 输入: motor：电机，头文件中定义
  34                  speed：速度 0~1
  35          * 其他说明:
  36          *若要关闭电机请使用电机关闭函数，此函数无法关闭电机
  37          *************************************************/
  38          void setDC_MotorSpeed(u8 motor, float speed)
  39          {
  40   1      
  41   1        if (speed > 0.95f)
  42   1        {
  43   2          speed = 0.95f;
  44   2        }
  45   1        if (speed < 0.05f)
  46   1        {
  47   2      
  48   2          speed = 0.05f;
  49   2        }
  50   1      
  51   1        //  PWM_duty(PWM_2,speed*0.65f);//根据不同电机乘于不同的增益
  52   1        set_PWM_duty(motor + 4, speed);//根据不同电机乘于不同的增益
  53   1        g_DC_Motor[motor].speed = speed;
  54   1      }
C51 COMPILER V8.05a   MOTOR                                                                07/10/2017 16:36:07 PAGE 2   

  55          void open_DC_Motor(u8 motor)
  56          {
  57   1        PWM_UNLOCK;
  58   1        PWM_N_EN(motor + 4);
  59   1        PWM_LOCK;
  60   1      
  61   1        g_DC_Motor[motor].state = ON;
  62   1      }
  63          void close_DC_Motor(u8 motor)
  64          {
  65   1        PWM_UNLOCK;
  66   1        PWM_N_NO(motor + 4);
  67   1        PWM_LOCK;
  68   1        g_DC_Motor[motor].state = OFF;
  69   1      
  70   1      
  71   1      
  72   1      }
  73          bit getDC_MotorState(u8 motor)
  74          {
  75   1        return g_DC_Motor[motor].state;
  76   1      
  77   1      }
  78          /*************************************************
  79          * 函数名称: void    PWM_config(u8 PWM_N)
  80          * 描述: 配置需要使用的pwm通道
  81          * 输入: 无
  82          * 返回值: 无
  83          * 其他说明: 将会自动初始化相应的io引脚
  84          *************************************************/
  85          void    DC_MOTOR_config(void)
  86          {
  87   1        GPIO_InitTypeDef    GPIO_InitStructure;     //结构定义
  88   1        PWM_InitTypeDef  PWM_InitStructure;
  89   1        GPIO_InitStructure.Mode = GPIO_PullUp;
  90   1      
  91   1      
  92   1        GPIO_InitStructure.Pin = GPIO_Pin_3;    //PWM2
  93   1        GPIO_Inilize(GPIO_P2, &GPIO_InitStructure);  //初始化
  94   1      
  95   1      
  96   1      
  97   1        GPIO_InitStructure.Pin = GPIO_Pin_2;    //PWM4
  98   1        GPIO_Inilize(GPIO_P2, &GPIO_InitStructure);  //初始化
  99   1        P22 = 1;
 100   1        P23 = 1;
 101   1      
 102   1      
 103   1        PWM_UNLOCK;
 104   1        PWM_InitStructure.PWM_GOTO_ADC = DISABLE;
 105   1        PWM_InitStructure.PWM_V_INIT = PWM_LOW;
 106   1        PWM_InitStructure.PWM_0ISR_EN = DISABLE;
 107   1        PWM_InitStructure.PWM_OUT_EN = ENABLE;
 108   1        PWM_InitStructure.PWM_UNUSUAL_EN = DISABLE;
 109   1        PWM_InitStructure.PWM_UNUSUAL_OUT = DISABLE;
 110   1        PWM_InitStructure.PWM_UNUSUAL_ISR_EN = DISABLE;
 111   1        PWM_InitStructure.PWM_UNUSUAL_CMP0_EN = DISABLE;
 112   1        PWM_InitStructure.PWM_UNUSUAL_P24_EN = DISABLE;
 113   1        PWM_InitStructure.PWM_CLOCK = PWM_Clock_NT;
 114   1        PWM_InitStructure.PWM_CLOCK_DIV = 0x00;
 115   1        PWM_InitStructure.PWM_SELECTx_IO = PWM_SELECT_N;
 116   1        PWM_InitStructure.PWM_ISRx_EN = DISABLE;
C51 COMPILER V8.05a   MOTOR                                                                07/10/2017 16:36:07 PAGE 3   

 117   1        PWM_InitStructure.PWM_T1x_EN = DISABLE;
 118   1        PWM_InitStructure.PWM_T2x_EN = DISABLE;
 119   1        PWM_InitStructure.PWM_EN = DISABLE;
 120   1        PWM_Inilize(PWM_4, &PWM_InitStructure);
 121   1        PWM_Inilize(PWM_5, &PWM_InitStructure);
 122   1      
 123   1        PWM_LOCK;
 124   1      
 125   1      
 126   1      }
 127          
 128          #endif
 129          
 130          


MODULE INFORMATION:   STATIC OVERLAYABLE
   CODE SIZE        =    347    ----
   CONSTANT SIZE    =   ----    ----
   XDATA SIZE       =      4      23
   PDATA SIZE       =   ----    ----
   DATA SIZE        =   ----    ----
   IDATA SIZE       =   ----    ----
   BIT SIZE         =   ----    ----
END OF MODULE INFORMATION.


C51 COMPILATION COMPLETE.  0 WARNING(S),  0 ERROR(S)
