C51 COMPILER V8.05a   MOTOR                                                                07/01/2017 18:07:23 PAGE 1   


C51 COMPILER V8.05a, COMPILATION OF MODULE MOTOR
OBJECT MODULE PLACED IN .\MOTOR.obj
COMPILER INVOKED BY: C:\Keil_v5\C51\BIN\C51.EXE ..\HARDWARE\DEVICES\MOTOR\DC_MOTOR\MOTOR.C LARGE BROWSE DEBUG OBJECTEXTE
                    -ND PRINT(.\MOTOR.lst) TABS(2) OBJECT(.\MOTOR.obj)

line level    source

   1          /************************************************************
   2          * 组织名称： (C), 1988-1999, Tech. Co., Ltd.
   3          * 文件名称: MOTOR.C
   4          * 作者:  周晨阳
   5          * 版本:  1.3
   6          * 日期:  17/4/29
   7          * 描述:  和电机有关的控制函数都在这里，还有pid算法控制也在其中
   8          * 主要函数及其功能 : // 主要函数及其功能
   9          * 1. -------
  10          * 历史修改记录: // 历史修改记录
  11          * <作者> <时间> <版本 > <描述>
  12          * 周晨阳 17/6/216 1.0 创建此描述
  13          ***********************************************************/
  14          #include "MOTOR.h"
  15          #ifdef DC_MOTOR
              static bit MotorState=OFF;//电机状态标志位，OFF 为关闭，ON 为开启
              //pid算法的静态结构体
              
              bit getMotorState(u8 motor)
              {
                 return MotorState;
                
              }
              void stopMotor(u8 motor)
              {
                setMotorSpeed(LEFT_MOTOR,0.01f);
                setMotorSpeed(RIGHT_MOTOR,0.01f);
                MotorState=OFF;
              
              
              }
              void startMotor(u8 motor)
              {
                 OPEN_PWM();
                 MotorState=ON;
              }
              /*************************************************
              * 函数名称: void setMotorSpeed(bit motor,float speed)
              * 描述: 设置电机速度函数
              * 输入: motor：电机，头文件中定义
                      speed：速度 0~1   
              * 其他说明: 
              *若要关闭电机请使用电机关闭函数，此函数无法关闭电机
              *************************************************/                                                        
             -  
              void setMotorSpeed(bit motor,float speed)
              {
                
                  if(speed>0.95f)
                    {
                     speed=0.95f;
                    }
                  if(speed<0.05f)
                  {
C51 COMPILER V8.05a   MOTOR                                                                07/01/2017 18:07:23 PAGE 2   

                    
                    speed=0.05f;
                  }
                  
                  if(motor)
                  {
                  //  PWM_duty(PWM_2,speed*0.65f);//根据不同电机乘于不同的增益
                    PWM_duty(PWM_2,speed);//根据不同电机乘于不同的增益
                  }
                  else
                  {
                  //  PWM_duty(PWM_4,speed*0.63f);
                    PWM_duty(PWM_4,speed);
                  }
              }
               /*************************************************
              * 函数名称: void    PWM_config(u8 PWM_N)
              * 描述: 配置需要使用的pwm通道
              * 输入: u8 PWM_N，N的范围是2~7 ，如PWM_2，PWM_3
              * 返回值: 无
              * 其他说明: 将会自动初始化相应的io引脚
              *************************************************/
              void    DC_MOTOR_config(void)
              {
                GPIO_InitTypeDef    GPIO_InitStructure;     //结构定义
                PWM_InitTypeDef  PWM_InitStructure;
                GPIO_InitStructure.Mode = GPIO_PullUp;
              
               
                        GPIO_InitStructure.Pin  = GPIO_Pin_7 ;    //PWM2
                        P37=1;
                   
                     
                        GPIO_InitStructure.Pin  = GPIO_Pin_2 ;    //PWM4
                        GPIO_Inilize(GPIO_P2,&GPIO_InitStructure);  //初始化
                        P22=1;
                     
                  
                PWM_UNLOCK;
                PWM_InitStructure.PWM_GOTO_ADC=DISABLE;
                PWM_InitStructure.      PWM_V_INIT= PWM_LOW;
                PWM_InitStructure.      PWM_0ISR_EN=  DISABLE;
                PWM_InitStructure.      PWM_OUT_EN=ENABLE;
                PWM_InitStructure.     PWM_UNUSUAL_EN= DISABLE;
                PWM_InitStructure.     PWM_UNUSUAL_OUT=  DISABLE;
                PWM_InitStructure.     PWM_UNUSUAL_ISR_EN=DISABLE;
                PWM_InitStructure.     PWM_UNUSUAL_CMP0_EN=DISABLE;
                PWM_InitStructure.     PWM_UNUSUAL_P24_EN=DISABLE;
                PWM_InitStructure.       PWM_CLOCK=PWM_Clock_NT;
                PWM_InitStructure.       PWM_CLOCK_DIV=0x00;
                PWM_InitStructure.       PWM_SELECTx_IO=PWM_SELECT_N;
                PWM_InitStructure.     PWM_ISRx_EN=  DISABLE;
                PWM_InitStructure.       PWM_T1x_EN=   DISABLE;
                PWM_InitStructure.       PWM_T2x_EN=    DISABLE;
                PWM_InitStructure.       PWM_EN=  DISABLE;
                PWM_Inilize(PWM_2,&PWM_InitStructure) ;
                PWM_Inilize(PWM_4,&PWM_InitStructure) ;
              
                PWM_LOCK;
              
              
              }
C51 COMPILER V8.05a   MOTOR                                                                07/01/2017 18:07:23 PAGE 3   

              
              #endif
 118          
 119          


MODULE INFORMATION:   STATIC OVERLAYABLE
   CODE SIZE        =   ----    ----
   CONSTANT SIZE    =   ----    ----
   XDATA SIZE       =   ----    ----
   PDATA SIZE       =   ----    ----
   DATA SIZE        =   ----    ----
   IDATA SIZE       =   ----    ----
   BIT SIZE         =   ----    ----
END OF MODULE INFORMATION.


C51 COMPILATION COMPLETE.  0 WARNING(S),  0 ERROR(S)
