C51 COMPILER V8.05a   STC15_IIC                                                            08/07/2017 19:03:26 PAGE 1   


C51 COMPILER V8.05a, COMPILATION OF MODULE STC15_IIC
OBJECT MODULE PLACED IN .\stc15_iic.obj
COMPILER INVOKED BY: C:\Keil_v5\C51\BIN\C51.EXE ..\HARDWARE\COMMON_HARDWARE\BSP\IIC\stc15_iic.c LARGE WARNINGLEVEL(0) BR
                    -OWSE DEBUG OBJECTEXTEND PRINT(.\stc15_iic.lst) TABS(2) OBJECT(.\stc15_iic.obj)

line level    source

   1          
   2          /************************************************************
   3          * 文件名称: 电子大赛程序框架\HARDWARE\COMMON_HARDWARE\BSP\IIC\STC15_IIC.C
   4          * 作者:
   5          * 版本:
   6          * 日期:     2017/08/03
   7          * 描述:iic的软件驱动程序
   8          * 历史修改记录:
   9          * <作者> <时间> <版本 > <描述>
  10          *
  11          ***********************************************************/
  12          
  13          #include    "stc15_iic.h"
  14          #include <stdio.h>
  15          #include "../USART1/USART1.h"
  16          /* ***************************************************** */
  17          // 函数名称：Delay5US()
  18          // 函数功能：5微秒延时,如果自己的主频有变，请自行修改
  19          // 入口参数：无
  20          // 出口参数：无
  21          /* ***************************************************** */
  22          void Delay5US(void)     //@24MHz
  23          {
  24   1      
  25   1        unsigned char i;
  26   1      
  27   1        _nop_();
  28   1        _nop_();
  29   1        i = 57;
  30   1        while (--i);
  31   1      }
  32          /* ***************************************************** */
  33          // 函数名称：IIC_Start()
  34          // 函数功能：IIC起动
  35          // 入口参数：无
  36          // 出口参数：无
  37          /* ***************************************************** */
  38          void IIC_Start(void)
  39          {
  40   1        SDA = 1;
  41   1        Delay5US();
  42   1        SCL = 1;
  43   1        Delay5US();
  44   1        SDA = 0;
  45   1        Delay5US();
  46   1      }
  47          /* ***************************************************** */
  48          // 函数名称：IIC_Stop()
  49          // 函数功能：IIC停止
  50          // 入口参数：无
  51          // 出口参数：无
  52          /* ***************************************************** */
  53          void IIC_Stop(void)
  54          {
C51 COMPILER V8.05a   STC15_IIC                                                            08/07/2017 19:03:26 PAGE 2   

  55   1        SDA = 0;
  56   1        Delay5US();
  57   1        SCL = 1;
  58   1        Delay5US();
  59   1        SDA = 1;
  60   1      }
  61          /* ***************************************************** */
  62          // 函数名称：IIC_Ack()
  63          // 函数功能：IIC应答
  64          // 入口参数：无
  65          // 出口参数：无
  66          /* ***************************************************** */
  67          void IIC_Ack(void)
  68          {
  69   1        SCL = 0;                // 为产生脉冲准备
  70   1        SDA = 0;                // 产生应答信号
  71   1        Delay5US();             // 延时你懂得
  72   1        SCL = 1;
  73   1        Delay5US();
  74   1        SCL = 0;
  75   1        Delay5US();     // 产生高脉冲
  76   1        SDA = 1;                // 释放总线
  77   1      }
  78          /* ***************************************************** */
  79          // 函数名称：IIC_RdAck()
  80          // 函数功能：读IIC应答
  81          // 入口参数：无
  82          // 出口参数：是否应答真值
  83          /* ***************************************************** */
  84          BOOL IIC_RdAck(void)
  85          {
  86   1        BOOL AckFlag;
  87   1        u8 uiVal = 0;
  88   1        SCL = 0;
  89   1        Delay5US();
  90   1        SDA = 1;
  91   1        SCL = 1;
  92   1        Delay5US();
  93   1        while ((1 == SDA) && (uiVal < 255))
  94   1        {
  95   2          uiVal++;
  96   2          AckFlag = SDA;
  97   2        }
  98   1        SCL = 0;
  99   1        return AckFlag;     // 应答返回：0;不应答返回：1
 100   1      }
 101          /* ***************************************************** */
 102          // 函数名称：IIC_Nack()
 103          // 函数功能：IIC不应答
 104          // 入口参数：无
 105          // 出口参数：无
 106          /* ***************************************************** */
 107          void IIC_Nack(void)
 108          {
 109   1        SDA = 1;
 110   1        SCL = 0;
 111   1        Delay5US();
 112   1        SCL = 1;
 113   1        Delay5US();
 114   1        SCL = 0;
 115   1      }
 116          /* ***************************************************** */
C51 COMPILER V8.05a   STC15_IIC                                                            08/07/2017 19:03:26 PAGE 3   

 117          // 函数名称：OutputOneByte()
 118          // 函数功能：从IIC器件中读出一个字节
 119          // 入口参数：无
 120          // 出口参数：读出的一个字节（uByteVal）
 121          /* ***************************************************** */
 122          u8 OutputOneByte(void)
 123          {
 124   1        //    u8 uByteVal = 0;
 125   1        //    u8 iCount;
 126   1        //    SDA = 1;
 127   1        //    for (iCount = 0; iCount < 8; iCount++)
 128   1        //    {
 129   1        //        SCL = 0;
 130   1        //        Delay5US();
 131   1        //        SCL = 1;
 132   1        //        Delay5US();
 133   1        //        uByteVal <<= 1;
 134   1        //        if(SDA)
 135   1        //        {
 136   1        //            uByteVal |= 0x01;
 137   1        //        }
 138   1        //    }
 139   1        //    SCL = 0;
 140   1        //    return(uByteVal);
 141   1        u8 str[8];
 142   1        unsigned char i;
 143   1        unsigned char Data = 0;       //定义一个缓冲寄存器。
 144   1        for (i = 0; i < 8; i++)//有8位数据
 145   1        {
 146   2          SCL = 1;//拉高时钟线，为读取下一位数据做准备。
 147   2          Delay5US();
 148   2          Data = Data << 1;//将缓冲字节的数据左移一位，准备读取数据。
 149   2          Delay5US();
 150   2          if (SDA == 1)//如果数据线为高平电平。
 151   2          {
 152   3            Data = Data | 0x1;//则给缓冲字节的最低位写1。
 153   3          }
 154   2          else
 155   2          {
 156   3            Data = Data | 0x0;//
 157   3          }
 158   2      
 159   2          SCL = 0;//拉低时钟线，为读取下一位数据做准备。
 160   2          Delay5US();
 161   2        }
 162   1      
 163   1        return Data;//返回读取的一个字节数据。
 164   1      }
 165          /* ***************************************************** */
 166          // 函数名称：InputOneByte()
 167          // 函数功能：向IIC器件写入一个字节
 168          // 入口参数：待写入的一个字节（uByteVal）
 169          // 出口参数：无
 170          /* ***************************************************** */
 171          void InputOneByte(u8 uByteVal)
 172          {
 173   1        u8 iCount;
 174   1        for (iCount = 0; iCount < 8; iCount++)
 175   1        {
 176   2          SCL = 0;
 177   2          Delay5US();
 178   2          SDA = (uByteVal & 0x80) >> 7;
C51 COMPILER V8.05a   STC15_IIC                                                            08/07/2017 19:03:26 PAGE 4   

 179   2          Delay5US();
 180   2          SCL = 1;
 181   2          Delay5US();
 182   2          uByteVal <<= 1;
 183   2        }
 184   1        SCL = 0;
 185   1      }
 186          /* ***************************************************** */
 187          // 函数名称：IIC_WrDevAddAndDatAdd()
 188          // 函数功能：向IIC器件写入器件和数据地址
 189          // 入口参数：器件地址（uDevAdd），数据地址（uDatAdd）
 190          // 出口参数：写入是否成功真值
 191          /* ***************************************************** */
 192          BOOL IIC_WrDevAddAndDatAdd(u8 uDevAdd, u8 uDatAdd)
 193          {
 194   1        IIC_Start();            // 发送开始信号
 195   1        InputOneByte(uDevAdd);  // 输入器件地址
 196   1        IIC_RdAck();            // 读应答信号
 197   1        InputOneByte(uDatAdd);  // 输入数据地址
 198   1        IIC_RdAck();            // 读应答信号
 199   1        return TRUE;
 200   1      }
 201          /* ***************************************************** */
 202          // 函数名称：IIC_WrDatToAdd()
 203          // 函数功能：向IIC器件写数据
 204          // 入口参数：器件ID(uDevID)、数据存储起始地址(uStaAddVal)
 205          //           待存数据(*p)、连续存储数据的个数(uiLenVal)
 206          // 出口参数：无
 207          /* ***************************************************** */
 208          void IIC_WrDatToAdd(u8 uDevID, u8 uStaAddVal, u8 *p, u8 ucLenVal)
 209          {
 210   1        u8 iCount;
 211   1        IIC_WrDevAddAndDatAdd(uDevID | IIC_WRITE, uStaAddVal);
 212   1        // IIC_WRITE 为写命令后缀符
 213   1        for (iCount = 0; iCount < ucLenVal; iCount++)
 214   1        {
 215   2          InputOneByte(*p++);
 216   2          IIC_RdAck();
 217   2        }
 218   1        IIC_Stop();
 219   1      }
 220          /* ***************************************************** */
 221          // 函数名称：IIC_RdDatFromAdd()
 222          // 函数功能：向IIC器件读数据
 223          // 入口参数：器件ID(uDevID)、数据存储地址(uStaAddVal)
 224          //           待存数据(*p)、连续存储数据的个数(uiLenVal)
 225          // 出口参数：无
 226          /* ***************************************************** */
 227          void IIC_RdDatFromAdd(u8 uDevID, u8 uStaAddVal, u8 *p, u8 uiLenVal)
 228          {
 229   1        u8 iCount;
 230   1        IIC_WrDevAddAndDatAdd(uDevID | IIC_WRITE, uStaAddVal);
 231   1        IIC_Start();
 232   1        InputOneByte(uDevID | IIC_READ);
 233   1        // IIC_READ 为写命令后缀符
 234   1        IIC_RdAck();
 235   1        for (iCount = 0; iCount < uiLenVal; iCount++)
 236   1        {
 237   2          *p++ = OutputOneByte();
 238   2          if (iCount != (uiLenVal - 1))
 239   2          {
 240   3            IIC_Ack();
C51 COMPILER V8.05a   STC15_IIC                                                            08/07/2017 19:03:26 PAGE 5   

 241   3          }
 242   2        }
 243   1        IIC_Nack();
 244   1        IIC_Stop();
 245   1      }
 246          


MODULE INFORMATION:   STATIC OVERLAYABLE
   CODE SIZE        =    328    ----
   CONSTANT SIZE    =   ----    ----
   XDATA SIZE       =   ----      20
   PDATA SIZE       =   ----    ----
   DATA SIZE        =   ----    ----
   IDATA SIZE       =   ----    ----
   BIT SIZE         =   ----       1
END OF MODULE INFORMATION.


C51 COMPILATION COMPLETE.  0 WARNING(S),  0 ERROR(S)
