C51 COMPILER V8.05a   STC15_IIC                                                            08/06/2017 17:28:38 PAGE 1   


C51 COMPILER V8.05a, COMPILATION OF MODULE STC15_IIC
OBJECT MODULE PLACED IN .\stc15_iic.obj
COMPILER INVOKED BY: C:\Keil_v5\C51\BIN\C51.EXE ..\HARDWARE\COMMON_HARDWARE\BSP\IIC\stc15_iic.c LARGE WARNINGLEVEL(0) BR
                    -OWSE DEBUG OBJECTEXTEND PRINT(.\stc15_iic.lst) TABS(2) OBJECT(.\stc15_iic.obj)

line level    source

   1          /************************************************************
   2          * 文件名称: 电子大赛程序框架\HARDWARE\COMMON_HARDWARE\BSP\IIC\STC15_IIC.C
   3          * 作者:
   4          * 版本:
   5          * 日期:     2017/08/03
   6          * 描述:iic的软件驱动程序
   7          * 历史修改记录:
   8          * <作者> <时间> <版本 > <描述>
   9          *
  10          ***********************************************************/
  11          
  12          #include    "stc15_iic.h"
  13          #include <stdio.h>
  14          #include "../USART1/USART1.h"
  15          /* ***************************************************** */
  16          // 函数名称：Delay5US()
  17          // 函数功能：5微秒延时,如果自己的主频有变，请自行修改
  18          // 入口参数：无
  19          // 出口参数：无
  20          /* ***************************************************** */
  21          void Delay5US(void)     //@24MHz
  22          {
  23   1      
  24   1        unsigned char i;
  25   1      
  26   1        _nop_();
  27   1        _nop_();
  28   1        i = 57;
  29   1        while (--i);
  30   1      }
  31          /* ***************************************************** */
  32          // 函数名称：IIC_Start()
  33          // 函数功能：IIC起动
  34          // 入口参数：无
  35          // 出口参数：无
  36          /* ***************************************************** */
  37          void IIC_Start(void)
  38          {
  39   1        SDA = 1;
  40   1        Delay5US();
  41   1        SCL = 1;
  42   1        Delay5US();
  43   1        SDA = 0;
  44   1        Delay5US();
  45   1      }
  46          /* ***************************************************** */
  47          // 函数名称：IIC_Stop()
  48          // 函数功能：IIC停止
  49          // 入口参数：无
  50          // 出口参数：无
  51          /* ***************************************************** */
  52          void IIC_Stop(void)
  53          {
  54   1        SDA = 0;
C51 COMPILER V8.05a   STC15_IIC                                                            08/06/2017 17:28:38 PAGE 2   

  55   1        Delay5US();
  56   1        SCL = 1;
  57   1        Delay5US();
  58   1        SDA = 1;
  59   1      }
  60          /* ***************************************************** */
  61          // 函数名称：IIC_Ack()
  62          // 函数功能：IIC应答
  63          // 入口参数：无
  64          // 出口参数：无
  65          /* ***************************************************** */
  66          void IIC_Ack(void)
  67          {
  68   1        SCL = 0;                // 为产生脉冲准备
  69   1        SDA = 0;                // 产生应答信号
  70   1        Delay5US();             // 延时你懂得
  71   1        SCL = 1;
  72   1        Delay5US();
  73   1        SCL = 0;
  74   1        Delay5US();     // 产生高脉冲
  75   1        SDA = 1;                // 释放总线
  76   1      }
  77          /* ***************************************************** */
  78          // 函数名称：IIC_RdAck()
  79          // 函数功能：读IIC应答
  80          // 入口参数：无
  81          // 出口参数：是否应答真值
  82          /* ***************************************************** */
  83          BOOL IIC_RdAck(void)
  84          {
  85   1        BOOL AckFlag;
  86   1        u8 uiVal = 0;
  87   1        SCL = 0;
  88   1        Delay5US();
  89   1        SDA = 1;
  90   1        SCL = 1;
  91   1        Delay5US();
  92   1        while ((1 == SDA) && (uiVal < 255))
  93   1        {
  94   2          uiVal++;
  95   2          AckFlag = SDA;
  96   2        }
  97   1        SCL = 0;
  98   1        return AckFlag;     // 应答返回：0;不应答返回：1
  99   1      }
 100          /* ***************************************************** */
 101          // 函数名称：IIC_Nack()
 102          // 函数功能：IIC不应答
 103          // 入口参数：无
 104          // 出口参数：无
 105          /* ***************************************************** */
 106          void IIC_Nack(void)
 107          {
 108   1        SDA = 1;
 109   1        SCL = 0;
 110   1        Delay5US();
 111   1        SCL = 1;
 112   1        Delay5US();
 113   1        SCL = 0;
 114   1      }
 115          /* ***************************************************** */
 116          // 函数名称：OutputOneByte()
C51 COMPILER V8.05a   STC15_IIC                                                            08/06/2017 17:28:38 PAGE 3   

 117          // 函数功能：从IIC器件中读出一个字节
 118          // 入口参数：无
 119          // 出口参数：读出的一个字节（uByteVal）
 120          /* ***************************************************** */
 121          u8 OutputOneByte(void)
 122          {
 123   1        //    u8 uByteVal = 0;
 124   1        //    u8 iCount;
 125   1        //    SDA = 1;
 126   1        //    for (iCount = 0; iCount < 8; iCount++)
 127   1        //    {
 128   1        //        SCL = 0;
 129   1        //        Delay5US();
 130   1        //        SCL = 1;
 131   1        //        Delay5US();
 132   1        //        uByteVal <<= 1;
 133   1        //        if(SDA)
 134   1        //        {
 135   1        //            uByteVal |= 0x01;
 136   1        //        }
 137   1        //    }
 138   1        //    SCL = 0;
 139   1        //    return(uByteVal);
 140   1        u8 str[8];
 141   1        unsigned char i;
 142   1        unsigned char Data = 0;       //定义一个缓冲寄存器。
 143   1        for (i = 0; i < 8; i++)//有8位数据
 144   1        {
 145   2          SCL = 1;//拉高时钟线，为读取下一位数据做准备。
 146   2          Delay5US();
 147   2          Data = Data << 1;//将缓冲字节的数据左移一位，准备读取数据。
 148   2          Delay5US();
 149   2          if (SDA == 1)//如果数据线为高平电平。
 150   2          {
 151   3            Data = Data | 0x1;//则给缓冲字节的最低位写1。
 152   3          }
 153   2          else
 154   2          {
 155   3            Data = Data | 0x0;//
 156   3          }
 157   2      
 158   2          SCL = 0;//拉低时钟线，为读取下一位数据做准备。
 159   2          Delay5US();
 160   2        }
 161   1      
 162   1        return Data;//返回读取的一个字节数据。
 163   1      }
 164          /* ***************************************************** */
 165          // 函数名称：InputOneByte()
 166          // 函数功能：向IIC器件写入一个字节
 167          // 入口参数：待写入的一个字节（uByteVal）
 168          // 出口参数：无
 169          /* ***************************************************** */
 170          void InputOneByte(u8 uByteVal)
 171          {
 172   1        u8 iCount;
 173   1        for (iCount = 0; iCount < 8; iCount++)
 174   1        {
 175   2          SCL = 0;
 176   2          Delay5US();
 177   2          SDA = (uByteVal & 0x80) >> 7;
 178   2          Delay5US();
C51 COMPILER V8.05a   STC15_IIC                                                            08/06/2017 17:28:38 PAGE 4   

 179   2          SCL = 1;
 180   2          Delay5US();
 181   2          uByteVal <<= 1;
 182   2        }
 183   1        SCL = 0;
 184   1      }
 185          /* ***************************************************** */
 186          // 函数名称：IIC_WrDevAddAndDatAdd()
 187          // 函数功能：向IIC器件写入器件和数据地址
 188          // 入口参数：器件地址（uDevAdd），数据地址（uDatAdd）
 189          // 出口参数：写入是否成功真值
 190          /* ***************************************************** */
 191          BOOL IIC_WrDevAddAndDatAdd(u8 uDevAdd, u8 uDatAdd)
 192          {
 193   1        IIC_Start();            // 发送开始信号
 194   1        InputOneByte(uDevAdd);  // 输入器件地址
 195   1        IIC_RdAck();            // 读应答信号
 196   1        InputOneByte(uDatAdd);  // 输入数据地址
 197   1        IIC_RdAck();            // 读应答信号
 198   1        return TRUE;
 199   1      }
 200          /* ***************************************************** */
 201          // 函数名称：IIC_WrDatToAdd()
 202          // 函数功能：向IIC器件写数据
 203          // 入口参数：器件ID(uDevID)、数据存储起始地址(uStaAddVal)
 204          //           待存数据(*p)、连续存储数据的个数(uiLenVal)
 205          // 出口参数：无
 206          /* ***************************************************** */
 207          void IIC_WrDatToAdd(u8 uDevID, u8 uStaAddVal, u8 *p, u8 ucLenVal)
 208          {
 209   1        u8 iCount;
 210   1        IIC_WrDevAddAndDatAdd(uDevID | IIC_WRITE, uStaAddVal);
 211   1        // IIC_WRITE 为写命令后缀符
 212   1        for (iCount = 0; iCount < ucLenVal; iCount++)
 213   1        {
 214   2          InputOneByte(*p++);
 215   2          IIC_RdAck();
 216   2        }
 217   1        IIC_Stop();
 218   1      }
 219          /* ***************************************************** */
 220          // 函数名称：IIC_RdDatFromAdd()
 221          // 函数功能：向IIC器件读数据
 222          // 入口参数：器件ID(uDevID)、数据存储地址(uStaAddVal)
 223          //           待存数据(*p)、连续存储数据的个数(uiLenVal)
 224          // 出口参数：无
 225          /* ***************************************************** */
 226          void IIC_RdDatFromAdd(u8 uDevID, u8 uStaAddVal, u8 *p, u8 uiLenVal)
 227          {
 228   1        u8 iCount;
 229   1        IIC_WrDevAddAndDatAdd(uDevID | IIC_WRITE, uStaAddVal);
 230   1        IIC_Start();
 231   1        InputOneByte(uDevID | IIC_READ);
 232   1        // IIC_READ 为写命令后缀符
 233   1        IIC_RdAck();
 234   1        for (iCount = 0; iCount < uiLenVal; iCount++)
 235   1        {
 236   2          *p++ = OutputOneByte();
 237   2          if (iCount != (uiLenVal - 1))
 238   2          {
 239   3            IIC_Ack();
 240   3          }
C51 COMPILER V8.05a   STC15_IIC                                                            08/06/2017 17:28:38 PAGE 5   

 241   2        }
 242   1        IIC_Nack();
 243   1        IIC_Stop();
 244   1      }


MODULE INFORMATION:   STATIC OVERLAYABLE
   CODE SIZE        =    328    ----
   CONSTANT SIZE    =   ----    ----
   XDATA SIZE       =   ----      20
   PDATA SIZE       =   ----    ----
   DATA SIZE        =   ----    ----
   IDATA SIZE       =   ----    ----
   BIT SIZE         =   ----       1
END OF MODULE INFORMATION.


C51 COMPILATION COMPLETE.  0 WARNING(S),  0 ERROR(S)
