C51 COMPILER V8.05a   TASK                                                                 07/01/2017 18:07:22 PAGE 1   


C51 COMPILER V8.05a, COMPILATION OF MODULE TASK
OBJECT MODULE PLACED IN .\task.obj
COMPILER INVOKED BY: C:\Keil_v5\C51\BIN\C51.EXE ..\SOFTWARE\TASK\task.c LARGE BROWSE DEBUG OBJECTEXTEND PRINT(.\task.lst
                    -) TABS(2) OBJECT(.\task.obj)

line level    source

   1          #include "task.h"
   2          #include "../COMMON_SOFTWARE/DATA_SCOPE/DataScope_DP.h"
   3          #include "setup.h"
   4          #include "../HARDWARE/BSP/USART1.h"
   5          
   6          
   7          void sendScopeData(void) 
   8          {
   9   1        u8 a; //
  10   1        u8 Send_Count;
  11   1        
  12   1        DataScope_Get_Channel_Data(123.6f, 1); 
  13   1          
  14   1        DataScope_Get_Channel_Data(567, 2);  
  15   1        /*
  16   1        DataScope_Get_Channel_Data(yourData, 3);  
  17   1        DataScope_Get_Channel_Data(yourData, 4);  
  18   1        DataScope_Get_Channel_Data(yourData, 5);  
  19   1        ...
  20   1        */
  21   1        Send_Count = DataScope_Data_Generate(2); //
  22   1        for (a = 0; a < Send_Count; a++)
  23   1        {
  24   2          TX1_write2buff(DataScope_OutPut_Buffer[a]); //发送一通道数据到串口示波器
  25   2        }
  26   1        
  27   1      }


MODULE INFORMATION:   STATIC OVERLAYABLE
   CODE SIZE        =     87    ----
   CONSTANT SIZE    =   ----    ----
   XDATA SIZE       =   ----       2
   PDATA SIZE       =   ----    ----
   DATA SIZE        =   ----    ----
   IDATA SIZE       =   ----    ----
   BIT SIZE         =   ----    ----
END OF MODULE INFORMATION.


C51 COMPILATION COMPLETE.  0 WARNING(S),  0 ERROR(S)
