C51 COMPILER V8.05a   USER                                                                 06/25/2017 19:15:09 PAGE 1   


C51 COMPILER V8.05a, COMPILATION OF MODULE USER
OBJECT MODULE PLACED IN .\USER.obj
COMPILER INVOKED BY: C:\Keil_v5\C51\BIN\C51.EXE ..\HARDWARE\USER\USER.C LARGE BROWSE DEBUG OBJECTEXTEND PRINT(.\USER.lst
                    -) TABS(2) OBJECT(.\USER.obj)

line level    source

   1          /************************************************************
   2          * 文件名称: USER.C
   3          * 作者: 周晨阳
   4          * 版本: 1.0
   5          * 日期: 2017/4/29
   6          * 描述: // 用户层的函数文件
   7          * 主要函数及其功能 : // 主要函数及其功能
   8          * 1.void setup(void )//初始化函数
   9          * 历史修改记录: // 历史修改记录
  10          * <作者> <时间> <版本 > <描述>
  11          * 周晨阳 2017/4/29 添加了此文件说明注释
  12          ***********************************************************/
  13          #include "USER.h"
  14          
  15          #include "../BSP/USART1.h"
  16          #include "../BSP/timer.h"
  17          
  18          
  19          
  20          
  21          //如有调试需要，请到user.h中将相应的宏定义开启
  22          
  23          void setup(void)//初始化函数
  24          {
  25   1        timerInit();
  26   1        UART1_init(115200L);
  27   1        
  28   1      }
  29          /*************  串口1初始化函数 *****************/
  30          /*************************************************
  31          * 函数名称: void    UART1_init(unsigned long BandRate)
  32          * 描述: 串口1初始化函数
  33          * 输入: unsigned long BandRate ：串口的波特率，请在数值后加字母"L"，防止出问题
  34          * 输出: 调用此函数会发送一段测试语句 “ STC15w4k58s4 UART1 is open ”
  35          * 返回值: 无
  36          * 其他说明: 无
  37          *************************************************/
  38          void    UART1_init(unsigned long BandRate)
  39          {
  40   1        COMx_InitDefine     COMx_InitStructure;
  41   1        COMx_InitStructure.UART_Mode = UART_8bit_BRTx;
  42   1        COMx_InitStructure.UART_BRT_Use = BRT_Timer2;
  43   1        COMx_InitStructure.UART_BaudRate = BandRate;
  44   1        COMx_InitStructure.UART_RxEnable = ENABLE;
  45   1        COMx_InitStructure.BaudRateDouble = DISABLE;
  46   1        COMx_InitStructure.UART_Interrupt = ENABLE;
  47   1        COMx_InitStructure.UART_Polity = PolityHigh;
  48   1        COMx_InitStructure.UART_P_SW = UART1_SW_P30_P31;
  49   1        COMx_InitStructure.UART_RXD_TXD_Short = DISABLE;
  50   1        USART_Configuration(USART1, &COMx_InitStructure);
  51   1        PrintString1("STC15w4k58s4's UART1 is open \r\n");   //串口测试
  52   1      }
  53          

C51 COMPILER V8.05a   USER                                                                 06/25/2017 19:15:09 PAGE 2   


MODULE INFORMATION:   STATIC OVERLAYABLE
   CODE SIZE        =     67    ----
   CONSTANT SIZE    =     32    ----
   XDATA SIZE       =   ----      13
   PDATA SIZE       =   ----    ----
   DATA SIZE        =   ----    ----
   IDATA SIZE       =   ----    ----
   BIT SIZE         =   ----    ----
END OF MODULE INFORMATION.


C51 COMPILATION COMPLETE.  0 WARNING(S),  0 ERROR(S)
