BL51 BANKED LINKER/LOCATER V6.00                                                        07/20/2017  09:59:36  PAGE 1


BL51 BANKED LINKER/LOCATER V6.00, INVOKED BY:
C:\KEIL_V5\C51\BIN\BL51.EXE .\absTask.obj, .\task.obj, .\setup.obj, .\mode.obj, .\Conf_tny.obj, .\PID.obj, .\FILTER.obj,
>>  .\DataScope_DP.obj, .\storage.obj, .\BUTTON.obj, .\LED.obj, .\MOTOR.obj, .\SERVO.obj, .\STEP_MOTOR.obj, .\RELAY.obj,
>>  .\ANGLE.obj, .\LCD1602.obj, .\74HC595.obj, .\LCD5510_V2.obj, .\fixedPulser.obj, .\ADC.obj, .\delay.obj, .\GPIO.obj, 
>> .\PCA.obj, .\stc15_pwm.obj, .\timer.obj, .\USART1.obj, .\stc15_eeprom.obj TO 电子大赛程序框架 RTX51TINY RAMSIZE (256)
>> 


MEMORY MODEL: LARGE WITH FLOATING POINT ARITHMETIC


INPUT MODULES INCLUDED:
  .\absTask.obj (ABSTASK)
  .\task.obj (TASK)
  .\setup.obj (SETUP)
  .\mode.obj (MODE)
  .\Conf_tny.obj (?RTX51_TINY_KERNAL)
  .\PID.obj (PID)
  .\FILTER.obj (FILTER)
  .\DataScope_DP.obj (DATASCOPE_DP)
  .\storage.obj (STORAGE)
  .\BUTTON.obj (BUTTON)
  .\LED.obj (LED)
  .\MOTOR.obj (MOTOR)
  .\SERVO.obj (SERVO)
  .\STEP_MOTOR.obj (STEP_MOTOR)
  .\RELAY.obj (RELAY)
  .\ANGLE.obj (ANGLE)
  .\LCD1602.obj (LCD1602)
  .\74HC595.obj (74HC595)
  .\LCD5510_V2.obj (LCD5510_V2)
  .\fixedPulser.obj (FIXEDPULSER)
  .\ADC.obj (ADC)
  .\delay.obj (DELAY)
  .\GPIO.obj (GPIO)
  .\PCA.obj (PCA)
  .\stc15_pwm.obj (STC15_PWM)
  .\timer.obj (TIMER)
  .\USART1.obj (USART1)
  .\stc15_eeprom.obj (STC15_EEPROM)
  C:\KEIL_V5\C51\LIB\C51FPL.LIB (?C?FPADD)
  C:\KEIL_V5\C51\LIB\C51FPL.LIB (?C?FPMUL)
  C:\KEIL_V5\C51\LIB\C51FPL.LIB (?C?FPDIV)
  C:\KEIL_V5\C51\LIB\C51FPL.LIB (?C?FPCMP)
  C:\KEIL_V5\C51\LIB\C51FPL.LIB (?C?FCAST)
  C:\KEIL_V5\C51\LIB\C51FPL.LIB (?C?CASTF)
  C:\KEIL_V5\C51\LIB\C51FPL.LIB (?C?FPGETOPN)
  C:\KEIL_V5\C51\LIB\C51L.LIB (?C_STARTUP)
  C:\KEIL_V5\C51\LIB\C51L.LIB (?C?CLDPTR)
  C:\KEIL_V5\C51\LIB\C51L.LIB (?C?CLDOPTR)
  C:\KEIL_V5\C51\LIB\C51L.LIB (?C?CSTPTR)
  C:\KEIL_V5\C51\LIB\C51L.LIB (?C?CSTOPTR)
  C:\KEIL_V5\C51\LIB\C51L.LIB (?C?IMUL)
  C:\KEIL_V5\C51\LIB\C51L.LIB (?C?UIDIV)
  C:\KEIL_V5\C51\LIB\C51L.LIB (?C?IILDX)
  C:\KEIL_V5\C51\LIB\C51L.LIB (?C?ILDOPTR)
  C:\KEIL_V5\C51\LIB\C51L.LIB (?C?LMUL)
  C:\KEIL_V5\C51\LIB\C51L.LIB (?C?ULDIV)
BL51 BANKED LINKER/LOCATER V6.00                                                      07/20/2017  09:59:36  PAGE 2


  C:\KEIL_V5\C51\LIB\C51L.LIB (?C?SLDIV)
  C:\KEIL_V5\C51\LIB\C51L.LIB (?C?LNEG)
  C:\KEIL_V5\C51\LIB\C51L.LIB (?C?ULCMP)
  C:\KEIL_V5\C51\LIB\C51L.LIB (?C?ULSHR)
  C:\KEIL_V5\C51\LIB\C51L.LIB (?C?LLDOPTR0)
  C:\KEIL_V5\C51\LIB\C51L.LIB (?C?LLDIXDATA)
  C:\KEIL_V5\C51\LIB\C51L.LIB (?C?LSTXDATA)
  C:\KEIL_V5\C51\LIB\C51L.LIB (?C?LSTKXDATA)
  C:\KEIL_V5\C51\LIB\C51L.LIB (?C_INIT)
  C:\KEIL_V5\C51\LIB\C51L.LIB (?C?LLDIDATA0)
  C:\KEIL_V5\C51\LIB\C51L.LIB (?C?LLDXDATA0)
  C:\KEIL_V5\C51\LIB\C51L.LIB (?C?LLDPDATA0)
  C:\KEIL_V5\C51\LIB\C51L.LIB (?C?LLDCODE0)


TASK TABLE OF MODULE:  电子大赛程序框架 (ABSTASK)

TASKID   PRIORITY   REG-BANK   SEGMENT NAME
-------------------------------------------
0        0          0          ?PR?TASKSTART?ABSTASK



LINK MAP OF MODULE:  电子大赛程序框架 (ABSTASK)


            TYPE    BASE      LENGTH    RELOCATION   SEGMENT NAME
            -----------------------------------------------------

            * * * * * * *   D A T A   M E M O R Y   * * * * * * *
            REG     0000H     0008H     ABSOLUTE     "REG BANK 0"
            DATA    0008H     0006H     ABSOLUTE     
            IDATA   000EH     0002H     UNIT         ?RTX?TASKSTATE?S
            IDATA   0010H     0001H     UNIT         ?RTX?TASKSP?S
                    0011H     000FH                  *** GAP ***
            BIT     0020H.0   0000H.4   UNIT         ?BI?BUTTON
            BIT     0020H.4   0000H.3   UNIT         ?BI?PCA
            BIT     0020H.7   0000H.1   UNIT         ?RTX?BITS
            BIT     0021H.0   0000H.1   UNIT         ?BI?LED
            BIT     0021H.1   0000H.1   UNIT         ?BI?GETANGLE?ANGLE
            BIT     0021H.2   0000H.1   UNIT         ?BI?_SETPINSTATE?GPIO
                    0021H.3   0000H.5                *** GAP ***
            IDATA   0022H     0001H     UNIT         ?STACK

            * * * * * * *  X D A T A   M E M O R Y  * * * * * * *
            XDATA   0000H     028CH     UNIT         ?XD?USART1
            XDATA   028CH     0072H     UNIT         ?XD?PID
            XDATA   02FEH     004AH     UNIT         ?XD?SERVO
            XDATA   0348H     003CH     UNIT         ?XD?STC15_PWM
            XDATA   0384H     002AH     UNIT         ?XD?DATASCOPE_DP
            XDATA   03AEH     0021H     UNIT         ?XD?_INIT_STR_MOTOR?SERVO
            XDATA   03CFH     001FH     UNIT         ?XD?FIXEDPULSER
            XDATA   03EEH     001CH     UNIT         ?XD?STEP_MOTOR
            XDATA   040AH     0016H     UNIT         ?XD?TIMER
            XDATA   0420H     0015H     UNIT         ?XD?GETANGLE?ANGLE
            XDATA   0435H     0015H     UNIT         ?XD?PCA
            XDATA   044AH     0012H     UNIT         ?XD?DC_MOTOR_CONFIG?MOTOR
BL51 BANKED LINKER/LOCATER V6.00                                                      07/20/2017  09:59:36  PAGE 3


            XDATA   045CH     0012H     UNIT         ?XD?PULSERINIT?FIXEDPULSER
            XDATA   046EH     0011H     UNIT         ?XD?TIMERINIT?TIMER
            XDATA   047FH     0010H     UNIT         ?XD?_FILTER?FILTER
            XDATA   048FH     000DH     UNIT         ?XD?_UART1_INIT?SETUP
            XDATA   049CH     000DH     UNIT         ?XD?_PID_CONFIG?PID
            XDATA   04A9H     000AH     UNIT         ?XD?_FLOAT2BYTE?DATASCOPE_DP
            XDATA   04B3H     0009H     UNIT         ?XD?_SET_STR_ANGLE?SERVO
            XDATA   04BCH     0009H     UNIT         ?XD?_USART_CONFIGURATION?USART1
            XDATA   04C5H     0008H     UNIT         ?XD?_STEPMOTOR_INIT?STEP_MOTOR
            XDATA   04CDH     0008H     UNIT         ?XD?ANGLE
            XDATA   04D5H     0007H     UNIT         ?XD?_SETPULSE?FIXEDPULSER
            XDATA   04DCH     0007H     UNIT         ?XD?_EEPROM_READ_N?STC15_EEPROM
            XDATA   04E3H     0007H     UNIT         ?XD?_EEPROM_WRITE_N?STC15_EEPROM
            XDATA   04EAH     0006H     UNIT         ?XD?_SENDSCOPEDATA?DATASCOPE_DP
            XDATA   04F0H     0006H     UNIT         ?XD?_SETSTEPMOTORWITHANGLE?STEP_MOTOR
            XDATA   04F6H     0006H     UNIT         ?XD?_ADC_CONFIG?ANGLE
            XDATA   04FCH     0005H     UNIT         ?XD?_SETPARAMETERINFERIORLIMIT?PID
            XDATA   0501H     0005H     UNIT         ?XD?_SETPARAMETERUPPERLIMIT?PID
            XDATA   0506H     0005H     UNIT         ?XD?_SETACTUALPARAMETER?PID
            XDATA   050BH     0005H     UNIT         ?XD?_SETKI?PID
            XDATA   0510H     0005H     UNIT         ?XD?_SETKP?PID
            XDATA   0515H     0005H     UNIT         ?XD?_SETKD?PID
            XDATA   051AH     0005H     UNIT         ?XD?_SETPARAMETER?PID
            XDATA   051FH     0005H     UNIT         ?XD?_DATASCOPE_GET_CHANNEL_DATA?DATASCOPE_DP
            XDATA   0524H     0005H     UNIT         ?XD?_WRITEDATA?STORAGE
            XDATA   0529H     0005H     UNIT         ?XD?_SETDC_MOTORSPEED?MOTOR
            XDATA   052EH     0005H     UNIT         ?XD?_LCD_PRINTS?LCD5510_V2
            XDATA   0533H     0005H     UNIT         ?XD?_LCD_PRINTSL?LCD5510_V2
            XDATA   0538H     0005H     UNIT         ?XD?_SET_PWM_DUTY?STC15_PWM
            XDATA   053DH     0004H     UNIT         ?XD?MOTOR
            XDATA   0541H     0004H     UNIT         ?XD?_HC595_INIT?74HC595
            XDATA   0545H     0003H     UNIT         ?XD?RELAY
            XDATA   0548H     0003H     UNIT         ?XD?_LCD1602_WRITE_WORD?LCD1602
            XDATA   054BH     0003H     UNIT         ?XD?_PCA_INIT?PCA
            XDATA   054EH     0003H     UNIT         ?XD?_PWMOUTPUT?PCA
            XDATA   0551H     0002H     UNIT         ?XD?BUTTON_CONFIG?BUTTON
            XDATA   0553H     0002H     UNIT         ?XD?BOARD_LED_INIT?LED
            XDATA   0555H     0002H     UNIT         ?XD?LCD5510_INIT?LCD5510_V2
            XDATA   0557H     0002H     UNIT         ?XD?_PWM_INILIZE?STC15_PWM
            XDATA   0559H     0002H     UNIT         ?XD?_SET_PWM_PERIOD?STC15_PWM
            XDATA   055BH     0001H     UNIT         ?XD?_PID?PID
            XDATA   055CH     0001H     UNIT         ?XD?_BOARD_LED_PWM?LED
            XDATA   055DH     0001H     UNIT         ?XD?_OPEN_DC_MOTOR?MOTOR
            XDATA   055EH     0001H     UNIT         ?XD?_CLOSE_DC_MOTOR?MOTOR
            XDATA   055FH     0001H     UNIT         ?XD?_OPEN_STR?SERVO
            XDATA   0560H     0001H     UNIT         ?XD?_CLOSE_STR?SERVO
            XDATA   0561H     0001H     UNIT         ?XD?_SETSTEPMOTORWITHROUND?STEP_MOTOR
            XDATA   0562H     0001H     UNIT         ?XD?_SETSTEPMOTORDIVERSION?STEP_MOTOR
            XDATA   0563H     0001H     UNIT         ?XD?_CLOSE_STEPMOTOR?STEP_MOTOR
            XDATA   0564H     0001H     UNIT         ?XD?_OPEN_STEPMOTOR?STEP_MOTOR
            XDATA   0565H     0001H     UNIT         ?XD?_FREESTEPMOTOR?STEP_MOTOR
            XDATA   0566H     0001H     UNIT         ?XD?_LOCKSTEPMOTOR?STEP_MOTOR
            XDATA   0567H     0001H     UNIT         ?XD?_LCD1602_WRITE_CHAR?LCD1602
            XDATA   0568H     0001H     UNIT         ?XD?_LCD1602_WRITE_COM?LCD1602
            XDATA   0569H     0001H     UNIT         ?XD?_HC595SENDDATA?74HC595
            XDATA   056AH     0001H     UNIT         ?XD?_OPENPULSER?FIXEDPULSER
            XDATA   056BH     0001H     UNIT         ?XD?_CLOSEPULSER?FIXEDPULSER
BL51 BANKED LINKER/LOCATER V6.00                                                      07/20/2017  09:59:36  PAGE 4


            XDATA   056CH     0001H     UNIT         _XDATA_GROUP_

            * * * * * * *   C O D E   M E M O R Y   * * * * * * *
            CODE    0000H     0003H     ABSOLUTE     
                    0003H     0008H                  *** GAP ***
            CODE    000BH     0003H     ABSOLUTE     
                    000EH     000DH                  *** GAP ***
            CODE    001BH     0003H     ABSOLUTE     
                    001EH     0005H                  *** GAP ***
            CODE    0023H     0003H     ABSOLUTE     
                    0026H     0005H                  *** GAP ***
            CODE    002BH     0003H     ABSOLUTE     
                    002EH     000DH                  *** GAP ***
            CODE    003BH     0003H     ABSOLUTE     
                    003EH     0005H                  *** GAP ***
            CODE    0043H     0003H     ABSOLUTE     
                    0046H     0045H                  *** GAP ***
            CODE    008BH     0003H     ABSOLUTE     
                    008EH     0005H                  *** GAP ***
            CODE    0093H     0003H     ABSOLUTE     
                    0096H     0005H                  *** GAP ***
            CODE    009BH     0003H     ABSOLUTE     
                    009EH     0005H                  *** GAP ***
            CODE    00A3H     0003H     ABSOLUTE     
                    00A6H     000DH                  *** GAP ***
            CODE    00B3H     0003H     ABSOLUTE     
                    00B6H     074AH                  *** GAP ***
            CODE    0800H     0720H     UNIT         ?C?LIB_CODE
            CODE    0F20H     06E0H     UNIT         ?PR?_USART_CONFIGURATION?USART1
            CODE    1600H     039AH     UNIT         ?PR?_PWM_INILIZE?STC15_PWM
            CODE    199AH     025EH     UNIT         ?CO?LCD5510_V2
            CODE    1BF8H     0233H     UNIT         ?PR?_TIMER_INILIZE?TIMER
            CODE    1E2BH     01DAH     UNIT         ?PR?_PID?PID
            CODE    2005H     01D4H     UNIT         ?PR?_INIT_STR_MOTOR?SERVO
            CODE    21D9H     01C4H     UNIT         ?PR?_GPIO_INILIZE?GPIO
            CODE    239DH     019FH     UNIT         ?PR?_PCA_INIT?PCA
            CODE    253CH     0172H     UNIT         ?RTX?CODE
            CODE    26AEH     013DH     UNIT         ?PR?_PWMOUTPUT?PCA
            CODE    27EBH     0136H     UNIT         ?PR?_FILTER?FILTER
            CODE    2921H     0134H     UNIT         ?PR?_DATASCOPE_GET_CHANNEL_DATA?DATASCOPE_DP
            CODE    2A55H     0131H     UNIT         ?PR?_PID_CONFIG?PID
            CODE    2B86H     0116H     UNIT         ?PR?_SET_STR_ANGLE?SERVO
            CODE    2C9CH     010FH     UNIT         ?PR?_SET_PWM_DUTY?STC15_PWM
            CODE    2DABH     00BAH     UNIT         ?PR?PWM_ROUTINE?FIXEDPULSER
            CODE    2E65H     00B1H     UNIT         ?CO?TIMER
            CODE    2F16H     00AEH     UNIT         ?PR?_PWMN_UPDATE?PCA
            CODE    2FC4H     00AAH     UNIT         ?PR?_FLOAT2BYTE?DATASCOPE_DP
            CODE    306EH     00A9H     UNIT         ?PR?TIMERINIT?TIMER
            CODE    3117H     00A5H     UNIT         ?PR?_DATASCOPE_DATA_GENERATE?DATASCOPE_DP
            CODE    31BCH     00A3H     UNIT         ?PR?PCA_HANDLER?PCA
            CODE    325FH     009EH     UNIT         ?PR?_SETSTEPMOTORWITHANGLE?STEP_MOTOR
            CODE    32FDH     009DH     UNIT         ?C_INITSEG
            CODE    339AH     009AH     UNIT         ?PR?_PWM_SET_T12_PERIOD?STC15_PWM
            CODE    3434H     0092H     UNIT         ?PR?_SETDC_MOTORSPEED?MOTOR
            CODE    34C6H     008CH     UNIT         ?C_C51STARTUP
            CODE    3552H     008AH     UNIT         ?PR?TIMER4_INT?TIMER
            CODE    35DCH     0085H     UNIT         ?PR?UART2_INT?USART1
BL51 BANKED LINKER/LOCATER V6.00                                                      07/20/2017  09:59:36  PAGE 5


            CODE    3661H     0085H     UNIT         ?PR?UART3_INT?USART1
            CODE    36E6H     0085H     UNIT         ?PR?UART4_INT?USART1
            CODE    376BH     007FH     UNIT         ?PR?UART1_INT?USART1
            CODE    37EAH     007AH     UNIT         ?PR?GETANGLE?ANGLE
            CODE    3864H     006BH     UNIT         ?PR?DC_MOTOR_CONFIG?MOTOR
            CODE    38CFH     0069H     UNIT         ?PR?PULSERINIT?FIXEDPULSER
            CODE    3938H     0061H     UNIT         ?PR?_SET_PWM_PERIOD?STC15_PWM
            CODE    3999H     005EH     UNIT         ?PR?_GET_ADC10BITRESULT?ADC
            CODE    39F7H     0058H     UNIT         ?PR?_SETPULSE?FIXEDPULSER
            CODE    3A4FH     0057H     UNIT         ?PR?BUTTONSCAN?BUTTON
            CODE    3AA6H     0054H     UNIT         ?PR?_STEPMOTOR_INIT?STEP_MOTOR
            CODE    3AFAH     0053H     UNIT         ?PR?_ADC_INILIZE?ADC
            CODE    3B4DH     004BH     UNIT         ?PR?_LCD_PRINTSL?LCD5510_V2
            CODE    3B98H     0048H     UNIT         ?PR?TIMER3_INT?TIMER
            CODE    3BE0H     0047H     UNIT         ?PR?TIMER1_ISR?TIMER
            CODE    3C27H     0044H     UNIT         ?C?LDIV
            CODE    3C6BH     0043H     UNIT         ?PR?LCD5510_INIT?LCD5510_V2
            CODE    3CAEH     003FH     UNIT         ?PR?_EEPROM_READ_N?STC15_EEPROM
            CODE    3CEDH     003FH     UNIT         ?PR?_EEPROM_WRITE_N?STC15_EEPROM
            CODE    3D2CH     003DH     UNIT         ?PR?_LCD_PRINTC?LCD5510_V2
            CODE    3D69H     003BH     UNIT         ?PR?_LCD_PRINTS?LCD5510_V2
            CODE    3DA4H     0039H     UNIT         ?PR?_SENDSCOPEDATA?DATASCOPE_DP
            CODE    3DDDH     002FH     UNIT         ?PR?_SETSTEPMOTORWITHROUND?STEP_MOTOR
            CODE    3E0CH     002FH     UNIT         ?PR?_LCD1602_WRITE_WORD?LCD1602
            CODE    3E3BH     002CH     UNIT         ?PR?_UART1_INIT?SETUP
            CODE    3E67H     0028H     UNIT         ?PR?BOARD_LED_INIT?LED
            CODE    3E8FH     0028H     UNIT         ?PR?_OPEN_PWM_N?STC15_PWM
            CODE    3EB7H     0028H     UNIT         ?PR?_TX2_WRITE2BUFF?USART1
            CODE    3EDFH     0028H     UNIT         ?PR?_TX3_WRITE2BUFF?USART1
            CODE    3F07H     0028H     UNIT         ?PR?_TX4_WRITE2BUFF?USART1
            CODE    3F2FH     0027H     UNIT         ?PR?_TX1_WRITE2BUFF?USART1
            CODE    3F56H     0025H     UNIT         ?PR?_CLOSE_PWM_N?STC15_PWM
            CODE    3F7BH     0025H     UNIT         ?PR?_SETTIMEOUT?TIMER
            CODE    3FA0H     0022H     UNIT         ?PR?_BLINK?LED
            CODE    3FC2H     0021H     UNIT         ?PR?_SETPARAMETERINFERIORLIMIT?PID
            CODE    3FE3H     0021H     UNIT         ?PR?_SETPARAMETERUPPERLIMIT?PID
            CODE    4004H     0021H     UNIT         ?PR?_SETACTUALPARAMETER?PID
            CODE    4025H     0021H     UNIT         ?PR?_SETKI?PID
            CODE    4046H     0021H     UNIT         ?PR?_SETKP?PID
            CODE    4067H     0021H     UNIT         ?PR?_SETKD?PID
            CODE    4088H     0021H     UNIT         ?PR?_SETPARAMETER?PID
            CODE    40A9H     0021H     UNIT         ?PR?LCD_CLR_SCR?LCD5510_V2
            CODE    40CAH     0020H     UNIT         ?PR?_OPEN_STR?SERVO
            CODE    40EAH     0020H     UNIT         ?PR?_LCD_WRITE_BYTE?LCD5510_V2
            CODE    410AH     0020H     UNIT         ?PR?_OPENPULSER?FIXEDPULSER
            CODE    412AH     0020H     UNIT         ?PR?_CLOSEPULSER?FIXEDPULSER
            CODE    414AH     0020H     UNIT         ?PR?_RESTARTTIMER?TIMER
            CODE    416AH     0020H     UNIT         ?PR?_EEPROM_SECTORERASE?STC15_EEPROM
            CODE    418AH     001FH     UNIT         ?PR?BUTTON_CONFIG?BUTTON
            CODE    41A9H     001FH     UNIT         ?PR?_CLOSE_STR?SERVO
            CODE    41C8H     001FH     UNIT         ?PR?_ISEXPIREDTIMER?TIMER
            CODE    41E7H     001FH     UNIT         ?PR?_ISSTOPPED?TIMER
            CODE    4206H     001EH     UNIT         ?PR?_OPEN_DC_MOTOR?MOTOR
            CODE    4224H     001EH     UNIT         ?PR?LCD1602_GPIO_CONFIG?LCD1602
            CODE    4242H     001DH     UNIT         ?PR?_GETBUTTONSTATE?BUTTON
            CODE    425FH     001DH     UNIT         ?PR?_CLOSE_DC_MOTOR?MOTOR
            CODE    427CH     001DH     UNIT         ?PR?_OPEN_STEPMOTOR?STEP_MOTOR
BL51 BANKED LINKER/LOCATER V6.00                                                      07/20/2017  09:59:36  PAGE 6


            CODE    4299H     001DH     UNIT         ?PR?LCD1602_INIT?LCD1602
            CODE    42B6H     001DH     UNIT         ?PR?_ISACTIVETIMER?TIMER
            CODE    42D3H     001CH     UNIT         ?PR?_CLOSE_STEPMOTOR?STEP_MOTOR
            CODE    42EFH     001CH     UNIT         ?PR?_ADC_CONFIG?ANGLE
            CODE    430BH     001CH     UNIT         ?PR?_LCD1602_WRITE_CHAR?LCD1602
            CODE    4327H     001CH     UNIT         ?PR?_LCD1602_WRITE_COM?LCD1602
            CODE    4343H     001CH     UNIT         ?PR?_SETTIMERHERTZ?TIMER
            CODE    435FH     001AH     UNIT         ?PR?_GETPARAMETER?PID
            CODE    4379H     001AH     UNIT         ?PR?_GETERR?PID
            CODE    4393H     001AH     UNIT         ?PR?_GETERRLAST?PID
            CODE    43ADH     001AH     UNIT         ?PR?_GETKP?PID
            CODE    43C7H     001AH     UNIT         ?PR?_GETKI?PID
            CODE    43E1H     001AH     UNIT         ?PR?_GETKD?PID
            CODE    43FBH     001AH     UNIT         ?PR?_GETOUTPUT?PID
            CODE    4415H     001AH     UNIT         ?PR?_GETINTEGRAL?PID
            CODE    442FH     001AH     UNIT         ?PR?_READ_STR_ANGLE?SERVO
            CODE    4449H     001AH     UNIT         ?PR?_GET_PWM_PERIOD?STC15_PWM
            CODE    4463H     001AH     UNIT         ?PR?_GET_PWM_N_DUTY?STC15_PWM
            CODE    447DH     001AH     UNIT         ?PR?_GETTIMEROUT?TIMER
            CODE    4497H     001AH     UNIT         ?PR?_GETTIMERHERTZ?TIMER
            CODE    44B1H     0019H     UNIT         ?PR?_HC595_INIT?74HC595
            CODE    44CAH     0019H     UNIT         ?PR?_STOPTIMER?TIMER
            CODE    44E3H     0018H     UNIT         ?PR?_PWM_SET_PERIOD?STC15_PWM
            CODE    44FBH     0017H     UNIT         ?PR?_PRINTSTRING1?USART1
            CODE    4512H     0014H     UNIT         ?PR?_LCD_POS_BYTE?LCD5510_V2
            CODE    4526H     0013H     UNIT         ?PR?_LCD_CLR_ROW?LCD5510_V2
            CODE    4539H     0013H     UNIT         ?PR?_PRINTSTRING2?USART1
            CODE    454CH     0013H     UNIT         ?PR?_PRINTSTRING3?USART1
            CODE    455FH     0013H     UNIT         ?PR?_PRINTSTRING4?USART1
            CODE    4572H     0012H     UNIT         ?PR?_OPENPID?PID
            CODE    4584H     0012H     UNIT         ?PR?_WRITEDATA?STORAGE
            CODE    4596H     0012H     UNIT         ?PR?_GETPULSERSTATE?FIXEDPULSER
            CODE    45A8H     0012H     UNIT         ?PR?_GET_PWM_N_STATE?STC15_PWM
            CODE    45BAH     0011H     UNIT         ?PR?_CLOSEPID?PID
            CODE    45CBH     0011H     UNIT         ?PR?_GETSTEPMOTORSTATE?STEP_MOTOR
            CODE    45DCH     0011H     UNIT         ?PR?_HC595SENDDATA?74HC595
            CODE    45EDH     0011H     UNIT         ?PR?_SETPWM_DIV?STC15_PWM
            CODE    45FEH     0011H     UNIT         ?PR?_GETPWM_DIV?STC15_PWM
            CODE    460FH     0010H     UNIT         ?PR?_GETDC_MOTORSTATE?MOTOR
            CODE    461FH     0010H     UNIT         ?PR?_DELAY_MS?DELAY
            CODE    462FH     000FH     UNIT         ?PR?_SETRELAY?RELAY
            CODE    463EH     000EH     UNIT         ?PR?_UNSETRELAY?RELAY
            CODE    464CH     000EH     UNIT         ?PR?_ONRESTARTTIMER?TIMER
            CODE    465AH     000EH     UNIT         ?PR?DISABLEEEPROM?STC15_EEPROM
            CODE    4668H     000CH     UNIT         ?PR?_ADC_POWERCONTROL?ADC
            CODE    4674H     000AH     UNIT         ?PR?_DIGITALREAD?BUTTON
            CODE    467EH     000AH     UNIT         ?PR?OPEN_PWM_ALL?STC15_PWM
            CODE    4688H     000AH     UNIT         ?PR?CLOSE_PWM_ALL?STC15_PWM
            CODE    4692H     0009H     UNIT         ?PR?GETMICROS?TIMER
            CODE    469BH     0009H     UNIT         ?PR?GETMILLIS?TIMER
            CODE    46A4H     0008H     UNIT         ?PR?TASKSTART?ABSTASK
            CODE    46ACH     0007H     UNIT         ?PR?_SETSTEPMOTORDIVERSION?STEP_MOTOR
            CODE    46B3H     0007H     UNIT         ?PR?_FREESTEPMOTOR?STEP_MOTOR
            CODE    46BAH     0007H     UNIT         ?PR?_LOCKSTEPMOTOR?STEP_MOTOR
            CODE    46C1H     0006H     UNIT         ?PR?_BOARD_LED_PWM?LED
            CODE    46C7H     0006H     UNIT         ?PR?GETSECONDS?TIMER
            CODE    46CDH     0006H     UNIT         ?PR?GETMINUTES?TIMER
BL51 BANKED LINKER/LOCATER V6.00                                                      07/20/2017  09:59:36  PAGE 7


            CODE    46D3H     0006H     UNIT         ?PR?GETHOURS?TIMER
            CODE    46D9H     0006H     UNIT         ?PR?GETDAYS?TIMER
            CODE    46DFH     0005H     UNIT         ?PR?OPEN_BOARD_LED?LED
            CODE    46E4H     0005H     UNIT         ?PR?CLOSE_BOARD_LED?LED
            CODE    46E9H     0004H     UNIT         ?PR?ADC_INT?ADC
            CODE    46EDH     0003H     UNIT         ?PR?GETBOARD_LED_STATE?LED
            CODE    46F0H     0003H     UNIT         ?PR?_SETPINSTATE?GPIO
            CODE    46F3H     0002H     UNIT         ?RTX?TASKENT?S
            CODE    46F5H     0001H     UNIT         ?PR?TEST?SETUP
            CODE    46F6H     0001H     UNIT         ?PR?SETUP?SETUP
            CODE    46F7H     0001H     UNIT         ?PR?MODE1?MODE
            CODE    46F8H     0001H     UNIT         ?PR?MODE2?MODE
            CODE    46F9H     0001H     UNIT         ?PR?MODE3?MODE
            CODE    46FAH     0001H     UNIT         ?PR?MODE4?MODE
            CODE    46FBH     0001H     UNIT         ?PR?MODELAUNCHER?MODE
            CODE    46FCH     0001H     UNIT         ?PR?RELAY_INIT?RELAY



OVERLAY MAP OF MODULE:   电子大赛程序框架 (ABSTASK)


SEGMENT                                            XDATA_GROUP
  +--> CALLED SEGMENT                            START    LENGTH
----------------------------------------------------------------
?PR?TASKSTART?ABSTASK                            -----    -----
  +--> ?PR?SETUP?SETUP
  +--> ?PR?_BLINK?LED

?PR?_BLINK?LED                                   056CH    0001H
  +--> ?PR?OPEN_BOARD_LED?LED
  +--> ?PR?_DELAY_MS?DELAY
  +--> ?PR?CLOSE_BOARD_LED?LED

*** NEW ROOT ***************************************************

?PR?PWM_ROUTINE?FIXEDPULSER                      -----    -----
  +--> ?PR?_CLOSE_PWM_N?STC15_PWM

*** NEW ROOT ***************************************************

?C_C51STARTUP                                    -----    -----
  +--> ?C_INITSEG



SYMBOL TABLE OF MODULE:  电子大赛程序框架 (ABSTASK)

  VALUE           TYPE          NAME
  ----------------------------------

  -------         MODULE        ABSTASK
  C:0000H         SYMBOL        _ICE_DUMMY_
  D:0080H         PUBLIC        P0
  D:0090H         PUBLIC        P1
  D:00A0H         PUBLIC        P2
  D:00B0H         PUBLIC        P3
BL51 BANKED LINKER/LOCATER V6.00                                                      07/20/2017  09:59:36  PAGE 8


  D:00C0H         PUBLIC        P4
  D:00C8H         PUBLIC        P5
  D:00E8H         PUBLIC        P6
  D:00F8H         PUBLIC        P7
  D:00A8H         PUBLIC        IE
  D:00B8H         PUBLIC        IP
  D:00D8H         PUBLIC        CCON
  D:0098H         PUBLIC        SCON
  D:0088H         PUBLIC        TCON
  D:00F0H         PUBLIC        B
  C:46A4H         PUBLIC        taskStart
  D:00E0H         PUBLIC        ACC
  D:00D0H         PUBLIC        PSW
  -------         PROC          TASKSTART
  C:46A4H         LINE#         13
  C:46A4H         LINE#         15
  C:46A7H         LINE#         16
  -------         ENDPROC       TASKSTART
  -------         ENDMOD        ABSTASK

  -------         MODULE        TASK
  C:0000H         SYMBOL        _ICE_DUMMY_
  D:0080H         PUBLIC        P0
  D:0090H         PUBLIC        P1
  D:00A0H         PUBLIC        P2
  D:00B0H         PUBLIC        P3
  D:00C0H         PUBLIC        P4
  D:00C8H         PUBLIC        P5
  D:00E8H         PUBLIC        P6
  D:00F8H         PUBLIC        P7
  D:00A8H         PUBLIC        IE
  D:00B8H         PUBLIC        IP
  D:00D8H         PUBLIC        CCON
  D:0098H         PUBLIC        SCON
  D:0088H         PUBLIC        TCON
  D:00F0H         PUBLIC        B
  D:00E0H         PUBLIC        ACC
  D:00D0H         PUBLIC        PSW
  -------         ENDMOD        TASK

  -------         MODULE        SETUP
  C:0000H         SYMBOL        _ICE_DUMMY_
  D:0080H         PUBLIC        P0
  D:0090H         PUBLIC        P1
  D:00A0H         PUBLIC        P2
  D:00B0H         PUBLIC        P3
  D:00C0H         PUBLIC        P4
  D:00C8H         PUBLIC        P5
  D:00E8H         PUBLIC        P6
  C:3E3BH         PUBLIC        _UART1_init
  D:00F8H         PUBLIC        P7
  D:00A8H         PUBLIC        IE
  D:00B8H         PUBLIC        IP
  D:00D8H         PUBLIC        CCON
  D:0098H         PUBLIC        SCON
  C:46F6H         PUBLIC        setup
  D:0088H         PUBLIC        TCON
BL51 BANKED LINKER/LOCATER V6.00                                                      07/20/2017  09:59:36  PAGE 9


  D:00F0H         PUBLIC        B
  C:46F5H         PUBLIC        test
  D:00E0H         PUBLIC        ACC
  D:00D0H         PUBLIC        PSW
  -------         PROC          _UART1_INIT
  D:0004H         SYMBOL        BandRate
  -------         DO            
  X:048FH         SYMBOL        COMx_InitStructure
  -------         ENDDO         
  C:3E3BH         LINE#         38
  C:3E3BH         LINE#         39
  C:3E3BH         LINE#         41
  C:3E41H         LINE#         42
  C:3E45H         LINE#         43
  C:3E49H         LINE#         44
  C:3E4FH         LINE#         45
  C:3E52H         LINE#         46
  C:3E55H         LINE#         47
  C:3E57H         LINE#         48
  C:3E5AH         LINE#         49
  C:3E5CH         LINE#         50
  -------         ENDPROC       _UART1_INIT
  -------         PROC          TEST
  C:46F5H         LINE#         53
  C:46F5H         LINE#         54
  C:46F5H         LINE#         56
  -------         ENDPROC       TEST
  -------         PROC          SETUP
  C:46F6H         LINE#         57
  C:46F6H         LINE#         58
  C:46F6H         LINE#         66
  -------         ENDPROC       SETUP
  -------         ENDMOD        SETUP

  -------         MODULE        MODE
  C:0000H         SYMBOL        _ICE_DUMMY_
  C:46F7H         PUBLIC        mode1
  C:46F8H         PUBLIC        mode2
  C:46F9H         PUBLIC        mode3
  C:46FAH         PUBLIC        mode4
  C:46FBH         PUBLIC        modeLauncher
  -------         PROC          MODE1
  C:46F7H         LINE#         2
  C:46F7H         LINE#         3
  C:46F7H         LINE#         5
  -------         ENDPROC       MODE1
  -------         PROC          MODE2
  C:46F8H         LINE#         7
  C:46F8H         LINE#         8
  C:46F8H         LINE#         10
  -------         ENDPROC       MODE2
  -------         PROC          MODE3
  C:46F9H         LINE#         13
  C:46F9H         LINE#         14
  C:46F9H         LINE#         16
  -------         ENDPROC       MODE3
  -------         PROC          MODE4
BL51 BANKED LINKER/LOCATER V6.00                                                      07/20/2017  09:59:36  PAGE 10


  C:46FAH         LINE#         18
  C:46FAH         LINE#         19
  C:46FAH         LINE#         21
  -------         ENDPROC       MODE4
  -------         PROC          MODELAUNCHER
  C:46FBH         LINE#         22
  C:46FBH         LINE#         23
  C:46FBH         LINE#         25
  -------         ENDPROC       MODELAUNCHER
  -------         ENDMOD        MODE

  -------         MODULE        ?RTX51_TINY_KERNAL
  C:46F3H         SEGMENT       ?RTX?TASKENT?S
  I:0010H         SEGMENT       ?RTX?TASKSP?S
  I:000EH         SEGMENT       ?RTX?TASKSTATE?S
  B:0020H.7       SEGMENT       ?RTX?BITS
  C:253CH         SEGMENT       ?RTX?CODE
  C:258BH         PUBLIC        ?RTX?SET_ISR
  D:000CH         PUBLIC        ?RTX_CURRENTTASK
  D:0007H         PUBLIC        ?RTX_NEXTID
  C:25CEH         PUBLIC        ?RTX_NEXTTASK
  N:00FFH         PUBLIC        ?RTX_RAMTOP
  C:46F3H         PUBLIC        ?RTX_TASKENTRY
  C:26ADH         PUBLIC        ?RTX_TASKIDX
  I:0010H         PUBLIC        ?RTX_TASKSP
  I:000EH         PUBLIC        ?RTX_TASKSTATUS
  C:2671H         PUBLIC        MAIN
  C:25B7H         PUBLIC        OS_SWITCH_TASK
  C:25C0H         SYMBOL        ?C0001
  C:25CAH         SYMBOL        ?C0003
  C:25CFH         SYMBOL        ?C0005
  C:25E9H         SYMBOL        ?C0007
  C:25EBH         SYMBOL        ?C0009
  C:25F5H         SYMBOL        ?C0011
  C:2622H         SYMBOL        ?C0012
  C:2608H         SYMBOL        ?C0013
  C:260DH         SYMBOL        ?C0015
  C:2618H         SYMBOL        ?C0016
  N:0000H         SYMBOL        ?RTX51_TINY_KERNAL
  N:F63CH         SYMBOL        ?RTX_CLOCK
  N:0008H         SYMBOL        ?RTX_REGISTERBANK
  D:000DH         SYMBOL        ?RTX_ROBINTIME
  D:000AH         SYMBOL        ?RTX_SAVEACC
  D:000BH         SYMBOL        ?RTX_SAVEPSW
  C:253CH         SYMBOL        ?RTX_STACKERROR
  C:258FH         SYMBOL        ?RTX_TASKSWITCHING
  B:0020H.7       SYMBOL        ?RTX_TS_DELAY
  D:00E0H         SYMBOL        ACC
  D:00F0H         SYMBOL        B
  N:0005H         SYMBOL        B_ACTIVE
  N:0007H         SYMBOL        B_IVL
  N:0007H         SYMBOL        B_RDY
  N:0004H         SYMBOL        B_READY
  N:0006H         SYMBOL        B_ROBIN
  N:0002H         SYMBOL        B_SIGNAL
  N:0003H         SYMBOL        B_TIMEOUT
  N:0000H         SYMBOL        B_WAITSIG
BL51 BANKED LINKER/LOCATER V6.00                                                      07/20/2017  09:59:36  PAGE 11


  N:0001H         SYMBOL        B_WAITTIM
  C:258CH         SYMBOL        CHECKROBINTIME
  C:2566H         SYMBOL        CHECKSTACK
  N:0000H         SYMBOL        CODE_BANKING
  N:0000H         SYMBOL        CPU_IDLE_CODE
  D:0083H         SYMBOL        DPH
  D:0082H         SYMBOL        DPL
  B:00A8H.7       SYMBOL        EA
  B:00A8H.4       SYMBOL        ES
  B:00A8H.1       SYMBOL        ET0
  B:00A8H.3       SYMBOL        ET1
  B:00A8H.0       SYMBOL        EX0
  B:00A8H.2       SYMBOL        EX1
  N:0014H         SYMBOL        FREE_STACK
  C:2540H         SYMBOL        HW_TIMER
  D:00A8H         SYMBOL        IE
  B:0088H.1       SYMBOL        IE0
  B:0088H.3       SYMBOL        IE1
  N:09C4H         SYMBOL        INT_CLOCK
  N:0001H         SYMBOL        INT_REGBANK
  B:0088H.0       SYMBOL        IT0
  B:0088H.2       SYMBOL        IT1
  N:0020H         SYMBOL        K_ACTIVE
  N:0080H         SYMBOL        K_IVL
  N:0080H         SYMBOL        K_RDY
  N:0010H         SYMBOL        K_READY
  N:0040H         SYMBOL        K_ROBIN
  N:0001H         SYMBOL        K_SIG
  N:0002H         SYMBOL        K_TMO
  N:0000H         SYMBOL        LONG_USR_INTR
  C:267AH         SYMBOL        MAIN1
  C:2684H         SYMBOL        MAIN1X
  C:267FH         SYMBOL        MAIN2
  C:2645H         SYMBOL        NOEVENT
  C:258BH         SYMBOL        NOROBINTIMEOUT
  C:2582H         SYMBOL        NOTIMEOUT
  C:2580H         SYMBOL        NOWAITTIMEOUT
  C:25B7H         SYMBOL        OS_SWITCH_TASK1
  D:0087H         SYMBOL        PCON
  D:00D0H         SYMBOL        PSW
  N:00FFH         SYMBOL        RAMTOP
  N:0080H         SYMBOL        RDY_EVENT
  C:2651H         SYMBOL        ROBINON
  C:2639H         SYMBOL        SIGNALOFF
  C:2645H         SYMBOL        SIGNALON
  N:0004H         SYMBOL        SIG_EVENT
  D:0081H         SYMBOL        SP
  I:000FH         SYMBOL        TASKSTATE
  D:0088H         SYMBOL        TCON
  B:0088H.5       SYMBOL        TF0
  B:0088H.7       SYMBOL        TF1
  D:008CH         SYMBOL        TH0
  D:008DH         SYMBOL        TH1
  C:2641H         SYMBOL        TIMEOUTON
  C:2541H         SYMBOL        TIMERINT
  C:2572H         SYMBOL        TIMERLOOP
  I:000EH         SYMBOL        TIMERVAL
BL51 BANKED LINKER/LOCATER V6.00                                                      07/20/2017  09:59:36  PAGE 12


  N:000AH         SYMBOL        TIMESHARING
  D:008AH         SYMBOL        TL0
  D:008BH         SYMBOL        TL1
  D:0089H         SYMBOL        TMOD
  N:0008H         SYMBOL        TMO_EVENT
  B:0088H.4       SYMBOL        TR0
  B:0088H.6       SYMBOL        TR1
  C:000BH         LINE#         271
  C:253CH         LINE#         279
  C:2540H         LINE#         282
  C:2541H         LINE#         299
  C:2544H         LINE#         301
  C:2547H         LINE#         302
  C:254AH         LINE#         303
  C:254CH         LINE#         305
  C:254EH         LINE#         306
  C:2550H         LINE#         307
  C:2552H         LINE#         308
  C:2554H         LINE#         309
  C:2556H         LINE#         310
  C:2558H         LINE#         311
  C:255AH         LINE#         312
  C:255CH         LINE#         316
  C:255DH         LINE#         317
  C:255FH         LINE#         318
  C:2560H         LINE#         319
  C:2561H         LINE#         320
  C:2564H         LINE#         321
  C:2566H         LINE#         322
  C:2567H         LINE#         323
  C:2569H         LINE#         324
  C:256CH         LINE#         325
  C:256EH         LINE#         329
  C:2570H         LINE#         330
  C:2572H         LINE#         331
  C:2573H         LINE#         332
  C:2574H         LINE#         333
  C:2575H         LINE#         334
  C:2577H         LINE#         335
  C:2579H         LINE#         336
  C:257AH         LINE#         337
  C:257DH         LINE#         338
  C:257FH         LINE#         339
  C:2580H         LINE#         340
  C:2582H         LINE#         341
  C:2583H         LINE#         342
  C:2585H         LINE#         344
  C:2586H         LINE#         345
  C:2588H         LINE#         360
  C:258BH         LINE#         366
  C:258CH         LINE#         367
  C:258FH         LINE#         370
  C:2591H         LINE#         371
  C:2593H         LINE#         372
  C:2595H         LINE#         373
  C:2597H         LINE#         374
  C:2599H         LINE#         375
BL51 BANKED LINKER/LOCATER V6.00                                                      07/20/2017  09:59:36  PAGE 13


  C:259BH         LINE#         376
  C:259DH         LINE#         377
  C:259FH         LINE#         378
  C:25A1H         LINE#         379
  C:25A3H         LINE#         380
  C:25A5H         LINE#         381
  C:25A7H         LINE#         382
  C:25A9H         LINE#         387
  C:25ABH         LINE#         388
  C:25ACH         LINE#         389
  C:25AEH         LINE#         390
  C:25AFH         LINE#         391
  C:25B1H         LINE#         392
  C:25B3H         LINE#         393
  C:25B4H         LINE#         394
  C:25B5H         LINE#         395
  C:25B7H         LINE#         424
  C:25B9H         LINE#         426
  C:25BBH         LINE#         427
  C:25BCH         LINE#         429
  C:25BDH         LINE#         430
  C:25BFH         LINE#         431
  C:25C0H         LINE#         434
  C:25C1H         LINE#         435
  C:25C2H         LINE#         436
  C:25C3H         LINE#         444
  C:25C6H         LINE#         445
  C:25C8H         LINE#         446
  C:25CAH         LINE#         449
  C:25CBH         LINE#         450
  C:25CEH         LINE#         458
  C:25CFH         LINE#         462
  C:25D1H         LINE#         463
  C:25D2H         LINE#         464
  C:25D3H         LINE#         465
  C:25D5H         LINE#         468
  C:25D7H         LINE#         470
  C:25D9H         LINE#         471
  C:25DBH         LINE#         472
  C:25DCH         LINE#         473
  C:25DDH         LINE#         474
  C:25DEH         LINE#         476
  C:25E0H         LINE#         478
  C:25E1H         LINE#         479
  C:25E2H         LINE#         480
  C:25E4H         LINE#         481
  C:25E7H         LINE#         482
  C:25E9H         LINE#         484
  C:25EAH         LINE#         485
  C:25EBH         LINE#         490
  C:25ECH         LINE#         491
  C:25EDH         LINE#         492
  C:25EFH         LINE#         496
  C:25F0H         LINE#         497
  C:25F1H         LINE#         498
  C:25F3H         LINE#         499
  C:25F5H         LINE#         505
BL51 BANKED LINKER/LOCATER V6.00                                                      07/20/2017  09:59:36  PAGE 14


  C:25F7H         LINE#         506
  C:25F8H         LINE#         507
  C:25F9H         LINE#         508
  C:25FBH         LINE#         510
  C:25FDH         LINE#         511
  C:25FFH         LINE#         512
  C:2600H         LINE#         513
  C:2601H         LINE#         516
  C:2603H         LINE#         517
  C:2606H         LINE#         518
  C:2608H         LINE#         520
  C:2609H         LINE#         522
  C:260AH         LINE#         523
  C:260BH         LINE#         524
  C:260CH         LINE#         525
  C:260DH         LINE#         529
  C:260FH         LINE#         530
  C:2610H         LINE#         531
  C:2612H         LINE#         535
  C:2614H         LINE#         536
  C:2615H         LINE#         537
  C:2616H         LINE#         539
  C:2618H         LINE#         543
  C:261AH         LINE#         544
  C:261CH         LINE#         545
  C:261DH         LINE#         546
  C:261EH         LINE#         548
  C:2620H         LINE#         549
  C:2622H         LINE#         555
  C:2625H         LINE#         559
  C:2627H         LINE#         560
  C:2628H         LINE#         561
  C:262AH         LINE#         562
  C:262BH         LINE#         563
  C:262DH         LINE#         564
  C:262FH         LINE#         565
  C:2630H         LINE#         567
  C:2633H         LINE#         571
  C:2636H         LINE#         572
  C:2639H         LINE#         576
  C:263BH         LINE#         577
  C:263EH         LINE#         578
  C:2641H         LINE#         580
  C:2643H         LINE#         581
  C:2645H         LINE#         583
  C:2647H         LINE#         584
  C:2648H         LINE#         585
  C:264AH         LINE#         587
  C:264CH         LINE#         588
  C:264EH         LINE#         594
  C:2650H         LINE#         595
  C:2651H         LINE#         608
  C:2652H         LINE#         609
  C:2654H         LINE#         614
  C:2656H         LINE#         615
  C:2658H         LINE#         616
  C:265AH         LINE#         617
BL51 BANKED LINKER/LOCATER V6.00                                                      07/20/2017  09:59:36  PAGE 15


  C:265CH         LINE#         618
  C:265EH         LINE#         619
  C:2660H         LINE#         620
  C:2662H         LINE#         621
  C:2664H         LINE#         622
  C:2666H         LINE#         623
  C:2668H         LINE#         624
  C:266AH         LINE#         625
  C:266CH         LINE#         626
  C:266EH         LINE#         627
  C:2670H         LINE#         628
  C:2671H         LINE#         642
  C:2673H         LINE#         643
  C:2675H         LINE#         644
  C:2677H         LINE#         645
  C:2679H         LINE#         646
  C:267AH         LINE#         647
  C:267BH         LINE#         648
  C:267DH         LINE#         649
  C:267FH         LINE#         650
  C:2681H         LINE#         651
  C:2682H         LINE#         652
  C:2684H         LINE#         653
  C:2685H         LINE#         654
  C:2686H         LINE#         655
  C:2687H         LINE#         656
  C:2688H         LINE#         657
  C:268AH         LINE#         658
  C:268CH         LINE#         659
  C:268EH         LINE#         660
  C:2691H         LINE#         661
  C:2693H         LINE#         662
  C:2694H         LINE#         663
  C:2696H         LINE#         664
  C:2697H         LINE#         665
  C:2698H         LINE#         666
  C:269AH         LINE#         668
  C:269DH         LINE#         670
  C:26A0H         LINE#         671
  C:26A3H         LINE#         672
  C:26A6H         LINE#         673
  C:26A8H         LINE#         674
  C:26AAH         LINE#         675
  C:26ACH         LINE#         676
  -------         ENDMOD        ?RTX51_TINY_KERNAL

  -------         MODULE        PID
  C:0000H         SYMBOL        _ICE_DUMMY_
  D:0080H         PUBLIC        P0
  D:0090H         PUBLIC        P1
  D:00A0H         PUBLIC        P2
  C:4025H         PUBLIC        _setKi
  D:00B0H         PUBLIC        P3
  C:4393H         PUBLIC        _getErrLast
  D:00C0H         PUBLIC        P4
  D:00C8H         PUBLIC        P5
  D:00E8H         PUBLIC        P6
BL51 BANKED LINKER/LOCATER V6.00                                                      07/20/2017  09:59:36  PAGE 16


  D:00F8H         PUBLIC        P7
  C:3FE3H         PUBLIC        _setParameterUpperLimit
  C:4046H         PUBLIC        _setKp
  D:00A8H         PUBLIC        IE
  C:4572H         PUBLIC        _openPID
  D:00B8H         PUBLIC        IP
  D:00D8H         PUBLIC        CCON
  D:0098H         PUBLIC        SCON
  D:0088H         PUBLIC        TCON
  C:2A55H         PUBLIC        _PID_config
  C:3FC2H         PUBLIC        _setParameterInferiorLimit
  D:00F0H         PUBLIC        B
  D:00E0H         PUBLIC        ACC
  C:4004H         PUBLIC        _setActualParameter
  C:43FBH         PUBLIC        _getOutput
  C:1E2BH         PUBLIC        _PID
  X:028CH         SYMBOL        g_pid_n_info
  C:435FH         PUBLIC        _getParameter
  C:4379H         PUBLIC        _getErr
  C:43E1H         PUBLIC        _getKd
  C:4088H         PUBLIC        _setParameter
  C:43C7H         PUBLIC        _getKi
  C:45BAH         PUBLIC        _closePID
  D:00D0H         PUBLIC        PSW
  C:4415H         PUBLIC        _getIntegral
  C:43ADH         PUBLIC        _getKp
  C:4067H         PUBLIC        _setKd
  -------         PROC          _PID_CONFIG
  D:0003H         SYMBOL        PID_N
  X:049DH         SYMBOL        kp
  X:04A1H         SYMBOL        ki
  X:04A5H         SYMBOL        kd
  C:2A55H         LINE#         49
  C:2A57H         LINE#         50
  C:2A57H         LINE#         51
  C:2A6CH         LINE#         52
  C:2A81H         LINE#         53
  C:2A96H         LINE#         54
  C:2AABH         LINE#         55
  C:2ACAH         LINE#         56
  C:2AE9H         LINE#         57
  C:2B08H         LINE#         58
  C:2B32H         LINE#         59
  C:2B5CH         LINE#         60
  -------         ENDPROC       _PID_CONFIG
  -------         PROC          _OPENPID
  D:0007H         SYMBOL        PID_N
  C:4572H         LINE#         70
  C:4572H         LINE#         71
  C:4572H         LINE#         72
  C:4583H         LINE#         74
  -------         ENDPROC       _OPENPID
  -------         PROC          _CLOSEPID
  D:0007H         SYMBOL        PID_N
  C:45BAH         LINE#         83
  C:45BAH         LINE#         84
  C:45BAH         LINE#         85
BL51 BANKED LINKER/LOCATER V6.00                                                      07/20/2017  09:59:36  PAGE 17


  C:45CAH         LINE#         88
  -------         ENDPROC       _CLOSEPID
  -------         PROC          _PID
  X:055BH         SYMBOL        PID_N
  C:1E2BH         LINE#         97
  C:1E30H         LINE#         98
  C:1E30H         LINE#         101
  C:1E43H         LINE#         102
  C:1E43H         LINE#         104
  C:1E91H         LINE#         120
  C:1ED4H         LINE#         123
  C:1FD9H         LINE#         126
  C:2003H         LINE#         129
  C:2004H         LINE#         130
  C:2004H         LINE#         132
  -------         ENDPROC       _PID
  -------         PROC          _SETPARAMETERINFERIORLIMIT
  D:0003H         SYMBOL        PID_N
  X:04FDH         SYMBOL        value
  C:3FC2H         LINE#         142
  C:3FC4H         LINE#         143
  C:3FC4H         LINE#         144
  -------         ENDPROC       _SETPARAMETERINFERIORLIMIT
  -------         PROC          _SETPARAMETERUPPERLIMIT
  D:0003H         SYMBOL        PID_N
  X:0502H         SYMBOL        value
  C:3FE3H         LINE#         156
  C:3FE5H         LINE#         157
  C:3FE5H         LINE#         158
  -------         ENDPROC       _SETPARAMETERUPPERLIMIT
  -------         PROC          _SETACTUALPARAMETER
  D:0003H         SYMBOL        PID_N
  X:0507H         SYMBOL        value
  C:4004H         LINE#         171
  C:4006H         LINE#         172
  C:4006H         LINE#         173
  -------         ENDPROC       _SETACTUALPARAMETER
  -------         PROC          _SETKI
  D:0003H         SYMBOL        PID_N
  X:050CH         SYMBOL        value
  C:4025H         LINE#         186
  C:4027H         LINE#         187
  C:4027H         LINE#         188
  -------         ENDPROC       _SETKI
  -------         PROC          _SETKP
  D:0003H         SYMBOL        PID_N
  X:0511H         SYMBOL        value
  C:4046H         LINE#         200
  C:4048H         LINE#         201
  C:4048H         LINE#         202
  -------         ENDPROC       _SETKP
  -------         PROC          _SETKD
  D:0003H         SYMBOL        PID_N
  X:0516H         SYMBOL        value
  C:4067H         LINE#         214
  C:4069H         LINE#         215
  C:4069H         LINE#         216
BL51 BANKED LINKER/LOCATER V6.00                                                      07/20/2017  09:59:36  PAGE 18


  -------         ENDPROC       _SETKD
  -------         PROC          _SETPARAMETER
  D:0003H         SYMBOL        PID_N
  X:051BH         SYMBOL        value
  C:4088H         LINE#         228
  C:408AH         LINE#         229
  C:408AH         LINE#         230
  -------         ENDPROC       _SETPARAMETER
  -------         PROC          _GETPARAMETER
  D:0007H         SYMBOL        PID_N
  C:435FH         LINE#         242
  C:435FH         LINE#         243
  C:435FH         LINE#         244
  C:4378H         LINE#         245
  -------         ENDPROC       _GETPARAMETER
  -------         PROC          _GETERR
  D:0007H         SYMBOL        PID_N
  C:4379H         LINE#         255
  C:4379H         LINE#         256
  C:4379H         LINE#         257
  C:4392H         LINE#         258
  -------         ENDPROC       _GETERR
  -------         PROC          _GETERRLAST
  D:0007H         SYMBOL        PID_N
  C:4393H         LINE#         268
  C:4393H         LINE#         269
  C:4393H         LINE#         270
  C:43ACH         LINE#         271
  -------         ENDPROC       _GETERRLAST
  -------         PROC          _GETKP
  D:0007H         SYMBOL        PID_N
  C:43ADH         LINE#         280
  C:43ADH         LINE#         281
  C:43ADH         LINE#         282
  C:43C6H         LINE#         283
  -------         ENDPROC       _GETKP
  -------         PROC          _GETKI
  D:0007H         SYMBOL        PID_N
  C:43C7H         LINE#         293
  C:43C7H         LINE#         294
  C:43C7H         LINE#         295
  C:43E0H         LINE#         296
  -------         ENDPROC       _GETKI
  -------         PROC          _GETKD
  D:0007H         SYMBOL        PID_N
  C:43E1H         LINE#         306
  C:43E1H         LINE#         307
  C:43E1H         LINE#         308
  C:43FAH         LINE#         309
  -------         ENDPROC       _GETKD
  -------         PROC          _GETOUTPUT
  D:0007H         SYMBOL        PID_N
  C:43FBH         LINE#         319
  C:43FBH         LINE#         320
  C:43FBH         LINE#         321
  C:4414H         LINE#         322
  -------         ENDPROC       _GETOUTPUT
BL51 BANKED LINKER/LOCATER V6.00                                                      07/20/2017  09:59:36  PAGE 19


  -------         PROC          _GETINTEGRAL
  D:0007H         SYMBOL        PID_N
  C:4415H         LINE#         332
  C:4415H         LINE#         333
  C:4415H         LINE#         334
  C:442EH         LINE#         335
  -------         ENDPROC       _GETINTEGRAL
  -------         ENDMOD        PID

  -------         MODULE        FILTER
  C:0000H         SYMBOL        _ICE_DUMMY_
  D:0080H         PUBLIC        P0
  D:0090H         PUBLIC        P1
  D:00A0H         PUBLIC        P2
  D:00B0H         PUBLIC        P3
  D:00C0H         PUBLIC        P4
  D:00C8H         PUBLIC        P5
  D:00E8H         PUBLIC        P6
  D:00F8H         PUBLIC        P7
  C:27EBH         PUBLIC        _filter
  D:00A8H         PUBLIC        IE
  D:00B8H         PUBLIC        IP
  D:00D8H         PUBLIC        CCON
  D:0098H         PUBLIC        SCON
  D:0088H         PUBLIC        TCON
  D:00F0H         PUBLIC        B
  D:00E0H         PUBLIC        ACC
  D:00D0H         PUBLIC        PSW
  -------         PROC          _FILTER
  D:0001H         SYMBOL        ary
  X:0482H         SYMBOL        num
  X:0483H         SYMBOL        MaxValue
  X:0485H         SYMBOL        MinValue
  -------         DO            
  X:0487H         SYMBOL        angleDataloopTemp2
  X:0489H         SYMBOL        finalData
  X:048BH         SYMBOL        maxValue
  X:048DH         SYMBOL        minValue
  -------         ENDDO         
  C:27EBH         LINE#         2
  C:27F0H         LINE#         3
  C:27F0H         LINE#         5
  C:27F7H         LINE#         6
  C:2806H         LINE#         7
  C:2815H         LINE#         8
  C:2837H         LINE#         9
  C:2837H         LINE#         10
  C:2853H         LINE#         11
  C:2853H         LINE#         12
  C:2870H         LINE#         13
  C:2870H         LINE#         14
  C:2892H         LINE#         15
  C:2892H         LINE#         16
  C:28AFH         LINE#         17
  C:28AFH         LINE#         18
  C:28D1H         LINE#         19
  C:28E5H         LINE#         20
BL51 BANKED LINKER/LOCATER V6.00                                                      07/20/2017  09:59:36  PAGE 20


  C:290AH         LINE#         21
  C:2920H         LINE#         22
  C:2920H         LINE#         23
  -------         ENDPROC       _FILTER
  -------         ENDMOD        FILTER

  -------         MODULE        DATASCOPE_DP
  C:0000H         SYMBOL        _ICE_DUMMY_
  D:0080H         PUBLIC        P0
  D:0090H         PUBLIC        P1
  D:00A0H         PUBLIC        P2
  D:00B0H         PUBLIC        P3
  D:00C0H         PUBLIC        P4
  D:00C8H         PUBLIC        P5
  D:00E8H         PUBLIC        P6
  D:00F8H         PUBLIC        P7
  X:0384H         PUBLIC        DataScope_OutPut_Buffer
  D:00A8H         PUBLIC        IE
  D:00B8H         PUBLIC        IP
  D:00D8H         PUBLIC        CCON
  C:3DA4H         PUBLIC        _sendScopeData
  D:0098H         PUBLIC        SCON
  D:0088H         PUBLIC        TCON
  D:00F0H         PUBLIC        B
  C:2FC4H         PUBLIC        _Float2Byte
  D:00E0H         PUBLIC        ACC
  C:3117H         PUBLIC        _DataScope_Data_Generate
  C:2921H         PUBLIC        _DataScope_Get_Channel_Data
  D:00D0H         PUBLIC        PSW
  -------         PROC          _FLOAT2BYTE
  D:0001H         SYMBOL        target
  X:04ACH         SYMBOL        buf
  X:04AFH         SYMBOL        beg
  -------         DO            
  X:04B0H         SYMBOL        point
  -------         ENDDO         
  C:2FC4H         LINE#         26
  C:2FC4H         LINE#         27
  C:2FC4H         LINE#         29
  C:2FCFH         LINE#         30
  C:2FEDH         LINE#         31
  C:3019H         LINE#         32
  C:3045H         LINE#         33
  -------         ENDPROC       _FLOAT2BYTE
  -------         PROC          _SENDSCOPEDATA
  D:0004H         SYMBOL        Data
  X:04EEH         SYMBOL        channel
  -------         DO            
  X:04EFH         SYMBOL        a
  -------         ENDDO         
  C:3DA4H         LINE#         43
  C:3DA4H         LINE#         44
  C:3DA4H         LINE#         47
  C:3DAFH         LINE#         49
  C:3DC5H         LINE#         50
  C:3DC5H         LINE#         51
  C:3DD4H         LINE#         52
BL51 BANKED LINKER/LOCATER V6.00                                                      07/20/2017  09:59:36  PAGE 21


  C:3DDCH         LINE#         54
  -------         ENDPROC       _SENDSCOPEDATA
  -------         PROC          _DATASCOPE_GET_CHANNEL_DATA
  X:051FH         SYMBOL        Data
  X:0523H         SYMBOL        Channel
  C:2921H         LINE#         60
  C:2927H         LINE#         61
  C:2927H         LINE#         62
  C:293AH         LINE#         63
  C:293AH         LINE#         65
  C:293AH         LINE#         67
  C:293AH         LINE#         68
  C:2970H         LINE#         69
  C:2970H         LINE#         70
  C:2970H         LINE#         71
  C:2983H         LINE#         72
  C:2986H         LINE#         73
  C:2986H         LINE#         74
  C:299AH         LINE#         75
  C:299DH         LINE#         76
  C:299DH         LINE#         77
  C:29B1H         LINE#         78
  C:29B4H         LINE#         79
  C:29B4H         LINE#         80
  C:29C8H         LINE#         81
  C:29CBH         LINE#         82
  C:29CBH         LINE#         83
  C:29DFH         LINE#         84
  C:29E1H         LINE#         85
  C:29E1H         LINE#         86
  C:29F5H         LINE#         87
  C:29F7H         LINE#         88
  C:29F7H         LINE#         89
  C:2A0BH         LINE#         90
  C:2A0DH         LINE#         91
  C:2A0DH         LINE#         92
  C:2A21H         LINE#         93
  C:2A23H         LINE#         94
  C:2A23H         LINE#         95
  C:2A37H         LINE#         96
  C:2A39H         LINE#         97
  C:2A39H         LINE#         98
  C:2A54H         LINE#         99
  C:2A54H         LINE#         100
  C:2A54H         LINE#         101
  C:2A54H         LINE#         102
  -------         ENDPROC       _DATASCOPE_GET_CHANNEL_DATA
  -------         PROC          _DATASCOPE_DATA_GENERATE
  D:0007H         SYMBOL        Channel_Number
  C:3117H         LINE#         107
  C:3117H         LINE#         108
  C:3117H         LINE#         109
  C:3120H         LINE#         110
  C:3120H         LINE#         111
  C:3123H         LINE#         112
  C:3123H         LINE#         114
  C:3123H         LINE#         115
BL51 BANKED LINKER/LOCATER V6.00                                                      07/20/2017  09:59:36  PAGE 22


  C:3129H         LINE#         116
  C:315FH         LINE#         117
  C:315FH         LINE#         118
  C:315FH         LINE#         119
  C:3165H         LINE#         120
  C:3168H         LINE#         121
  C:3168H         LINE#         122
  C:3168H         LINE#         123
  C:316EH         LINE#         124
  C:3171H         LINE#         125
  C:3171H         LINE#         126
  C:3171H         LINE#         127
  C:3177H         LINE#         128
  C:317AH         LINE#         129
  C:317AH         LINE#         130
  C:317AH         LINE#         131
  C:3180H         LINE#         132
  C:3183H         LINE#         133
  C:3183H         LINE#         134
  C:3183H         LINE#         135
  C:3189H         LINE#         136
  C:318CH         LINE#         137
  C:318CH         LINE#         138
  C:318CH         LINE#         139
  C:3192H         LINE#         140
  C:3195H         LINE#         141
  C:3195H         LINE#         142
  C:3195H         LINE#         143
  C:319BH         LINE#         144
  C:319EH         LINE#         145
  C:319EH         LINE#         146
  C:319EH         LINE#         147
  C:31A4H         LINE#         148
  C:31A7H         LINE#         149
  C:31A7H         LINE#         150
  C:31A7H         LINE#         151
  C:31ADH         LINE#         152
  C:31B0H         LINE#         153
  C:31B0H         LINE#         154
  C:31B0H         LINE#         155
  C:31B6H         LINE#         156
  C:31B9H         LINE#         157
  C:31B9H         LINE#         158
  C:31B9H         LINE#         159
  C:31B9H         LINE#         160
  C:31BBH         LINE#         161
  -------         ENDPROC       _DATASCOPE_DATA_GENERATE
  -------         ENDMOD        DATASCOPE_DP

  -------         MODULE        STORAGE
  C:0000H         SYMBOL        _ICE_DUMMY_
  D:0080H         PUBLIC        P0
  D:0090H         PUBLIC        P1
  D:00A0H         PUBLIC        P2
  D:00B0H         PUBLIC        P3
  D:00C0H         PUBLIC        P4
  D:00C8H         PUBLIC        P5
BL51 BANKED LINKER/LOCATER V6.00                                                      07/20/2017  09:59:36  PAGE 23


  D:00E8H         PUBLIC        P6
  D:00F8H         PUBLIC        P7
  D:00A8H         PUBLIC        IE
  D:00B8H         PUBLIC        IP
  D:00D8H         PUBLIC        CCON
  C:4584H         PUBLIC        _writeData
  D:0098H         PUBLIC        SCON
  D:0088H         PUBLIC        TCON
  D:00F0H         PUBLIC        B
  D:00E0H         PUBLIC        ACC
  D:00D0H         PUBLIC        PSW
  -------         PROC          _WRITEDATA
  X:0524H         SYMBOL        add
  X:0526H         SYMBOL        Data
  C:4584H         LINE#         3
  C:4595H         LINE#         4
  C:4595H         LINE#         6
  -------         ENDPROC       _WRITEDATA
  -------         ENDMOD        STORAGE

  -------         MODULE        BUTTON
  C:0000H         SYMBOL        _ICE_DUMMY_
  D:0080H         PUBLIC        P0
  D:0090H         PUBLIC        P1
  D:00A0H         PUBLIC        P2
  D:00B0H         PUBLIC        P3
  D:00C0H         PUBLIC        P4
  D:00C8H         PUBLIC        P5
  D:00E8H         PUBLIC        P6
  D:00F8H         PUBLIC        P7
  D:00A8H         PUBLIC        IE
  D:00B8H         PUBLIC        IP
  D:00D8H         PUBLIC        CCON
  C:3A4FH         PUBLIC        buttonScan
  B:0020H.0       SYMBOL        BUTTON1_bit
  B:0020H.1       SYMBOL        BUTTON2_bit
  B:0020H.2       SYMBOL        BUTTON3_bit
  B:0020H.3       SYMBOL        BUTTON4_bit
  D:0098H         PUBLIC        SCON
  B:00A0H.3       PUBLIC        P23
  D:0088H         PUBLIC        TCON
  B:00A0H.4       PUBLIC        P24
  B:00A0H.5       PUBLIC        P25
  B:00A0H.6       PUBLIC        P26
  D:00F0H         PUBLIC        B
  C:4242H         PUBLIC        _getButtonState
  D:00E0H         PUBLIC        ACC
  C:418AH         PUBLIC        Button_config
  C:4674H         SYMBOL        _digitalRead
  D:00D0H         PUBLIC        PSW
  -------         PROC          BUTTON_CONFIG
  -------         DO            
  X:0551H         SYMBOL        GPIO_InitStructure
  -------         ENDDO         
  C:418AH         LINE#         25
  C:418AH         LINE#         26
  C:418AH         LINE#         28
BL51 BANKED LINKER/LOCATER V6.00                                                      07/20/2017  09:59:36  PAGE 24


  C:4190H         LINE#         29
  C:4195H         LINE#         30
  C:41A0H         LINE#         31
  C:41A2H         LINE#         32
  C:41A4H         LINE#         33
  C:41A6H         LINE#         34
  C:41A8H         LINE#         35
  -------         ENDPROC       BUTTON_CONFIG
  -------         PROC          _DIGITALREAD
  D:0006H         SYMBOL        pin
  C:4674H         LINE#         43
  C:4674H         LINE#         44
  C:4674H         LINE#         45
  C:4678H         LINE#         46
  C:4678H         LINE#         47
  C:467DH         LINE#         48
  C:467DH         LINE#         49
  -------         ENDPROC       _DIGITALREAD
  -------         PROC          _GETBUTTONSTATE
  D:0007H         SYMBOL        BUTTON_data
  C:4242H         LINE#         61
  C:4242H         LINE#         62
  C:4242H         LINE#         63
  C:4253H         LINE#         64
  C:4253H         LINE#         65
  C:4253H         LINE#         66
  C:4256H         LINE#         67
  C:4256H         LINE#         68
  C:4256H         LINE#         69
  C:4259H         LINE#         70
  C:4259H         LINE#         71
  C:4259H         LINE#         72
  C:425CH         LINE#         73
  C:425CH         LINE#         74
  C:425CH         LINE#         75
  C:425EH         LINE#         76
  C:425EH         LINE#         77
  C:425EH         LINE#         78
  -------         ENDPROC       _GETBUTTONSTATE
  -------         PROC          BUTTONSCAN
  C:3A4FH         LINE#         88
  C:3A4FH         LINE#         89
  C:3A4FH         LINE#         90
  C:3A5AH         LINE#         91
  C:3A5AH         LINE#         92
  C:3A64H         LINE#         93
  C:3A64H         LINE#         97
  C:3A66H         LINE#         98
  C:3A66H         LINE#         99
  C:3A68H         LINE#         101
  C:3A68H         LINE#         102
  C:3A6AH         LINE#         103
  C:3A6AH         LINE#         104
  C:3A75H         LINE#         105
  C:3A75H         LINE#         106
  C:3A78H         LINE#         107
  C:3A78H         LINE#         111
BL51 BANKED LINKER/LOCATER V6.00                                                      07/20/2017  09:59:36  PAGE 25


  C:3A7AH         LINE#         112
  C:3A7AH         LINE#         113
  C:3A7CH         LINE#         115
  C:3A7CH         LINE#         116
  C:3A7EH         LINE#         117
  C:3A7EH         LINE#         118
  C:3A89H         LINE#         119
  C:3A89H         LINE#         120
  C:3A8CH         LINE#         121
  C:3A8CH         LINE#         125
  C:3A8EH         LINE#         127
  C:3A8EH         LINE#         128
  C:3A90H         LINE#         130
  C:3A90H         LINE#         131
  C:3A92H         LINE#         132
  C:3A92H         LINE#         133
  C:3A9DH         LINE#         134
  C:3A9DH         LINE#         135
  C:3AA0H         LINE#         136
  C:3AA0H         LINE#         140
  C:3AA2H         LINE#         142
  C:3AA2H         LINE#         143
  C:3AA3H         LINE#         145
  C:3AA3H         LINE#         146
  C:3AA5H         LINE#         147
  C:3AA5H         LINE#         148
  -------         ENDPROC       BUTTONSCAN
  -------         ENDMOD        BUTTON

  -------         MODULE        LED
  C:0000H         SYMBOL        _ICE_DUMMY_
  D:0080H         PUBLIC        P0
  D:0090H         PUBLIC        P1
  D:00A0H         PUBLIC        P2
  D:00B0H         PUBLIC        P3
  D:00C0H         PUBLIC        P4
  D:00C8H         PUBLIC        P5
  B:0021H.0       SYMBOL        Board_LED_State
  D:00E8H         PUBLIC        P6
  D:00F8H         PUBLIC        P7
  D:00A8H         PUBLIC        IE
  C:3FA0H         PUBLIC        _blink
  C:3E67H         PUBLIC        Board_LED_Init
  D:00B8H         PUBLIC        IP
  C:46E4H         PUBLIC        close_Board_LED
  D:00D8H         PUBLIC        CCON
  D:0098H         PUBLIC        SCON
  D:0088H         PUBLIC        TCON
  C:46DFH         PUBLIC        open_Board_LED
  B:00C8H.5       PUBLIC        P55
  D:00F0H         PUBLIC        B
  D:00E0H         PUBLIC        ACC
  C:46EDH         PUBLIC        getBoard_LED_State
  C:46C1H         PUBLIC        _Board_LED_PWM
  D:00D0H         PUBLIC        PSW
  -------         PROC          BOARD_LED_INIT
  -------         DO            
BL51 BANKED LINKER/LOCATER V6.00                                                      07/20/2017  09:59:36  PAGE 26


  X:0553H         SYMBOL        GPIO_InitStructure
  -------         ENDDO         
  C:3E67H         LINE#         8
  C:3E67H         LINE#         9
  C:3E67H         LINE#         11
  C:3E6DH         LINE#         12
  C:3E72H         LINE#         13
  C:3E7DH         LINE#         14
  C:3E80H         LINE#         15
  C:3E85H         LINE#         16
  C:3E88H         LINE#         17
  C:3E8DH         LINE#         18
  C:3E8EH         LINE#         19
  -------         ENDPROC       BOARD_LED_INIT
  -------         PROC          OPEN_BOARD_LED
  C:46DFH         LINE#         20
  C:46DFH         LINE#         21
  C:46DFH         LINE#         22
  C:46E1H         LINE#         23
  C:46E3H         LINE#         24
  -------         ENDPROC       OPEN_BOARD_LED
  -------         PROC          CLOSE_BOARD_LED
  C:46E4H         LINE#         25
  C:46E4H         LINE#         26
  C:46E4H         LINE#         27
  C:46E6H         LINE#         28
  C:46E8H         LINE#         30
  -------         ENDPROC       CLOSE_BOARD_LED
  -------         PROC          _BLINK
  X:056CH         SYMBOL        time
  C:3FA0H         LINE#         31
  C:3FA5H         LINE#         32
  C:3FA5H         LINE#         33
  C:3FAFH         LINE#         34
  C:3FAFH         LINE#         35
  C:3FB2H         LINE#         36
  C:3FB7H         LINE#         37
  C:3FBAH         LINE#         38
  C:3FBFH         LINE#         40
  C:3FC1H         LINE#         41
  -------         ENDPROC       _BLINK
  -------         PROC          GETBOARD_LED_STATE
  C:46EDH         LINE#         42
  C:46EDH         LINE#         43
  C:46EDH         LINE#         44
  C:46EFH         LINE#         45
  -------         ENDPROC       GETBOARD_LED_STATE
  -------         PROC          _BOARD_LED_PWM
  X:055CH         SYMBOL        luminance
  C:46C1H         LINE#         46
  C:46C6H         LINE#         47
  C:46C6H         LINE#         48
  C:46C6H         LINE#         49
  C:46C6H         LINE#         52
  C:46C6H         LINE#         54
  -------         ENDPROC       _BOARD_LED_PWM
  -------         ENDMOD        LED
BL51 BANKED LINKER/LOCATER V6.00                                                      07/20/2017  09:59:36  PAGE 27



  -------         MODULE        MOTOR
  C:0000H         SYMBOL        _ICE_DUMMY_
  D:0080H         PUBLIC        P0
  D:0090H         PUBLIC        P1
  D:00A0H         PUBLIC        P2
  D:00B0H         PUBLIC        P3
  D:00C0H         PUBLIC        P4
  D:00C8H         PUBLIC        P5
  D:00E8H         PUBLIC        P6
  D:00F8H         PUBLIC        P7
  D:00BAH         PUBLIC        P_SW2
  D:00A8H         PUBLIC        IE
  C:4206H         PUBLIC        _open_DC_Motor
  D:00B8H         PUBLIC        IP
  D:00D8H         PUBLIC        CCON
  B:00A0H.2       PUBLIC        P22
  D:0098H         PUBLIC        SCON
  B:00A0H.3       PUBLIC        P23
  D:0088H         PUBLIC        TCON
  C:3434H         PUBLIC        _setDC_MotorSpeed
  D:00F0H         PUBLIC        B
  X:053DH         SYMBOL        g_DC_Motor
  C:460FH         PUBLIC        _getDC_MotorState
  D:00E0H         PUBLIC        ACC
  C:3864H         PUBLIC        DC_MOTOR_config
  C:425FH         PUBLIC        _close_DC_Motor
  D:00D0H         PUBLIC        PSW
  -------         PROC          _SETDC_MOTORSPEED
  X:0529H         SYMBOL        motor
  X:052AH         SYMBOL        speed
  C:3434H         LINE#         38
  C:3439H         LINE#         39
  C:3439H         LINE#         41
  C:3454H         LINE#         42
  C:3454H         LINE#         43
  C:345EH         LINE#         44
  C:345EH         LINE#         45
  C:3479H         LINE#         46
  C:3479H         LINE#         48
  C:3483H         LINE#         49
  C:3483H         LINE#         52
  C:34A3H         LINE#         53
  C:34C5H         LINE#         54
  -------         ENDPROC       _SETDC_MOTORSPEED
  -------         PROC          _OPEN_DC_MOTOR
  X:055DH         SYMBOL        motor
  C:4206H         LINE#         55
  C:420BH         LINE#         56
  C:420BH         LINE#         57
  C:4211H         LINE#         58
  C:4223H         LINE#         59
  -------         ENDPROC       _OPEN_DC_MOTOR
  -------         PROC          _CLOSE_DC_MOTOR
  X:055EH         SYMBOL        motor
  C:425FH         LINE#         60
  C:4264H         LINE#         61
BL51 BANKED LINKER/LOCATER V6.00                                                      07/20/2017  09:59:36  PAGE 28


  C:4264H         LINE#         62
  C:426AH         LINE#         63
  C:427BH         LINE#         67
  -------         ENDPROC       _CLOSE_DC_MOTOR
  -------         PROC          _GETDC_MOTORSTATE
  D:0007H         SYMBOL        motor
  C:460FH         LINE#         68
  C:460FH         LINE#         69
  C:460FH         LINE#         70
  C:461EH         LINE#         72
  -------         ENDPROC       _GETDC_MOTORSTATE
  -------         PROC          DC_MOTOR_CONFIG
  -------         DO            
  X:044AH         SYMBOL        GPIO_InitStructure
  X:044CH         SYMBOL        PWM_InitStructure
  -------         ENDDO         
  C:3864H         LINE#         80
  C:3864H         LINE#         81
  C:3864H         LINE#         85
  C:3869H         LINE#         88
  C:386DH         LINE#         89
  C:3878H         LINE#         93
  C:387EH         LINE#         94
  C:3889H         LINE#         95
  C:388BH         LINE#         96
  C:388DH         LINE#         99
  C:3890H         LINE#         100
  C:3895H         LINE#         101
  C:3897H         LINE#         102
  C:3899H         LINE#         103
  C:389CH         LINE#         104
  C:389FH         LINE#         105
  C:38A1H         LINE#         106
  C:38A3H         LINE#         107
  C:38A5H         LINE#         108
  C:38A7H         LINE#         109
  C:38A9H         LINE#         110
  C:38ABH         LINE#         111
  C:38ADH         LINE#         112
  C:38AFH         LINE#         113
  C:38B1H         LINE#         114
  C:38B3H         LINE#         115
  C:38B5H         LINE#         116
  C:38C0H         LINE#         117
  C:38CBH         LINE#         119
  C:38CEH         LINE#         122
  -------         ENDPROC       DC_MOTOR_CONFIG
  -------         ENDMOD        MOTOR

  -------         MODULE        SERVO
  C:0000H         SYMBOL        _ICE_DUMMY_
  D:0080H         PUBLIC        P0
  D:0090H         PUBLIC        P1
  D:00A0H         PUBLIC        P2
  D:00B0H         PUBLIC        P3
  D:00C0H         PUBLIC        P4
  D:00C8H         PUBLIC        P5
BL51 BANKED LINKER/LOCATER V6.00                                                      07/20/2017  09:59:36  PAGE 29


  D:00E8H         PUBLIC        P6
  D:00F8H         PUBLIC        P7
  D:00BAH         PUBLIC        P_SW2
  D:00A8H         PUBLIC        IE
  C:40CAH         PUBLIC        _open_STR
  C:2B86H         PUBLIC        _set_STR_angle
  D:00B8H         PUBLIC        IP
  D:00D8H         PUBLIC        CCON
  C:2005H         PUBLIC        _Init_Str_Motor
  D:0098H         PUBLIC        SCON
  D:0088H         PUBLIC        TCON
  B:00B0H.7       PUBLIC        P37
  D:00F0H         PUBLIC        B
  D:00E0H         PUBLIC        ACC
  C:442FH         PUBLIC        _read_STR_angle
  X:02FEH         SYMBOL        str_motor
  C:41A9H         PUBLIC        _close_STR
  D:00D0H         PUBLIC        PSW
  -------         PROC          _INIT_STR_MOTOR
  X:03AEH         SYMBOL        MOTOR
  X:03AFH         SYMBOL        pl
  X:03B3H         SYMBOL        ph
  X:03B7H         SYMBOL        ma
  X:03BBH         SYMBOL        n
  -------         DO            
  X:03BDH         SYMBOL        GPIO_InitStructure
  X:03BFH         SYMBOL        PWM_InitStructure
  -------         ENDDO         
  C:2005H         LINE#         43
  C:200AH         LINE#         44
  C:200AH         LINE#         47
  C:200FH         LINE#         48
  C:2013H         LINE#         49
  C:201EH         LINE#         54
  C:2020H         LINE#         56
  C:2023H         LINE#         57
  C:2028H         LINE#         58
  C:202AH         LINE#         59
  C:202CH         LINE#         60
  C:202FH         LINE#         61
  C:2032H         LINE#         62
  C:2034H         LINE#         63
  C:2036H         LINE#         64
  C:2038H         LINE#         65
  C:203AH         LINE#         66
  C:203CH         LINE#         67
  C:2040H         LINE#         68
  C:2043H         LINE#         69
  C:2045H         LINE#         70
  C:2047H         LINE#         71
  C:2049H         LINE#         72
  C:204BH         LINE#         73
  C:2059H         LINE#         75
  C:205CH         LINE#         76
  C:2066H         LINE#         77
  C:2072H         LINE#         78
  C:2095H         LINE#         79
BL51 BANKED LINKER/LOCATER V6.00                                                      07/20/2017  09:59:36  PAGE 30


  C:20B4H         LINE#         80
  C:20D3H         LINE#         81
  C:20EEH         LINE#         82
  C:2170H         LINE#         83
  C:21C3H         LINE#         84
  C:21D8H         LINE#         85
  -------         ENDPROC       _INIT_STR_MOTOR
  -------         PROC          _SET_STR_ANGLE
  X:04B3H         SYMBOL        MOTOR
  X:04B4H         SYMBOL        angle
  -------         DO            
  X:04B8H         SYMBOL        str_duty
  -------         ENDDO         
  C:2B86H         LINE#         96
  C:2B8BH         LINE#         97
  C:2B8BH         LINE#         99
  C:2BACH         LINE#         100
  C:2C29H         LINE#         110
  C:2C29H         LINE#         111
  C:2C52H         LINE#         112
  C:2C6EH         LINE#         113
  C:2C6EH         LINE#         114
  -------         ENDPROC       _SET_STR_ANGLE
  -------         PROC          _READ_STR_ANGLE
  D:0007H         SYMBOL        MOTOR
  C:442FH         LINE#         125
  C:442FH         LINE#         126
  C:442FH         LINE#         127
  C:4448H         LINE#         128
  -------         ENDPROC       _READ_STR_ANGLE
  -------         PROC          _OPEN_STR
  X:055FH         SYMBOL        MOTOR
  C:40CAH         LINE#         129
  C:40CFH         LINE#         130
  C:40CFH         LINE#         131
  C:40D2H         LINE#         132
  C:40E8H         LINE#         133
  C:40E9H         LINE#         134
  -------         ENDPROC       _OPEN_STR
  -------         PROC          _CLOSE_STR
  X:0560H         SYMBOL        MOTOR
  C:41A9H         LINE#         135
  C:41AEH         LINE#         136
  C:41AEH         LINE#         137
  C:41B1H         LINE#         138
  C:41C6H         LINE#         139
  C:41C7H         LINE#         140
  -------         ENDPROC       _CLOSE_STR
  -------         ENDMOD        SERVO

  -------         MODULE        STEP_MOTOR
  C:0000H         SYMBOL        _ICE_DUMMY_
  D:0080H         PUBLIC        P0
  D:0090H         PUBLIC        P1
  D:00A0H         PUBLIC        P2
  D:00B0H         PUBLIC        P3
  D:00C0H         PUBLIC        P4
BL51 BANKED LINKER/LOCATER V6.00                                                      07/20/2017  09:59:36  PAGE 31


  D:00C8H         PUBLIC        P5
  D:00E8H         PUBLIC        P6
  D:00F8H         PUBLIC        P7
  C:325FH         PUBLIC        _setStepMotorWithAngle
  D:00A8H         PUBLIC        IE
  D:00B8H         PUBLIC        IP
  X:03EEH         SYMBOL        g_stepMotor
  D:00D8H         PUBLIC        CCON
  C:42D3H         PUBLIC        _close_StepMotor
  C:3DDDH         PUBLIC        _setStepMotorWithRound
  D:0098H         PUBLIC        SCON
  D:0088H         PUBLIC        TCON
  C:46ACH         PUBLIC        _setStepMotorDiversion
  D:00F0H         PUBLIC        B
  D:00E0H         PUBLIC        ACC
  C:427CH         PUBLIC        _open_StepMotor
  C:3AA6H         PUBLIC        _stepMotor_Init
  C:46B3H         PUBLIC        _freeStepMotor
  C:46BAH         PUBLIC        _lockStepMotor
  C:45CBH         PUBLIC        _getStepMotorState
  D:00D0H         PUBLIC        PSW
  -------         PROC          _SETSTEPMOTORWITHANGLE
  X:04F0H         SYMBOL        motor
  X:04F1H         SYMBOL        angle
  X:04F5H         SYMBOL        speed
  C:325FH         LINE#         44
  C:3264H         LINE#         45
  C:3264H         LINE#         46
  C:32FBH         LINE#         48
  C:32FCH         LINE#         49
  -------         ENDPROC       _SETSTEPMOTORWITHANGLE
  -------         PROC          _SETSTEPMOTORWITHROUND
  D:0007H         SYMBOL        motor
  D:0004H         SYMBOL        round
  X:0561H         SYMBOL        speed
  C:3DDDH         LINE#         60
  C:3DE2H         LINE#         61
  C:3DE2H         LINE#         62
  C:3E0AH         LINE#         63
  C:3E0BH         LINE#         64
  -------         ENDPROC       _SETSTEPMOTORWITHROUND
  -------         PROC          _GETSTEPMOTORSTATE
  D:0007H         SYMBOL        motor
  C:45CBH         LINE#         73
  C:45CBH         LINE#         74
  C:45CBH         LINE#         75
  C:45DBH         LINE#         76
  -------         ENDPROC       _GETSTEPMOTORSTATE
  -------         PROC          _SETSTEPMOTORDIVERSION
  X:0562H         SYMBOL        motor
  C:46ACH         LINE#         77
  C:46B1H         LINE#         78
  C:46B1H         LINE#         80
  C:46B2H         LINE#         81
  -------         ENDPROC       _SETSTEPMOTORDIVERSION
  -------         PROC          _CLOSE_STEPMOTOR
  X:0563H         SYMBOL        motor
BL51 BANKED LINKER/LOCATER V6.00                                                      07/20/2017  09:59:36  PAGE 32


  C:42D3H         LINE#         90
  C:42D8H         LINE#         91
  C:42D8H         LINE#         92
  C:42DBH         LINE#         93
  C:42EEH         LINE#         95
  -------         ENDPROC       _CLOSE_STEPMOTOR
  -------         PROC          _OPEN_STEPMOTOR
  X:0564H         SYMBOL        motor
  C:427CH         LINE#         104
  C:4281H         LINE#         105
  C:4281H         LINE#         106
  C:4284H         LINE#         107
  C:4298H         LINE#         108
  -------         ENDPROC       _OPEN_STEPMOTOR
  -------         PROC          _FREESTEPMOTOR
  X:0565H         SYMBOL        motor
  C:46B3H         LINE#         109
  C:46B8H         LINE#         110
  C:46B8H         LINE#         112
[...]
  C:36D4H         LINE#         400
  C:36D9H         LINE#         401
  C:36D9H         LINE#         403
  -------         ENDPROC       UART3_INT
  -------         PROC          UART4_INT
  C:36E6H         LINE#         407
  C:36F5H         LINE#         409
  C:36FAH         LINE#         410
  C:36FAH         LINE#         411
  C:36FDH         LINE#         412
  C:3703H         LINE#         413
  C:3703H         LINE#         414
  C:370EH         LINE#         415
  C:3722H         LINE#         416
  C:3728H         LINE#         417
  C:3728H         LINE#         418
BL51 BANKED LINKER/LOCATER V6.00                                                      07/20/2017  09:59:36  PAGE 79


  C:3728H         LINE#         420
  C:372DH         LINE#         421
  C:372DH         LINE#         422
  C:3730H         LINE#         423
  C:373DH         LINE#         424
  C:373DH         LINE#         425
  C:374AH         LINE#         426
  C:3757H         LINE#         427
  C:3759H         LINE#         428
  C:375EH         LINE#         429
  C:375EH         LINE#         431
  -------         ENDPROC       UART4_INT
  -------         ENDMOD        USART1

  -------         MODULE        STC15_EEPROM
  C:0000H         SYMBOL        _ICE_DUMMY_
  D:0080H         PUBLIC        P0
  D:0090H         PUBLIC        P1
  D:00A0H         PUBLIC        P2
  D:00B0H         PUBLIC        P3
  C:465AH         PUBLIC        DisableEEPROM
  D:00C0H         PUBLIC        P4
  D:00C8H         PUBLIC        P5
  D:00C6H         PUBLIC        ISP_TRIG
  B:00A8H.7       PUBLIC        EA
  D:00E8H         PUBLIC        P6
  D:00F8H         PUBLIC        P7
  D:00A8H         PUBLIC        IE
  C:416AH         PUBLIC        _EEPROM_SectorErase
  C:3CAEH         PUBLIC        _EEPROM_read_n
  D:00B8H         PUBLIC        IP
  D:00C5H         PUBLIC        ISP_CMD
  D:00D8H         PUBLIC        CCON
  C:3CEDH         PUBLIC        _EEPROM_write_n
  D:00C3H         PUBLIC        ISP_ADDRH
  D:0098H         PUBLIC        SCON
  D:0088H         PUBLIC        TCON
  D:00C4H         PUBLIC        ISP_ADDRL
  D:00F0H         PUBLIC        B
  D:00E0H         PUBLIC        ACC
  D:00C7H         PUBLIC        ISP_CONTR
  D:00C2H         PUBLIC        ISP_DATA
  D:00D0H         PUBLIC        PSW
  -------         PROC          DISABLEEEPROM
  C:465AH         LINE#         30
  C:465AH         LINE#         31
  C:465AH         LINE#         32
  C:465DH         LINE#         33
  C:465FH         LINE#         34
  C:4661H         LINE#         35
  C:4664H         LINE#         36
  C:4667H         LINE#         37
  -------         ENDPROC       DISABLEEEPROM
  -------         PROC          _EEPROM_READ_N
  D:0004H         SYMBOL        EE_address
  D:0001H         SYMBOL        DataAddress
  X:04E1H         SYMBOL        number
BL51 BANKED LINKER/LOCATER V6.00                                                      07/20/2017  09:59:36  PAGE 80


  C:3CAEH         LINE#         49
  C:3CB2H         LINE#         50
  C:3CB2H         LINE#         51
  C:3CB4H         LINE#         52
  C:3CB7H         LINE#         53
  C:3CBAH         LINE#         55
  C:3CBAH         LINE#         56
  C:3CBDH         LINE#         57
  C:3CC1H         LINE#         58
  C:3CC7H         LINE#         61
  C:3CC8H         LINE#         62
  C:3CCDH         LINE#         63
  C:3CD2H         LINE#         64
  C:3CD9H         LINE#         65
  C:3CE7H         LINE#         67
  C:3CEAH         LINE#         68
  C:3CECH         LINE#         69
  -------         ENDPROC       _EEPROM_READ_N
  -------         PROC          _EEPROM_SECTORERASE
  D:0004H         SYMBOL        EE_address
  C:416AH         LINE#         80
  C:416EH         LINE#         81
  C:416EH         LINE#         82
  C:4170H         LINE#         85
  C:4173H         LINE#         86
  C:4177H         LINE#         87
  C:417AH         LINE#         88
  C:417DH         LINE#         89
  C:4183H         LINE#         90
  C:4184H         LINE#         91
  C:4187H         LINE#         92
  C:4189H         LINE#         93
  -------         ENDPROC       _EEPROM_SECTORERASE
  -------         PROC          _EEPROM_WRITE_N
  D:0004H         SYMBOL        EE_address
  D:0001H         SYMBOL        DataAddress
  X:04E8H         SYMBOL        number
  C:3CEDH         LINE#         104
  C:3CF1H         LINE#         105
  C:3CF1H         LINE#         106
  C:3CF3H         LINE#         108
  C:3CF6H         LINE#         109
  C:3CF9H         LINE#         111
  C:3CF9H         LINE#         112
  C:3CFCH         LINE#         113
  C:3D00H         LINE#         114
  C:3D05H         LINE#         115
  C:3D0BH         LINE#         116
  C:3D0CH         LINE#         117
  C:3D11H         LINE#         118
  C:3D18H         LINE#         119
  C:3D26H         LINE#         121
  C:3D29H         LINE#         122
  C:3D2BH         LINE#         123
  -------         ENDPROC       _EEPROM_WRITE_N
  -------         ENDMOD        STC15_EEPROM

BL51 BANKED LINKER/LOCATER V6.00                                                      07/20/2017  09:59:36  PAGE 81


  -------         MODULE        ?C?FPADD
  C:0807H         PUBLIC        ?C?FPADD
  C:0803H         PUBLIC        ?C?FPSUB
  -------         ENDMOD        ?C?FPADD

  -------         MODULE        ?C?FPMUL
  C:08F8H         PUBLIC        ?C?FPMUL
  -------         ENDMOD        ?C?FPMUL

  -------         MODULE        ?C?FPDIV
  C:0A01H         PUBLIC        ?C?FPDIV
  -------         ENDMOD        ?C?FPDIV

  -------         MODULE        ?C?FPCMP
  C:0AA0H         PUBLIC        ?C?FPCMP
  C:0A9EH         PUBLIC        ?C?FPCMP3
  -------         ENDMOD        ?C?FPCMP

  -------         MODULE        ?C?FCAST
  C:0B15H         PUBLIC        ?C?FCASTC
  C:0B10H         PUBLIC        ?C?FCASTI
  C:0B0BH         PUBLIC        ?C?FCASTL
  -------         ENDMOD        ?C?FCAST

  -------         MODULE        ?C?CASTF
  C:0B49H         PUBLIC        ?C?CASTF
  -------         ENDMOD        ?C?CASTF

  -------         MODULE        ?C?CLDPTR
  C:0BCAH         PUBLIC        ?C?CLDPTR
  -------         ENDMOD        ?C?CLDPTR

  -------         MODULE        ?C?CLDOPTR
  C:0BE3H         PUBLIC        ?C?CLDOPTR
  -------         ENDMOD        ?C?CLDOPTR

  -------         MODULE        ?C?CSTPTR
  C:0C10H         PUBLIC        ?C?CSTPTR
  -------         ENDMOD        ?C?CSTPTR

  -------         MODULE        ?C?CSTOPTR
  C:0C22H         PUBLIC        ?C?CSTOPTR
  -------         ENDMOD        ?C?CSTOPTR

  -------         MODULE        ?C?IMUL
  C:0C44H         PUBLIC        ?C?IMUL
  -------         ENDMOD        ?C?IMUL

  -------         MODULE        ?C?UIDIV
  C:0C56H         PUBLIC        ?C?UIDIV
  -------         ENDMOD        ?C?UIDIV

  -------         MODULE        ?C?IILDX
  C:0CABH         PUBLIC        ?C?IILDX
  -------         ENDMOD        ?C?IILDX

  -------         MODULE        ?C?ILDOPTR
BL51 BANKED LINKER/LOCATER V6.00                                                      07/20/2017  09:59:36  PAGE 82


  C:0CC1H         PUBLIC        ?C?ILDOPTR
  -------         ENDMOD        ?C?ILDOPTR

  -------         MODULE        ?C?LMUL
  C:0CF9H         PUBLIC        ?C?LMUL
  -------         ENDMOD        ?C?LMUL

  -------         MODULE        ?C?ULDIV
  C:0D84H         PUBLIC        ?C?ULDIV
  -------         ENDMOD        ?C?ULDIV

  -------         MODULE        ?C?SLDIV
  C:3C27H         PUBLIC        ?C?SLDIV
  -------         ENDMOD        ?C?SLDIV

  -------         MODULE        ?C?LNEG
  C:0E16H         PUBLIC        ?C?LNEG
  -------         ENDMOD        ?C?LNEG

  -------         MODULE        ?C?ULCMP
  C:0E24H         PUBLIC        ?C?ULCMP
  -------         ENDMOD        ?C?ULCMP

  -------         MODULE        ?C?ULSHR
  C:0E35H         PUBLIC        ?C?ULSHR
  -------         ENDMOD        ?C?ULSHR

  -------         MODULE        ?C?LLDOPTR0
  C:0E48H         PUBLIC        ?C?LLDOPTR0
  -------         ENDMOD        ?C?LLDOPTR0

  -------         MODULE        ?C?LLDIXDATA
  C:0E81H         PUBLIC        ?C?LLDIXDATA
  C:0E78H         PUBLIC        ?C?LLDIXDATA1
  C:0E7AH         PUBLIC        ?C?LLDIXDATA8
  -------         ENDMOD        ?C?LLDIXDATA

  -------         MODULE        ?C?LSTXDATA
  C:0EADH         PUBLIC        ?C?LSTXDATA
  -------         ENDMOD        ?C?LSTXDATA

  -------         MODULE        ?C?LSTKXDATA
  C:0EB9H         PUBLIC        ?C?LSTKXDATA
  -------         ENDMOD        ?C?LSTKXDATA

  -------         MODULE        ?C?LLDIDATA0
  C:0EEAH         PUBLIC        ?C?LLDIDATA0
  -------         ENDMOD        ?C?LLDIDATA0

  -------         MODULE        ?C?LLDXDATA0
  C:0EF7H         PUBLIC        ?C?LLDXDATA0
  -------         ENDMOD        ?C?LLDXDATA0

  -------         MODULE        ?C?LLDPDATA0
  C:0F03H         PUBLIC        ?C?LLDPDATA0
  -------         ENDMOD        ?C?LLDPDATA0

BL51 BANKED LINKER/LOCATER V6.00                                                      07/20/2017  09:59:36  PAGE 83


  -------         MODULE        ?C?LLDCODE0
  C:0F10H         PUBLIC        ?C?LLDCODE0
  -------         ENDMOD        ?C?LLDCODE0

*** WARNING L16: UNCALLED SEGMENT, IGNORED FOR OVERLAY PROCESS
    SEGMENT: ?PR?_UART1_INIT?SETUP

*** WARNING L16: UNCALLED SEGMENT, IGNORED FOR OVERLAY PROCESS
    SEGMENT: ?PR?TEST?SETUP

*** WARNING L16: UNCALLED SEGMENT, IGNORED FOR OVERLAY PROCESS
    SEGMENT: ?PR?MODE1?MODE

*** WARNING L16: UNCALLED SEGMENT, IGNORED FOR OVERLAY PROCESS
    SEGMENT: ?PR?MODE2?MODE

*** WARNING L16: UNCALLED SEGMENT, IGNORED FOR OVERLAY PROCESS
    SEGMENT: ?PR?MODE3?MODE

*** WARNING L16: UNCALLED SEGMENT, IGNORED FOR OVERLAY PROCESS
    SEGMENT: ?PR?MODE4?MODE

*** WARNING L16: UNCALLED SEGMENT, IGNORED FOR OVERLAY PROCESS
    SEGMENT: ?PR?MODELAUNCHER?MODE

*** WARNING L16: UNCALLED SEGMENT, IGNORED FOR OVERLAY PROCESS
    SEGMENT: ?PR?_PID_CONFIG?PID

*** WARNING L16: UNCALLED SEGMENT, IGNORED FOR OVERLAY PROCESS
    SEGMENT: ?PR?_OPENPID?PID

*** WARNING L16: UNCALLED SEGMENT, IGNORED FOR OVERLAY PROCESS
    SEGMENT: ?PR?_CLOSEPID?PID

*** WARNING L16: UNCALLED SEGMENT, IGNORED FOR OVERLAY PROCESS
    SEGMENT: ?PR?_PID?PID

*** WARNING L16: UNCALLED SEGMENT, IGNORED FOR OVERLAY PROCESS
    SEGMENT: ?PR?_SETPARAMETERINFERIORLIMIT?PID

*** WARNING L16: UNCALLED SEGMENT, IGNORED FOR OVERLAY PROCESS
    SEGMENT: ?PR?_SETPARAMETERUPPERLIMIT?PID

*** WARNING L16: UNCALLED SEGMENT, IGNORED FOR OVERLAY PROCESS
    SEGMENT: ?PR?_SETACTUALPARAMETER?PID

*** WARNING L16: UNCALLED SEGMENT, IGNORED FOR OVERLAY PROCESS
    SEGMENT: ?PR?_SETKI?PID

*** WARNING L16: UNCALLED SEGMENT, IGNORED FOR OVERLAY PROCESS
    SEGMENT: ?PR?_SETKP?PID

*** WARNING L16: UNCALLED SEGMENT, IGNORED FOR OVERLAY PROCESS
    SEGMENT: ?PR?_SETKD?PID

*** WARNING L16: UNCALLED SEGMENT, IGNORED FOR OVERLAY PROCESS
    SEGMENT: ?PR?_SETPARAMETER?PID
BL51 BANKED LINKER/LOCATER V6.00                                                      07/20/2017  09:59:36  PAGE 84



*** WARNING L16: UNCALLED SEGMENT, IGNORED FOR OVERLAY PROCESS
    SEGMENT: ?PR?_GETPARAMETER?PID

*** WARNING L16: UNCALLED SEGMENT, IGNORED FOR OVERLAY PROCESS
    SEGMENT: ?PR?_GETERR?PID

*** WARNING L16: UNCALLED SEGMENT, IGNORED FOR OVERLAY PROCESS
    SEGMENT: ?PR?_GETERRLAST?PID

*** WARNING L16: UNCALLED SEGMENT, IGNORED FOR OVERLAY PROCESS
    SEGMENT: ?PR?_GETKP?PID

*** WARNING L16: UNCALLED SEGMENT, IGNORED FOR OVERLAY PROCESS
    SEGMENT: ?PR?_GETKI?PID

*** WARNING L16: UNCALLED SEGMENT, IGNORED FOR OVERLAY PROCESS
    SEGMENT: ?PR?_GETKD?PID

*** WARNING L16: UNCALLED SEGMENT, IGNORED FOR OVERLAY PROCESS
    SEGMENT: ?PR?_GETOUTPUT?PID

*** WARNING L16: UNCALLED SEGMENT, IGNORED FOR OVERLAY PROCESS
    SEGMENT: ?PR?_GETINTEGRAL?PID

*** WARNING L16: UNCALLED SEGMENT, IGNORED FOR OVERLAY PROCESS
    SEGMENT: ?PR?_SENDSCOPEDATA?DATASCOPE_DP

*** WARNING L16: UNCALLED SEGMENT, IGNORED FOR OVERLAY PROCESS
    SEGMENT: ?PR?_WRITEDATA?STORAGE

*** WARNING L16: UNCALLED SEGMENT, IGNORED FOR OVERLAY PROCESS
    SEGMENT: ?PR?BUTTON_CONFIG?BUTTON

*** WARNING L16: UNCALLED SEGMENT, IGNORED FOR OVERLAY PROCESS
    SEGMENT: ?PR?_GETBUTTONSTATE?BUTTON

*** WARNING L16: UNCALLED SEGMENT, IGNORED FOR OVERLAY PROCESS
    SEGMENT: ?PR?BUTTONSCAN?BUTTON

*** WARNING L16: UNCALLED SEGMENT, IGNORED FOR OVERLAY PROCESS
    SEGMENT: ?PR?BOARD_LED_INIT?LED

*** WARNING L16: UNCALLED SEGMENT, IGNORED FOR OVERLAY PROCESS
    SEGMENT: ?PR?GETBOARD_LED_STATE?LED

*** WARNING L16: UNCALLED SEGMENT, IGNORED FOR OVERLAY PROCESS
    SEGMENT: ?PR?_BOARD_LED_PWM?LED

*** WARNING L16: UNCALLED SEGMENT, IGNORED FOR OVERLAY PROCESS
    SEGMENT: ?PR?_SETDC_MOTORSPEED?MOTOR

*** WARNING L16: UNCALLED SEGMENT, IGNORED FOR OVERLAY PROCESS
    SEGMENT: ?PR?_OPEN_DC_MOTOR?MOTOR

*** WARNING L16: UNCALLED SEGMENT, IGNORED FOR OVERLAY PROCESS
    SEGMENT: ?PR?_CLOSE_DC_MOTOR?MOTOR
BL51 BANKED LINKER/LOCATER V6.00                                                      07/20/2017  09:59:36  PAGE 85



*** WARNING L16: UNCALLED SEGMENT, IGNORED FOR OVERLAY PROCESS
    SEGMENT: ?PR?_GETDC_MOTORSTATE?MOTOR

*** WARNING L16: UNCALLED SEGMENT, IGNORED FOR OVERLAY PROCESS
    SEGMENT: ?PR?DC_MOTOR_CONFIG?MOTOR

*** WARNING L16: UNCALLED SEGMENT, IGNORED FOR OVERLAY PROCESS
    SEGMENT: ?PR?_INIT_STR_MOTOR?SERVO

*** WARNING L16: UNCALLED SEGMENT, IGNORED FOR OVERLAY PROCESS
    SEGMENT: ?PR?_SET_STR_ANGLE?SERVO

*** WARNING L16: UNCALLED SEGMENT, IGNORED FOR OVERLAY PROCESS
    SEGMENT: ?PR?_READ_STR_ANGLE?SERVO

*** WARNING L16: UNCALLED SEGMENT, IGNORED FOR OVERLAY PROCESS
    SEGMENT: ?PR?_OPEN_STR?SERVO

*** WARNING L16: UNCALLED SEGMENT, IGNORED FOR OVERLAY PROCESS
    SEGMENT: ?PR?_CLOSE_STR?SERVO

*** WARNING L16: UNCALLED SEGMENT, IGNORED FOR OVERLAY PROCESS
    SEGMENT: ?PR?_SETSTEPMOTORWITHROUND?STEP_MOTOR

*** WARNING L16: UNCALLED SEGMENT, IGNORED FOR OVERLAY PROCESS
    SEGMENT: ?PR?_GETSTEPMOTORSTATE?STEP_MOTOR

*** WARNING L16: UNCALLED SEGMENT, IGNORED FOR OVERLAY PROCESS
    SEGMENT: ?PR?_SETSTEPMOTORDIVERSION?STEP_MOTOR

*** WARNING L16: UNCALLED SEGMENT, IGNORED FOR OVERLAY PROCESS
    SEGMENT: ?PR?_CLOSE_STEPMOTOR?STEP_MOTOR

*** WARNING L16: UNCALLED SEGMENT, IGNORED FOR OVERLAY PROCESS
    SEGMENT: ?PR?_OPEN_STEPMOTOR?STEP_MOTOR

*** WARNING L16: UNCALLED SEGMENT, IGNORED FOR OVERLAY PROCESS
    SEGMENT: ?PR?_FREESTEPMOTOR?STEP_MOTOR

*** WARNING L16: UNCALLED SEGMENT, IGNORED FOR OVERLAY PROCESS
    SEGMENT: ?PR?_LOCKSTEPMOTOR?STEP_MOTOR

*** WARNING L16: UNCALLED SEGMENT, IGNORED FOR OVERLAY PROCESS
    SEGMENT: ?PR?_STEPMOTOR_INIT?STEP_MOTOR

*** WARNING L16: UNCALLED SEGMENT, IGNORED FOR OVERLAY PROCESS
    SEGMENT: ?PR?_SETRELAY?RELAY

*** WARNING L16: UNCALLED SEGMENT, IGNORED FOR OVERLAY PROCESS
    SEGMENT: ?PR?_UNSETRELAY?RELAY

*** WARNING L16: UNCALLED SEGMENT, IGNORED FOR OVERLAY PROCESS
    SEGMENT: ?PR?RELAY_INIT?RELAY

*** WARNING L16: UNCALLED SEGMENT, IGNORED FOR OVERLAY PROCESS
    SEGMENT: ?PR?_ADC_CONFIG?ANGLE
BL51 BANKED LINKER/LOCATER V6.00                                                      07/20/2017  09:59:36  PAGE 86



*** WARNING L16: UNCALLED SEGMENT, IGNORED FOR OVERLAY PROCESS
    SEGMENT: ?PR?GETANGLE?ANGLE

*** WARNING L16: UNCALLED SEGMENT, IGNORED FOR OVERLAY PROCESS
    SEGMENT: ?PR?_LCD1602_WRITE_WORD?LCD1602

*** WARNING L16: UNCALLED SEGMENT, IGNORED FOR OVERLAY PROCESS
    SEGMENT: ?PR?LCD1602_INIT?LCD1602

*** WARNING L16: UNCALLED SEGMENT, IGNORED FOR OVERLAY PROCESS
    SEGMENT: ?PR?_HC595_INIT?74HC595

*** WARNING L16: UNCALLED SEGMENT, IGNORED FOR OVERLAY PROCESS
    SEGMENT: ?PR?_HC595SENDDATA?74HC595

*** WARNING L16: UNCALLED SEGMENT, IGNORED FOR OVERLAY PROCESS
    SEGMENT: ?PR?_LCD_CLR_ROW?LCD5510_V2

*** WARNING L16: UNCALLED SEGMENT, IGNORED FOR OVERLAY PROCESS
    SEGMENT: ?PR?_LCD_PRINTS?LCD5510_V2

*** WARNING L16: UNCALLED SEGMENT, IGNORED FOR OVERLAY PROCESS
    SEGMENT: ?PR?_LCD_PRINTSL?LCD5510_V2

*** WARNING L16: UNCALLED SEGMENT, IGNORED FOR OVERLAY PROCESS
    SEGMENT: ?PR?LCD5510_INIT?LCD5510_V2

*** WARNING L16: UNCALLED SEGMENT, IGNORED FOR OVERLAY PROCESS
    SEGMENT: ?PR?_GETPULSERSTATE?FIXEDPULSER

*** WARNING L16: UNCALLED SEGMENT, IGNORED FOR OVERLAY PROCESS
    SEGMENT: ?PR?_ADC_POWERCONTROL?ADC

*** WARNING L16: UNCALLED SEGMENT, IGNORED FOR OVERLAY PROCESS
    SEGMENT: ?PR?_SETPINSTATE?GPIO

*** WARNING L16: UNCALLED SEGMENT, IGNORED FOR OVERLAY PROCESS
    SEGMENT: ?PR?_PWMN_UPDATE?PCA

*** WARNING L16: UNCALLED SEGMENT, IGNORED FOR OVERLAY PROCESS
    SEGMENT: ?PR?_PCA_INIT?PCA

*** WARNING L16: UNCALLED SEGMENT, IGNORED FOR OVERLAY PROCESS
    SEGMENT: ?PR?_PWMOUTPUT?PCA

*** WARNING L16: UNCALLED SEGMENT, IGNORED FOR OVERLAY PROCESS
    SEGMENT: ?PR?_GET_PWM_PERIOD?STC15_PWM

*** WARNING L16: UNCALLED SEGMENT, IGNORED FOR OVERLAY PROCESS
    SEGMENT: ?PR?_GET_PWM_N_DUTY?STC15_PWM

*** WARNING L16: UNCALLED SEGMENT, IGNORED FOR OVERLAY PROCESS
    SEGMENT: ?PR?_GETPWM_DIV?STC15_PWM

*** WARNING L16: UNCALLED SEGMENT, IGNORED FOR OVERLAY PROCESS
    SEGMENT: ?PR?OPEN_PWM_ALL?STC15_PWM
BL51 BANKED LINKER/LOCATER V6.00                                                      07/20/2017  09:59:36  PAGE 87



*** WARNING L16: UNCALLED SEGMENT, IGNORED FOR OVERLAY PROCESS
    SEGMENT: ?PR?CLOSE_PWM_ALL?STC15_PWM

*** WARNING L16: UNCALLED SEGMENT, IGNORED FOR OVERLAY PROCESS
    SEGMENT: ?PR?_GET_PWM_N_STATE?STC15_PWM

*** WARNING L16: UNCALLED SEGMENT, IGNORED FOR OVERLAY PROCESS
    SEGMENT: ?PR?TIMERINIT?TIMER

*** WARNING L16: UNCALLED SEGMENT, IGNORED FOR OVERLAY PROCESS
    SEGMENT: ?PR?_SETTIMEOUT?TIMER

*** WARNING L16: UNCALLED SEGMENT, IGNORED FOR OVERLAY PROCESS
    SEGMENT: ?PR?_GETTIMEROUT?TIMER

*** WARNING L16: UNCALLED SEGMENT, IGNORED FOR OVERLAY PROCESS
    SEGMENT: ?PR?_SETTIMERHERTZ?TIMER

*** WARNING L16: UNCALLED SEGMENT, IGNORED FOR OVERLAY PROCESS
    SEGMENT: ?PR?_GETTIMERHERTZ?TIMER

*** WARNING L16: UNCALLED SEGMENT, IGNORED FOR OVERLAY PROCESS
    SEGMENT: ?PR?_STOPTIMER?TIMER

*** WARNING L16: UNCALLED SEGMENT, IGNORED FOR OVERLAY PROCESS
    SEGMENT: ?PR?_ISSTOPPED?TIMER

*** WARNING L16: UNCALLED SEGMENT, IGNORED FOR OVERLAY PROCESS
    SEGMENT: ?PR?_ONRESTARTTIMER?TIMER

*** WARNING L16: UNCALLED SEGMENT, IGNORED FOR OVERLAY PROCESS
    SEGMENT: ?PR?GETMICROS?TIMER

*** WARNING L16: UNCALLED SEGMENT, IGNORED FOR OVERLAY PROCESS
    SEGMENT: ?PR?GETMILLIS?TIMER

*** WARNING L16: UNCALLED SEGMENT, IGNORED FOR OVERLAY PROCESS
    SEGMENT: ?PR?GETSECONDS?TIMER

*** WARNING L16: UNCALLED SEGMENT, IGNORED FOR OVERLAY PROCESS
    SEGMENT: ?PR?GETMINUTES?TIMER

*** WARNING L16: UNCALLED SEGMENT, IGNORED FOR OVERLAY PROCESS
    SEGMENT: ?PR?GETHOURS?TIMER

*** WARNING L16: UNCALLED SEGMENT, IGNORED FOR OVERLAY PROCESS
    SEGMENT: ?PR?GETDAYS?TIMER

*** WARNING L16: UNCALLED SEGMENT, IGNORED FOR OVERLAY PROCESS
    SEGMENT: ?PR?_PRINTSTRING2?USART1

*** WARNING L16: UNCALLED SEGMENT, IGNORED FOR OVERLAY PROCESS
    SEGMENT: ?PR?_PRINTSTRING3?USART1

*** WARNING L16: UNCALLED SEGMENT, IGNORED FOR OVERLAY PROCESS
    SEGMENT: ?PR?_PRINTSTRING4?USART1
BL51 BANKED LINKER/LOCATER V6.00                                                      07/20/2017  09:59:36  PAGE 88



*** WARNING L16: UNCALLED SEGMENT, IGNORED FOR OVERLAY PROCESS
    SEGMENT: ?PR?_EEPROM_READ_N?STC15_EEPROM

*** WARNING L16: UNCALLED SEGMENT, IGNORED FOR OVERLAY PROCESS
    SEGMENT: ?PR?_EEPROM_SECTORERASE?STC15_EEPROM

*** WARNING L16: UNCALLED SEGMENT, IGNORED FOR OVERLAY PROCESS
    SEGMENT: ?PR?_EEPROM_WRITE_N?STC15_EEPROM

******************************************************************************
* RESTRICTED VERSION WITH FFFFH BYTE CODE SIZE LIMIT; USED: 372BH BYTE (21%) *
******************************************************************************

Program Size: data=19.3 xdata=1389 code=16161
LINK/LOCATE RUN COMPLETE.  97 WARNING(S),  0 ERROR(S)
