BL51 BANKED LINKER/LOCATER V6.00                                                        08/03/2017  10:04:17  PAGE 1


BL51 BANKED LINKER/LOCATER V6.00, INVOKED BY:
C:\KEIL_V5\C51\BIN\BL51.EXE .\absTask.obj, .\setup.obj, .\mode.obj, .\FILTER.obj, .\PID.obj, .\DataScope_DP.obj, .\Conf_
>> tny.obj, .\BUTTON.obj, .\LCD5510_V2.obj, .\LED.obj, .\MOTOR.obj, .\SERVO.obj, .\STEP_MOTOR.obj, .\ANGLE.obj, .\74HC59
>> 5.obj, .\fixedPulser.obj, .\MT_1_L298N.obj, .\MPU9250.obj, .\MPU9250_SBUF.obj, .\RELAY.obj, .\TM1638.obj, .\ADS1115.o
>> bj, .\ADC.obj, .\delay.obj, .\stc15_eeprom.obj, .\stc15_exti.obj, .\GPIO.obj, .\stc15_iic.obj, .\PCA.obj, .\stc15_pwm
>> .obj, .\stc15_spi.obj, .\timer.obj, .\USART1.obj TO 电子大赛程序框架 RTX51TINY RAMSIZE (256)


MEMORY MODEL: LARGE WITH FLOATING POINT ARITHMETIC


INPUT MODULES INCLUDED:
  .\absTask.obj (ABSTASK)
  .\setup.obj (SETUP)
  .\mode.obj (MODE)
  .\FILTER.obj (FILTER)
  .\PID.obj (PID)
  .\DataScope_DP.obj (DATASCOPE_DP)
  .\Conf_tny.obj (?RTX51_TINY_KERNAL)
  .\BUTTON.obj (BUTTON)
  .\LCD5510_V2.obj (LCD5510_V2)
  .\LED.obj (LED)
  .\MOTOR.obj (MOTOR)
  .\SERVO.obj (SERVO)
  .\STEP_MOTOR.obj (STEP_MOTOR)
  .\ANGLE.obj (ANGLE)
  .\74HC595.obj (74HC595)
  .\fixedPulser.obj (FIXEDPULSER)
  .\MT_1_L298N.obj (MT_1_L298N)
  .\MPU9250.obj (MPU9250)
  .\MPU9250_SBUF.obj (MPU9250_SBUF)
  .\RELAY.obj (RELAY)
  .\TM1638.obj (TM1638)
  .\ADS1115.obj (ADS1115)
  .\ADC.obj (ADC)
  .\delay.obj (DELAY)
  .\stc15_eeprom.obj (STC15_EEPROM)
  .\stc15_exti.obj (STC15_EXTI)
  .\GPIO.obj (GPIO)
  .\stc15_iic.obj (STC15_IIC)
  .\PCA.obj (PCA)
  .\stc15_pwm.obj (STC15_PWM)
  .\stc15_spi.obj (STC15_SPI)
  .\timer.obj (TIMER)
  .\USART1.obj (USART1)
  C:\KEIL_V5\C51\LIB\RTX51TNY.LIB (?RTX51_TINY_OS_CREATE)
  C:\KEIL_V5\C51\LIB\RTX51TNY.LIB (?RTX51_TINY_OS_DELETE)
  C:\KEIL_V5\C51\LIB\RTX51TNY.LIB (?RTX51_TINY_OS_WAIT)
  C:\KEIL_V5\C51\LIB\C51FPL.LIB (?C?FPADD)
  C:\KEIL_V5\C51\LIB\C51FPL.LIB (?C?FPMUL)
  C:\KEIL_V5\C51\LIB\C51FPL.LIB (?C?FPDIV)
  C:\KEIL_V5\C51\LIB\C51FPL.LIB (?C?FPCMP)
  C:\KEIL_V5\C51\LIB\C51FPL.LIB (?C?FCAST)
  C:\KEIL_V5\C51\LIB\C51FPL.LIB (?C?CASTF)
  C:\KEIL_V5\C51\LIB\C51FPL.LIB (PRINTF)
  C:\KEIL_V5\C51\LIB\C51FPL.LIB (?C?FPGETOPN)
  C:\KEIL_V5\C51\LIB\C51FPL.LIB (?C?FPROUND)
  C:\KEIL_V5\C51\LIB\C51FPL.LIB (?C?FPCONVERT)
BL51 BANKED LINKER/LOCATER V6.00                                                      08/03/2017  10:04:17  PAGE 2


  C:\KEIL_V5\C51\LIB\C51FPL.LIB (?C?FTNPWR)
  C:\KEIL_V5\C51\LIB\C51L.LIB (?C_STARTUP)
  C:\KEIL_V5\C51\LIB\C51L.LIB (?C?COPY)
  C:\KEIL_V5\C51\LIB\C51L.LIB (?C?CLDPTR)
  C:\KEIL_V5\C51\LIB\C51L.LIB (?C?CLDOPTR)
  C:\KEIL_V5\C51\LIB\C51L.LIB (?C?CSTPTR)
  C:\KEIL_V5\C51\LIB\C51L.LIB (?C?CSTOPTR)
  C:\KEIL_V5\C51\LIB\C51L.LIB (?C?IMUL)
  C:\KEIL_V5\C51\LIB\C51L.LIB (?C?UIDIV)
  C:\KEIL_V5\C51\LIB\C51L.LIB (?C?SIDIV)
  C:\KEIL_V5\C51\LIB\C51L.LIB (?C?IILDX)
  C:\KEIL_V5\C51\LIB\C51L.LIB (?C?ILDIX)
  C:\KEIL_V5\C51\LIB\C51L.LIB (?C?ILDOPTR)
  C:\KEIL_V5\C51\LIB\C51L.LIB (?C?LMUL)
  C:\KEIL_V5\C51\LIB\C51L.LIB (?C?ULDIV)
  C:\KEIL_V5\C51\LIB\C51L.LIB (?C?SLDIV)
  C:\KEIL_V5\C51\LIB\C51L.LIB (?C?LNEG)
  C:\KEIL_V5\C51\LIB\C51L.LIB (?C?ULCMP)
  C:\KEIL_V5\C51\LIB\C51L.LIB (?C?ULSHR)
  C:\KEIL_V5\C51\LIB\C51L.LIB (?C?LLDOPTR0)
  C:\KEIL_V5\C51\LIB\C51L.LIB (?C?LSTXDATA)
  C:\KEIL_V5\C51\LIB\C51L.LIB (?C?LSTKXDATA)
  C:\KEIL_V5\C51\LIB\C51L.LIB (?C?OFFXADD)
  C:\KEIL_V5\C51\LIB\C51L.LIB (?C?PLDIXDATA)
  C:\KEIL_V5\C51\LIB\C51L.LIB (?C?PSTXDATA)
  C:\KEIL_V5\C51\LIB\C51L.LIB (?C?CCASE)
  C:\KEIL_V5\C51\LIB\C51L.LIB (?C?ICALL)
  C:\KEIL_V5\C51\LIB\C51L.LIB (PUTCHAR)
  C:\KEIL_V5\C51\LIB\C51L.LIB (ABS)
  C:\KEIL_V5\C51\LIB\C51L.LIB (?C_INIT)
  C:\KEIL_V5\C51\LIB\C51L.LIB (?C?LLDIDATA0)
  C:\KEIL_V5\C51\LIB\C51L.LIB (?C?LLDXDATA0)
  C:\KEIL_V5\C51\LIB\C51L.LIB (?C?LLDPDATA0)
  C:\KEIL_V5\C51\LIB\C51L.LIB (?C?LLDCODE0)


TASK TABLE OF MODULE:  电子大赛程序框架 (ABSTASK)

TASKID   PRIORITY   REG-BANK   SEGMENT NAME
-------------------------------------------
0        0          0          ?PR?TASKSTART?ABSTASK
1        0          0          ?PR?PRINTANGLEDATA?ABSTASK
2        0          0          ?PR?DATAUPDATE?ABSTASK
3        0          0          ?PR?PRINTADS1115?ABSTASK



LINK MAP OF MODULE:  电子大赛程序框架 (ABSTASK)


            TYPE    BASE      LENGTH    RELOCATION   SEGMENT NAME
            -----------------------------------------------------

            * * * * * * *   D A T A   M E M O R Y   * * * * * * *
            REG     0000H     0008H     ABSOLUTE     "REG BANK 0"
            DATA    0008H     0005H     ABSOLUTE     
            DATA    000DH     0008H     UNIT         ?DT?TM1638
BL51 BANKED LINKER/LOCATER V6.00                                                      08/03/2017  10:04:17  PAGE 3


            DATA    0015H     0005H     UNIT         _DATA_GROUP_
            IDATA   001AH     0004H     UNIT         ?RTX?TASKSP?S
                    001EH     0002H                  *** GAP ***
            BIT     0020H.0   0001H.2   UNIT         _BIT_GROUP_
            BIT     0021H.2   0000H.3   UNIT         ?BI?PCA
            BIT     0021H.5   0000H.2   UNIT         ?BI?FIXEDPULSER
            BIT     0021H.7   0000H.1   UNIT         ?BI?LED
            BIT     0022H.0   0000H.1   UNIT         ?BI?_SETSTEPMOTORDIVERSION?STEP_MOTOR
            BIT     0022H.1   0000H.1   UNIT         ?BI?GETANGLE?ANGLE
            BIT     0022H.2   0000H.1   UNIT         ?BI?_SETPINSTATE?GPIO
                    0022H.3   0000H.5                *** GAP ***
            IDATA   0023H     0040H     UNIT         ?ID?STC15_SPI
            IDATA   0063H     0008H     UNIT         ?RTX?TASKSTATE?S
            IDATA   006BH     0001H     UNIT         ?STACK

            * * * * * * *  X D A T A   M E M O R Y  * * * * * * *
            XDATA   0000H     0290H     UNIT         ?XD?USART1
            XDATA   0290H     00A3H     UNIT         ?XD?MPU9250_SBUF
            XDATA   0333H     0096H     UNIT         _XDATA_GROUP_
            XDATA   03C9H     0082H     UNIT         ?XD?PID
            XDATA   044BH     004AH     UNIT         ?XD?SERVO
            XDATA   0495H     003CH     UNIT         ?XD?STC15_PWM
            XDATA   04D1H     002AH     UNIT         ?XD?DATASCOPE_DP
            XDATA   04FBH     0028H     UNIT         ?XD?_KALMANFILTER?FILTER
            XDATA   0523H     0021H     UNIT         ?XD?_INIT_STR_MOTOR?SERVO
            XDATA   0544H     001CH     UNIT         ?XD?STEP_MOTOR
            XDATA   0560H     0018H     UNIT         ?XD?FIXEDPULSER
            XDATA   0578H     0018H     UNIT         ?XD?MPU9250
            XDATA   0590H     0016H     UNIT         ?XD?TIMER
            XDATA   05A6H     0015H     UNIT         ?XD?GETANGLE?ANGLE
            XDATA   05BBH     0015H     UNIT         ?XD?PCA
            XDATA   05D0H     0013H     UNIT         ?XD?_TM1638LEDDISPLAY?TM1638
            XDATA   05E3H     0012H     UNIT         ?XD?DC_MOTOR_CONFIG?MOTOR
            XDATA   05F5H     0010H     UNIT         ?XD?_FILTER?FILTER
            XDATA   0605H     0010H     UNIT         ?XD?BUTTON
            XDATA   0615H     000FH     UNIT         ?XD?_LCD_PRINTNUM_F?LCD5510_V2
            XDATA   0624H     000EH     UNIT         ?XD?_STEPMOTOR_INIT?STEP_MOTOR
            XDATA   0632H     000DH     UNIT         ?XD?_PID_CONFIG?PID
            XDATA   063FH     000BH     UNIT         ?XD?_SETPULSE?FIXEDPULSER
            XDATA   064AH     0009H     UNIT         ?XD?_SET_STR_ANGLE?SERVO
            XDATA   0653H     0008H     UNIT         ?XD?FILTER
            XDATA   065BH     0008H     UNIT         ?XD?ANGLE
            XDATA   0663H     0007H     UNIT         ?XD?_SETSTEPMOTORWITHPULSE?STEP_MOTOR
            XDATA   066AH     0007H     UNIT         ?XD?_SETSTEPMOTORWITHDISTANCE?STEP_MOTOR
            XDATA   0671H     0007H     UNIT         ?XD?_SETSTEPMOTORWITHANGLE?STEP_MOTOR
            XDATA   0678H     0007H     UNIT         ?XD?_EEPROM_READ_N?STC15_EEPROM
            XDATA   067FH     0007H     UNIT         ?XD?_EEPROM_WRITE_N?STC15_EEPROM
            XDATA   0686H     0006H     UNIT         ?XD?GETBUTTONNUM?TM1638
            XDATA   068CH     0006H     UNIT         ?XD?_IIC_WRDATTOADD?STC15_IIC
            XDATA   0692H     0006H     UNIT         ?XD?_IIC_RDDATFROMADD?STC15_IIC
            XDATA   0698H     0005H     UNIT         ?XD?_SETPARAMETERINFERIORLIMIT?PID
            XDATA   069DH     0005H     UNIT         ?XD?_SETPARAMETERUPPERLIMIT?PID
            XDATA   06A2H     0005H     UNIT         ?XD?_SETACTUALPARAMETER?PID
            XDATA   06A7H     0005H     UNIT         ?XD?_SETKI?PID
            XDATA   06ACH     0005H     UNIT         ?XD?_SETKP?PID
            XDATA   06B1H     0005H     UNIT         ?XD?_SETKD?PID
            XDATA   06B6H     0005H     UNIT         ?XD?_SETPARAMETER?PID
BL51 BANKED LINKER/LOCATER V6.00                                                      08/03/2017  10:04:17  PAGE 4


            XDATA   06BBH     0005H     UNIT         ?XD?_SETMAXERROR?PID
            XDATA   06C0H     0005H     UNIT         ?XD?_LCD_PRINTS?LCD5510_V2
            XDATA   06C5H     0005H     UNIT         ?XD?_SETDC_MOTORSPEED?MOTOR
            XDATA   06CAH     0005H     UNIT         ?XD?_SET_PWM_DUTY?STC15_PWM
            XDATA   06CFH     0004H     UNIT         ?XD?MOTOR
            XDATA   06D3H     0004H     UNIT         ?XD?_HC595_INIT?74HC595
            XDATA   06D7H     0004H     UNIT         ?XD?_I2C_MAG_WRITE?MPU9250
            XDATA   06DBH     0004H     UNIT         ?XD?STC15_SPI
            XDATA   06DFH     0003H     UNIT         ?XD?_INTEGRAL_SEPARA_PID?PID
            XDATA   06E2H     0003H     UNIT         ?XD?_ANTI_WINDUP_PID?PID
            XDATA   06E5H     0003H     UNIT         ?XD?_TRAPEZOIDAL_INTEGRAL_PID?PID
            XDATA   06E8H     0003H     UNIT         ?XD?READ_MPU9250_MAG?MPU9250
            XDATA   06EBH     0003H     UNIT         ?XD?_I2C_MAG_READ?MPU9250
            XDATA   06EEH     0003H     UNIT         ?XD?RELAY
            XDATA   06F1H     0003H     UNIT         ?XD?_PCA_INIT?PCA
            XDATA   06F4H     0003H     UNIT         ?XD?_PWMOUTPUT?PCA
            XDATA   06F7H     0002H     UNIT         ?XD?BUTTONSCAN?BUTTON
            XDATA   06F9H     0002H     UNIT         ?XD?_SETSTEPMOTORWITHROUND?STEP_MOTOR
            XDATA   06FBH     0002H     UNIT         ?XD?PULSERINIT?FIXEDPULSER
            XDATA   06FDH     0002H     UNIT         ?XD?_MPU9250_WRITE_REG?MPU9250
            XDATA   06FFH     0002H     UNIT         ?XD?_SETTM1638WRITE?TM1638
            XDATA   0701H     0002H     UNIT         ?XD?GETTM1638READ?TM1638
            XDATA   0703H     0002H     UNIT         ?XD?_SET_PWM_PERIOD?STC15_PWM
            XDATA   0705H     0002H     UNIT         ?XD?_PWM_INILIZE?STC15_PWM
            XDATA   0707H     0001H     UNIT         ?XD?_POSITION_PID?PID
            XDATA   0708H     0001H     UNIT         ?XD?_INCREMENTAL_PID?PID
            XDATA   0709H     0001H     UNIT         ?XD?_POSCLASSPID?PID
            XDATA   070AH     0001H     UNIT         ?XD?_BOARD_LED_PWM?LED
            XDATA   070BH     0001H     UNIT         ?XD?_OPEN_DC_MOTOR?MOTOR
            XDATA   070CH     0001H     UNIT         ?XD?_CLOSE_DC_MOTOR?MOTOR
            XDATA   070DH     0001H     UNIT         ?XD?_OPEN_STR?SERVO
            XDATA   070EH     0001H     UNIT         ?XD?_CLOSE_STR?SERVO
            XDATA   070FH     0001H     UNIT         ?XD?_CLOSE_STEPMOTOR?STEP_MOTOR
            XDATA   0710H     0001H     UNIT         ?XD?_HC595SENDDATA?74HC595
            XDATA   0711H     0001H     UNIT         ?XD?_SPI1_READWRITEBYTE?MPU9250
            XDATA   0712H     0001H     UNIT         ?XD?_SETTM1638COM?TM1638
            XDATA   0713H     0001H     UNIT         ?XD?INIT_TM1638?TM1638

            * * * * * * *   C O D E   M E M O R Y   * * * * * * *
            CODE    0000H     0003H     ABSOLUTE     
            CODE    0003H     0003H     ABSOLUTE     
                    0006H     0005H                  *** GAP ***
            CODE    000BH     0003H     ABSOLUTE     
                    000EH     0005H                  *** GAP ***
            CODE    0013H     0003H     ABSOLUTE     
                    0016H     000DH                  *** GAP ***
            CODE    0023H     0003H     ABSOLUTE     
                    0026H     0005H                  *** GAP ***
            CODE    002BH     0003H     ABSOLUTE     
                    002EH     000DH                  *** GAP ***
            CODE    003BH     0003H     ABSOLUTE     
                    003EH     0005H                  *** GAP ***
            CODE    0043H     0003H     ABSOLUTE     
                    0046H     0005H                  *** GAP ***
            CODE    004BH     0003H     ABSOLUTE     
                    004EH     0005H                  *** GAP ***
            CODE    0053H     0003H     ABSOLUTE     
BL51 BANKED LINKER/LOCATER V6.00                                                      08/03/2017  10:04:17  PAGE 5


                    0056H     0005H                  *** GAP ***
            CODE    005BH     0003H     ABSOLUTE     
                    005EH     0005H                  *** GAP ***
            CODE    0063H     0003H     ABSOLUTE     
                    0066H     001DH                  *** GAP ***
            CODE    0083H     0003H     ABSOLUTE     
                    0086H     0005H                  *** GAP ***
            CODE    008BH     0003H     ABSOLUTE     
                    008EH     0005H                  *** GAP ***
            CODE    0093H     0003H     ABSOLUTE     
                    0096H     0005H                  *** GAP ***
            CODE    009BH     0003H     ABSOLUTE     
                    009EH     0005H                  *** GAP ***
            CODE    00A3H     0003H     ABSOLUTE     
                    00A6H     075AH                  *** GAP ***
            CODE    0800H     0A37H     UNIT         ?C?LIB_CODE
            CODE    1237H     06E0H     UNIT         ?PR?_USART_CONFIGURATION?USART1
            CODE    1917H     049AH     UNIT         ?PR?_COPESERIALDATA?MPU9250_SBUF
            CODE    1DB1H     0483H     UNIT         ?PR?PRINTF?PRINTF
            CODE    2234H     03E1H     UNIT         ?PR?_TRAPEZOIDAL_INTEGRAL_PID?PID
            CODE    2615H     03D8H     UNIT         ?PR?_ANTI_WINDUP_PID?PID
            CODE    29EDH     039AH     UNIT         ?PR?_PWM_INILIZE?STC15_PWM
            CODE    2D87H     0393H     UNIT         ?PR?_TM1638LEDDISPLAY?TM1638
            CODE    311AH     0288H     UNIT         ?RTX?CODE
            CODE    33A2H     026AH     UNIT         ?CO?LCD5510_V2
            CODE    360CH     0252H     UNIT         ?PR?_TIMER_INILIZE?TIMER
            CODE    385EH     0246H     UNIT         ?PR?_INTEGRAL_SEPARA_PID?PID
            CODE    3AA4H     01DCH     UNIT         ?PR?_POSITION_PID?PID
            CODE    3C80H     01D4H     UNIT         ?PR?_INIT_STR_MOTOR?SERVO
            CODE    3E54H     01C4H     UNIT         ?PR?_GPIO_INILIZE?GPIO
            CODE    4018H     01A0H     UNIT         ?PR?_INCREMENTAL_PID?PID
            CODE    41B8H     019FH     UNIT         ?PR?_PCA_INIT?PCA
            CODE    4357H     0152H     UNIT         ?PR?_KALMANFILTER?FILTER
            CODE    44A9H     0146H     UNIT         ?PR?_PID_CONFIG?PID
            CODE    45EFH     013DH     UNIT         ?PR?_PWMOUTPUT?PCA
            CODE    472CH     013BH     UNIT         ?PR?GETBUTTONNUM?TM1638
            CODE    4867H     0136H     UNIT         ?PR?_FILTER?FILTER
            CODE    499DH     0134H     UNIT         ?PR?_DATASCOPE_GET_CHANNEL_DATA?DATASCOPE_DP
            CODE    4AD1H     012DH     UNIT         ?PR?READ_MPU9250_MAG?MPU9250
            CODE    4BFEH     0116H     UNIT         ?PR?_SET_STR_ANGLE?SERVO
            CODE    4D14H     00ECH     UNIT         ?PR?_SETPULSE?FIXEDPULSER
            CODE    4E00H     00E4H     UNIT         ?PR?_SET_PWM_DUTY?STC15_PWM
            CODE    4EE4H     00C7H     UNIT         ?PR?_SETSTEPMOTORWITHDISTANCE?STEP_MOTOR
            CODE    4FABH     00C1H     UNIT         ?PR?READ_MPU9250_GYRO?MPU9250
            CODE    506CH     00B6H     UNIT         ?PR?_EXT_INILIZE?STC15_EXTI
            CODE    5122H     00AFH     UNIT         ?PR?UART1_INT?USART1
            CODE    51D1H     00AEH     UNIT         ?PR?_PWMN_UPDATE?PCA
            CODE    527FH     00AAH     UNIT         ?PR?_FLOAT2BYTE?DATASCOPE_DP
            CODE    5329H     00A9H     UNIT         ?C_INITSEG
            CODE    53D2H     00A5H     UNIT         ?PR?_DATASCOPE_DATA_GENERATE?DATASCOPE_DP
            CODE    5477H     00A3H     UNIT         ?PR?PCA_HANDLER?PCA
            CODE    551AH     009FH     UNIT         ?PR?_STEPMOTOR_INIT?STEP_MOTOR
            CODE    55B9H     009AH     UNIT         ?PR?READ_MPU9250_ACCEL?MPU9250
            CODE    5653H     009AH     UNIT         ?PR?_PWM_SET_T12_PERIOD?STC15_PWM
            CODE    56EDH     0093H     UNIT         ?PR?_CHARTOLONG?MPU9250_SBUF
            CODE    5780H     0092H     UNIT         ?PR?_SETDC_MOTORSPEED?MOTOR
            CODE    5812H     0091H     UNIT         ?PR?_SPI_INIT?STC15_SPI
BL51 BANKED LINKER/LOCATER V6.00                                                      08/03/2017  10:04:17  PAGE 6


            CODE    58A3H     008CH     UNIT         ?C_C51STARTUP
            CODE    592FH     0085H     UNIT         ?PR?UART2_INT?USART1
            CODE    59B4H     0085H     UNIT         ?PR?UART3_INT?USART1
            CODE    5A39H     0085H     UNIT         ?PR?UART4_INT?USART1
            CODE    5ABEH     007BH     UNIT         ?PR?PULSER_1INT?FIXEDPULSER
            CODE    5B39H     007BH     UNIT         ?PR?PULSER_2INT?FIXEDPULSER
            CODE    5BB4H     007AH     UNIT         ?PR?GETANGLE?ANGLE
            CODE    5C2EH     006BH     UNIT         ?PR?DC_MOTOR_CONFIG?MOTOR
            CODE    5C99H     0065H     UNIT         ?PR?_SETSTEPMOTORWITHANGLE?STEP_MOTOR
            CODE    5CFEH     0061H     UNIT         ?PR?_SET_PWM_PERIOD?STC15_PWM
            CODE    5D5FH     0061H     UNIT         ?PR?TIMERINIT?TIMER
            CODE    5DC0H     005EH     UNIT         ?PR?_GET_ADC10BITRESULT?ADC
            CODE    5E1EH     005BH     UNIT         ?PR?DATAUPDATE?ABSTASK
            CODE    5E79H     005BH     UNIT         ?PR?INIT_MPU9250?MPU9250
            CODE    5ED4H     0055H     UNIT         ?PR?SPI_TRANSIVION?STC15_SPI
            CODE    5F29H     0053H     UNIT         ?PR?_ADC_INILIZE?ADC
            CODE    5F7CH     0053H     UNIT         ?PR?_IIC_RDDATFROMADD?STC15_IIC
            CODE    5FCFH     004BH     UNIT         ?PR?_LCD_PRINTSL?LCD5510_V2
            CODE    601AH     004AH     UNIT         ?PR?_GETJY901ACCELERATION?MPU9250_SBUF
            CODE    6064H     004AH     UNIT         ?PR?_GETJY901PALSTANCE?MPU9250_SBUF
            CODE    60AEH     0048H     UNIT         ?PR?TIMER4_INT?TIMER
            CODE    60F6H     0047H     UNIT         ?PR?GETTM1638READ?TM1638
            CODE    613DH     0045H     UNIT         ?PR?_POSCLASSPID?PID
            CODE    6182H     0044H     UNIT         ?PR?_LCD_PRINTNUM_F?LCD5510_V2
            CODE    61C6H     0044H     UNIT         ?C?LDIV
            CODE    620AH     0043H     UNIT         ?PR?LCD5510_INIT?LCD5510_V2
            CODE    624DH     0040H     UNIT         ?PR?PRINTANGLEDATA?ABSTASK
            CODE    628DH     003FH     UNIT         ?PR?_EEPROM_READ_N?STC15_EEPROM
            CODE    62CCH     003FH     UNIT         ?PR?_EEPROM_WRITE_N?STC15_EEPROM
            CODE    630BH     003DH     UNIT         ?PR?_LCD_PRINTC?LCD5510_V2
            CODE    6348H     003DH     UNIT         ?PR?_I2C_MAG_READ?MPU9250
            CODE    6385H     003CH     UNIT         ?PR?_SETTM1638WRITE?TM1638
            CODE    63C1H     003BH     UNIT         ?PR?_LCD_PRINTS?LCD5510_V2
            CODE    63FCH     003BH     UNIT         ?PR?_INITJY901?MPU9250_SBUF
            CODE    6437H     003AH     UNIT         ?PR?_LCD_PRINTNUM_I?LCD5510_V2
            CODE    6471H     003AH     UNIT         ?PR?_I2C_MAG_WRITE?MPU9250
            CODE    64ABH     0039H     UNIT         ?PR?_SETSTEPMOTORWITHROUND?STEP_MOTOR
            CODE    64E4H     0038H     UNIT         ?PR?BUTTONSCAN?BUTTON
            CODE    651CH     0036H     UNIT         ?PR?_GETJY901MAGNETIC?MPU9250_SBUF
            CODE    6552H     0036H     UNIT         ?PR?_IIC_WRDATTOADD?STC15_IIC
            CODE    6588H     0035H     UNIT         ?PR?_UART1_INIT?SETUP
            CODE    65BDH     0033H     UNIT         ?PR?SETUP?SETUP
            CODE    65F0H     0033H     UNIT         ?PR?READCONVERSIONREGISTER?ADS1115
            CODE    6623H     0032H     UNIT         ?PR?_GETJY901ANGLE?MPU9250_SBUF
            CODE    6655H     0031H     UNIT         ?PR?_SENDSCOPEDATA?DATASCOPE_DP
            CODE    6686H     002FH     UNIT         ?PR?INIT_TM1638?TM1638
            CODE    66B5H     002EH     UNIT         ?PR?_DELAY_US?DELAY
            CODE    66E3H     002DH     UNIT         ?PR?PULSERINIT?FIXEDPULSER
            CODE    6710H     0029H     UNIT         ?PR?_SETTIMEOUT?TIMER
            CODE    6739H     0028H     UNIT         ?PR?BOARD_LED_INIT?LED
            CODE    6761H     0028H     UNIT         ?PR?_OPEN_PWM_N?STC15_PWM
            CODE    6789H     0028H     UNIT         ?PR?_TX2_WRITE2BUFF?USART1
            CODE    67B1H     0028H     UNIT         ?PR?_TX3_WRITE2BUFF?USART1
            CODE    67D9H     0028H     UNIT         ?PR?_TX4_WRITE2BUFF?USART1
            CODE    6801H     0027H     UNIT         ?PR?IIC_RDACK?STC15_IIC
            CODE    6828H     0027H     UNIT         ?PR?SPI_TRIGTX?STC15_SPI
            CODE    684FH     0027H     UNIT         ?PR?_TX1_WRITE2BUFF?USART1
BL51 BANKED LINKER/LOCATER V6.00                                                      08/03/2017  10:04:17  PAGE 7


            CODE    6876H     0027H     UNIT         ?PR?PUTCHAR?PUTCHAR
            CODE    689DH     0026H     UNIT         ?PR?WRITECONFIGREGISTER?ADS1115
            CODE    68C3H     0026H     UNIT         ?PR?_INPUTONEBYTE?STC15_IIC
            CODE    68E9H     0025H     UNIT         ?PR?PRINTADS1115?ABSTASK
            CODE    690EH     0025H     UNIT         ?PR?_SETSTEPMOTORWITHPULSE?STEP_MOTOR
            CODE    6933H     0025H     UNIT         ?PR?_CLOSE_PWM_N?STC15_PWM
            CODE    6958H     0024H     UNIT         ?PR?OUTPUTONEBYTE?STC15_IIC
            CODE    697CH     0024H     UNIT         ?PR?SPI_SPI_READBYTETORXBUF?STC15_SPI
            CODE    69A0H     0022H     UNIT         ?PR?_BLINK?LED
            CODE    69C2H     0021H     UNIT         ?PR?_SETPARAMETERINFERIORLIMIT?PID
            CODE    69E3H     0021H     UNIT         ?PR?_SETPARAMETERUPPERLIMIT?PID
            CODE    6A04H     0021H     UNIT         ?PR?_SETACTUALPARAMETER?PID
            CODE    6A25H     0021H     UNIT         ?PR?_SETKI?PID
            CODE    6A46H     0021H     UNIT         ?PR?_SETKP?PID
            CODE    6A67H     0021H     UNIT         ?PR?_SETKD?PID
            CODE    6A88H     0021H     UNIT         ?PR?_SETPARAMETER?PID
            CODE    6AA9H     0021H     UNIT         ?PR?_SETMAXERROR?PID
            CODE    6ACAH     0021H     UNIT         ?PR?LCD_CLR_SCR?LCD5510_V2
            CODE    6AEBH     0020H     UNIT         ?CO?SETUP
            CODE    6B0BH     0020H     UNIT         ?PR?_LCD_WRITE_BYTE?LCD5510_V2
            CODE    6B2BH     0020H     UNIT         ?PR?_OPEN_STR?SERVO
            CODE    6B4BH     0020H     UNIT         ?PR?_EEPROM_SECTORERASE?STC15_EEPROM
            CODE    6B6BH     001FH     UNIT         ?PR?_CLOSE_STR?SERVO
            CODE    6B8AH     001FH     UNIT         ?PR?_SETTM1638COM?TM1638
            CODE    6BA9H     001FH     UNIT         ?PR?_PWM_SET_PERIOD?STC15_PWM
            CODE    6BC8H     001FH     UNIT         ?PR?_SPI_WRITENBYTETOTXBUF?STC15_SPI
            CODE    6BE7H     001FH     UNIT         ?PR?_ISACTIVETIMER?TIMER
            CODE    6C06H     001FH     UNIT         ?PR?_ISEXPIREDTIMER?TIMER
            CODE    6C25H     001EH     UNIT         ?PR?_OPEN_DC_MOTOR?MOTOR
            CODE    6C43H     001EH     UNIT         ?PR?_OPENPULSER?FIXEDPULSER
            CODE    6C61H     001DH     UNIT         ?PR?_CLOSE_DC_MOTOR?MOTOR
            CODE    6C7EH     001DH     UNIT         ?PR?_CLOSE_STEPMOTOR?STEP_MOTOR
            CODE    6C9BH     001DH     UNIT         ?PR?_CLOSEPULSER?FIXEDPULSER
            CODE    6CB8H     001DH     UNIT         ?PR?_ISSTOPPED?TIMER
            CODE    6CD5H     001CH     UNIT         ?PR?_FREESTEPMOTOR?STEP_MOTOR
            CODE    6CF1H     001CH     UNIT         ?PR?_LOCKSTEPMOTOR?STEP_MOTOR
            CODE    6D0DH     001CH     UNIT         ?PR?_ADC_CONFIG?ANGLE
            CODE    6D29H     001CH     UNIT         ?PR?_SETTIMERHERTZ?TIMER
            CODE    6D45H     001BH     UNIT         ?PR?_GETBUTTONSTATE?BUTTON
            CODE    6D60H     001BH     UNIT         ?PR?_SETSTEPMOTORDIVERSION?STEP_MOTOR
            CODE    6D7BH     001BH     UNIT         ?PR?_MPU9250_WRITE_REG?MPU9250
            CODE    6D96H     001BH     UNIT         ?PR?_SPI_SPI_READTHENBYTETORXBUF?STC15_SPI
            CODE    6DB1H     001AH     UNIT         ?PR?_GETPARAMETER?PID
            CODE    6DCBH     001AH     UNIT         ?PR?_GETERR?PID
            CODE    6DE5H     001AH     UNIT         ?PR?_GETERRLAST?PID
            CODE    6DFFH     001AH     UNIT         ?PR?_GETKP?PID
            CODE    6E19H     001AH     UNIT         ?PR?_GETKI?PID
            CODE    6E33H     001AH     UNIT         ?PR?_GETKD?PID
            CODE    6E4DH     001AH     UNIT         ?PR?_GETOUTPUT?PID
            CODE    6E67H     001AH     UNIT         ?PR?_GETINTEGRAL?PID
            CODE    6E81H     001AH     UNIT         ?PR?_READ_STR_ANGLE?SERVO
            CODE    6E9BH     001AH     UNIT         ?PR?_ADS1115_CONFIG?ADS1115
            CODE    6EB5H     001AH     UNIT         ?PR?_GET_PWM_PERIOD?STC15_PWM
            CODE    6ECFH     001AH     UNIT         ?PR?_GET_PWM_N_DUTY?STC15_PWM
            CODE    6EE9H     001AH     UNIT         ?PR?_GETTIMEROUT?TIMER
            CODE    6F03H     001AH     UNIT         ?PR?_GETTIMERHERTZ?TIMER
            CODE    6F1DH     0019H     UNIT         ?PR?_INCCLASSPID?PID
BL51 BANKED LINKER/LOCATER V6.00                                                      08/03/2017  10:04:17  PAGE 8


            CODE    6F36H     0019H     UNIT         ?PR?_HC595_INIT?74HC595
            CODE    6F4FH     0019H     UNIT         ?PR?_IIC_WRDEVADDANDDATADD?STC15_IIC
            CODE    6F68H     0017H     UNIT         ?PR?_PRINTSTRING1?USART1
            CODE    6F7FH     0016H     UNIT         ?CO?TM1638
            CODE    6F95H     0016H     UNIT         ?PR?CHANGEREGISTER?ADS1115
            CODE    6FABH     0015H     UNIT         ?PR?_RESTARTTIMER?TIMER
            CODE    6FC0H     0014H     UNIT         ?PR?BUTTON_CONFIG?BUTTON
            CODE    6FD4H     0014H     UNIT         ?PR?_LCD_POS_BYTE?LCD5510_V2
            CODE    6FE8H     0014H     UNIT         ?PR?_SPI_WRITEBYTETOTXBUF?STC15_SPI
            CODE    6FFCH     0013H     UNIT         ?PR?_LCD_CLR_ROW?LCD5510_V2
            CODE    700FH     0013H     UNIT         ?PR?_OPEN_STEPMOTOR?STEP_MOTOR
            CODE    7022H     0013H     UNIT         ?PR?_PRINTSTRING2?USART1
            CODE    7035H     0013H     UNIT         ?PR?_PRINTSTRING3?USART1
            CODE    7048H     0013H     UNIT         ?PR?_PRINTSTRING4?USART1
            CODE    705BH     0012H     UNIT         ?PR?TASKSTART?ABSTASK
            CODE    706DH     0012H     UNIT         ?PR?_OPENPID?PID
            CODE    707FH     0012H     UNIT         ?PR?_GETPULSERSTATE?FIXEDPULSER
            CODE    7091H     0012H     UNIT         ?PR?_ENABLEJY901?MPU9250_SBUF
            CODE    70A3H     0012H     UNIT         ?PR?_OPENJY901SBUFMODE?MPU9250_SBUF
            CODE    70B5H     0012H     UNIT         ?PR?_GET_PWM_N_STATE?STC15_PWM
            CODE    70C7H     0011H     UNIT         ?PR?_CLOSEPID?PID
            CODE    70D8H     0011H     UNIT         ?PR?_GETSTEPMOTORSTATE?STEP_MOTOR
            CODE    70E9H     0011H     UNIT         ?PR?_HC595SENDDATA?74HC595
            CODE    70FAH     0011H     UNIT         ?PR?_DISABLEJY901?MPU9250_SBUF
            CODE    710BH     0011H     UNIT         ?PR?_CLOSEJY901SBUFMODE?MPU9250_SBUF
            CODE    711CH     0011H     UNIT         ?PR?_SETPWM_DIV?STC15_PWM
            CODE    712DH     0011H     UNIT         ?PR?_GETPWM_DIV?STC15_PWM
            CODE    713EH     0011H     UNIT         ?PR?_SETUART1INTERRUPT?USART1
            CODE    714FH     0010H     UNIT         ?PR?_GETDC_MOTORSTATE?MOTOR
            CODE    715FH     0010H     UNIT         ?PR?_DELAY_MS?DELAY
            CODE    716FH     000FH     UNIT         ?PR?_SETSTEPMOTORSTATE?STEP_MOTOR
            CODE    717EH     000FH     UNIT         ?PR?_SETRELAY?RELAY
            CODE    718DH     000FH     UNIT         ?PR?_GETADS1115CONVSIONDATA?ADS1115
            CODE    719CH     000EH     UNIT         ?PR?_UNSETRELAY?RELAY
            CODE    71AAH     000EH     UNIT         ?PR?DISABLEEEPROM?STC15_EEPROM
            CODE    71B8H     000EH     UNIT         ?PR?DELAY5US?STC15_IIC
            CODE    71C6H     000EH     UNIT         ?PR?_ONRESTARTTIMER?TIMER
            CODE    71D4H     000DH     UNIT         ?PR?_MPU9250_READ_REG?MPU9250
            CODE    71E1H     000DH     UNIT         ?PR?IIC_ACK?STC15_IIC
            CODE    71EEH     000DH     UNIT         ?PR?_STOPTIMER?TIMER
            CODE    71FBH     000CH     UNIT         ?PR?_ADC_POWERCONTROL?ADC
            CODE    7207H     000CH     UNIT         ?PR?_ABS?ABS
            CODE    7213H     000BH     UNIT         ?PR?_SPI_SETMODE?STC15_SPI
            CODE    721EH     000AH     UNIT         ?PR?IIC_START?STC15_IIC
            CODE    7228H     000AH     UNIT         ?PR?IIC_NACK?STC15_IIC
            CODE    7232H     000AH     UNIT         ?PR?OPEN_PWM_ALL?STC15_PWM
            CODE    723CH     000AH     UNIT         ?PR?CLOSE_PWM_ALL?STC15_PWM
            CODE    7246H     0009H     UNIT         ?PR?SETCARFORWARD?MT_1_L298N
            CODE    724FH     0009H     UNIT         ?PR?SETCARBACK?MT_1_L298N
            CODE    7258H     0009H     UNIT         ?PR?SETCARSTOP?MT_1_L298N
            CODE    7261H     0009H     UNIT         ?PR?SETCARRIGHTFORWARD?MT_1_L298N
            CODE    726AH     0009H     UNIT         ?PR?SETCARRIGHTBACK?MT_1_L298N
            CODE    7273H     0009H     UNIT         ?PR?SETCARRIGHTTURN?MT_1_L298N
            CODE    727CH     0009H     UNIT         ?PR?SETCARLEFTFORWARD?MT_1_L298N
            CODE    7285H     0009H     UNIT         ?PR?SETCARLEFTBACK?MT_1_L298N
            CODE    728EH     0009H     UNIT         ?PR?SETCARLEFTTURN?MT_1_L298N
            CODE    7297H     0009H     UNIT         ?PR?GETMICROS?TIMER
BL51 BANKED LINKER/LOCATER V6.00                                                      08/03/2017  10:04:17  PAGE 9


            CODE    72A0H     0009H     UNIT         ?PR?GETMILLIS?TIMER
            CODE    72A9H     0008H     UNIT         ?RTX?TASKENT?S
            CODE    72B1H     0006H     UNIT         ?PR?_BOARD_LED_PWM?LED
            CODE    72B7H     0006H     UNIT         ?PR?_SPI1_READWRITEBYTE?MPU9250
            CODE    72BDH     0006H     UNIT         ?PR?IIC_STOP?STC15_IIC
            CODE    72C3H     0006H     UNIT         ?PR?GETSECONDS?TIMER
            CODE    72C9H     0006H     UNIT         ?PR?GETMINUTES?TIMER
            CODE    72CFH     0006H     UNIT         ?PR?GETHOURS?TIMER
            CODE    72D5H     0006H     UNIT         ?PR?GETDAYS?TIMER
            CODE    72DBH     0005H     UNIT         ?PR?OPEN_BOARD_LED?LED
            CODE    72E0H     0005H     UNIT         ?PR?CLOSE_BOARD_LED?LED
            CODE    72E5H     0005H     UNIT         ?PR?CLOSETM1638DISPLAY?TM1638
            CODE    72EAH     0004H     UNIT         ?PR?ADC_INT?ADC
            CODE    72EEH     0003H     UNIT         ?PR?GETBOARD_LED_STATE?LED
            CODE    72F1H     0003H     UNIT         ?PR?_SETPINSTATE?GPIO
            CODE    72F4H     0001H     UNIT         ?PR?TEST?SETUP
            CODE    72F5H     0001H     UNIT         ?PR?MODE1?MODE
            CODE    72F6H     0001H     UNIT         ?PR?MODE2?MODE
            CODE    72F7H     0001H     UNIT         ?PR?MODE3?MODE
            CODE    72F8H     0001H     UNIT         ?PR?MODE4?MODE
            CODE    72F9H     0001H     UNIT         ?PR?MODELAUNCHER?MODE
            CODE    72FAH     0001H     UNIT         ?PR?SPI_INIT?MPU9250
            CODE    72FBH     0001H     UNIT         ?PR?RELAY_INIT?RELAY
            CODE    72FCH     0001H     UNIT         ?PR?EXT_INT0?STC15_EXTI
            CODE    72FDH     0001H     UNIT         ?PR?EXT_INT1?STC15_EXTI
            CODE    72FEH     0001H     UNIT         ?PR?EXT_INT2?STC15_EXTI
            CODE    72FFH     0001H     UNIT         ?PR?EXT_INT3?STC15_EXTI
            CODE    7300H     0001H     UNIT         ?PR?EXT_INT4?STC15_EXTI



OVERLAY MAP OF MODULE:   电子大赛程序框架 (ABSTASK)


SEGMENT                                             BIT_GROUP          DATA_GROUP          XDATA_GROUP
  +--> CALLED SEGMENT                            START    LENGTH     START    LENGTH     START    LENGTH
--------------------------------------------------------------------------------------------------------
?PR?TASKSTART?ABSTASK                            -----    -----      -----    -----      -----    -----
  +--> ?PR?SETUP?SETUP
  +--> ?PR?_BLINK?LED

?PR?SETUP?SETUP                                  -----    -----      -----    -----      -----    -----
  +--> ?PR?_UART1_INIT?SETUP
  +--> ?PR?TIMERINIT?TIMER
  +--> ?PR?BOARD_LED_INIT?LED
  +--> ?PR?LCD5510_INIT?LCD5510_V2
  +--> ?PR?BUTTON_CONFIG?BUTTON
  +--> ?PR?_INITJY901?MPU9250_SBUF
  +--> ?PR?_ENABLEJY901?MPU9250_SBUF
  +--> ?PR?_OPENJY901SBUFMODE?MPU9250_SBUF
  +--> ?PR?_ADC_CONFIG?ANGLE
  +--> ?PR?_ADS1115_CONFIG?ADS1115
  +--> ?PR?TEST?SETUP

?PR?_UART1_INIT?SETUP                            -----    -----      -----    -----      0333H    000DH
  +--> ?PR?_USART_CONFIGURATION?USART1
  +--> ?CO?SETUP
BL51 BANKED LINKER/LOCATER V6.00                                                      08/03/2017  10:04:17  PAGE 10


  +--> ?PR?_PRINTSTRING1?USART1

?PR?_USART_CONFIGURATION?USART1                  -----    -----      -----    -----      0340H    0009H

?PR?_PRINTSTRING1?USART1                         -----    -----      -----    -----      -----    -----
  +--> ?PR?_TX1_WRITE2BUFF?USART1

?PR?TIMERINIT?TIMER                              -----    -----      -----    -----      0333H    0019H
  +--> ?PR?_TIMER_INILIZE?TIMER

?PR?BOARD_LED_INIT?LED                           -----    -----      -----    -----      0333H    0002H
  +--> ?PR?_GPIO_INILIZE?GPIO
  +--> ?PR?OPEN_BOARD_LED?LED
  +--> ?PR?_DELAY_MS?DELAY
  +--> ?PR?CLOSE_BOARD_LED?LED

?PR?LCD5510_INIT?LCD5510_V2                      -----    -----      -----    -----      0333H    0002H
  +--> ?PR?_GPIO_INILIZE?GPIO
  +--> ?PR?_LCD_WRITE_BYTE?LCD5510_V2
  +--> ?PR?LCD_CLR_SCR?LCD5510_V2

?PR?LCD_CLR_SCR?LCD5510_V2                       -----    -----      -----    -----      -----    -----
  +--> ?PR?_LCD_WRITE_BYTE?LCD5510_V2

?PR?BUTTON_CONFIG?BUTTON                         -----    -----      -----    -----      0333H    0002H
  +--> ?PR?_GPIO_INILIZE?GPIO

?PR?_INITJY901?MPU9250_SBUF                      -----    -----      -----    -----      -----    -----
  +--> ?PR?_COPESERIALDATA?MPU9250_SBUF
  +--> ?PR?_SETUART1INTERRUPT?USART1

?PR?_COPESERIALDATA?MPU9250_SBUF                 -----    -----      -----    -----      0333H    002EH
  +--> ?PR?_CHARTOLONG?MPU9250_SBUF

?PR?_CHARTOLONG?MPU9250_SBUF                     -----    -----      -----    -----      0361H    0006H

?PR?_ADC_CONFIG?ANGLE                            -----    -----      -----    -----      0333H    0006H
  +--> ?PR?_ADC_INILIZE?ADC

?PR?_ADS1115_CONFIG?ADS1115                      -----    -----      -----    -----      0333H    0004H
  +--> ?PR?_GPIO_INILIZE?GPIO

?PR?_BLINK?LED                                   -----    -----      -----    -----      0333H    0001H
  +--> ?PR?OPEN_BOARD_LED?LED
  +--> ?PR?_DELAY_MS?DELAY
  +--> ?PR?CLOSE_BOARD_LED?LED

*** NEW ROOT ***************************************************

?PR?PRINTANGLEDATA?ABSTASK                       -----    -----      -----    -----      -----    -----
  +--> ?PR?_GETJY901ANGLE?MPU9250_SBUF
  +--> ?PR?_DATASCOPE_GET_CHANNEL_DATA?DATAS...
  +--> ?PR?_SENDSCOPEDATA?DATASCOPE_DP

?PR?_DATASCOPE_GET_CHANNEL_DATA?DATAS...         -----    -----      -----    -----      03B2H    0005H
  +--> ?PR?_FLOAT2BYTE?DATASCOPE_DP

BL51 BANKED LINKER/LOCATER V6.00                                                      08/03/2017  10:04:17  PAGE 11


?PR?_FLOAT2BYTE?DATASCOPE_DP                     -----    -----      -----    -----      03B7H    000AH

?PR?_SENDSCOPEDATA?DATASCOPE_DP                  -----    -----      -----    -----      03B2H    0002H
  +--> ?PR?_DATASCOPE_DATA_GENERATE?DATASCOP...
  +--> ?PR?_TX1_WRITE2BUFF?USART1

*** NEW ROOT ***************************************************

?PR?DATAUPDATE?ABSTASK                           -----    -----      -----    -----      -----    -----
  +--> ?PR?_GETJY901ANGLE?MPU9250_SBUF
  +--> ?PR?_LCD_PRINTNUM_I?LCD5510_V2

?PR?_LCD_PRINTNUM_I?LCD5510_V2                   -----    -----      -----    -----      0376H    000CH
  +--> ?CO?LCD5510_V2
  +--> ?PR?PRINTF?PRINTF
  +--> ?PR?_LCD_PRINTSL?LCD5510_V2

?PR?PRINTF?PRINTF                                0020H.0  0001H.1    0015H    0005H      0382H    0030H
  +--> ?PR?PUTCHAR?PUTCHAR

?PR?_LCD_PRINTSL?LCD5510_V2                      -----    -----      -----    -----      0382H    0005H
  +--> ?PR?_LCD_PRINTC?LCD5510_V2

?PR?_LCD_PRINTC?LCD5510_V2                       -----    -----      -----    -----      -----    -----
  +--> ?PR?_LCD_POS_BYTE?LCD5510_V2
  +--> ?CO?LCD5510_V2
  +--> ?PR?_LCD_WRITE_BYTE?LCD5510_V2

?PR?_LCD_POS_BYTE?LCD5510_V2                     -----    -----      -----    -----      -----    -----
  +--> ?PR?_LCD_WRITE_BYTE?LCD5510_V2

*** NEW ROOT ***************************************************

?PR?PRINTADS1115?ABSTASK                         -----    -----      -----    -----      -----    -----
  +--> ?PR?_GETADS1115CONVSIONDATA?ADS1115
  +--> ?PR?_DATASCOPE_GET_CHANNEL_DATA?DATAS...
  +--> ?PR?_SENDSCOPEDATA?DATASCOPE_DP

?PR?_GETADS1115CONVSIONDATA?ADS1115              -----    -----      -----    -----      03B2H    0003H
  +--> ?PR?WRITECONFIGREGISTER?ADS1115
  +--> ?PR?CHANGEREGISTER?ADS1115
  +--> ?PR?READCONVERSIONREGISTER?ADS1115

?PR?WRITECONFIGREGISTER?ADS1115                  -----    -----      -----    -----      -----    -----
  +--> ?PR?IIC_START?STC15_IIC
  +--> ?PR?_INPUTONEBYTE?STC15_IIC
  +--> ?PR?IIC_RDACK?STC15_IIC
  +--> ?PR?IIC_STOP?STC15_IIC

?PR?IIC_START?STC15_IIC                          -----    -----      -----    -----      -----    -----
  +--> ?PR?DELAY5US?STC15_IIC

?PR?_INPUTONEBYTE?STC15_IIC                      -----    -----      -----    -----      -----    -----
  +--> ?PR?DELAY5US?STC15_IIC

?PR?IIC_RDACK?STC15_IIC                          0021H.1  0000H.1    -----    -----      -----    -----
  +--> ?PR?_INPUTONEBYTE?STC15_IIC
BL51 BANKED LINKER/LOCATER V6.00                                                      08/03/2017  10:04:17  PAGE 12


  +--> ?PR?DELAY5US?STC15_IIC

?PR?IIC_STOP?STC15_IIC                           -----    -----      -----    -----      -----    -----
  +--> ?PR?DELAY5US?STC15_IIC

?PR?CHANGEREGISTER?ADS1115                       -----    -----      -----    -----      -----    -----
  +--> ?PR?IIC_START?STC15_IIC
  +--> ?PR?_INPUTONEBYTE?STC15_IIC
  +--> ?PR?IIC_RDACK?STC15_IIC
  +--> ?PR?IIC_STOP?STC15_IIC

?PR?READCONVERSIONREGISTER?ADS1115               -----    -----      -----    -----      03B5H    000CH
  +--> ?PR?IIC_START?STC15_IIC
  +--> ?PR?_INPUTONEBYTE?STC15_IIC
  +--> ?PR?IIC_RDACK?STC15_IIC
  +--> ?PR?OUTPUTONEBYTE?STC15_IIC
  +--> ?PR?IIC_ACK?STC15_IIC
  +--> ?PR?IIC_STOP?STC15_IIC

?PR?OUTPUTONEBYTE?STC15_IIC                      -----    -----      -----    -----      03C1H    0008H
  +--> ?PR?DELAY5US?STC15_IIC

?PR?IIC_ACK?STC15_IIC                            -----    -----      -----    -----      -----    -----
  +--> ?PR?DELAY5US?STC15_IIC

*** NEW ROOT ***************************************************

?PR?PULSER_1INT?FIXEDPULSER                      -----    -----      -----    -----      -----    -----
  +--> ?PR?_CLOSEPULSER?FIXEDPULSER

*** NEW ROOT ***************************************************

?PR?PULSER_2INT?FIXEDPULSER                      -----    -----      -----    -----      -----    -----
  +--> ?PR?_CLOSEPULSER?FIXEDPULSER

*** NEW ROOT ***************************************************

?C_C51STARTUP                                    -----    -----      -----    -----      -----    -----
  +--> ?C_INITSEG



SYMBOL TABLE OF MODULE:  电子大赛程序框架 (ABSTASK)

  VALUE           TYPE          NAME
  ----------------------------------

  -------         MODULE        ABSTASK
  C:0000H         SYMBOL        _ICE_DUMMY_
  D:0080H         PUBLIC        P0
  D:0090H         PUBLIC        P1
  D:00A0H         PUBLIC        P2
  D:00B0H         PUBLIC        P3
  C:5E1EH         PUBLIC        dataUpdate
  D:00C0H         PUBLIC        P4
  D:00C8H         PUBLIC        P5
  D:00E8H         PUBLIC        P6
BL51 BANKED LINKER/LOCATER V6.00                                                      08/03/2017  10:04:17  PAGE 13


  D:00F8H         PUBLIC        P7
  D:00A8H         PUBLIC        IE
  C:624DH         PUBLIC        printAngleData
  D:00B8H         PUBLIC        IP
  D:00D8H         PUBLIC        CCON
  D:0098H         PUBLIC        SCON
  D:0088H         PUBLIC        TCON
  D:00F0H         PUBLIC        B
  C:705BH         PUBLIC        taskStart
  D:00E0H         PUBLIC        ACC
  C:68E9H         PUBLIC        printADS1115
  D:00D0H         PUBLIC        PSW
  -------         PROC          TASKSTART
  C:705BH         LINE#         3
  C:705BH         LINE#         5
  C:705EH         LINE#         6
  C:7063H         LINE#         8
  C:7068H         LINE#         9
  -------         ENDPROC       TASKSTART
  -------         PROC          PRINTANGLEDATA
  C:624DH         LINE#         12
  C:624DH         LINE#         14
  C:624DH         LINE#         15
  C:624DH         LINE#         16
  C:625CH         LINE#         17
  C:626CH         LINE#         18
  C:627CH         LINE#         20
  C:6281H         LINE#         21
  C:628BH         LINE#         22
  -------         ENDPROC       PRINTANGLEDATA
  -------         PROC          DATAUPDATE
  C:5E1EH         LINE#         24
  C:5E1EH         LINE#         26
  C:5E1EH         LINE#         27
  C:5E1EH         LINE#         28
  C:5E37H         LINE#         29
  C:5E52H         LINE#         30
  C:5E6DH         LINE#         31
  C:5E77H         LINE#         33
  -------         ENDPROC       DATAUPDATE
  -------         PROC          PRINTADS1115
  C:68E9H         LINE#         36
  C:68E9H         LINE#         38
  C:68E9H         LINE#         39
  C:68E9H         LINE#         40
  C:68FDH         LINE#         41
  C:6902H         LINE#         42
  C:690CH         LINE#         44
  -------         ENDPROC       PRINTADS1115
  -------         ENDMOD        ABSTASK

  -------         MODULE        SETUP
  C:0000H         SYMBOL        _ICE_DUMMY_
  D:0080H         PUBLIC        P0
  D:0090H         PUBLIC        P1
  D:00A0H         PUBLIC        P2
  D:00B0H         PUBLIC        P3
BL51 BANKED LINKER/LOCATER V6.00                                                      08/03/2017  10:04:17  PAGE 14


  D:00C0H         PUBLIC        P4
  D:00C8H         PUBLIC        P5
  C:6588H         PUBLIC        _UART1_init
  D:00E8H         PUBLIC        P6
  D:00F8H         PUBLIC        P7
  D:00A8H         PUBLIC        IE
  D:00B8H         PUBLIC        IP
  D:00D8H         PUBLIC        CCON
  C:65BDH         PUBLIC        setup
  D:0098H         PUBLIC        SCON
  D:0088H         PUBLIC        TCON
  D:00F0H         PUBLIC        B
  C:72F4H         PUBLIC        test
  D:00E0H         PUBLIC        ACC
  D:00D0H         PUBLIC        PSW
  -------         PROC          _UART1_INIT
  D:0004H         SYMBOL        BandRate
  -------         DO            
  X:0333H         SYMBOL        COMx_InitStructure
  -------         ENDDO         
  C:6588H         LINE#         24
  C:6588H         LINE#         25
  C:6588H         LINE#         27
  C:658EH         LINE#         28
  C:6592H         LINE#         29
  C:6596H         LINE#         30
  C:659CH         LINE#         31
  C:659FH         LINE#         32
  C:65A2H         LINE#         33
  C:65A4H         LINE#         34
  C:65A7H         LINE#         35
  C:65A9H         LINE#         36
  C:65B4H         LINE#         37
  -------         ENDPROC       _UART1_INIT
  -------         PROC          TEST
  C:72F4H         LINE#         39
  C:72F4H         LINE#         40
  C:72F4H         LINE#         42
  -------         ENDPROC       TEST
  -------         PROC          SETUP
  C:65BDH         LINE#         43
  C:65BDH         LINE#         44
  C:65BDH         LINE#         45
  C:65C8H         LINE#         46
  C:65CBH         LINE#         47
  C:65CEH         LINE#         48
  C:65D1H         LINE#         49
  C:65D4H         LINE#         50
  C:65D9H         LINE#         51
  C:65DEH         LINE#         52
  C:65E3H         LINE#         53
  C:65EAH         LINE#         54
  C:65EDH         LINE#         56
  -------         ENDPROC       SETUP
  -------         ENDMOD        SETUP

  -------         MODULE        MODE
BL51 BANKED LINKER/LOCATER V6.00                                                      08/03/2017  10:04:17  PAGE 15


  C:0000H         SYMBOL        _ICE_DUMMY_
  D:0080H         PUBLIC        P0
  D:0090H         PUBLIC        P1
  D:00A0H         PUBLIC        P2
  D:00B0H         PUBLIC        P3
  D:00C0H         PUBLIC        P4
  D:00C8H         PUBLIC        P5
  D:00E8H         PUBLIC        P6
  D:00F8H         PUBLIC        P7
  D:00A8H         PUBLIC        IE
  D:00B8H         PUBLIC        IP
  D:00D8H         PUBLIC        CCON
  D:0098H         PUBLIC        SCON
  D:0088H         PUBLIC        TCON
  D:00F0H         PUBLIC        B
  D:00E0H         PUBLIC        ACC
  C:72F5H         PUBLIC        mode1
  C:72F6H         PUBLIC        mode2
  C:72F7H         PUBLIC        mode3
  C:72F8H         PUBLIC        mode4
  C:72F9H         PUBLIC        modeLauncher
  D:00D0H         PUBLIC        PSW
  -------         PROC          MODE1
  C:72F5H         LINE#         2
  C:72F5H         LINE#         3
  C:72F5H         LINE#         5
  -------         ENDPROC       MODE1
  -------         PROC          MODE2
  C:72F6H         LINE#         7
  C:72F6H         LINE#         8
  C:72F6H         LINE#         10
  -------         ENDPROC       MODE2
  -------         PROC          MODE3
  C:72F7H         LINE#         13
  C:72F7H         LINE#         14
  C:72F7H         LINE#         16
  -------         ENDPROC       MODE3
  -------         PROC          MODE4
  C:72F8H         LINE#         18
  C:72F8H         LINE#         19
  C:72F8H         LINE#         21
  -------         ENDPROC       MODE4
  -------         PROC          MODELAUNCHER
  C:72F9H         LINE#         22
  C:72F9H         LINE#         23
  C:72F9H         LINE#         25
  -------         ENDPROC       MODELAUNCHER
  -------         ENDMOD        MODE

  -------         MODULE        FILTER
  C:0000H         SYMBOL        _ICE_DUMMY_
  D:0080H         PUBLIC        P0
  D:0090H         PUBLIC        P1
  D:00A0H         PUBLIC        P2
  D:00B0H         PUBLIC        P3
  D:00C0H         PUBLIC        P4
  D:00C8H         PUBLIC        P5
BL51 BANKED LINKER/LOCATER V6.00                                                      08/03/2017  10:04:17  PAGE 16


  D:00E8H         PUBLIC        P6
  D:00F8H         PUBLIC        P7
  C:4867H         PUBLIC        _filter
  D:00A8H         PUBLIC        IE
  D:00B8H         PUBLIC        IP
  D:00D8H         PUBLIC        CCON
  D:0098H         PUBLIC        SCON
  D:0088H         PUBLIC        TCON
  D:00F0H         PUBLIC        B
  C:4357H         PUBLIC        _KalmanFilter
  D:00E0H         PUBLIC        ACC
  D:00D0H         PUBLIC        PSW
  -------         PROC          _FILTER
  D:0001H         SYMBOL        ary
  X:05F8H         SYMBOL        num
  X:05F9H         SYMBOL        MaxValue
  X:05FBH         SYMBOL        MinValue
  -------         DO            
  X:05FDH         SYMBOL        angleDataloopTemp2
  X:05FFH         SYMBOL        finalData
  X:0601H         SYMBOL        maxValue
  X:0603H         SYMBOL        minValue
  -------         ENDDO         
  C:4867H         LINE#         2
  C:486CH         LINE#         3
  C:486CH         LINE#         5
  C:4873H         LINE#         6
  C:4882H         LINE#         7
  C:4891H         LINE#         8
  C:48B3H         LINE#         9
  C:48B3H         LINE#         10
  C:48CFH         LINE#         11
  C:48CFH         LINE#         12
  C:48ECH         LINE#         13
  C:48ECH         LINE#         14
  C:490EH         LINE#         15
  C:490EH         LINE#         16
  C:492BH         LINE#         17
  C:492BH         LINE#         18
  C:494DH         LINE#         19
  C:4961H         LINE#         20
  C:4986H         LINE#         21
  C:499CH         LINE#         22
  C:499CH         LINE#         23
  -------         ENDPROC       _FILTER
  -------         PROC          _KALMANFILTER
  X:04FBH         SYMBOL        ResrcData
  X:04FFH         SYMBOL        ProcessNiose_Q
  X:0503H         SYMBOL        MeasureNoise_R
  X:0507H         SYMBOL        InitialPrediction
  -------         DO            
  X:050BH         SYMBOL        R
  X:050FH         SYMBOL        Q
  X:0653H         SYMBOL        x_last
  X:0513H         SYMBOL        x_mid
  X:0517H         SYMBOL        x_now
  X:0657H         SYMBOL        p_last
BL51 BANKED LINKER/LOCATER V6.00                                                      08/03/2017  10:04:17  PAGE 17


  X:051BH         SYMBOL        p_mid
  D:0004H         SYMBOL        p_now
  X:051FH         SYMBOL        kg
  -------         ENDDO         
  C:4357H         LINE#         24
  C:435DH         LINE#         26
  C:435DH         LINE#         27
  C:4371H         LINE#         28
  C:4385H         LINE#         32
  C:4399H         LINE#         41
  C:43ADH         LINE#         42
  C:43D2H         LINE#         43
  C:4410H         LINE#         44
  C:4457H         LINE#         46
  C:4480H         LINE#         48
  C:4486H         LINE#         49
  C:449AH         LINE#         51
  C:44A8H         LINE#         52
  -------         ENDPROC       _KALMANFILTER
  -------         ENDMOD        FILTER

  -------         MODULE        PID
  C:0000H         SYMBOL        _ICE_DUMMY_
  D:0080H         PUBLIC        P0
  D:0090H         PUBLIC        P1
  D:00A0H         PUBLIC        P2
  C:6A25H         PUBLIC        _setKi
  D:00B0H         PUBLIC        P3
  C:6DE5H         PUBLIC        _getErrLast
  C:6AA9H         PUBLIC        _setMaxError
  D:00C0H         PUBLIC        P4
  D:00C8H         PUBLIC        P5
  D:00E8H         PUBLIC        P6
  D:00F8H         PUBLIC        P7
  C:69E3H         PUBLIC        _setParameterUpperLimit
  C:6A46H         PUBLIC        _setKp
  C:613DH         PUBLIC        _PosClassPID
  D:00A8H         PUBLIC        IE
  C:706DH         PUBLIC        _openPID
  C:3AA4H         PUBLIC        _Position_PID
  D:00B8H         PUBLIC        IP
  D:00D8H         PUBLIC        CCON
  C:2615H         PUBLIC        _Anti_Windup_PID
  D:0098H         PUBLIC        SCON
  D:0088H         PUBLIC        TCON
  C:4018H         PUBLIC        _Incremental_PID
  C:44A9H         PUBLIC        _PID_config
  C:385EH         PUBLIC        _Integral_Separa_PID
  C:69C2H         PUBLIC        _setParameterInferiorLimit
  D:00F0H         PUBLIC        B
  D:00E0H         PUBLIC        ACC
  C:6A04H         PUBLIC        _setActualParameter
  C:6E4DH         PUBLIC        _getOutput
  C:2234H         PUBLIC        _Trapezoidal_Integral_PID
  X:03C9H         SYMBOL        g_pid_n_info
  C:6DB1H         PUBLIC        _getParameter
  C:6DCBH         PUBLIC        _getErr
BL51 BANKED LINKER/LOCATER V6.00                                                      08/03/2017  10:04:17  PAGE 18


  C:6E33H         PUBLIC        _getKd
  C:6F1DH         PUBLIC        _IncClassPID
  C:6A88H         PUBLIC        _setParameter
  C:6E19H         PUBLIC        _getKi
  C:70C7H         PUBLIC        _closePID
  D:00D0H         PUBLIC        PSW
  C:6E67H         PUBLIC        _getIntegral
  C:6DFFH         PUBLIC        _getKp
  C:6A67H         PUBLIC        _setKd
  -------         PROC          _PID_CONFIG
  D:0003H         SYMBOL        PID_N
  X:0633H         SYMBOL        kp
  X:0637H         SYMBOL        ki
  X:063BH         SYMBOL        kd
  C:44A9H         LINE#         53
  C:44ABH         LINE#         54
  C:44ABH         LINE#         55
  C:44C0H         LINE#         56
  C:44D5H         LINE#         57
  C:44EAH         LINE#         58
  C:44FFH         LINE#         59
  C:4514H         LINE#         60
  C:4533H         LINE#         61
  C:4552H         LINE#         62
  C:4571H         LINE#         63
  C:459BH         LINE#         64
  C:45C5H         LINE#         65
  -------         ENDPROC       _PID_CONFIG
  -------         PROC          _OPENPID
  D:0007H         SYMBOL        PID_N
  C:706DH         LINE#         76
  C:706DH         LINE#         77
  C:706DH         LINE#         78
  C:707EH         LINE#         80
  -------         ENDPROC       _OPENPID
  -------         PROC          _CLOSEPID
  D:0007H         SYMBOL        PID_N
  C:70C7H         LINE#         90
  C:70C7H         LINE#         91
  C:70C7H         LINE#         92
  C:70D7H         LINE#         95
  -------         ENDPROC       _CLOSEPID
  -------         PROC          _POSITION_PID
  X:0707H         SYMBOL        PID_N
  C:3AA4H         LINE#         105
  C:3AA9H         LINE#         106
  C:3AA9H         LINE#         107
  C:3ABCH         LINE#         108
  C:3ABCH         LINE#         109
  C:3B0AH         LINE#         110
  C:3B4DH         LINE#         111
  C:3C52H         LINE#         114
  C:3C7CH         LINE#         115
  C:3C7EH         LINE#         116
  C:3C7EH         LINE#         117
  C:3C7FH         LINE#         118
  -------         ENDPROC       _POSITION_PID
BL51 BANKED LINKER/LOCATER V6.00                                                      08/03/2017  10:04:17  PAGE 19


  -------         PROC          _INTEGRAL_SEPARA_PID
  X:06DFH         SYMBOL        PID_N
  -------         DO            
  X:06E0H         SYMBOL        multiple
  -------         ENDDO         
  C:385EH         LINE#         128
  C:3863H         LINE#         129
  C:3863H         LINE#         131
  C:38AEH         LINE#         132
  C:38C2H         LINE#         133
  C:38C2H         LINE#         134
  C:38FBH         LINE#         135
  C:38FBH         LINE#         136
  C:3902H         LINE#         137
  C:3904H         LINE#         139
  C:3904H         LINE#         140
  C:390CH         LINE#         141
  C:3952H         LINE#         142
  C:3952H         LINE#         144
  C:3A76H         LINE#         147
  C:3AA0H         LINE#         148
  C:3AA2H         LINE#         149
  C:3AA2H         LINE#         150
  C:3AA3H         LINE#         151
  -------         ENDPROC       _INTEGRAL_SEPARA_PID
  -------         PROC          _ANTI_WINDUP_PID
  X:06E2H         SYMBOL        PID_N
  -------         DO            
  X:06E3H         SYMBOL        multiple
  -------         ENDDO         
  C:2615H         LINE#         161
  C:261AH         LINE#         162
  C:261AH         LINE#         164
  C:2665H         LINE#         165
  C:2679H         LINE#         166
  C:2679H         LINE#         167
  C:26B5H         LINE#         168
  C:26B5H         LINE#         169
  C:2700H         LINE#         170
  C:2700H         LINE#         171
  C:2700H         LINE#         172
  C:2703H         LINE#         174
  C:2703H         LINE#         175
  C:270BH         LINE#         176
  C:2736H         LINE#         177
  C:2736H         LINE#         178
  C:2736H         LINE#         179
  C:2736H         LINE#         180
  C:2736H         LINE#         181
  C:2739H         LINE#         182
  C:2779H         LINE#         183
  C:2779H         LINE#         184
  C:27C4H         LINE#         185
  C:27C4H         LINE#         186
  C:27C4H         LINE#         187
  C:27C6H         LINE#         189
  C:27C6H         LINE#         190
BL51 BANKED LINKER/LOCATER V6.00                                                      08/03/2017  10:04:17  PAGE 20


  C:27CEH         LINE#         191
  C:27F7H         LINE#         192
  C:27F7H         LINE#         193
  C:27F7H         LINE#         194
  C:27F7H         LINE#         195
  C:27F7H         LINE#         196
  C:27F9H         LINE#         198
  C:27F9H         LINE#         199
  C:2844H         LINE#         200
  C:2844H         LINE#         201
  C:284BH         LINE#         202
  C:284DH         LINE#         204
  C:284DH         LINE#         205
  C:2855H         LINE#         206
  C:289BH         LINE#         207
  C:289BH         LINE#         208
  C:289BH         LINE#         210
  C:29BFH         LINE#         213
  C:29E9H         LINE#         214
  C:29EBH         LINE#         215
  C:29EBH         LINE#         216
  C:29ECH         LINE#         217
  -------         ENDPROC       _ANTI_WINDUP_PID
  -------         PROC          _TRAPEZOIDAL_INTEGRAL_PID
  X:06E5H         SYMBOL        PID_N
  -------         DO            
  X:06E6H         SYMBOL        multiple
  -------         ENDDO         
  C:2234H         LINE#         227
  C:2239H         LINE#         228
  C:2239H         LINE#         230
  C:2284H         LINE#         231
  C:2298H         LINE#         232
  C:2298H         LINE#         233
  C:22D4H         LINE#         234
  C:22D4H         LINE#         235
  C:231FH         LINE#         236
  C:231FH         LINE#         237
  C:231FH         LINE#         238
  C:2322H         LINE#         240
  C:2322H         LINE#         241
  C:232AH         LINE#         242
  C:2355H         LINE#         243
  C:2355H         LINE#         244
  C:2355H         LINE#         245
  C:2355H         LINE#         246
  C:2355H         LINE#         247
  C:2358H         LINE#         248
  C:2398H         LINE#         249
  C:2398H         LINE#         250
  C:23E3H         LINE#         251
  C:23E3H         LINE#         252
  C:23E3H         LINE#         253
  C:23E5H         LINE#         255
  C:23E5H         LINE#         256
  C:23EDH         LINE#         257
  C:2416H         LINE#         258
BL51 BANKED LINKER/LOCATER V6.00                                                      08/03/2017  10:04:17  PAGE 21


  C:2416H         LINE#         259
  C:2416H         LINE#         260
  C:2416H         LINE#         261
  C:2416H         LINE#         262
  C:2418H         LINE#         264
  C:2418H         LINE#         265
  C:2463H         LINE#         266
  C:2463H         LINE#         267
  C:246AH         LINE#         268
  C:246CH         LINE#         270
  C:246CH         LINE#         271
  C:2474H         LINE#         272
  C:24BAH         LINE#         273
  C:24BAH         LINE#         274
  C:24BAH         LINE#         276
  C:25E7H         LINE#         279
  C:2611H         LINE#         280
  C:2613H         LINE#         281
  C:2613H         LINE#         282
  C:2614H         LINE#         283
  -------         ENDPROC       _TRAPEZOIDAL_INTEGRAL_PID
  -------         PROC          _INCREMENTAL_PID
  X:0708H         SYMBOL        PID_N
  C:4018H         LINE#         293
  C:401DH         LINE#         294
  C:401DH         LINE#         295
  C:4030H         LINE#         296
  C:4030H         LINE#         297
  C:407EH         LINE#         298
  C:4160H         LINE#         301
  C:418AH         LINE#         302
  C:41B4H         LINE#         303
  C:41B6H         LINE#         304
  C:41B6H         LINE#         305
  C:41B7H         LINE#         306
  -------         ENDPROC       _INCREMENTAL_PID
  -------         PROC          _SETPARAMETERINFERIORLIMIT
  D:0003H         SYMBOL        PID_N
  X:0699H         SYMBOL        value
  C:69C2H         LINE#         317
  C:69C4H         LINE#         318
  C:69C4H         LINE#         319
  -------         ENDPROC       _SETPARAMETERINFERIORLIMIT
  -------         PROC          _SETPARAMETERUPPERLIMIT
  D:0003H         SYMBOL        PID_N
  X:069EH         SYMBOL        value
  C:69E3H         LINE#         331
  C:69E5H         LINE#         332
  C:69E5H         LINE#         333
  -------         ENDPROC       _SETPARAMETERUPPERLIMIT
  -------         PROC          _SETACTUALPARAMETER
  D:0003H         SYMBOL        PID_N
  X:06A3H         SYMBOL        value
  C:6A04H         LINE#         346
  C:6A06H         LINE#         347
  C:6A06H         LINE#         348
  -------         ENDPROC       _SETACTUALPARAMETER
BL51 BANKED LINKER/LOCATER V6.00                                                      08/03/2017  10:04:17  PAGE 22


  -------         PROC          _SETKI
  D:0003H         SYMBOL        PID_N
  X:06A8H         SYMBOL        value
  C:6A25H         LINE#         361
  C:6A27H         LINE#         362
  C:6A27H         LINE#         363
  -------         ENDPROC       _SETKI
  -------         PROC          _SETKP
  D:0003H         SYMBOL        PID_N
  X:06ADH         SYMBOL        value
  C:6A46H         LINE#         375
  C:6A48H         LINE#         376
  C:6A48H         LINE#         377
  -------         ENDPROC       _SETKP
  -------         PROC          _SETKD
  D:0003H         SYMBOL        PID_N
  X:06B2H         SYMBOL        value
  C:6A67H         LINE#         389
  C:6A69H         LINE#         390
  C:6A69H         LINE#         391
  -------         ENDPROC       _SETKD
  -------         PROC          _SETPARAMETER
  D:0003H         SYMBOL        PID_N
  X:06B7H         SYMBOL        value
  C:6A88H         LINE#         403
  C:6A8AH         LINE#         404
  C:6A8AH         LINE#         405
  -------         ENDPROC       _SETPARAMETER
  -------         PROC          _GETPARAMETER
  D:0007H         SYMBOL        PID_N
  C:6DB1H         LINE#         417
  C:6DB1H         LINE#         418
  C:6DB1H         LINE#         419
  C:6DCAH         LINE#         420
  -------         ENDPROC       _GETPARAMETER
  -------         PROC          _GETERR
  D:0007H         SYMBOL        PID_N
  C:6DCBH         LINE#         430
  C:6DCBH         LINE#         431
  C:6DCBH         LINE#         432
  C:6DE4H         LINE#         433
  -------         ENDPROC       _GETERR
  -------         PROC          _GETERRLAST
  D:0007H         SYMBOL        PID_N
  C:6DE5H         LINE#         443
  C:6DE5H         LINE#         444
  C:6DE5H         LINE#         445
  C:6DFEH         LINE#         446
  -------         ENDPROC       _GETERRLAST
  -------         PROC          _GETKP
  D:0007H         SYMBOL        PID_N
  C:6DFFH         LINE#         456
  C:6DFFH         LINE#         457
  C:6DFFH         LINE#         458
  C:6E18H         LINE#         459
  -------         ENDPROC       _GETKP
  -------         PROC          _GETKI
BL51 BANKED LINKER/LOCATER V6.00                                                      08/03/2017  10:04:17  PAGE 23


  D:0007H         SYMBOL        PID_N
  C:6E19H         LINE#         469
  C:6E19H         LINE#         470
  C:6E19H         LINE#         471
  C:6E32H         LINE#         472
  -------         ENDPROC       _GETKI
  -------         PROC          _GETKD
  D:0007H         SYMBOL        PID_N
  C:6E33H         LINE#         482
  C:6E33H         LINE#         483
  C:6E33H         LINE#         484
  C:6E4CH         LINE#         485
  -------         ENDPROC       _GETKD
  -------         PROC          _GETOUTPUT
  D:0007H         SYMBOL        PID_N
  C:6E4DH         LINE#         495
  C:6E4DH         LINE#         496
  C:6E4DH         LINE#         497
  C:6E66H         LINE#         498
  -------         ENDPROC       _GETOUTPUT
  -------         PROC          _GETINTEGRAL
  D:0007H         SYMBOL        PID_N
  C:6E67H         LINE#         508
  C:6E67H         LINE#         509
  C:6E67H         LINE#         510
  C:6E80H         LINE#         511
  -------         ENDPROC       _GETINTEGRAL
  -------         PROC          _SETMAXERROR
  D:0003H         SYMBOL        PID_N
  X:06BCH         SYMBOL        err_max
  C:6AA9H         LINE#         521
  C:6AABH         LINE#         522
  C:6AABH         LINE#         523
  -------         ENDPROC       _SETMAXERROR
  -------         PROC          _POSCLASSPID
  X:0709H         SYMBOL        PID_N
  D:0005H         SYMBOL        PID_MODE
  C:613DH         LINE#         535
  C:6142H         LINE#         536
  C:6142H         LINE#         537
  C:6152H         LINE#         538
  C:6152H         LINE#         539
  C:6161H         LINE#         540
  C:6161H         LINE#         541
  C:6161H         LINE#         542
  C:6169H         LINE#         543
  C:6169H         LINE#         544
  C:6169H         LINE#         545
  C:6171H         LINE#         546
  C:6171H         LINE#         547
  C:6171H         LINE#         548
  C:6179H         LINE#         549
  C:6179H         LINE#         550
  C:6179H         LINE#         551
  C:6181H         LINE#         552
  C:6181H         LINE#         553
  C:6181H         LINE#         554
BL51 BANKED LINKER/LOCATER V6.00                                                      08/03/2017  10:04:17  PAGE 24


  C:6181H         LINE#         555
  -------         ENDPROC       _POSCLASSPID
  -------         PROC          _INCCLASSPID
  D:0007H         SYMBOL        PID_N
  D:0005H         SYMBOL        PID_MODE
  C:6F1DH         LINE#         566
  C:6F1DH         LINE#         567
  C:6F1DH         LINE#         568
  C:6F2EH         LINE#         569
  C:6F2EH         LINE#         570
  C:6F32H         LINE#         571
  C:6F32H         LINE#         572
  C:6F32H         LINE#         573
  C:6F35H         LINE#         574
  C:6F35H         LINE#         575
  C:6F35H         LINE#         576
  C:6F35H         LINE#         577
  -------         ENDPROC       _INCCLASSPID
  -------         ENDMOD        PID

  -------         MODULE        DATASCOPE_DP
  C:0000H         SYMBOL        _ICE_DUMMY_
  D:0080H         PUBLIC        P0
  D:0090H         PUBLIC        P1
  D:00A0H         PUBLIC        P2
  D:00B0H         PUBLIC        P3
  D:00C0H         PUBLIC        P4
  D:00C8H         PUBLIC        P5
  D:00E8H         PUBLIC        P6
  D:00F8H         PUBLIC        P7
  X:04D1H         PUBLIC        DataScope_OutPut_Buffer
  D:00A8H         PUBLIC        IE
  D:00B8H         PUBLIC        IP
  D:00D8H         PUBLIC        CCON
  C:6655H         PUBLIC        _sendScopeData
  D:0098H         PUBLIC        SCON
  D:0088H         PUBLIC        TCON
  D:00F0H         PUBLIC        B
  C:527FH         PUBLIC        _Float2Byte
  D:00E0H         PUBLIC        ACC
  C:53D2H         PUBLIC        _DataScope_Data_Generate
  C:499DH         PUBLIC        _DataScope_Get_Channel_Data
  D:00D0H         PUBLIC        PSW
  -------         PROC          _FLOAT2BYTE
  D:0001H         SYMBOL        target
  X:03BAH         SYMBOL        buf
  X:03BDH         SYMBOL        beg
  -------         DO            
  X:03BEH         SYMBOL        point
  -------         ENDDO         
  C:527FH         LINE#         26
  C:527FH         LINE#         27
  C:527FH         LINE#         29
  C:528AH         LINE#         30
  C:52A8H         LINE#         31
  C:52D4H         LINE#         32
  C:5300H         LINE#         33
BL51 BANKED LINKER/LOCATER V6.00                                                      08/03/2017  10:04:17  PAGE 25


  -------         ENDPROC       _FLOAT2BYTE
  -------         PROC          _SENDSCOPEDATA
  X:03B2H         SYMBOL        channe_num
  -------         DO            
  X:03B3H         SYMBOL        a
  -------         ENDDO         
  C:6655H         LINE#         43
  C:665AH         LINE#         44
  C:665AH         LINE#         48
  C:666EH         LINE#         49
  C:666EH         LINE#         50
  C:667DH         LINE#         51
  C:6685H         LINE#         53
  -------         ENDPROC       _SENDSCOPEDATA
  -------         PROC          _DATASCOPE_GET_CHANNEL_DATA
  X:03B2H         SYMBOL        Data
  X:03B6H         SYMBOL        Channel
  C:499DH         LINE#         59
  C:49A3H         LINE#         60
  C:49A3H         LINE#         61
  C:49B6H         LINE#         62
  C:49B6H         LINE#         64
  C:49B6H         LINE#         66
  C:49B6H         LINE#         67
  C:49ECH         LINE#         68
  C:49ECH         LINE#         69
  C:49ECH         LINE#         70
  C:49FFH         LINE#         71
  C:4A02H         LINE#         72
  C:4A02H         LINE#         73
  C:4A16H         LINE#         74
  C:4A19H         LINE#         75
  C:4A19H         LINE#         76
  C:4A2DH         LINE#         77
  C:4A30H         LINE#         78
  C:4A30H         LINE#         79
  C:4A44H         LINE#         80
  C:4A47H         LINE#         81
  C:4A47H         LINE#         82
  C:4A5BH         LINE#         83
  C:4A5DH         LINE#         84
  C:4A5DH         LINE#         85
  C:4A71H         LINE#         86
  C:4A73H         LINE#         87
  C:4A73H         LINE#         88
  C:4A87H         LINE#         89
  C:4A89H         LINE#         90
  C:4A89H         LINE#         91
  C:4A9DH         LINE#         92
  C:4A9FH         LINE#         93
  C:4A9FH         LINE#         94
  C:4AB3H         LINE#         95
  C:4AB5H         LINE#         96
  C:4AB5H         LINE#         97
  C:4AD0H         LINE#         98
  C:4AD0H         LINE#         99
  C:4AD0H         LINE#         100
BL51 BANKED LINKER/LOCATER V6.00                                                      08/03/2017  10:04:17  PAGE 26


  C:4AD0H         LINE#         101
  -------         ENDPROC       _DATASCOPE_GET_CHANNEL_DATA
  -------         PROC          _DATASCOPE_DATA_GENERATE
  D:0007H         SYMBOL        Channel_Number
  C:53D2H         LINE#         106
  C:53D2H         LINE#         107
  C:53D2H         LINE#         108
  C:53DBH         LINE#         109
  C:53DBH         LINE#         110
  C:53DEH         LINE#         111
  C:53DEH         LINE#         113
  C:53DEH         LINE#         114
  C:53E4H         LINE#         115
  C:541AH         LINE#         116
  C:541AH         LINE#         117
  C:541AH         LINE#         118
  C:5420H         LINE#         119
  C:5423H         LINE#         120
  C:5423H         LINE#         121
  C:5423H         LINE#         122
  C:5429H         LINE#         123
  C:542CH         LINE#         124
  C:542CH         LINE#         125
  C:542CH         LINE#         126
  C:5432H         LINE#         127
  C:5435H         LINE#         128
  C:5435H         LINE#         129
  C:5435H         LINE#         130
  C:543BH         LINE#         131
  C:543EH         LINE#         132
  C:543EH         LINE#         133
  C:543EH         LINE#         134
  C:5444H         LINE#         135
  C:5447H         LINE#         136
  C:5447H         LINE#         137
  C:5447H         LINE#         138
  C:544DH         LINE#         139
  C:5450H         LINE#         140
  C:5450H         LINE#         141
  C:5450H         LINE#         142
  C:5456H         LINE#         143
  C:5459H         LINE#         144
  C:5459H         LINE#         145
  C:5459H         LINE#         146
  C:545FH         LINE#         147
  C:5462H         LINE#         148
  C:5462H         LINE#         149
  C:5462H         LINE#         150
  C:5468H         LINE#         151
  C:546BH         LINE#         152
  C:546BH         LINE#         153
  C:546BH         LINE#         154
  C:5471H         LINE#         155
  C:5474H         LINE#         156
  C:5474H         LINE#         157
  C:5474H         LINE#         158
  C:5474H         LINE#         159
BL51 BANKED LINKER/LOCATER V6.00                                                      08/03/2017  10:04:17  PAGE 27


  C:5476H         LINE#         160
  -------         ENDPROC       _DATASCOPE_DATA_GENERATE
  -------         ENDMOD        DATASCOPE_DP

  -------         MODULE        ?RTX51_TINY_KERNAL
  C:72A9H         SEGMENT       ?RTX?TASKENT?S
  I:001AH         SEGMENT       ?RTX?TASKSP?S
  I:0063H         SEGMENT       ?RTX?TASKSTATE?S
  C:311AH         SEGMENT       ?RTX?CODE
  C:3166H         PUBLIC        ?RTX?SET_ISR
  D:000CH         PUBLIC        ?RTX_CURRENTTASK
  D:0007H         PUBLIC        ?RTX_NEXTID
  C:317CH         PUBLIC        ?RTX_NEXTTASK
  N:00FFH         PUBLIC        ?RTX_RAMTOP
  C:72A9H         PUBLIC        ?RTX_TASKENTRY
  C:3230H         PUBLIC        ?RTX_TASKIDX
  I:001AH         PUBLIC        ?RTX_TASKSP
  I:0063H         PUBLIC        ?RTX_TASKSTATUS
  C:31F7H         PUBLIC        MAIN
  C:3167H         PUBLIC        OS_SWITCH_TASK
  C:316EH         SYMBOL        ?C0001
  C:3178H         SYMBOL        ?C0003
  C:317DH         SYMBOL        ?C0005
  C:3197H         SYMBOL        ?C0007
  C:3199H         SYMBOL        ?C0009
  C:31A3H         SYMBOL        ?C0011
  C:31D0H         SYMBOL        ?C0012
  C:31B6H         SYMBOL        ?C0013
  C:31BBH         SYMBOL        ?C0015
  C:31C6H         SYMBOL        ?C0016
  N:0000H         SYMBOL        ?RTX51_TINY_KERNAL
  N:F63CH         SYMBOL        ?RTX_CLOCK
  N:0008H         SYMBOL        ?RTX_REGISTERBANK
  D:000AH         SYMBOL        ?RTX_SAVEACC
  D:000BH         SYMBOL        ?RTX_SAVEPSW
  C:311AH         SYMBOL        ?RTX_STACKERROR
  D:00E0H         SYMBOL        ACC
  D:00F0H         SYMBOL        B
  N:0005H         SYMBOL        B_ACTIVE
  N:0007H         SYMBOL        B_IVL
  N:0007H         SYMBOL        B_RDY
  N:0004H         SYMBOL        B_READY
  N:0006H         SYMBOL        B_ROBIN
  N:0002H         SYMBOL        B_SIGNAL
  N:0003H         SYMBOL        B_TIMEOUT
  N:0000H         SYMBOL        B_WAITSIG
  N:0001H         SYMBOL        B_WAITTIM
  C:3144H         SYMBOL        CHECKSTACK
  N:0000H         SYMBOL        CODE_BANKING
  N:0000H         SYMBOL        CPU_IDLE_CODE
  D:0083H         SYMBOL        DPH
  D:0082H         SYMBOL        DPL
  B:00A8H.7       SYMBOL        EA
  B:00A8H.4       SYMBOL        ES
  B:00A8H.1       SYMBOL        ET0
  B:00A8H.3       SYMBOL        ET1
  B:00A8H.0       SYMBOL        EX0
BL51 BANKED LINKER/LOCATER V6.00                                                      08/03/2017  10:04:17  PAGE 28


  B:00A8H.2       SYMBOL        EX1
  N:0014H         SYMBOL        FREE_STACK
  C:311EH         SYMBOL        HW_TIMER
  D:00A8H         SYMBOL        IE
  B:0088H.1       SYMBOL        IE0
  B:0088H.3       SYMBOL        IE1
  N:09C4H         SYMBOL        INT_CLOCK
  N:0001H         SYMBOL        INT_REGBANK
  B:0088H.0       SYMBOL        IT0
  B:0088H.2       SYMBOL        IT1
  N:0020H         SYMBOL        K_ACTIVE
  N:0080H         SYMBOL        K_IVL
  N:0080H         SYMBOL        K_RDY
  N:0010H         SYMBOL        K_READY
  N:0040H         SYMBOL        K_ROBIN
  N:0001H         SYMBOL        K_SIG
  N:0002H         SYMBOL        K_TMO
  N:0000H         SYMBOL        LONG_USR_INTR
  C:3200H         SYMBOL        MAIN1
  C:320AH         SYMBOL        MAIN1X
  C:3205H         SYMBOL        MAIN2
  C:31EDH         SYMBOL        NOEVENT
  C:3160H         SYMBOL        NOTIMEOUT
  C:315EH         SYMBOL        NOWAITTIMEOUT
  C:3167H         SYMBOL        OS_SWITCH_TASK1
  D:0087H         SYMBOL        PCON
  D:00D0H         SYMBOL        PSW
  N:00FFH         SYMBOL        RAMTOP
  N:0080H         SYMBOL        RDY_EVENT
  C:31E1H         SYMBOL        SIGNALOFF
  C:31EDH         SYMBOL        SIGNALON
  N:0004H         SYMBOL        SIG_EVENT
  D:0081H         SYMBOL        SP
  I:0064H         SYMBOL        TASKSTATE
  D:0088H         SYMBOL        TCON
  B:0088H.5       SYMBOL        TF0
  B:0088H.7       SYMBOL        TF1
  D:008CH         SYMBOL        TH0
  D:008DH         SYMBOL        TH1
  C:31E9H         SYMBOL        TIMEOUTON
  C:311FH         SYMBOL        TIMERINT
  C:3150H         SYMBOL        TIMERLOOP
  I:0063H         SYMBOL        TIMERVAL
  N:0000H         SYMBOL        TIMESHARING
  D:008AH         SYMBOL        TL0
  D:008BH         SYMBOL        TL1
  D:0089H         SYMBOL        TMOD
  N:0008H         SYMBOL        TMO_EVENT
  B:0088H.4       SYMBOL        TR0
  B:0088H.6       SYMBOL        TR1
  C:000BH         LINE#         271
  C:311AH         LINE#         279
  C:311EH         LINE#         282
  C:311FH         LINE#         299
  C:3122H         LINE#         301
  C:3125H         LINE#         302
  C:3128H         LINE#         303
BL51 BANKED LINKER/LOCATER V6.00                                                      08/03/2017  10:04:17  PAGE 29


  C:312AH         LINE#         305
  C:312CH         LINE#         306
  C:312EH         LINE#         307
  C:3130H         LINE#         308
  C:3132H         LINE#         309
  C:3134H         LINE#         310
  C:3136H         LINE#         311
  C:3138H         LINE#         312
  C:313AH         LINE#         316
  C:313BH         LINE#         317
  C:313DH         LINE#         318
  C:313EH         LINE#         319
  C:313FH         LINE#         320
  C:3142H         LINE#         321
  C:3144H         LINE#         322
  C:3145H         LINE#         323
  C:3147H         LINE#         324
  C:314AH         LINE#         325
  C:314CH         LINE#         329
  C:314EH         LINE#         330
  C:3150H         LINE#         331
  C:3151H         LINE#         332
  C:3152H         LINE#         333
  C:3153H         LINE#         334
  C:3155H         LINE#         335
  C:3157H         LINE#         336
  C:3158H         LINE#         337
  C:315BH         LINE#         338
  C:315DH         LINE#         339
  C:315EH         LINE#         340
  C:3160H         LINE#         341
  C:3161H         LINE#         342
  C:3163H         LINE#         344
  C:3164H         LINE#         345
  C:3166H         LINE#         354
  C:3167H         LINE#         426
  C:3169H         LINE#         427
  C:316AH         LINE#         429
  C:316BH         LINE#         430
  C:316DH         LINE#         431
  C:316EH         LINE#         434
  C:316FH         LINE#         435
  C:3170H         LINE#         436
  C:3171H         LINE#         444
  C:3174H         LINE#         445
  C:3176H         LINE#         446
  C:3178H         LINE#         449
  C:3179H         LINE#         450
  C:317CH         LINE#         458
  C:317DH         LINE#         462
[...]
  -------         ENDMOD        USART1

  -------         MODULE        ?C?FPADD
  C:0807H         PUBLIC        ?C?FPADD
  C:0803H         PUBLIC        ?C?FPSUB
  -------         ENDMOD        ?C?FPADD

  -------         MODULE        ?C?FPMUL
  C:08F8H         PUBLIC        ?C?FPMUL
  -------         ENDMOD        ?C?FPMUL

  -------         MODULE        ?C?FPDIV
  C:0A01H         PUBLIC        ?C?FPDIV
  -------         ENDMOD        ?C?FPDIV

  -------         MODULE        ?C?FPCMP
  C:0AA0H         PUBLIC        ?C?FPCMP
  C:0A9EH         PUBLIC        ?C?FPCMP3
  -------         ENDMOD        ?C?FPCMP

  -------         MODULE        ?C?FCAST
  C:0B15H         PUBLIC        ?C?FCASTC
  C:0B10H         PUBLIC        ?C?FCASTI
  C:0B0BH         PUBLIC        ?C?FCASTL
  -------         ENDMOD        ?C?FCAST

  -------         MODULE        ?C?CASTF
  C:0B49H         PUBLIC        ?C?CASTF
  -------         ENDMOD        ?C?CASTF

  -------         MODULE        PRINTF
  X:0382H         PUBLIC        ?_PRINTF?BYTE
  X:0382H         PUBLIC        ?_SPRINTF?BYTE
  C:1E1CH         PUBLIC        _PRINTF
  C:1E16H         PUBLIC        _SPRINTF
  -------         ENDMOD        PRINTF

  -------         MODULE        ?C?FPROUND
BL51 BANKED LINKER/LOCATER V6.00                                                      08/03/2017  10:04:17  PAGE 113


  C:0BCAH         PUBLIC        ?C?FPROUND
  -------         ENDMOD        ?C?FPROUND

  -------         MODULE        ?C?FPCONVERT
  C:0C07H         PUBLIC        ?C?FPCONVERT
  -------         ENDMOD        ?C?FPCONVERT

  -------         MODULE        ?C?FTNPWR
  C:0D3CH         PUBLIC        ?C?FTNPWR
  -------         ENDMOD        ?C?FTNPWR

  -------         MODULE        ?C?COPY
  C:0E4CH         PUBLIC        ?C?COPY
  -------         ENDMOD        ?C?COPY

  -------         MODULE        ?C?CLDPTR
  C:0E72H         PUBLIC        ?C?CLDPTR
  -------         ENDMOD        ?C?CLDPTR

  -------         MODULE        ?C?CLDOPTR
  C:0E8BH         PUBLIC        ?C?CLDOPTR
  -------         ENDMOD        ?C?CLDOPTR

  -------         MODULE        ?C?CSTPTR
  C:0EB8H         PUBLIC        ?C?CSTPTR
  -------         ENDMOD        ?C?CSTPTR

  -------         MODULE        ?C?CSTOPTR
  C:0ECAH         PUBLIC        ?C?CSTOPTR
  -------         ENDMOD        ?C?CSTOPTR

  -------         MODULE        ?C?IMUL
  C:0EECH         PUBLIC        ?C?IMUL
  -------         ENDMOD        ?C?IMUL

  -------         MODULE        ?C?UIDIV
  C:0EFEH         PUBLIC        ?C?UIDIV
  -------         ENDMOD        ?C?UIDIV

  -------         MODULE        ?C?SIDIV
  C:0F53H         PUBLIC        ?C?SIDIV
  -------         ENDMOD        ?C?SIDIV

  -------         MODULE        ?C?IILDX
  C:0F89H         PUBLIC        ?C?IILDX
  -------         ENDMOD        ?C?IILDX

  -------         MODULE        ?C?ILDIX
  C:0F9FH         PUBLIC        ?C?ILDIX
  -------         ENDMOD        ?C?ILDIX

  -------         MODULE        ?C?ILDOPTR
  C:0FB5H         PUBLIC        ?C?ILDOPTR
  -------         ENDMOD        ?C?ILDOPTR

  -------         MODULE        ?C?LMUL
  C:0FEDH         PUBLIC        ?C?LMUL
BL51 BANKED LINKER/LOCATER V6.00                                                      08/03/2017  10:04:17  PAGE 114


  -------         ENDMOD        ?C?LMUL

  -------         MODULE        ?C?ULDIV
  C:1078H         PUBLIC        ?C?ULDIV
  -------         ENDMOD        ?C?ULDIV

  -------         MODULE        ?C?SLDIV
  C:61C6H         PUBLIC        ?C?SLDIV
  -------         ENDMOD        ?C?SLDIV

  -------         MODULE        ?C?LNEG
  C:110AH         PUBLIC        ?C?LNEG
  -------         ENDMOD        ?C?LNEG

  -------         MODULE        ?C?ULCMP
  C:1118H         PUBLIC        ?C?ULCMP
  -------         ENDMOD        ?C?ULCMP

  -------         MODULE        ?C?ULSHR
  C:1129H         PUBLIC        ?C?ULSHR
  -------         ENDMOD        ?C?ULSHR

  -------         MODULE        ?C?LLDOPTR0
  C:113CH         PUBLIC        ?C?LLDOPTR0
  -------         ENDMOD        ?C?LLDOPTR0

  -------         MODULE        ?C?LSTXDATA
  C:116CH         PUBLIC        ?C?LSTXDATA
  -------         ENDMOD        ?C?LSTXDATA

  -------         MODULE        ?C?LSTKXDATA
  C:1178H         PUBLIC        ?C?LSTKXDATA
  -------         ENDMOD        ?C?LSTKXDATA

  -------         MODULE        ?C?OFFXADD
  C:11A9H         PUBLIC        ?C?OFFXADD
  -------         ENDMOD        ?C?OFFXADD

  -------         MODULE        ?C?PLDIXDATA
  C:11B5H         PUBLIC        ?C?PLDIXDATA
  -------         ENDMOD        ?C?PLDIXDATA

  -------         MODULE        ?C?PSTXDATA
  C:11CCH         PUBLIC        ?C?PSTXDATA
  -------         ENDMOD        ?C?PSTXDATA

  -------         MODULE        ?C?CCASE
  C:11D5H         PUBLIC        ?C?CCASE
  -------         ENDMOD        ?C?CCASE

  -------         MODULE        ?C?ICALL
  C:11FBH         PUBLIC        ?C?ICALL
  C:11FFH         PUBLIC        ?C?ICALL2
  -------         ENDMOD        ?C?ICALL

  -------         MODULE        PUTCHAR
  C:6876H         PUBLIC        _PUTCHAR
BL51 BANKED LINKER/LOCATER V6.00                                                      08/03/2017  10:04:17  PAGE 115


  -------         ENDMOD        PUTCHAR

  -------         MODULE        ABS
  C:7207H         PUBLIC        _ABS
  -------         ENDMOD        ABS

  -------         MODULE        ?C?LLDIDATA0
  C:1201H         PUBLIC        ?C?LLDIDATA0
  -------         ENDMOD        ?C?LLDIDATA0

  -------         MODULE        ?C?LLDXDATA0
  C:120EH         PUBLIC        ?C?LLDXDATA0
  -------         ENDMOD        ?C?LLDXDATA0

  -------         MODULE        ?C?LLDPDATA0
  C:121AH         PUBLIC        ?C?LLDPDATA0
  -------         ENDMOD        ?C?LLDPDATA0

  -------         MODULE        ?C?LLDCODE0
  C:1227H         PUBLIC        ?C?LLDCODE0
  -------         ENDMOD        ?C?LLDCODE0

*** WARNING L16: UNCALLED SEGMENT, IGNORED FOR OVERLAY PROCESS
    SEGMENT: ?PR?MODE1?MODE

*** WARNING L16: UNCALLED SEGMENT, IGNORED FOR OVERLAY PROCESS
    SEGMENT: ?PR?MODE2?MODE

*** WARNING L16: UNCALLED SEGMENT, IGNORED FOR OVERLAY PROCESS
    SEGMENT: ?PR?MODE3?MODE

*** WARNING L16: UNCALLED SEGMENT, IGNORED FOR OVERLAY PROCESS
    SEGMENT: ?PR?MODE4?MODE

*** WARNING L16: UNCALLED SEGMENT, IGNORED FOR OVERLAY PROCESS
    SEGMENT: ?PR?MODELAUNCHER?MODE

*** WARNING L16: UNCALLED SEGMENT, IGNORED FOR OVERLAY PROCESS
    SEGMENT: ?PR?_KALMANFILTER?FILTER

*** WARNING L16: UNCALLED SEGMENT, IGNORED FOR OVERLAY PROCESS
    SEGMENT: ?PR?_PID_CONFIG?PID

*** WARNING L16: UNCALLED SEGMENT, IGNORED FOR OVERLAY PROCESS
    SEGMENT: ?PR?_OPENPID?PID

*** WARNING L16: UNCALLED SEGMENT, IGNORED FOR OVERLAY PROCESS
    SEGMENT: ?PR?_CLOSEPID?PID

*** WARNING L16: UNCALLED SEGMENT, IGNORED FOR OVERLAY PROCESS
    SEGMENT: ?PR?_SETPARAMETERINFERIORLIMIT?PID

*** WARNING L16: UNCALLED SEGMENT, IGNORED FOR OVERLAY PROCESS
    SEGMENT: ?PR?_SETPARAMETERUPPERLIMIT?PID

*** WARNING L16: UNCALLED SEGMENT, IGNORED FOR OVERLAY PROCESS
    SEGMENT: ?PR?_SETACTUALPARAMETER?PID
BL51 BANKED LINKER/LOCATER V6.00                                                      08/03/2017  10:04:17  PAGE 116



*** WARNING L16: UNCALLED SEGMENT, IGNORED FOR OVERLAY PROCESS
    SEGMENT: ?PR?_SETKI?PID

*** WARNING L16: UNCALLED SEGMENT, IGNORED FOR OVERLAY PROCESS
    SEGMENT: ?PR?_SETKP?PID

*** WARNING L16: UNCALLED SEGMENT, IGNORED FOR OVERLAY PROCESS
    SEGMENT: ?PR?_SETKD?PID

*** WARNING L16: UNCALLED SEGMENT, IGNORED FOR OVERLAY PROCESS
    SEGMENT: ?PR?_SETPARAMETER?PID

*** WARNING L16: UNCALLED SEGMENT, IGNORED FOR OVERLAY PROCESS
    SEGMENT: ?PR?_GETPARAMETER?PID

*** WARNING L16: UNCALLED SEGMENT, IGNORED FOR OVERLAY PROCESS
    SEGMENT: ?PR?_GETERR?PID

*** WARNING L16: UNCALLED SEGMENT, IGNORED FOR OVERLAY PROCESS
    SEGMENT: ?PR?_GETERRLAST?PID

*** WARNING L16: UNCALLED SEGMENT, IGNORED FOR OVERLAY PROCESS
    SEGMENT: ?PR?_GETKP?PID

*** WARNING L16: UNCALLED SEGMENT, IGNORED FOR OVERLAY PROCESS
    SEGMENT: ?PR?_GETKI?PID

*** WARNING L16: UNCALLED SEGMENT, IGNORED FOR OVERLAY PROCESS
    SEGMENT: ?PR?_GETKD?PID

*** WARNING L16: UNCALLED SEGMENT, IGNORED FOR OVERLAY PROCESS
    SEGMENT: ?PR?_GETOUTPUT?PID

*** WARNING L16: UNCALLED SEGMENT, IGNORED FOR OVERLAY PROCESS
    SEGMENT: ?PR?_GETINTEGRAL?PID

*** WARNING L16: UNCALLED SEGMENT, IGNORED FOR OVERLAY PROCESS
    SEGMENT: ?PR?_SETMAXERROR?PID

*** WARNING L16: UNCALLED SEGMENT, IGNORED FOR OVERLAY PROCESS
    SEGMENT: ?PR?_POSCLASSPID?PID

*** WARNING L16: UNCALLED SEGMENT, IGNORED FOR OVERLAY PROCESS
    SEGMENT: ?PR?_INCCLASSPID?PID

*** WARNING L16: UNCALLED SEGMENT, IGNORED FOR OVERLAY PROCESS
    SEGMENT: ?PR?_GETBUTTONSTATE?BUTTON

*** WARNING L16: UNCALLED SEGMENT, IGNORED FOR OVERLAY PROCESS
    SEGMENT: ?PR?BUTTONSCAN?BUTTON

*** WARNING L16: UNCALLED SEGMENT, IGNORED FOR OVERLAY PROCESS
    SEGMENT: ?PR?_LCD_CLR_ROW?LCD5510_V2

*** WARNING L16: UNCALLED SEGMENT, IGNORED FOR OVERLAY PROCESS
    SEGMENT: ?PR?_LCD_PRINTS?LCD5510_V2
BL51 BANKED LINKER/LOCATER V6.00                                                      08/03/2017  10:04:17  PAGE 117



*** WARNING L16: UNCALLED SEGMENT, IGNORED FOR OVERLAY PROCESS
    SEGMENT: ?PR?_LCD_PRINTNUM_F?LCD5510_V2

*** WARNING L16: UNCALLED SEGMENT, IGNORED FOR OVERLAY PROCESS
    SEGMENT: ?PR?GETBOARD_LED_STATE?LED

*** WARNING L16: UNCALLED SEGMENT, IGNORED FOR OVERLAY PROCESS
    SEGMENT: ?PR?_BOARD_LED_PWM?LED

*** WARNING L16: UNCALLED SEGMENT, IGNORED FOR OVERLAY PROCESS
    SEGMENT: ?PR?_SETDC_MOTORSPEED?MOTOR

*** WARNING L16: UNCALLED SEGMENT, IGNORED FOR OVERLAY PROCESS
    SEGMENT: ?PR?_OPEN_DC_MOTOR?MOTOR

*** WARNING L16: UNCALLED SEGMENT, IGNORED FOR OVERLAY PROCESS
    SEGMENT: ?PR?_CLOSE_DC_MOTOR?MOTOR

*** WARNING L16: UNCALLED SEGMENT, IGNORED FOR OVERLAY PROCESS
    SEGMENT: ?PR?_GETDC_MOTORSTATE?MOTOR

*** WARNING L16: UNCALLED SEGMENT, IGNORED FOR OVERLAY PROCESS
    SEGMENT: ?PR?DC_MOTOR_CONFIG?MOTOR

*** WARNING L16: UNCALLED SEGMENT, IGNORED FOR OVERLAY PROCESS
    SEGMENT: ?PR?_INIT_STR_MOTOR?SERVO

*** WARNING L16: UNCALLED SEGMENT, IGNORED FOR OVERLAY PROCESS
    SEGMENT: ?PR?_SET_STR_ANGLE?SERVO

*** WARNING L16: UNCALLED SEGMENT, IGNORED FOR OVERLAY PROCESS
    SEGMENT: ?PR?_READ_STR_ANGLE?SERVO

*** WARNING L16: UNCALLED SEGMENT, IGNORED FOR OVERLAY PROCESS
    SEGMENT: ?PR?_OPEN_STR?SERVO

*** WARNING L16: UNCALLED SEGMENT, IGNORED FOR OVERLAY PROCESS
    SEGMENT: ?PR?_CLOSE_STR?SERVO

*** WARNING L16: UNCALLED SEGMENT, IGNORED FOR OVERLAY PROCESS
    SEGMENT: ?PR?_SETSTEPMOTORWITHDISTANCE?STEP_MOTOR

*** WARNING L16: UNCALLED SEGMENT, IGNORED FOR OVERLAY PROCESS
    SEGMENT: ?PR?_SETSTEPMOTORWITHROUND?STEP_MOTOR

*** WARNING L16: UNCALLED SEGMENT, IGNORED FOR OVERLAY PROCESS
    SEGMENT: ?PR?_SETSTEPMOTORSTATE?STEP_MOTOR

*** WARNING L16: UNCALLED SEGMENT, IGNORED FOR OVERLAY PROCESS
    SEGMENT: ?PR?_GETSTEPMOTORSTATE?STEP_MOTOR

*** WARNING L16: UNCALLED SEGMENT, IGNORED FOR OVERLAY PROCESS
    SEGMENT: ?PR?_SETSTEPMOTORDIVERSION?STEP_MOTOR

*** WARNING L16: UNCALLED SEGMENT, IGNORED FOR OVERLAY PROCESS
    SEGMENT: ?PR?_CLOSE_STEPMOTOR?STEP_MOTOR
BL51 BANKED LINKER/LOCATER V6.00                                                      08/03/2017  10:04:17  PAGE 118



*** WARNING L16: UNCALLED SEGMENT, IGNORED FOR OVERLAY PROCESS
    SEGMENT: ?PR?_OPEN_STEPMOTOR?STEP_MOTOR

*** WARNING L16: UNCALLED SEGMENT, IGNORED FOR OVERLAY PROCESS
    SEGMENT: ?PR?_FREESTEPMOTOR?STEP_MOTOR

*** WARNING L16: UNCALLED SEGMENT, IGNORED FOR OVERLAY PROCESS
    SEGMENT: ?PR?_LOCKSTEPMOTOR?STEP_MOTOR

*** WARNING L16: UNCALLED SEGMENT, IGNORED FOR OVERLAY PROCESS
    SEGMENT: ?PR?_STEPMOTOR_INIT?STEP_MOTOR

*** WARNING L16: UNCALLED SEGMENT, IGNORED FOR OVERLAY PROCESS
    SEGMENT: ?PR?GETANGLE?ANGLE

*** WARNING L16: UNCALLED SEGMENT, IGNORED FOR OVERLAY PROCESS
    SEGMENT: ?PR?_HC595_INIT?74HC595

*** WARNING L16: UNCALLED SEGMENT, IGNORED FOR OVERLAY PROCESS
    SEGMENT: ?PR?_HC595SENDDATA?74HC595

*** WARNING L16: UNCALLED SEGMENT, IGNORED FOR OVERLAY PROCESS
    SEGMENT: ?PR?_GETPULSERSTATE?FIXEDPULSER

*** WARNING L16: UNCALLED SEGMENT, IGNORED FOR OVERLAY PROCESS
    SEGMENT: ?PR?SETCARFORWARD?MT_1_L298N

*** WARNING L16: UNCALLED SEGMENT, IGNORED FOR OVERLAY PROCESS
    SEGMENT: ?PR?SETCARBACK?MT_1_L298N

*** WARNING L16: UNCALLED SEGMENT, IGNORED FOR OVERLAY PROCESS
    SEGMENT: ?PR?SETCARSTOP?MT_1_L298N

*** WARNING L16: UNCALLED SEGMENT, IGNORED FOR OVERLAY PROCESS
    SEGMENT: ?PR?SETCARRIGHTFORWARD?MT_1_L298N

*** WARNING L16: UNCALLED SEGMENT, IGNORED FOR OVERLAY PROCESS
    SEGMENT: ?PR?SETCARRIGHTBACK?MT_1_L298N

*** WARNING L16: UNCALLED SEGMENT, IGNORED FOR OVERLAY PROCESS
    SEGMENT: ?PR?SETCARRIGHTTURN?MT_1_L298N

*** WARNING L16: UNCALLED SEGMENT, IGNORED FOR OVERLAY PROCESS
    SEGMENT: ?PR?SETCARLEFTFORWARD?MT_1_L298N

*** WARNING L16: UNCALLED SEGMENT, IGNORED FOR OVERLAY PROCESS
    SEGMENT: ?PR?SETCARLEFTBACK?MT_1_L298N

*** WARNING L16: UNCALLED SEGMENT, IGNORED FOR OVERLAY PROCESS
    SEGMENT: ?PR?SETCARLEFTTURN?MT_1_L298N

*** WARNING L16: UNCALLED SEGMENT, IGNORED FOR OVERLAY PROCESS
    SEGMENT: ?PR?SPI_INIT?MPU9250

*** WARNING L16: UNCALLED SEGMENT, IGNORED FOR OVERLAY PROCESS
    SEGMENT: ?PR?INIT_MPU9250?MPU9250
BL51 BANKED LINKER/LOCATER V6.00                                                      08/03/2017  10:04:17  PAGE 119



*** WARNING L16: UNCALLED SEGMENT, IGNORED FOR OVERLAY PROCESS
    SEGMENT: ?PR?READ_MPU9250_ACCEL?MPU9250

*** WARNING L16: UNCALLED SEGMENT, IGNORED FOR OVERLAY PROCESS
    SEGMENT: ?PR?READ_MPU9250_GYRO?MPU9250

*** WARNING L16: UNCALLED SEGMENT, IGNORED FOR OVERLAY PROCESS
    SEGMENT: ?PR?READ_MPU9250_MAG?MPU9250

*** WARNING L16: UNCALLED SEGMENT, IGNORED FOR OVERLAY PROCESS
    SEGMENT: ?PR?_DISABLEJY901?MPU9250_SBUF

*** WARNING L16: UNCALLED SEGMENT, IGNORED FOR OVERLAY PROCESS
    SEGMENT: ?PR?_CLOSEJY901SBUFMODE?MPU9250_SBUF

*** WARNING L16: UNCALLED SEGMENT, IGNORED FOR OVERLAY PROCESS
    SEGMENT: ?PR?_GETJY901ACCELERATION?MPU9250_SBUF

*** WARNING L16: UNCALLED SEGMENT, IGNORED FOR OVERLAY PROCESS
    SEGMENT: ?PR?_GETJY901PALSTANCE?MPU9250_SBUF

*** WARNING L16: UNCALLED SEGMENT, IGNORED FOR OVERLAY PROCESS
    SEGMENT: ?PR?_GETJY901MAGNETIC?MPU9250_SBUF

*** WARNING L16: UNCALLED SEGMENT, IGNORED FOR OVERLAY PROCESS
    SEGMENT: ?PR?_SETRELAY?RELAY

*** WARNING L16: UNCALLED SEGMENT, IGNORED FOR OVERLAY PROCESS
    SEGMENT: ?PR?_UNSETRELAY?RELAY

*** WARNING L16: UNCALLED SEGMENT, IGNORED FOR OVERLAY PROCESS
    SEGMENT: ?PR?RELAY_INIT?RELAY

*** WARNING L16: UNCALLED SEGMENT, IGNORED FOR OVERLAY PROCESS
    SEGMENT: ?PR?INIT_TM1638?TM1638

*** WARNING L16: UNCALLED SEGMENT, IGNORED FOR OVERLAY PROCESS
    SEGMENT: ?PR?_TM1638LEDDISPLAY?TM1638

*** WARNING L16: UNCALLED SEGMENT, IGNORED FOR OVERLAY PROCESS
    SEGMENT: ?PR?CLOSETM1638DISPLAY?TM1638

*** WARNING L16: UNCALLED SEGMENT, IGNORED FOR OVERLAY PROCESS
    SEGMENT: ?PR?_ADC_POWERCONTROL?ADC

*** WARNING L16: UNCALLED SEGMENT, IGNORED FOR OVERLAY PROCESS
    SEGMENT: ?PR?_EEPROM_READ_N?STC15_EEPROM

*** WARNING L16: UNCALLED SEGMENT, IGNORED FOR OVERLAY PROCESS
    SEGMENT: ?PR?_EEPROM_SECTORERASE?STC15_EEPROM

*** WARNING L16: UNCALLED SEGMENT, IGNORED FOR OVERLAY PROCESS
    SEGMENT: ?PR?_EEPROM_WRITE_N?STC15_EEPROM

*** WARNING L16: UNCALLED SEGMENT, IGNORED FOR OVERLAY PROCESS
    SEGMENT: ?PR?_EXT_INILIZE?STC15_EXTI
BL51 BANKED LINKER/LOCATER V6.00                                                      08/03/2017  10:04:17  PAGE 120



*** WARNING L16: UNCALLED SEGMENT, IGNORED FOR OVERLAY PROCESS
    SEGMENT: ?PR?_SETPINSTATE?GPIO

*** WARNING L16: UNCALLED SEGMENT, IGNORED FOR OVERLAY PROCESS
    SEGMENT: ?PR?_IIC_WRDATTOADD?STC15_IIC

*** WARNING L16: UNCALLED SEGMENT, IGNORED FOR OVERLAY PROCESS
    SEGMENT: ?PR?_IIC_RDDATFROMADD?STC15_IIC

*** WARNING L16: UNCALLED SEGMENT, IGNORED FOR OVERLAY PROCESS
    SEGMENT: ?PR?_PWMN_UPDATE?PCA

*** WARNING L16: UNCALLED SEGMENT, IGNORED FOR OVERLAY PROCESS
    SEGMENT: ?PR?_PCA_INIT?PCA

*** WARNING L16: UNCALLED SEGMENT, IGNORED FOR OVERLAY PROCESS
    SEGMENT: ?PR?_PWMOUTPUT?PCA

*** WARNING L16: UNCALLED SEGMENT, IGNORED FOR OVERLAY PROCESS
    SEGMENT: ?PR?_GET_PWM_PERIOD?STC15_PWM

*** WARNING L16: UNCALLED SEGMENT, IGNORED FOR OVERLAY PROCESS
    SEGMENT: ?PR?_GET_PWM_N_DUTY?STC15_PWM

*** WARNING L16: UNCALLED SEGMENT, IGNORED FOR OVERLAY PROCESS
    SEGMENT: ?PR?_GETPWM_DIV?STC15_PWM

*** WARNING L16: UNCALLED SEGMENT, IGNORED FOR OVERLAY PROCESS
    SEGMENT: ?PR?OPEN_PWM_ALL?STC15_PWM

*** WARNING L16: UNCALLED SEGMENT, IGNORED FOR OVERLAY PROCESS
    SEGMENT: ?PR?CLOSE_PWM_ALL?STC15_PWM

*** WARNING L16: UNCALLED SEGMENT, IGNORED FOR OVERLAY PROCESS
    SEGMENT: ?PR?_GET_PWM_N_STATE?STC15_PWM

*** WARNING L16: UNCALLED SEGMENT, IGNORED FOR OVERLAY PROCESS
    SEGMENT: ?PR?_SPI_INIT?STC15_SPI

*** WARNING L16: UNCALLED SEGMENT, IGNORED FOR OVERLAY PROCESS
    SEGMENT: ?PR?_SPI_WRITENBYTETOTXBUF?STC15_SPI

*** WARNING L16: UNCALLED SEGMENT, IGNORED FOR OVERLAY PROCESS
    SEGMENT: ?PR?SPI_TRIGTX?STC15_SPI

*** WARNING L16: UNCALLED SEGMENT, IGNORED FOR OVERLAY PROCESS
    SEGMENT: ?PR?_SPI_SPI_READTHENBYTETORXBUF?STC15_SPI

*** WARNING L16: UNCALLED SEGMENT, IGNORED FOR OVERLAY PROCESS
    SEGMENT: ?PR?_SETTIMEOUT?TIMER

*** WARNING L16: UNCALLED SEGMENT, IGNORED FOR OVERLAY PROCESS
    SEGMENT: ?PR?_GETTIMEROUT?TIMER

*** WARNING L16: UNCALLED SEGMENT, IGNORED FOR OVERLAY PROCESS
    SEGMENT: ?PR?_SETTIMERHERTZ?TIMER
BL51 BANKED LINKER/LOCATER V6.00                                                      08/03/2017  10:04:17  PAGE 121



*** WARNING L16: UNCALLED SEGMENT, IGNORED FOR OVERLAY PROCESS
    SEGMENT: ?PR?_GETTIMERHERTZ?TIMER

*** WARNING L16: UNCALLED SEGMENT, IGNORED FOR OVERLAY PROCESS
    SEGMENT: ?PR?_STOPTIMER?TIMER

*** WARNING L16: UNCALLED SEGMENT, IGNORED FOR OVERLAY PROCESS
    SEGMENT: ?PR?_ISSTOPPED?TIMER

*** WARNING L16: UNCALLED SEGMENT, IGNORED FOR OVERLAY PROCESS
    SEGMENT: ?PR?_ONRESTARTTIMER?TIMER

*** WARNING L16: UNCALLED SEGMENT, IGNORED FOR OVERLAY PROCESS
    SEGMENT: ?PR?GETMICROS?TIMER

*** WARNING L16: UNCALLED SEGMENT, IGNORED FOR OVERLAY PROCESS
    SEGMENT: ?PR?GETMILLIS?TIMER

*** WARNING L16: UNCALLED SEGMENT, IGNORED FOR OVERLAY PROCESS
    SEGMENT: ?PR?GETSECONDS?TIMER

*** WARNING L16: UNCALLED SEGMENT, IGNORED FOR OVERLAY PROCESS
    SEGMENT: ?PR?GETMINUTES?TIMER

*** WARNING L16: UNCALLED SEGMENT, IGNORED FOR OVERLAY PROCESS
    SEGMENT: ?PR?GETHOURS?TIMER

*** WARNING L16: UNCALLED SEGMENT, IGNORED FOR OVERLAY PROCESS
    SEGMENT: ?PR?GETDAYS?TIMER

*** WARNING L16: UNCALLED SEGMENT, IGNORED FOR OVERLAY PROCESS
    SEGMENT: ?PR?_PRINTSTRING2?USART1

*** WARNING L16: UNCALLED SEGMENT, IGNORED FOR OVERLAY PROCESS
    SEGMENT: ?PR?_PRINTSTRING3?USART1

*** WARNING L16: UNCALLED SEGMENT, IGNORED FOR OVERLAY PROCESS
    SEGMENT: ?PR?_PRINTSTRING4?USART1

*** WARNING L15: MULTIPLE CALL TO SEGMENT
    SEGMENT: ?PR?_DATASCOPE_GET_CHANNEL_DATA?DATASCOPE_DP
    CALLER1: ?PR?PRINTANGLEDATA?ABSTASK
    CALLER2: ?PR?PRINTADS1115?ABSTASK

*** WARNING L15: MULTIPLE CALL TO SEGMENT
    SEGMENT: ?PR?_FLOAT2BYTE?DATASCOPE_DP
    CALLER1: ?PR?PRINTANGLEDATA?ABSTASK
    CALLER2: ?PR?PRINTADS1115?ABSTASK

*** WARNING L15: MULTIPLE CALL TO SEGMENT
    SEGMENT: ?PR?_SENDSCOPEDATA?DATASCOPE_DP
    CALLER1: ?PR?PRINTANGLEDATA?ABSTASK
    CALLER2: ?PR?PRINTADS1115?ABSTASK

******************************************************************************
* RESTRICTED VERSION WITH FFFFH BYTE CODE SIZE LIMIT; USED: 59FAH BYTE (35%) *
BL51 BANKED LINKER/LOCATER V6.00                                                      08/03/2017  10:04:17  PAGE 122


******************************************************************************

Program Size: data=105.3 xdata=1812 code=27444
LINK/LOCATE RUN COMPLETE.  123 WARNING(S),  0 ERROR(S)
