BL51 BANKED LINKER/LOCATER V6.00                                                        08/07/2017  18:56:55  PAGE 1


BL51 BANKED LINKER/LOCATER V6.00, INVOKED BY:
C:\KEIL_V5\C51\BIN\BL51.EXE .\absTask.obj, .\setup.obj, .\mode.obj, .\FILTER.obj, .\PID.obj, .\DataScope_DP.obj, .\BUTTO
>> N.obj, .\LCD5510_V2.obj, .\LED.obj, .\MOTOR.obj, .\SERVO.obj, .\STEP_MOTOR.obj, .\ANGLE.obj, .\phSensor.obj, .\liquid
>> ometer.obj, .\speaker.obj, .\fixedPulser.obj, .\MT_1_L298N.obj, .\MPU9250_SBUF.obj, .\RELAY.obj, .\TM1638.obj, .\ADS1
>> 115.obj, .\74HC595.obj, .\hc_sr04.obj, .\NRF24L01.obj, .\ADC.obj, .\delay.obj, .\stc15_eeprom.obj, .\stc15_exti.obj, 
>> .\GPIO.obj, .\stc15_iic.obj, .\PCA.obj, .\stc15_pwm.obj, .\stc15_spi.obj, .\timer.obj, .\USART1.obj, .\Conf_tny.obj T
>> O 电子大赛程序框架 RTX51TINY RAMSIZE (256)


MEMORY MODEL: LARGE WITH FLOATING POINT ARITHMETIC


INPUT MODULES INCLUDED:
  .\absTask.obj (ABSTASK)
  .\setup.obj (SETUP)
  .\mode.obj (MODE)
  .\FILTER.obj (FILTER)
  .\PID.obj (PID)
  .\DataScope_DP.obj (DATASCOPE_DP)
  .\BUTTON.obj (BUTTON)
  .\LCD5510_V2.obj (LCD5510_V2)
  .\LED.obj (LED)
  .\MOTOR.obj (MOTOR)
  .\SERVO.obj (SERVO)
  .\STEP_MOTOR.obj (STEP_MOTOR)
  .\ANGLE.obj (ANGLE)
  .\phSensor.obj (PHSENSOR)
  .\liquidometer.obj (LIQUIDOMETER)
  .\speaker.obj (SPEAKER)
  .\fixedPulser.obj (FIXEDPULSER)
  .\MT_1_L298N.obj (MT_1_L298N)
  .\MPU9250_SBUF.obj (MPU9250_SBUF)
  .\RELAY.obj (RELAY)
  .\TM1638.obj (TM1638)
  .\ADS1115.obj (ADS1115)
  .\74HC595.obj (74HC595)
  .\hc_sr04.obj (HC_SR04)
  .\NRF24L01.obj (NRF24L01)
  .\ADC.obj (ADC)
  .\delay.obj (DELAY)
  .\stc15_eeprom.obj (STC15_EEPROM)
  .\stc15_exti.obj (STC15_EXTI)
  .\GPIO.obj (GPIO)
  .\stc15_iic.obj (STC15_IIC)
  .\PCA.obj (PCA)
  .\stc15_pwm.obj (STC15_PWM)
  .\stc15_spi.obj (STC15_SPI)
  .\timer.obj (TIMER)
  .\USART1.obj (USART1)
  .\Conf_tny.obj (?RTX51_TINY_KERNAL)
  C:\KEIL_V5\C51\LIB\RTX51TNY.LIB (?RTX51_TINY_OS_CREATE)
  C:\KEIL_V5\C51\LIB\RTX51TNY.LIB (?RTX51_TINY_OS_DELETE)
  C:\KEIL_V5\C51\LIB\RTX51TNY.LIB (?RTX51_TINY_OS_WAIT)
  C:\KEIL_V5\C51\LIB\C51FPL.LIB (?C?FPADD)
  C:\KEIL_V5\C51\LIB\C51FPL.LIB (?C?FPMUL)
  C:\KEIL_V5\C51\LIB\C51FPL.LIB (?C?FPDIV)
  C:\KEIL_V5\C51\LIB\C51FPL.LIB (?C?FPCMP)
  C:\KEIL_V5\C51\LIB\C51FPL.LIB (?C?FCAST)
BL51 BANKED LINKER/LOCATER V6.00                                                      08/07/2017  18:56:55  PAGE 2


  C:\KEIL_V5\C51\LIB\C51FPL.LIB (?C?CASTF)
  C:\KEIL_V5\C51\LIB\C51FPL.LIB (PRINTF)
  C:\KEIL_V5\C51\LIB\C51FPL.LIB (FABS)
  C:\KEIL_V5\C51\LIB\C51FPL.LIB (?C?FPGETOPN)
  C:\KEIL_V5\C51\LIB\C51FPL.LIB (?C?FPROUND)
  C:\KEIL_V5\C51\LIB\C51FPL.LIB (?C?FPCONVERT)
  C:\KEIL_V5\C51\LIB\C51FPL.LIB (?C?FTNPWR)
  C:\KEIL_V5\C51\LIB\C51L.LIB (?C_STARTUP)
  C:\KEIL_V5\C51\LIB\C51L.LIB (?C?COPY)
  C:\KEIL_V5\C51\LIB\C51L.LIB (?C?CLDPTR)
  C:\KEIL_V5\C51\LIB\C51L.LIB (?C?CLDOPTR)
  C:\KEIL_V5\C51\LIB\C51L.LIB (?C?CSTPTR)
  C:\KEIL_V5\C51\LIB\C51L.LIB (?C?CSTOPTR)
  C:\KEIL_V5\C51\LIB\C51L.LIB (?C?IMUL)
  C:\KEIL_V5\C51\LIB\C51L.LIB (?C?UIDIV)
  C:\KEIL_V5\C51\LIB\C51L.LIB (?C?IILDX)
  C:\KEIL_V5\C51\LIB\C51L.LIB (?C?ILDIX)
  C:\KEIL_V5\C51\LIB\C51L.LIB (?C?ILDPTR)
  C:\KEIL_V5\C51\LIB\C51L.LIB (?C?ILDOPTR)
  C:\KEIL_V5\C51\LIB\C51L.LIB (?C?LMUL)
  C:\KEIL_V5\C51\LIB\C51L.LIB (?C?ULDIV)
  C:\KEIL_V5\C51\LIB\C51L.LIB (?C?SLDIV)
  C:\KEIL_V5\C51\LIB\C51L.LIB (?C?LNEG)
  C:\KEIL_V5\C51\LIB\C51L.LIB (?C?SLCMP)
  C:\KEIL_V5\C51\LIB\C51L.LIB (?C?ULCMP)
  C:\KEIL_V5\C51\LIB\C51L.LIB (?C?ULSHR)
  C:\KEIL_V5\C51\LIB\C51L.LIB (?C?LLDPTR)
  C:\KEIL_V5\C51\LIB\C51L.LIB (?C?LLDOPTR)
  C:\KEIL_V5\C51\LIB\C51L.LIB (?C?LLDOPTR0)
  C:\KEIL_V5\C51\LIB\C51L.LIB (?C?LSTXDATA)
  C:\KEIL_V5\C51\LIB\C51L.LIB (?C?LSTKXDATA)
  C:\KEIL_V5\C51\LIB\C51L.LIB (?C?OFFXADD)
  C:\KEIL_V5\C51\LIB\C51L.LIB (?C?PLDIXDATA)
  C:\KEIL_V5\C51\LIB\C51L.LIB (?C?PSTXDATA)
  C:\KEIL_V5\C51\LIB\C51L.LIB (?C?PLDPTR)
  C:\KEIL_V5\C51\LIB\C51L.LIB (?C?CCASE)
  C:\KEIL_V5\C51\LIB\C51L.LIB (?C?ICALL)
  C:\KEIL_V5\C51\LIB\C51L.LIB (PUTCHAR)
  C:\KEIL_V5\C51\LIB\C51L.LIB (ABS)
  C:\KEIL_V5\C51\LIB\C51L.LIB (LABS)
  C:\KEIL_V5\C51\LIB\C51L.LIB (MALLOC)
  C:\KEIL_V5\C51\LIB\C51L.LIB (FREE)
  C:\KEIL_V5\C51\LIB\C51L.LIB (?C_INIT)
  C:\KEIL_V5\C51\LIB\C51L.LIB (?C?LLDIDATA)
  C:\KEIL_V5\C51\LIB\C51L.LIB (?C?LLDXDATA)
  C:\KEIL_V5\C51\LIB\C51L.LIB (?C?LLDPDATA)
  C:\KEIL_V5\C51\LIB\C51L.LIB (?C?LLDCODE)
  C:\KEIL_V5\C51\LIB\C51L.LIB (?C?LLDIDATA0)
  C:\KEIL_V5\C51\LIB\C51L.LIB (?C?LLDXDATA0)
  C:\KEIL_V5\C51\LIB\C51L.LIB (?C?LLDPDATA0)
  C:\KEIL_V5\C51\LIB\C51L.LIB (?C?LLDCODE0)
  C:\KEIL_V5\C51\LIB\C51L.LIB (?C?PLDIDATA)
  C:\KEIL_V5\C51\LIB\C51L.LIB (?C?PLDXDATA)
  C:\KEIL_V5\C51\LIB\C51L.LIB (?C?PLDPDATA)
  C:\KEIL_V5\C51\LIB\C51L.LIB (?C?PLDCODE)
  C:\KEIL_V5\C51\LIB\C51L.LIB (INIT_MEM)

BL51 BANKED LINKER/LOCATER V6.00                                                      08/07/2017  18:56:55  PAGE 3



TASK TABLE OF MODULE:  电子大赛程序框架 (ABSTASK)

TASKID   PRIORITY   REG-BANK   SEGMENT NAME
-------------------------------------------
0        0          0          ?PR?TASKSTART?ABSTASK
1        0          0          ?PR?PRINTANGLEDATA?ABSTASK
2        0          0          ?PR?DATAUPDATE?ABSTASK
3        0          0          ?PR?PRINTADS1115?ABSTASK
4        0          0          ?PR?ABUTTONSCAN?ABSTASK
5        0          0          ?PR?PRINTDISTANCE?ABSTASK
6        0          0          ?PR?DISTANCEUPDATA?ABSTASK
7        0          0          ?PR?PRINTFBUTTON?ABSTASK
8        0          0          ?PR?BUZZ?ABSTASK
10       0          0          ?PR?BUTTONSOUND?ABSTASK
12       0          0          ?PR?DISTANCE?ABSTASK



LINK MAP OF MODULE:  电子大赛程序框架 (ABSTASK)


            TYPE    BASE      LENGTH    RELOCATION   SEGMENT NAME
            -----------------------------------------------------

            * * * * * * *   D A T A   M E M O R Y   * * * * * * *
            REG     0000H     0008H     ABSOLUTE     "REG BANK 0"
            DATA    0008H     0006H     ABSOLUTE     
            DATA    000EH     0008H     UNIT         ?DT?TM1638
            DATA    0016H     0005H     UNIT         _DATA_GROUP_
                    001BH     0005H                  *** GAP ***
            DATA    0020H     0001H     BIT_ADDR     ?BA?STC15_SPI
            BIT     0021H.0   0001H.2   UNIT         _BIT_GROUP_
            BIT     0022H.2   0000H.3   UNIT         ?BI?PCA
            BIT     0022H.5   0000H.2   UNIT         ?BI?FIXEDPULSER
            BIT     0022H.7   0000H.1   UNIT         ?BI?LED
            BIT     0023H.0   0000H.1   UNIT         ?BI?_SETSTEPMOTORDIVERSION?STEP_MOTOR
            BIT     0023H.1   0000H.1   UNIT         ?BI?GETANGLE?ANGLE
            BIT     0023H.2   0000H.1   UNIT         ?BI?_SETPINSTATE?GPIO
            BIT     0023H.3   0000H.1   UNIT         ?RTX?BITS
                    0023H.4   0000H.4                *** GAP ***
            IDATA   0024H     001AH     UNIT         ?RTX?TASKSTATE?S
            IDATA   003EH     000DH     UNIT         ?RTX?TASKSP?S
            IDATA   004BH     0001H     UNIT         ?STACK

            * * * * * * *  X D A T A   M E M O R Y  * * * * * * *
            XDATA   0000H     0290H     UNIT         ?XD?USART1
            XDATA   0290H     01E3H     UNIT         _XDATA_GROUP_
            XDATA   0473H     01A6H     UNIT         ?XD?FILTER
            XDATA   0619H     00A3H     UNIT         ?XD?MPU9250_SBUF
            XDATA   06BCH     0082H     UNIT         ?XD?PID
            XDATA   073EH     0053H     UNIT         ?XD?_USART1_PRINTF?USART1
            XDATA   0791H     004AH     UNIT         ?XD?SERVO
            XDATA   07DBH     003CH     UNIT         ?XD?STC15_PWM
            XDATA   0817H     002EH     UNIT         ?XD?_COPESERIALDATA?MPU9250_SBUF
            XDATA   0845H     002AH     UNIT         ?XD?DATASCOPE_DP
            XDATA   086FH     0021H     UNIT         ?XD?_INIT_STR_MOTOR?SERVO
BL51 BANKED LINKER/LOCATER V6.00                                                      08/07/2017  18:56:55  PAGE 4


            XDATA   0890H     0020H     UNIT         ?XD?HC_SR04
            XDATA   08B0H     001CH     UNIT         ?XD?STEP_MOTOR
            XDATA   08CCH     0018H     UNIT         ?XD?FIXEDPULSER
            XDATA   08E4H     0016H     UNIT         ?XD?_PWM_INIT?STC15_PWM
            XDATA   08FAH     0016H     UNIT         ?XD?TIMER
            XDATA   0910H     0015H     UNIT         ?XD?GETANGLE?ANGLE
            XDATA   0925H     0015H     UNIT         ?XD?PCA
            XDATA   093AH     0014H     UNIT         ?XD?_ITOA?USART1
            XDATA   094EH     0013H     UNIT         ?XD?_NIXIELEDLIGHT?TM1638
            XDATA   0961H     0012H     UNIT         ?XD?DC_MOTOR_CONFIG?MOTOR
            XDATA   0973H     0010H     UNIT         ?XD?BUTTON
            XDATA   0983H     0010H     UNIT         ?XD?ADS1115
            XDATA   0993H     000EH     UNIT         ?XD?_STEPMOTOR_INIT?STEP_MOTOR
            XDATA   09A1H     000EH     UNIT         ?XD?_TM1638LEDDISPLAY?TM1638
            XDATA   09AFH     000DH     UNIT         ?XD?_PID_CONFIG?PID
            XDATA   09BCH     000BH     UNIT         ?XD?_LCD_PRINTNUM_F?LCD5510_V2
            XDATA   09C7H     000AH     UNIT         ?XD?RELAY
            XDATA   09D1H     000AH     UNIT         ?XD?NRF24L01
            XDATA   09DBH     0009H     UNIT         ?XD?_SET_STR_ANGLE?SERVO
            XDATA   09E4H     0008H     UNIT         ?XD?ANGLE
            XDATA   09ECH     0008H     UNIT         ?XD?INIT_MEM
            XDATA   09F4H     0007H     UNIT         ?XD?_SETSTEPMOTORWITHPULSE?STEP_MOTOR
            XDATA   09FBH     0007H     UNIT         ?XD?_SETSTEPMOTORWITHDISTANCE?STEP_MOTOR
            XDATA   0A02H     0007H     UNIT         ?XD?_SETSTEPMOTORWITHANGLE?STEP_MOTOR
            XDATA   0A09H     0007H     UNIT         ?XD?_EEPROM_READ_N?STC15_EEPROM
            XDATA   0A10H     0007H     UNIT         ?XD?_EEPROM_WRITE_N?STC15_EEPROM
            XDATA   0A17H     0006H     UNIT         ?XD?_CHARTOLONG?MPU9250_SBUF
            XDATA   0A1DH     0006H     UNIT         ?XD?_IIC_WRDATTOADD?STC15_IIC
            XDATA   0A23H     0006H     UNIT         ?XD?_IIC_RDDATFROMADD?STC15_IIC
            XDATA   0A29H     0006H     UNIT         ?XD?_SPI_WRITE_BUF?STC15_SPI
            XDATA   0A2FH     0005H     UNIT         ?XD?_SETPARAMETERINFERIORLIMIT?PID
            XDATA   0A34H     0005H     UNIT         ?XD?_SETPARAMETERUPPERLIMIT?PID
            XDATA   0A39H     0005H     UNIT         ?XD?_SETACTUALPARAMETER?PID
            XDATA   0A3EH     0005H     UNIT         ?XD?_SETKI?PID
            XDATA   0A43H     0005H     UNIT         ?XD?_SETKP?PID
            XDATA   0A48H     0005H     UNIT         ?XD?_SETKD?PID
            XDATA   0A4DH     0005H     UNIT         ?XD?_SETPARAMETER?PID
            XDATA   0A52H     0005H     UNIT         ?XD?_SETMAXERROR?PID
            XDATA   0A57H     0005H     UNIT         ?XD?_LCD_PRINTS?LCD5510_V2
            XDATA   0A5CH     0005H     UNIT         ?XD?_SETDC_MOTORSPEED?MOTOR
            XDATA   0A61H     0005H     UNIT         ?XD?_SET_PWM_DUTY?STC15_PWM
            XDATA   0A66H     0005H     UNIT         ?XD?_SPI_READ_BUF?STC15_SPI
            XDATA   0A6BH     0004H     UNIT         ?XD?MOTOR
            XDATA   0A6FH     0004H     UNIT         ?XD?_HC595_INIT?74HC595
            XDATA   0A73H     0004H     UNIT         ?XD?_NRF24L01_RXPACKET?NRF24L01
            XDATA   0A77H     0003H     UNIT         ?XD?_INTEGRAL_SEPARA_PID?PID
            XDATA   0A7AH     0003H     UNIT         ?XD?_ANTI_WINDUP_PID?PID
            XDATA   0A7DH     0003H     UNIT         ?XD?_TRAPEZOIDAL_INTEGRAL_PID?PID
            XDATA   0A80H     0003H     UNIT         ?XD?_NRF24L01_TXPACKET?NRF24L01
            XDATA   0A83H     0003H     UNIT         ?XD?_PCA_INIT?PCA
            XDATA   0A86H     0003H     UNIT         ?XD?_PWMOUTPUT?PCA
            XDATA   0A89H     0002H     UNIT         ?XD?_SETSTEPMOTORWITHROUND?STEP_MOTOR
            XDATA   0A8BH     0002H     UNIT         ?XD?_SETSPEAKERPERIOD?SPEAKER
            XDATA   0A8DH     0002H     UNIT         ?XD?_SETLENGTH?SPEAKER
            XDATA   0A8FH     0002H     UNIT         ?XD?RELAY_INIT?RELAY
            XDATA   0A91H     0002H     UNIT         ?XD?_SET_PWM_PERIOD?STC15_PWM
            XDATA   0A93H     0002H     UNIT         ?XD?_PWM_INILIZE?STC15_PWM
BL51 BANKED LINKER/LOCATER V6.00                                                      08/07/2017  18:56:55  PAGE 5


            XDATA   0A95H     0001H     UNIT         ?XD?_POSITION_PID?PID
            XDATA   0A96H     0001H     UNIT         ?XD?_INCREMENTAL_PID?PID
            XDATA   0A97H     0001H     UNIT         ?XD?_POSCLASSPID?PID
            XDATA   0A98H     0001H     UNIT         ?XD?_BOARD_LED_PWM?LED
            XDATA   0A99H     0001H     UNIT         ?XD?_OPEN_DC_MOTOR?MOTOR
            XDATA   0A9AH     0001H     UNIT         ?XD?_CLOSE_DC_MOTOR?MOTOR
            XDATA   0A9BH     0001H     UNIT         ?XD?_OPEN_STR?SERVO
            XDATA   0A9CH     0001H     UNIT         ?XD?_CLOSE_STR?SERVO
            XDATA   0A9DH     0001H     UNIT         ?XD?_CLOSE_STEPMOTOR?STEP_MOTOR
            XDATA   0A9EH     0001H     UNIT         ?XD?_OPEN_SPEAKER?SPEAKER
            XDATA   0A9FH     0001H     UNIT         ?XD?_CLOSE_SPEAKER?SPEAKER
            XDATA   0AA0H     0001H     UNIT         ?XD?_HC595SENDDATA?74HC595
            XDATA   0AA1H     0001H     UNIT         ?XD?_NRF24L01_INIT?NRF24L01
            XDATA   0AA2H     0001H     UNIT         ?XD?_CHOICEHALFDUPLEXMODE?NRF24L01

            * * * * * * *   C O D E   M E M O R Y   * * * * * * *
            CODE    0000H     0003H     ABSOLUTE     
            CODE    0003H     0003H     ABSOLUTE     
                    0006H     0005H                  *** GAP ***
            CODE    000BH     0003H     ABSOLUTE     
                    000EH     0005H                  *** GAP ***
            CODE    0013H     0003H     ABSOLUTE     
                    0016H     000DH                  *** GAP ***
            CODE    0023H     0003H     ABSOLUTE     
                    0026H     0005H                  *** GAP ***
            CODE    002BH     0003H     ABSOLUTE     
                    002EH     000DH                  *** GAP ***
            CODE    003BH     0003H     ABSOLUTE     
                    003EH     0005H                  *** GAP ***
            CODE    0043H     0003H     ABSOLUTE     
                    0046H     000DH                  *** GAP ***
            CODE    0053H     0003H     ABSOLUTE     
                    0056H     0005H                  *** GAP ***
            CODE    005BH     0003H     ABSOLUTE     
                    005EH     0005H                  *** GAP ***
            CODE    0063H     0003H     ABSOLUTE     
                    0066H     001DH                  *** GAP ***
            CODE    0083H     0003H     ABSOLUTE     
                    0086H     0005H                  *** GAP ***
            CODE    008BH     0003H     ABSOLUTE     
                    008EH     0005H                  *** GAP ***
            CODE    0093H     0003H     ABSOLUTE     
                    0096H     0005H                  *** GAP ***
            CODE    009BH     0003H     ABSOLUTE     
                    009EH     0005H                  *** GAP ***
            CODE    00A3H     0003H     ABSOLUTE     
                    00A6H     075AH                  *** GAP ***
            CODE    0800H     0B0DH     UNIT         ?C?LIB_CODE
            CODE    130DH     06E0H     UNIT         ?PR?_USART_CONFIGURATION?USART1
            CODE    19EDH     049AH     UNIT         ?PR?_COPESERIALDATA?MPU9250_SBUF
            CODE    1E87H     0483H     UNIT         ?PR?PRINTF?PRINTF
            CODE    230AH     03E1H     UNIT         ?PR?_TRAPEZOIDAL_INTEGRAL_PID?PID
            CODE    26EBH     03D8H     UNIT         ?PR?_ANTI_WINDUP_PID?PID
            CODE    2AC3H     039AH     UNIT         ?PR?_PWM_INILIZE?STC15_PWM
            CODE    2E5DH     0393H     UNIT         ?PR?_NIXIELEDLIGHT?TM1638
            CODE    31F0H     033AH     UNIT         ?PR?_USART1_PRINTF?USART1
            CODE    352AH     02E3H     UNIT         ?RTX?CODE
BL51 BANKED LINKER/LOCATER V6.00                                                      08/07/2017  18:56:55  PAGE 6


            CODE    380DH     026AH     UNIT         ?CO?LCD5510_V2
            CODE    3A77H     0252H     UNIT         ?PR?_TIMER_INILIZE?TIMER
            CODE    3CC9H     0246H     UNIT         ?PR?_INTEGRAL_SEPARA_PID?PID
            CODE    3F0FH     01DCH     UNIT         ?PR?_POSITION_PID?PID
            CODE    40EBH     01D4H     UNIT         ?PR?_INIT_STR_MOTOR?SERVO
            CODE    42BFH     01CBH     UNIT         ?PR?_FILTER?FILTER
            CODE    448AH     01C4H     UNIT         ?PR?_GPIO_INILIZE?GPIO
            CODE    464EH     01A0H     UNIT         ?PR?_INCREMENTAL_PID?PID
            CODE    47EEH     019FH     UNIT         ?PR?_PCA_INIT?PCA
            CODE    498DH     0198H     UNIT         ?PR?_TM1638LEDDISPLAY?TM1638
            CODE    4B25H     0183H     UNIT         ?PR?_ITOA?USART1
            CODE    4CA8H     016DH     UNIT         ?PR?DISTANCE?ABSTASK
            CODE    4E15H     0152H     UNIT         ?PR?_KALMANFILTER?FILTER
            CODE    4F67H     0146H     UNIT         ?PR?_PID_CONFIG?PID
            CODE    50ADH     013EH     UNIT         ?PR?_FREE?FREE
            CODE    51EBH     013DH     UNIT         ?PR?_PWMOUTPUT?PCA
            CODE    5328H     013BH     UNIT         ?PR?GETBUTTONNUM?TM1638
            CODE    5463H     0134H     UNIT         ?PR?_DATASCOPE_GET_CHANNEL_DATA?DATASCOPE_DP
            CODE    5597H     0116H     UNIT         ?PR?_SET_STR_ANGLE?SERVO
            CODE    56ADH     00FAH     UNIT         ?PR?_NRF24L01_INIT?NRF24L01
            CODE    57A7H     00ECH     UNIT         ?PR?_SETPULSE?FIXEDPULSER
            CODE    5893H     00E4H     UNIT         ?PR?_SET_PWM_DUTY?STC15_PWM
            CODE    5977H     00D4H     UNIT         ?C_INITSEG
            CODE    5A4BH     00D1H     UNIT         ?PR?_MALLOC?MALLOC
            CODE    5B1CH     00CEH     UNIT         ?PR?DISTANCEUPDATA?ABSTASK
            CODE    5BEAH     00C7H     UNIT         ?PR?_SETSTEPMOTORWITHDISTANCE?STEP_MOTOR
            CODE    5CB1H     00C2H     UNIT         ?PR?_BUZZ?SPEAKER
            CODE    5D73H     00B6H     UNIT         ?PR?_EXT_INILIZE?STC15_EXTI
            CODE    5E29H     00B4H     UNIT         ?PR?_MOVINGAVERAGEFILTER?FILTER
            CODE    5EDDH     00AFH     UNIT         ?PR?UART1_INT?USART1
            CODE    5F8CH     00AEH     UNIT         ?PR?_PWMN_UPDATE?PCA
            CODE    603AH     00AAH     UNIT         ?PR?_FLOAT2BYTE?DATASCOPE_DP
            CODE    60E4H     00A5H     UNIT         ?PR?_DATASCOPE_DATA_GENERATE?DATASCOPE_DP
            CODE    6189H     00A3H     UNIT         ?PR?PCA_HANDLER?PCA
            CODE    622CH     009FH     UNIT         ?PR?_STEPMOTOR_INIT?STEP_MOTOR
            CODE    62CBH     009AH     UNIT         ?PR?_PWM_SET_T12_PERIOD?STC15_PWM
            CODE    6365H     0093H     UNIT         ?PR?_CHARTOLONG?MPU9250_SBUF
            CODE    63F8H     0092H     UNIT         ?PR?_SETDC_MOTORSPEED?MOTOR
            CODE    648AH     008CH     UNIT         ?C_C51STARTUP
            CODE    6516H     008AH     UNIT         ?PR?_SHUDDERINGFILTER?FILTER
            CODE    65A0H     0086H     UNIT         ?PR?_RELAYKEYCHANGE?RELAY
            CODE    6626H     0085H     UNIT         ?PR?UART2_INT?USART1
            CODE    66ABH     0085H     UNIT         ?PR?UART3_INT?USART1
            CODE    6730H     0085H     UNIT         ?PR?UART4_INT?USART1
            CODE    67B5H     007CH     UNIT         ?PR?TIMERINIT?TIMER
            CODE    6831H     007BH     UNIT         ?PR?PULSER_1INT?FIXEDPULSER
            CODE    68ACH     007BH     UNIT         ?PR?PULSER_2INT?FIXEDPULSER
            CODE    6927H     0079H     UNIT         ?PR?GETANGLE?ANGLE
            CODE    69A0H     0070H     UNIT         ?PR?_LCD_PRINTNUM_F?LCD5510_V2
            CODE    6A10H     006BH     UNIT         ?PR?DC_MOTOR_CONFIG?MOTOR
            CODE    6A7BH     0069H     UNIT         ?PR?PRINTADS1115?ABSTASK
            CODE    6AE4H     0069H     UNIT         ?PR?EXT_INT0?HC_SR04
            CODE    6B4DH     0065H     UNIT         ?PR?_LCD_PRINTNUM_I?LCD5510_V2
            CODE    6BB2H     0065H     UNIT         ?PR?_SETSTEPMOTORWITHANGLE?STEP_MOTOR
            CODE    6C17H     0063H     UNIT         ?PR?_LIMITINGFILTER?FILTER
            CODE    6C7AH     0062H     UNIT         ?PR?TEST?SETUP
            CODE    6CDCH     0061H     UNIT         ?PR?_SET_PWM_PERIOD?STC15_PWM
BL51 BANKED LINKER/LOCATER V6.00                                                      08/07/2017  18:56:55  PAGE 7


            CODE    6D3DH     005EH     UNIT         ?PR?_GET_ADC10BITRESULT?ADC
            CODE    6D9BH     005BH     UNIT         ?PR?DATAUPDATE?ABSTASK
            CODE    6DF6H     0059H     UNIT         ?PR?SETUP?SETUP
            CODE    6E4FH     0057H     UNIT         ?PR?_PWM_INIT?STC15_PWM
            CODE    6EA6H     0054H     UNIT         ?PR?_LCD_PRINTSL?LCD5510_V2
            CODE    6EFAH     0053H     UNIT         ?PR?_ADC_INILIZE?ADC
            CODE    6F4DH     0053H     UNIT         ?PR?_IIC_RDDATFROMADD?STC15_IIC
            CODE    6FA0H     0052H     UNIT         ?PR?_NRF24L01_RXPACKET?NRF24L01
            CODE    6FF2H     0050H     UNIT         ?PR?PRINTFBUTTON?ABSTASK
            CODE    7042H     004AH     UNIT         ?PR?_GETJY901ACCELERATION?MPU9250_SBUF
            CODE    708CH     004AH     UNIT         ?PR?_GETJY901PALSTANCE?MPU9250_SBUF
            CODE    70D6H     0048H     UNIT         ?PR?_WRITECONFIGREGISTER?ADS1115
            CODE    711EH     0048H     UNIT         ?PR?TIMER4_INT?TIMER
            CODE    7166H     0047H     UNIT         ?CO?SETUP
            CODE    71ADH     0047H     UNIT         ?PR?GETTM1638READ?TM1638
            CODE    71F4H     0046H     UNIT         ?PR?HC_SR04_INIT?HC_SR04
            CODE    723AH     0045H     UNIT         ?PR?_POSCLASSPID?PID
            CODE    727FH     0044H     UNIT         ?C?LDIV
            CODE    72C3H     0043H     UNIT         ?PR?LCD5510_INIT?LCD5510_V2
            CODE    7306H     0040H     UNIT         ?PR?PRINTANGLEDATA?ABSTASK
            CODE    7346H     0040H     UNIT         ?PR?_SPI_WRITE_BUF?STC15_SPI
            CODE    7386H     003FH     UNIT         ?PR?_EEPROM_READ_N?STC15_EEPROM
            CODE    73C5H     003FH     UNIT         ?PR?_EEPROM_WRITE_N?STC15_EEPROM
            CODE    7404H     003DH     UNIT         ?PR?_LCD_PRINTC?LCD5510_V2
            CODE    7441H     003CH     UNIT         ?PR?_SETTM1638WRITE?TM1638
            CODE    747DH     003CH     UNIT         ?PR?_INIT_MEMPOOL?INIT_MEM
            CODE    74B9H     003BH     UNIT         ?PR?_LCD_PRINTS?LCD5510_V2
            CODE    74F4H     003BH     UNIT         ?PR?_INITJY901?MPU9250_SBUF
            CODE    752FH     003BH     UNIT         ?PR?_CLOSERELAYMODULAR?RELAY
            CODE    756AH     003AH     UNIT         ?PR?_NRF24L01_TXPACKET?NRF24L01
            CODE    75A4H     0039H     UNIT         ?PR?_SETSTEPMOTORWITHROUND?STEP_MOTOR
            CODE    75DDH     0038H     UNIT         ?PR?BUTTONSCAN?BUTTON
            CODE    7615H     0036H     UNIT         ?PR?_GETJY901MAGNETIC?MPU9250_SBUF
            CODE    764BH     0036H     UNIT         ?PR?_IIC_WRDATTOADD?STC15_IIC
            CODE    7681H     0035H     UNIT         ?PR?BUZZ?ABSTASK
            CODE    76B6H     0035H     UNIT         ?PR?_UART1_INIT?SETUP
            CODE    76EBH     0035H     UNIT         ?PR?_SPI_READ_BUF?STC15_SPI
            CODE    7720H     0033H     UNIT         ?PR?READCONVERSIONREGISTER?ADS1115
            CODE    7753H     0032H     UNIT         ?PR?_GETJY901ANGLE?MPU9250_SBUF
            CODE    7785H     0032H     UNIT         ?PR?_CHOICEHALFDUPLEXMODE?NRF24L01
            CODE    77B7H     0031H     UNIT         ?PR?_SENDSCOPEDATA?DATASCOPE_DP
            CODE    77E8H     0031H     UNIT         ?PR?_CLOSERELAYKEY?RELAY
            CODE    7819H     0030H     UNIT         ?PR?_OPENRELAYKEY?RELAY
            CODE    7849H     002FH     UNIT         ?PR?INIT_TM1638?TM1638
            CODE    7878H     002EH     UNIT         ?PR?_DELAY_US?DELAY
            CODE    78A6H     002DH     UNIT         ?PR?PULSERINIT?FIXEDPULSER
            CODE    78D3H     0029H     UNIT         ?PR?_SETTIMEOUT?TIMER
            CODE    78FCH     0028H     UNIT         ?PR?BOARD_LED_INIT?LED
            CODE    7924H     0028H     UNIT         ?PR?_OPEN_PWM_N?STC15_PWM
            CODE    794CH     0028H     UNIT         ?PR?_TX2_WRITE2BUFF?USART1
            CODE    7974H     0028H     UNIT         ?PR?_TX3_WRITE2BUFF?USART1
            CODE    799CH     0028H     UNIT         ?PR?_TX4_WRITE2BUFF?USART1
            CODE    79C4H     0027H     UNIT         ?PR?IIC_RDACK?STC15_IIC
            CODE    79EBH     0027H     UNIT         ?PR?_TX1_WRITE2BUFF?USART1
            CODE    7A12H     0027H     UNIT         ?PR?PUTCHAR?PUTCHAR
            CODE    7A39H     0026H     UNIT         ?PR?_INPUTONEBYTE?STC15_IIC
            CODE    7A5FH     0025H     UNIT         ?PR?_SETSTEPMOTORWITHPULSE?STEP_MOTOR
BL51 BANKED LINKER/LOCATER V6.00                                                      08/07/2017  18:56:55  PAGE 8


            CODE    7A84H     0025H     UNIT         ?PR?_CLOSE_PWM_N?STC15_PWM
            CODE    7AA9H     0024H     UNIT         ?PR?SPEAKER_INIT?SPEAKER
            CODE    7ACDH     0024H     UNIT         ?PR?OUTPUTONEBYTE?STC15_IIC
            CODE    7AF1H     0024H     UNIT         ?PR?_SPI_RW?STC15_SPI
            CODE    7B15H     0022H     UNIT         ?PR?_BLINK?LED
            CODE    7B37H     0021H     UNIT         ?PR?_SETPARAMETERINFERIORLIMIT?PID
            CODE    7B58H     0021H     UNIT         ?PR?_SETPARAMETERUPPERLIMIT?PID
            CODE    7B79H     0021H     UNIT         ?PR?_SETACTUALPARAMETER?PID
            CODE    7B9AH     0021H     UNIT         ?PR?_SETKI?PID
            CODE    7BBBH     0021H     UNIT         ?PR?_SETKP?PID
            CODE    7BDCH     0021H     UNIT         ?PR?_SETKD?PID
            CODE    7BFDH     0021H     UNIT         ?PR?_SETPARAMETER?PID
            CODE    7C1EH     0021H     UNIT         ?PR?_SETMAXERROR?PID
            CODE    7C3FH     0021H     UNIT         ?PR?LCD_CLR_SCR?LCD5510_V2
            CODE    7C60H     0021H     UNIT         ?PR?BUZZSUCCEED?SPEAKER
            CODE    7C81H     0021H     UNIT         ?PR?BUZZFAILED?SPEAKER
            CODE    7CA2H     0021H     UNIT         ?PR?_SETDISTANCE?HC_SR04
            CODE    7CC3H     0020H     UNIT         ?PR?_LCD_WRITE_BYTE?LCD5510_V2
            CODE    7CE3H     0020H     UNIT         ?PR?_OPEN_STR?SERVO
            CODE    7D03H     0020H     UNIT         ?PR?_EEPROM_SECTORERASE?STC15_EEPROM
            CODE    7D23H     001FH     UNIT         ?PR?PRINTDISTANCE?ABSTASK
            CODE    7D42H     001FH     UNIT         ?PR?_CLOSE_STR?SERVO
            CODE    7D61H     001FH     UNIT         ?PR?_SETTM1638COM?TM1638
            CODE    7D80H     001FH     UNIT         ?PR?_UPDATEDISTANCE?HC_SR04
            CODE    7D9FH     001FH     UNIT         ?PR?_PWM_SET_PERIOD?STC15_PWM
            CODE    7DBEH     001FH     UNIT         ?PR?_ISACTIVETIMER?TIMER
            CODE    7DDDH     001FH     UNIT         ?PR?_ISEXPIREDTIMER?TIMER
            CODE    7DFCH     001EH     UNIT         ?PR?_OPEN_DC_MOTOR?MOTOR
            CODE    7E1AH     001EH     UNIT         ?PR?_OPENPULSER?FIXEDPULSER
            CODE    7E38H     001EH     UNIT         ?CO?TM1638
            CODE    7E56H     001EH     UNIT         ?PR?_GETADS1115CONVSIONDATA?ADS1115
            CODE    7E74H     001DH     UNIT         ?PR?_CLOSE_DC_MOTOR?MOTOR
            CODE    7E91H     001DH     UNIT         ?PR?_CLOSE_STEPMOTOR?STEP_MOTOR
            CODE    7EAEH     001DH     UNIT         ?PR?_CLOSEPULSER?FIXEDPULSER
            CODE    7ECBH     001DH     UNIT         ?PR?_ISSTOPPED?TIMER
            CODE    7EE8H     001CH     UNIT         ?PR?_FREESTEPMOTOR?STEP_MOTOR
            CODE    7F04H     001CH     UNIT         ?PR?_LOCKSTEPMOTOR?STEP_MOTOR
            CODE    7F20H     001CH     UNIT         ?PR?_ADC_CONFIG?ANGLE
            CODE    7F3CH     001CH     UNIT         ?PR?_SETTIMERHERTZ?TIMER
            CODE    7F58H     001BH     UNIT         ?PR?_GETBUTTONSTATE?BUTTON
            CODE    7F73H     001BH     UNIT         ?PR?_SETSTEPMOTORDIVERSION?STEP_MOTOR
            CODE    7F8EH     001AH     UNIT         ?PR?_GETPARAMETER?PID
            CODE    7FA8H     001AH     UNIT         ?PR?_GETERR?PID
            CODE    7FC2H     001AH     UNIT         ?PR?_GETERRLAST?PID
            CODE    7FDCH     001AH     UNIT         ?PR?_GETKP?PID
            CODE    7FF6H     001AH     UNIT         ?PR?_GETKI?PID
            CODE    8010H     001AH     UNIT         ?PR?_GETKD?PID
            CODE    802AH     001AH     UNIT         ?PR?_GETOUTPUT?PID
            CODE    8044H     001AH     UNIT         ?PR?_GETINTEGRAL?PID
            CODE    805EH     001AH     UNIT         ?PR?_READ_STR_ANGLE?SERVO
            CODE    8078H     001AH     UNIT         ?PR?_ADS1115_CONFIG?ADS1115
            CODE    8092H     001AH     UNIT         ?PR?_GETDISTANCE?HC_SR04
            CODE    80ACH     001AH     UNIT         ?PR?_GET_PWM_PERIOD?STC15_PWM
            CODE    80C6H     001AH     UNIT         ?PR?_GET_PWM_N_DUTY?STC15_PWM
            CODE    80E0H     001AH     UNIT         ?PR?_GETTIMEROUT?TIMER
            CODE    80FAH     001AH     UNIT         ?PR?_GETTIMERHERTZ?TIMER
            CODE    8114H     001AH     UNIT         ?RTX?TASKENT?S
BL51 BANKED LINKER/LOCATER V6.00                                                      08/07/2017  18:56:55  PAGE 9


            CODE    812EH     0019H     UNIT         ?PR?_INCCLASSPID?PID
            CODE    8147H     0019H     UNIT         ?PR?_HC595_INIT?74HC595
            CODE    8160H     0019H     UNIT         ?PR?_IIC_WRDEVADDANDDATADD?STC15_IIC
            CODE    8179H     0017H     UNIT         ?PR?BUTTON_CONFIG?BUTTON
            CODE    8190H     0017H     UNIT         ?PR?_PRINTSTRING1?USART1
            CODE    81A7H     0016H     UNIT         ?PR?CHANGEREGISTER?ADS1115
            CODE    81BDH     0015H     UNIT         ?PR?BUTTONSOUND?ABSTASK
            CODE    81D2H     0015H     UNIT         ?PR?_RESTARTTIMER?TIMER
            CODE    81E7H     0014H     UNIT         ?PR?_LCD_POS_BYTE?LCD5510_V2
            CODE    81FBH     0014H     UNIT         ?PR?RELAY_INIT?RELAY
            CODE    820FH     0014H     UNIT         ?PR?_SETTIMERVALUE?HC_SR04
            CODE    8223H     0014H     UNIT         ?PR?_GETTIMERVALUE?HC_SR04
            CODE    8237H     0013H     UNIT         ?CO?ABSTASK
            CODE    824AH     0013H     UNIT         ?PR?_LCD_CLR_ROW?LCD5510_V2
            CODE    825DH     0013H     UNIT         ?PR?_OPEN_STEPMOTOR?STEP_MOTOR
            CODE    8270H     0013H     UNIT         ?PR?_PRINTSTRING2?USART1
            CODE    8283H     0013H     UNIT         ?PR?_PRINTSTRING3?USART1
            CODE    8296H     0013H     UNIT         ?PR?_PRINTSTRING4?USART1
            CODE    82A9H     0012H     UNIT         ?PR?TASKSTART?ABSTASK
            CODE    82BBH     0012H     UNIT         ?PR?_OPENPID?PID
            CODE    82CDH     0012H     UNIT         ?PR?_GETPULSERSTATE?FIXEDPULSER
            CODE    82DFH     0012H     UNIT         ?PR?_ENABLEJY901?MPU9250_SBUF
            CODE    82F1H     0012H     UNIT         ?PR?_OPENJY901SBUFMODE?MPU9250_SBUF
            CODE    8303H     0012H     UNIT         ?PR?_OPENRELAYMODULAR?RELAY
            CODE    8315H     0012H     UNIT         ?PR?_OPEN_ADS1115?ADS1115
            CODE    8327H     0012H     UNIT         ?PR?_OPEN_HC_SR04?HC_SR04
            CODE    8339H     0012H     UNIT         ?PR?_GET_PWM_N_STATE?STC15_PWM
            CODE    834BH     0011H     UNIT         ?PR?_CLOSEPID?PID
            CODE    835CH     0011H     UNIT         ?PR?_GETSTEPMOTORSTATE?STEP_MOTOR
            CODE    836DH     0011H     UNIT         ?PR?_DISABLEJY901?MPU9250_SBUF
            CODE    837EH     0011H     UNIT         ?PR?_CLOSEJY901SBUFMODE?MPU9250_SBUF
            CODE    838FH     0011H     UNIT         ?PR?_CLOSE_ADS1115?ADS1115
            CODE    83A0H     0011H     UNIT         ?PR?_HC595SENDDATA?74HC595
            CODE    83B1H     0011H     UNIT         ?PR?_CLOSE_HC_SR04?HC_SR04
            CODE    83C2H     0011H     UNIT         ?PR?_GETHC_SR04_STATE?HC_SR04
            CODE    83D3H     0011H     UNIT         ?PR?_SETPWM_DIV?STC15_PWM
            CODE    83E4H     0011H     UNIT         ?PR?_GETPWM_DIV?STC15_PWM
            CODE    83F5H     0011H     UNIT         ?PR?_SPI_RW_REG?STC15_SPI
            CODE    8406H     0011H     UNIT         ?PR?_SETUART1INTERRUPT?USART1
            CODE    8417H     0010H     UNIT         ?PR?_GETDC_MOTORSTATE?MOTOR
            CODE    8427H     0010H     UNIT         ?PR?_DELAY_MS?DELAY
            CODE    8437H     000FH     UNIT         ?PR?ABUTTONSCAN?ABSTASK
            CODE    8446H     000FH     UNIT         ?PR?_SETSTEPMOTORSTATE?STEP_MOTOR
            CODE    8455H     000EH     UNIT         ?PR?DISABLEEEPROM?STC15_EEPROM
            CODE    8463H     000EH     UNIT         ?PR?DELAY5US?STC15_IIC
            CODE    8471H     000EH     UNIT         ?PR?_ONRESTARTTIMER?TIMER
            CODE    847FH     000DH     UNIT         ?PR?IIC_ACK?STC15_IIC
            CODE    848CH     000DH     UNIT         ?PR?_SPI_READ?STC15_SPI
            CODE    8499H     000DH     UNIT         ?PR?_STOPTIMER?TIMER
            CODE    84A6H     000DH     UNIT         ?PR?_FABS?FABS
            CODE    84B3H     000CH     UNIT         ?PR?_ADC_POWERCONTROL?ADC
            CODE    84BFH     000CH     UNIT         ?PR?_ABS?ABS
            CODE    84CBH     000BH     UNIT         ?PR?BUZZWAIT?SPEAKER
            CODE    84D6H     000AH     UNIT         ?PR?IIC_START?STC15_IIC
            CODE    84E0H     000AH     UNIT         ?PR?IIC_NACK?STC15_IIC
            CODE    84EAH     000AH     UNIT         ?PR?OPEN_PWM_ALL?STC15_PWM
            CODE    84F4H     000AH     UNIT         ?PR?CLOSE_PWM_ALL?STC15_PWM
BL51 BANKED LINKER/LOCATER V6.00                                                      08/07/2017  18:56:55  PAGE 10


            CODE    84FEH     0009H     UNIT         ?PR?_SETSPEAKERPERIOD?SPEAKER
            CODE    8507H     0009H     UNIT         ?PR?_SETLENGTH?SPEAKER
            CODE    8510H     0009H     UNIT         ?PR?SETCARFORWARD?MT_1_L298N
            CODE    8519H     0009H     UNIT         ?PR?SETCARBACK?MT_1_L298N
            CODE    8522H     0009H     UNIT         ?PR?SETCARSTOP?MT_1_L298N
            CODE    852BH     0009H     UNIT         ?PR?SETCARRIGHTFORWARD?MT_1_L298N
            CODE    8534H     0009H     UNIT         ?PR?SETCARRIGHTBACK?MT_1_L298N
            CODE    853DH     0009H     UNIT         ?PR?SETCARRIGHTTURN?MT_1_L298N
            CODE    8546H     0009H     UNIT         ?PR?SETCARLEFTFORWARD?MT_1_L298N
            CODE    854FH     0009H     UNIT         ?PR?SETCARLEFTBACK?MT_1_L298N
            CODE    8558H     0009H     UNIT         ?PR?SETCARLEFTTURN?MT_1_L298N
            CODE    8561H     0009H     UNIT         ?PR?GETMICROS?TIMER
            CODE    856AH     0009H     UNIT         ?PR?GETMILLIS?TIMER
            CODE    8573H     0008H     UNIT         ?PR?_LABS?LABS
            CODE    857BH     0006H     UNIT         ?PR?_BOARD_LED_PWM?LED
            CODE    8581H     0006H     UNIT         ?PR?_OPEN_SPEAKER?SPEAKER
            CODE    8587H     0006H     UNIT         ?PR?_CLOSE_SPEAKER?SPEAKER
            CODE    858DH     0006H     UNIT         ?PR?IIC_STOP?STC15_IIC
            CODE    8593H     0006H     UNIT         ?PR?_SETSPIRX_DR?STC15_SPI
            CODE    8599H     0006H     UNIT         ?PR?GETSECONDS?TIMER
            CODE    859FH     0006H     UNIT         ?PR?GETMINUTES?TIMER
            CODE    85A5H     0006H     UNIT         ?PR?GETHOURS?TIMER
            CODE    85ABH     0006H     UNIT         ?PR?GETDAYS?TIMER
            CODE    85B1H     0005H     UNIT         ?PR?OPEN_BOARD_LED?LED
            CODE    85B6H     0005H     UNIT         ?PR?CLOSE_BOARD_LED?LED
            CODE    85BBH     0005H     UNIT         ?PR?CLOSETM1638DISPLAY?TM1638
            CODE    85C0H     0004H     UNIT         ?PR?ADC_INT?ADC
            CODE    85C4H     0003H     UNIT         ?PR?GETBOARD_LED_STATE?LED
            CODE    85C7H     0003H     UNIT         ?PR?_SETPINSTATE?GPIO
            CODE    85CAH     0003H     UNIT         ?PR?_SETSPISTA?STC15_SPI
            CODE    85CDH     0003H     UNIT         ?PR?GETSPISTA?STC15_SPI
            CODE    85D0H     0003H     UNIT         ?PR?GETSPIRX_DR?STC15_SPI
            CODE    85D3H     0001H     UNIT         ?PR?MODE1?MODE
            CODE    85D4H     0001H     UNIT         ?PR?MODE2?MODE
            CODE    85D5H     0001H     UNIT         ?PR?MODE3?MODE
            CODE    85D6H     0001H     UNIT         ?PR?MODE4?MODE
            CODE    85D7H     0001H     UNIT         ?PR?MODELAUNCHER?MODE
            CODE    85D8H     0001H     UNIT         ?PR?EXT_INT1?STC15_EXTI
            CODE    85D9H     0001H     UNIT         ?PR?EXT_INT2?STC15_EXTI
            CODE    85DAH     0001H     UNIT         ?PR?EXT_INT3?STC15_EXTI
            CODE    85DBH     0001H     UNIT         ?PR?EXT_INT4?STC15_EXTI



OVERLAY MAP OF MODULE:   电子大赛程序框架 (ABSTASK)


SEGMENT                                             BIT_GROUP          DATA_GROUP          XDATA_GROUP
  +--> CALLED SEGMENT                            START    LENGTH     START    LENGTH     START    LENGTH
--------------------------------------------------------------------------------------------------------
?PR?TASKSTART?ABSTASK                            -----    -----      -----    -----      -----    -----
  +--> ?PR?SETUP?SETUP
  +--> ?PR?_BLINK?LED

?PR?SETUP?SETUP                                  -----    -----      -----    -----      -----    -----
  +--> ?PR?_UART1_INIT?SETUP
  +--> ?PR?TIMERINIT?TIMER
BL51 BANKED LINKER/LOCATER V6.00                                                      08/07/2017  18:56:55  PAGE 11


  +--> ?PR?BOARD_LED_INIT?LED
  +--> ?PR?LCD5510_INIT?LCD5510_V2
  +--> ?CO?SETUP
  +--> ?PR?_LCD_PRINTSL?LCD5510_V2
  +--> ?PR?LCD_CLR_SCR?LCD5510_V2
  +--> ?PR?BUTTON_CONFIG?BUTTON
  +--> ?PR?SPEAKER_INIT?SPEAKER
  +--> ?PR?_ADC_CONFIG?ANGLE
  +--> ?PR?_ADS1115_CONFIG?ADS1115
  +--> ?PR?HC_SR04_INIT?HC_SR04
  +--> ?PR?_OPEN_HC_SR04?HC_SR04
  +--> ?PR?_OPEN_ADS1115?ADS1115

?PR?_UART1_INIT?SETUP                            -----    -----      -----    -----      0290H    000DH
  +--> ?PR?_USART_CONFIGURATION?USART1
  +--> ?CO?SETUP
  +--> ?PR?_PRINTSTRING1?USART1

?PR?_USART_CONFIGURATION?USART1                  -----    -----      -----    -----      029DH    0009H

?PR?_PRINTSTRING1?USART1                         -----    -----      -----    -----      -----    -----
  +--> ?PR?_TX1_WRITE2BUFF?USART1

?PR?TIMERINIT?TIMER                              -----    -----      -----    -----      0290H    0021H
  +--> ?PR?_TIMER_INILIZE?TIMER

?PR?BOARD_LED_INIT?LED                           -----    -----      -----    -----      0290H    0002H
  +--> ?PR?_GPIO_INILIZE?GPIO
  +--> ?PR?OPEN_BOARD_LED?LED
  +--> ?PR?_DELAY_MS?DELAY
  +--> ?PR?CLOSE_BOARD_LED?LED

?PR?LCD5510_INIT?LCD5510_V2                      -----    -----      -----    -----      0290H    0002H
  +--> ?PR?_GPIO_INILIZE?GPIO
  +--> ?PR?_LCD_WRITE_BYTE?LCD5510_V2
  +--> ?PR?LCD_CLR_SCR?LCD5510_V2

?PR?LCD_CLR_SCR?LCD5510_V2                       -----    -----      -----    -----      -----    -----
  +--> ?PR?_LCD_WRITE_BYTE?LCD5510_V2

?PR?_LCD_PRINTSL?LCD5510_V2                      -----    -----      -----    -----      032AH    0005H
  +--> ?PR?_LCD_PRINTC?LCD5510_V2

?PR?_LCD_PRINTC?LCD5510_V2                       -----    -----      -----    -----      -----    -----
  +--> ?PR?_LCD_POS_BYTE?LCD5510_V2
  +--> ?CO?LCD5510_V2
  +--> ?PR?_LCD_WRITE_BYTE?LCD5510_V2

?PR?_LCD_POS_BYTE?LCD5510_V2                     -----    -----      -----    -----      -----    -----
  +--> ?PR?_LCD_WRITE_BYTE?LCD5510_V2

?PR?BUTTON_CONFIG?BUTTON                         -----    -----      -----    -----      0290H    0002H
  +--> ?PR?_GPIO_INILIZE?GPIO
  +--> ?PR?INIT_TM1638?TM1638

?PR?INIT_TM1638?TM1638                           -----    -----      -----    -----      0292H    0001H
  +--> ?PR?_SETTM1638COM?TM1638
BL51 BANKED LINKER/LOCATER V6.00                                                      08/07/2017  18:56:55  PAGE 12


  +--> ?PR?_SETTM1638WRITE?TM1638

?PR?_SETTM1638COM?TM1638                         -----    -----      -----    -----      0293H    0001H
  +--> ?PR?_DELAY_US?DELAY
  +--> ?PR?_SETTM1638WRITE?TM1638

?PR?_SETTM1638WRITE?TM1638                       -----    -----      -----    -----      0467H    0002H
  +--> ?PR?_DELAY_US?DELAY

?PR?SPEAKER_INIT?SPEAKER                         -----    -----      -----    -----      -----    -----
  +--> ?PR?PULSERINIT?FIXEDPULSER
  +--> ?PR?_BUZZ?SPEAKER

?PR?PULSERINIT?FIXEDPULSER                       -----    -----      -----    -----      0290H    0002H
  +--> ?PR?_GPIO_INILIZE?GPIO

?PR?_BUZZ?SPEAKER                                -----    -----      -----    -----      0461H    0007H
  +--> ?PR?_CLOSEPULSER?FIXEDPULSER
  +--> ?PR?_SETPULSE?FIXEDPULSER
  +--> ?PR?_OPENPULSER?FIXEDPULSER

?PR?_SETPULSE?FIXEDPULSER                        -----    -----      -----    -----      0468H    000BH

?PR?_ADC_CONFIG?ANGLE                            -----    -----      -----    -----      0290H    0006H
  +--> ?PR?_ADC_INILIZE?ADC

?PR?_ADS1115_CONFIG?ADS1115                      -----    -----      -----    -----      0290H    0004H
  +--> ?PR?_GPIO_INILIZE?GPIO

?PR?HC_SR04_INIT?HC_SR04                         -----    -----      -----    -----      0290H    0005H
  +--> ?PR?_GPIO_INILIZE?GPIO
  +--> ?PR?_EXT_INILIZE?STC15_EXTI

?PR?_BLINK?LED                                   -----    -----      -----    -----      0290H    0001H
  +--> ?PR?OPEN_BOARD_LED?LED
  +--> ?PR?_DELAY_MS?DELAY
  +--> ?PR?CLOSE_BOARD_LED?LED

*** NEW ROOT ***************************************************

?PR?PRINTANGLEDATA?ABSTASK                       -----    -----      -----    -----      -----    -----
  +--> ?PR?_GETJY901ANGLE?MPU9250_SBUF
  +--> ?PR?_DATASCOPE_GET_CHANNEL_DATA?DATAS...
  +--> ?PR?_SENDSCOPEDATA?DATASCOPE_DP

?PR?_DATASCOPE_GET_CHANNEL_DATA?DATAS...         -----    -----      -----    -----      0448H    0005H
  +--> ?PR?_FLOAT2BYTE?DATASCOPE_DP

?PR?_FLOAT2BYTE?DATASCOPE_DP                     -----    -----      -----    -----      044DH    000AH

?PR?_SENDSCOPEDATA?DATASCOPE_DP                  -----    -----      -----    -----      0448H    0002H
  +--> ?PR?_DATASCOPE_DATA_GENERATE?DATASCOP...
  +--> ?PR?_TX1_WRITE2BUFF?USART1

*** NEW ROOT ***************************************************

?PR?DATAUPDATE?ABSTASK                           -----    -----      -----    -----      -----    -----
BL51 BANKED LINKER/LOCATER V6.00                                                      08/07/2017  18:56:55  PAGE 13


  +--> ?PR?_GETJY901ANGLE?MPU9250_SBUF
  +--> ?PR?_LCD_PRINTNUM_I?LCD5510_V2

?PR?_LCD_PRINTNUM_I?LCD5510_V2                   -----    -----      -----    -----      02C0H    0008H
  +--> ?PR?_MALLOC?MALLOC
  +--> ?CO?LCD5510_V2
  +--> ?PR?PRINTF?PRINTF
  +--> ?PR?_LCD_PRINTSL?LCD5510_V2
  +--> ?PR?_FREE?FREE

?PR?_MALLOC?MALLOC                               -----    -----      -----    -----      02C8H    0006H

?PR?PRINTF?PRINTF                                0021H.0  0001H.1    0016H    0005H      02C8H    0030H
  +--> ?PR?PUTCHAR?PUTCHAR

?PR?_FREE?FREE                                   -----    -----      -----    -----      02C8H    0006H

*** NEW ROOT ***************************************************

?PR?PRINTADS1115?ABSTASK                         -----    -----      -----    -----      -----    -----
  +--> ?PR?_GETADS1115CONVSIONDATA?ADS1115
  +--> ?PR?_DATASCOPE_GET_CHANNEL_DATA?DATAS...
  +--> ?PR?_SENDSCOPEDATA?DATASCOPE_DP

?PR?_GETADS1115CONVSIONDATA?ADS1115              -----    -----      -----    -----      02F8H    0002H
  +--> ?PR?_WRITECONFIGREGISTER?ADS1115
  +--> ?PR?CHANGEREGISTER?ADS1115
  +--> ?PR?READCONVERSIONREGISTER?ADS1115

?PR?_WRITECONFIGREGISTER?ADS1115                 -----    -----      -----    -----      02FAH    0001H
  +--> ?PR?IIC_START?STC15_IIC
  +--> ?PR?_INPUTONEBYTE?STC15_IIC
  +--> ?PR?IIC_RDACK?STC15_IIC
  +--> ?PR?IIC_STOP?STC15_IIC

?PR?IIC_START?STC15_IIC                          -----    -----      -----    -----      -----    -----
  +--> ?PR?DELAY5US?STC15_IIC

?PR?_INPUTONEBYTE?STC15_IIC                      -----    -----      -----    -----      -----    -----
  +--> ?PR?DELAY5US?STC15_IIC

?PR?IIC_RDACK?STC15_IIC                          0022H.1  0000H.1    -----    -----      -----    -----
  +--> ?PR?_INPUTONEBYTE?STC15_IIC
  +--> ?PR?DELAY5US?STC15_IIC

?PR?IIC_STOP?STC15_IIC                           -----    -----      -----    -----      -----    -----
  +--> ?PR?DELAY5US?STC15_IIC

?PR?CHANGEREGISTER?ADS1115                       -----    -----      -----    -----      -----    -----
  +--> ?PR?IIC_START?STC15_IIC
  +--> ?PR?_INPUTONEBYTE?STC15_IIC
  +--> ?PR?IIC_RDACK?STC15_IIC
  +--> ?PR?IIC_STOP?STC15_IIC

?PR?READCONVERSIONREGISTER?ADS1115               -----    -----      -----    -----      02FAH    000CH
  +--> ?PR?IIC_START?STC15_IIC
  +--> ?PR?_INPUTONEBYTE?STC15_IIC
BL51 BANKED LINKER/LOCATER V6.00                                                      08/07/2017  18:56:55  PAGE 14


  +--> ?PR?IIC_RDACK?STC15_IIC
  +--> ?PR?OUTPUTONEBYTE?STC15_IIC
  +--> ?PR?IIC_ACK?STC15_IIC
  +--> ?PR?IIC_STOP?STC15_IIC

?PR?OUTPUTONEBYTE?STC15_IIC                      -----    -----      -----    -----      0306H    0008H
  +--> ?PR?DELAY5US?STC15_IIC

?PR?IIC_ACK?STC15_IIC                            -----    -----      -----    -----      -----    -----
  +--> ?PR?DELAY5US?STC15_IIC

*** NEW ROOT ***************************************************

?PR?BUZZ?ABSTASK                                 -----    -----      -----    -----      -----    -----
  +--> ?PR?_GETBUTTONSTATE?BUTTON
  +--> ?PR?_BUZZ?SPEAKER
  +--> ?PR?BUZZSUCCEED?SPEAKER
  +--> ?PR?BUZZFAILED?SPEAKER

?PR?BUZZSUCCEED?SPEAKER                          -----    -----      -----    -----      -----    -----
  +--> ?PR?_BUZZ?SPEAKER

?PR?BUZZFAILED?SPEAKER                           -----    -----      -----    -----      -----    -----
  +--> ?PR?_BUZZ?SPEAKER

*** NEW ROOT ***************************************************

?PR?ABUTTONSCAN?ABSTASK                          -----    -----      -----    -----      -----    -----
  +--> ?PR?BUTTONSCAN?BUTTON

?PR?BUTTONSCAN?BUTTON                            -----    -----      -----    -----      0320H    0002H
  +--> ?PR?GETBUTTONNUM?TM1638

?PR?GETBUTTONNUM?TM1638                          -----    -----      -----    -----      0461H    0006H
  +--> ?CO?TM1638
  +--> ?PR?_SETTM1638WRITE?TM1638
  +--> ?PR?_DELAY_US?DELAY
  +--> ?PR?GETTM1638READ?TM1638

?PR?GETTM1638READ?TM1638                         -----    -----      -----    -----      0467H    0002H
  +--> ?PR?_DELAY_US?DELAY

*** NEW ROOT ***************************************************

?PR?PRINTFBUTTON?ABSTASK                         -----    -----      -----    -----      -----    -----
  +--> ?PR?_GETBUTTONSTATE?BUTTON
  +--> ?CO?ABSTASK
  +--> ?PR?_LCD_PRINTSL?LCD5510_V2
  +--> ?PR?LCD_CLR_SCR?LCD5510_V2

*** NEW ROOT ***************************************************

?PR?PRINTDISTANCE?ABSTASK                        -----    -----      -----    -----      -----    -----
  +--> ?PR?_GETDISTANCE?HC_SR04
  +--> ?PR?_DATASCOPE_GET_CHANNEL_DATA?DATAS...
  +--> ?PR?_SENDSCOPEDATA?DATASCOPE_DP

BL51 BANKED LINKER/LOCATER V6.00                                                      08/07/2017  18:56:55  PAGE 15


*** NEW ROOT ***************************************************

?PR?DISTANCEUPDATA?ABSTASK                       -----    -----      -----    -----      033EH    0085H
  +--> ?PR?_UPDATEDISTANCE?HC_SR04
  +--> ?PR?_GETTIMERVALUE?HC_SR04
  +--> ?PR?_KALMANFILTER?FILTER
  +--> ?PR?_SETDISTANCE?HC_SR04

?PR?_UPDATEDISTANCE?HC_SR04                      -----    -----      -----    -----      -----    -----
  +--> ?PR?_DELAY_US?DELAY

?PR?_KALMANFILTER?FILTER                         -----    -----      -----    -----      03C3H    0028H

?PR?_SETDISTANCE?HC_SR04                         -----    -----      -----    -----      03C3H    0005H

*** NEW ROOT ***************************************************

?PR?DISTANCE?ABSTASK                             -----    -----      -----    -----      03EBH    005DH
  +--> ?PR?_UPDATEDISTANCE?HC_SR04
  +--> ?PR?_GETTIMERVALUE?HC_SR04
  +--> ?PR?_LIMITINGFILTER?FILTER
  +--> ?PR?_SHUDDERINGFILTER?FILTER
  +--> ?PR?_MOVINGAVERAGEFILTER?FILTER
  +--> ?PR?_FILTER?FILTER
  +--> ?PR?_DATASCOPE_GET_CHANNEL_DATA?DATAS...
  +--> ?PR?_SENDSCOPEDATA?DATASCOPE_DP

?PR?_LIMITINGFILTER?FILTER                       -----    -----      -----    -----      0448H    0008H
  +--> ?PR?_FABS?FABS

?PR?_SHUDDERINGFILTER?FILTER                     -----    -----      -----    -----      0448H    0007H
  +--> ?PR?_FABS?FABS

?PR?_MOVINGAVERAGEFILTER?FILTER                  -----    -----      -----    -----      0448H    0009H

?PR?_FILTER?FILTER                               -----    -----      -----    -----      0448H    0019H

*** NEW ROOT ***************************************************

?PR?BUTTONSOUND?ABSTASK                          -----    -----      -----    -----      -----    -----
  +--> ?PR?GETBUTTONNUM?TM1638
  +--> ?PR?BUZZWAIT?SPEAKER

?PR?BUZZWAIT?SPEAKER                             -----    -----      -----    -----      -----    -----
  +--> ?PR?_BUZZ?SPEAKER

*** NEW ROOT ***************************************************

?PR?PULSER_1INT?FIXEDPULSER                      -----    -----      -----    -----      -----    -----
  +--> ?PR?_CLOSEPULSER?FIXEDPULSER

*** NEW ROOT ***************************************************

?PR?PULSER_2INT?FIXEDPULSER                      -----    -----      -----    -----      -----    -----
  +--> ?PR?_CLOSEPULSER?FIXEDPULSER

*** NEW ROOT ***************************************************
BL51 BANKED LINKER/LOCATER V6.00                                                      08/07/2017  18:56:55  PAGE 16



?C_C51STARTUP                                    -----    -----      -----    -----      -----    -----
  +--> ?C_INITSEG



UNRESOLVED EXTERNAL SYMBOLS:
   DS1302_INIT
   DS1302_READ_TIME
   TIME_BUF
   TIME_BUF1



SYMBOL TABLE OF MODULE:  电子大赛程序框架 (ABSTASK)

  VALUE           TYPE          NAME
  ----------------------------------

  -------         MODULE        ABSTASK
  C:0000H         SYMBOL        _ICE_DUMMY_
  D:0080H         PUBLIC        P0
  D:0090H         PUBLIC        P1
  D:00A0H         PUBLIC        P2
  D:00B0H         PUBLIC        P3
  C:6D9BH         PUBLIC        dataUpdate
  D:00C0H         PUBLIC        P4
  D:00C8H         PUBLIC        P5
  D:00E8H         PUBLIC        P6
  D:00F8H         PUBLIC        P7
  C:81BDH         PUBLIC        ButtonSound
  D:00A8H         PUBLIC        IE
  C:6FF2H         PUBLIC        printfButton
  C:7306H         PUBLIC        printAngleData
  D:00B8H         PUBLIC        IP
  D:00D8H         PUBLIC        CCON
  C:7681H         PUBLIC        Buzz
  C:4CA8H         PUBLIC        Distance
  C:5B1CH         PUBLIC        distanceUpdata
  D:0098H         PUBLIC        SCON
  D:0088H         PUBLIC        TCON
  D:00F0H         PUBLIC        B
  C:82A9H         PUBLIC        taskStart
  D:00E0H         PUBLIC        ACC
  C:6A7BH         PUBLIC        printADS1115
  C:7D23H         PUBLIC        printDistance
  C:8437H         PUBLIC        aButtonScan
  D:00D0H         PUBLIC        PSW
  -------         PROC          TASKSTART
  C:82A9H         LINE#         3
  C:82A9H         LINE#         5
  C:82ACH         LINE#         6
  C:82B1H         LINE#         7
  C:82B6H         LINE#         9
  -------         ENDPROC       TASKSTART
  -------         PROC          PRINTANGLEDATA
  C:7306H         LINE#         12
BL51 BANKED LINKER/LOCATER V6.00                                                      08/07/2017  18:56:55  PAGE 17


  C:7306H         LINE#         14
  C:7306H         LINE#         15
  C:7306H         LINE#         16
  C:7315H         LINE#         17
  C:7325H         LINE#         18
  C:7335H         LINE#         19
  C:733AH         LINE#         20
  C:7344H         LINE#         21
  -------         ENDPROC       PRINTANGLEDATA
  -------         PROC          DATAUPDATE
  C:6D9BH         LINE#         23
  C:6D9BH         LINE#         25
  C:6D9BH         LINE#         26
  C:6D9BH         LINE#         27
  C:6DB4H         LINE#         28
  C:6DCFH         LINE#         29
  C:6DEAH         LINE#         30
  C:6DF4H         LINE#         32
  -------         ENDPROC       DATAUPDATE
  -------         PROC          PRINTADS1115
  C:6A7BH         LINE#         35
  C:6A7BH         LINE#         37
  C:6A7BH         LINE#         38
  C:6A7BH         LINE#         39
  C:6A91H         LINE#         40
  C:6AA7H         LINE#         41
  C:6ABDH         LINE#         42
  C:6AD3H         LINE#         43
  C:6AD8H         LINE#         44
  C:6AE2H         LINE#         46
  -------         ENDPROC       PRINTADS1115
  -------         PROC          BUZZ
  C:7681H         LINE#         49
  C:7681H         LINE#         51
  C:7681H         LINE#         52
  C:7681H         LINE#         54
  C:7689H         LINE#         55
  C:7689H         LINE#         56
  C:7694H         LINE#         58
  C:7694H         LINE#         59
  C:769CH         LINE#         60
  C:769CH         LINE#         61
  C:769FH         LINE#         62
  C:769FH         LINE#         63
  C:76A7H         LINE#         64
  C:76A7H         LINE#         65
  C:76AAH         LINE#         66
  C:76AAH         LINE#         67
  C:76B4H         LINE#         68
  -------         ENDPROC       BUZZ
  -------         PROC          ABUTTONSCAN
  C:8437H         LINE#         71
  C:8437H         LINE#         73
  C:8437H         LINE#         74
  C:8437H         LINE#         75
  C:843AH         LINE#         78
  C:8444H         LINE#         80
BL51 BANKED LINKER/LOCATER V6.00                                                      08/07/2017  18:56:55  PAGE 18


  -------         ENDPROC       ABUTTONSCAN
  -------         PROC          PRINTFBUTTON
  C:6FF2H         LINE#         83
  C:6FF2H         LINE#         85
  C:6FF2H         LINE#         86
  C:6FF2H         LINE#         87
  C:6FFAH         LINE#         88
  C:6FFAH         LINE#         89
  C:7007H         LINE#         90
  C:7011H         LINE#         91
  C:7014H         LINE#         93
  C:7014H         LINE#         94
  C:701CH         LINE#         95
  C:701CH         LINE#         96
  C:7029H         LINE#         97
  C:7033H         LINE#         98
  C:7036H         LINE#         100
  C:7036H         LINE#         101
  C:7040H         LINE#         102
  -------         ENDPROC       PRINTFBUTTON
  -------         PROC          PRINTDISTANCE
  C:7D23H         LINE#         104
  C:7D23H         LINE#         106
  C:7D23H         LINE#         107
  C:7D23H         LINE#         108
  C:7D31H         LINE#         110
  C:7D36H         LINE#         111
  C:7D40H         LINE#         112
  -------         ENDPROC       PRINTDISTANCE
  -------         PROC          DISTANCEUPDATA
  -------         DO            
  X:033EH         SYMBOL        time
  X:0342H         SYMBOL        distance
  X:0346H         SYMBOL        i
  X:0347H         SYMBOL        Data
  -------         ENDDO         
  C:5B1CH         LINE#         114
  C:5B1CH         LINE#         116
  C:5B26H         LINE#         117
  C:5B30H         LINE#         119
  C:5B35H         LINE#         121
  C:5B35H         LINE#         122
  C:5B35H         LINE#         124
  C:5B35H         LINE#         125
  C:5B3AH         LINE#         126
  C:5B44H         LINE#         128
  C:5B44H         LINE#         130
  C:5B88H         LINE#         131
  C:5BA7H         LINE#         133
  C:5BCEH         LINE#         135
  C:5BE7H         LINE#         138
  -------         ENDPROC       DISTANCEUPDATA
  -------         PROC          DISTANCE
  -------         DO            
  X:03EBH         SYMBOL        value
  X:03EFH         SYMBOL        actValue
  X:03F3H         SYMBOL        Data
BL51 BANKED LINKER/LOCATER V6.00                                                      08/07/2017  18:56:55  PAGE 19


  X:0447H         SYMBOL        i
  -------         ENDDO         
  C:4CA8H         LINE#         140
  C:4CA8H         LINE#         145
  C:4CADH         LINE#         146
  C:4CADH         LINE#         147
  C:4CADH         LINE#         148
  C:4CB2H         LINE#         149
  C:4CB2H         LINE#         150
  C:4CB7H         LINE#         151
  C:4CC1H         LINE#         152
  C:4CD4H         LINE#         153
  C:4CF5H         LINE#         154
  C:4D12H         LINE#         155
  C:4D29H         LINE#         156
  C:4D4BH         LINE#         157
  C:4D5AH         LINE#         158
  C:4D7FH         LINE#         159
  C:4D96H         LINE#         160
  C:4DADH         LINE#         161
  C:4DD8H         LINE#         162
  C:4E03H         LINE#         163
  C:4E08H         LINE#         165
  C:4E12H         LINE#         167
  -------         ENDPROC       DISTANCE
  -------         PROC          BUTTONSOUND
  C:81BDH         LINE#         169
  C:81BDH         LINE#         171
  C:81BDH         LINE#         172
  C:81BDH         LINE#         173
  C:81C3H         LINE#         174
  C:81C3H         LINE#         175
  C:81C6H         LINE#         176
  C:81C6H         LINE#         177
  C:81D0H         LINE#         178
  -------         ENDPROC       BUTTONSOUND
  -------         ENDMOD        ABSTASK

  -------         MODULE        SETUP
  C:0000H         SYMBOL        _ICE_DUMMY_
  D:0080H         PUBLIC        P0
  D:0090H         PUBLIC        P1
  D:00A0H         PUBLIC        P2
  D:00B0H         PUBLIC        P3
  D:00C0H         PUBLIC        P4
  D:00C8H         PUBLIC        P5
  C:76B6H         PUBLIC        _UART1_init
  D:00E8H         PUBLIC        P6
  D:00F8H         PUBLIC        P7
  D:00A8H         PUBLIC        IE
  D:00B8H         PUBLIC        IP
  D:00D8H         PUBLIC        CCON
  C:6DF6H         PUBLIC        setup
  D:0098H         PUBLIC        SCON
  D:0088H         PUBLIC        TCON
  D:00F0H         PUBLIC        B
  C:6C7AH         PUBLIC        test
BL51 BANKED LINKER/LOCATER V6.00                                                      08/07/2017  18:56:55  PAGE 20


  D:00E0H         PUBLIC        ACC
  D:00D0H         PUBLIC        PSW
  -------         PROC          _UART1_INIT
  D:0004H         SYMBOL        BandRate
  -------         DO            
  X:0290H         SYMBOL        COMx_InitStructure
  -------         ENDDO         
  C:76B6H         LINE#         24
  C:76B6H         LINE#         25
  C:76B6H         LINE#         27
  C:76BCH         LINE#         28
  C:76C0H         LINE#         29
  C:76C4H         LINE#         30
  C:76CAH         LINE#         31
  C:76CDH         LINE#         32
  C:76D0H         LINE#         33
  C:76D2H         LINE#         34
  C:76D5H         LINE#         35
  C:76D7H         LINE#         36
  C:76E2H         LINE#         37
  -------         ENDPROC       _UART1_INIT
  -------         PROC          TEST
  -------         DO            
  D:0007H         SYMBOL        i
  -------         ENDDO         
  C:6C7AH         LINE#         39
  C:6C7AH         LINE#         40
  C:6C7AH         LINE#         41
  C:6C7CH         LINE#         42
  C:6C7FH         LINE#         43
  C:6C88H         LINE#         44
  C:6C88H         LINE#         45
  C:6C88H         LINE#         46
  C:6C93H         LINE#         47
  C:6C95H         LINE#         48
  C:6C95H         LINE#         49
  C:6C95H         LINE#         50
  C:6C95H         LINE#         51
  C:6C98H         LINE#         52
  C:6CD5H         LINE#         53
  C:6CDAH         LINE#         54
  C:6CDAH         LINE#         55
  -------         ENDPROC       TEST
  -------         PROC          SETUP
  C:6DF6H         LINE#         57
  C:6DF6H         LINE#         58
  C:6DF6H         LINE#         60
  C:6E01H         LINE#         61
  C:6E04H         LINE#         62
  C:6E07H         LINE#         63
  C:6E0AH         LINE#         64
  C:6E16H         LINE#         65
  C:6E20H         LINE#         66
  C:6E23H         LINE#         67
  C:6E26H         LINE#         68
  C:6E29H         LINE#         74
  C:6E30H         LINE#         75
BL51 BANKED LINKER/LOCATER V6.00                                                      08/07/2017  18:56:55  PAGE 21


  C:6E33H         LINE#         76
  C:6E36H         LINE#         77
  C:6E3BH         LINE#         78
  C:6E40H         LINE#         79
  C:6E45H         LINE#         80
  C:6E4AH         LINE#         81
  -------         ENDPROC       SETUP
  -------         ENDMOD        SETUP

  -------         MODULE        MODE
  C:0000H         SYMBOL        _ICE_DUMMY_
  D:0080H         PUBLIC        P0
  D:0090H         PUBLIC        P1
  D:00A0H         PUBLIC        P2
  D:00B0H         PUBLIC        P3
  D:00C0H         PUBLIC        P4
  D:00C8H         PUBLIC        P5
  D:00E8H         PUBLIC        P6
  D:00F8H         PUBLIC        P7
  D:00A8H         PUBLIC        IE
  D:00B8H         PUBLIC        IP
  D:00D8H         PUBLIC        CCON
  D:0098H         PUBLIC        SCON
  D:0088H         PUBLIC        TCON
  D:00F0H         PUBLIC        B
  D:00E0H         PUBLIC        ACC
  C:85D3H         PUBLIC        mode1
  C:85D4H         PUBLIC        mode2
  C:85D5H         PUBLIC        mode3
  C:85D6H         PUBLIC        mode4
  C:85D7H         PUBLIC        modeLauncher
  D:00D0H         PUBLIC        PSW
  -------         PROC          MODE1
  C:85D3H         LINE#         2
  C:85D3H         LINE#         3
  C:85D3H         LINE#         5
  -------         ENDPROC       MODE1
  -------         PROC          MODE2
  C:85D4H         LINE#         7
  C:85D4H         LINE#         8
  C:85D4H         LINE#         10
  -------         ENDPROC       MODE2
  -------         PROC          MODE3
  C:85D5H         LINE#         13
  C:85D5H         LINE#         14
  C:85D5H         LINE#         16
  -------         ENDPROC       MODE3
  -------         PROC          MODE4
  C:85D6H         LINE#         18
  C:85D6H         LINE#         19
  C:85D6H         LINE#         21
  -------         ENDPROC       MODE4
  -------         PROC          MODELAUNCHER
  C:85D7H         LINE#         22
  C:85D7H         LINE#         23
  C:85D7H         LINE#         25
  -------         ENDPROC       MODELAUNCHER
BL51 BANKED LINKER/LOCATER V6.00                                                      08/07/2017  18:56:55  PAGE 22


  -------         ENDMOD        MODE

  -------         MODULE        FILTER
  C:0000H         SYMBOL        _ICE_DUMMY_
  D:0080H         PUBLIC        P0
  D:0090H         PUBLIC        P1
  D:00A0H         PUBLIC        P2
  D:00B0H         PUBLIC        P3
  D:00C0H         PUBLIC        P4
  D:00C8H         PUBLIC        P5
  D:00E8H         PUBLIC        P6
  D:00F8H         PUBLIC        P7
  C:42BFH         PUBLIC        _filter
  D:00A8H         PUBLIC        IE
  D:00B8H         PUBLIC        IP
  C:6516H         PUBLIC        _shudderingFilter
  D:00D8H         PUBLIC        CCON
  D:0098H         PUBLIC        SCON
  D:0088H         PUBLIC        TCON
  C:5E29H         PUBLIC        _movingAverageFilter
  D:00F0H         PUBLIC        B
  C:4E15H         PUBLIC        _KalmanFilter
  D:00E0H         PUBLIC        ACC
  C:6C17H         PUBLIC        _limitingFilter
  D:00D0H         PUBLIC        PSW
  -------         PROC          _FILTER
  X:0448H         SYMBOL        ary
  X:044BH         SYMBOL        num
  X:044CH         SYMBOL        MaxValue
  X:0450H         SYMBOL        MinValue
  -------         DO            
  X:0454H         SYMBOL        angleDataloopTemp2
  X:0455H         SYMBOL        finalData
  X:0459H         SYMBOL        maxValue
  X:045DH         SYMBOL        minValue
  -------         ENDDO         
  C:42BFH         LINE#         15
  C:42CDH         LINE#         16
  C:42CDH         LINE#         18
  C:42D7H         LINE#         19
  C:42EBH         LINE#         20
  C:42FFH         LINE#         21
  C:4314H         LINE#         22
  C:4314H         LINE#         23
  C:4342H         LINE#         24
  C:4342H         LINE#         25
  C:4363H         LINE#         26
  C:4363H         LINE#         27
  C:4393H         LINE#         28
  C:4393H         LINE#         29
  C:43B4H         LINE#         30
  C:43B4H         LINE#         31
  C:43E6H         LINE#         32
  C:43EFH         LINE#         33
  C:443DH         LINE#         34
  C:447BH         LINE#         35
  C:4489H         LINE#         36
BL51 BANKED LINKER/LOCATER V6.00                                                      08/07/2017  18:56:55  PAGE 23


  -------         ENDPROC       _FILTER
  -------         PROC          _KALMANFILTER
  X:03C3H         SYMBOL        ResrcData
  X:03C7H         SYMBOL        ProcessNiose_Q
  X:03CBH         SYMBOL        MeasureNoise_R
  X:03CFH         SYMBOL        InitialPrediction
  -------         DO            
  X:03D3H         SYMBOL        R
  X:03D7H         SYMBOL        Q
  X:0473H         SYMBOL        x_last
  X:03DBH         SYMBOL        x_mid
  X:03DFH         SYMBOL        x_now
  X:0477H         SYMBOL        p_last
  X:03E3H         SYMBOL        p_mid
  D:0004H         SYMBOL        p_now
  X:03E7H         SYMBOL        kg
  -------         ENDDO         
  C:4E15H         LINE#         38
  C:4E1BH         LINE#         39
  C:4E1BH         LINE#         40
  C:4E2FH         LINE#         41
  C:4E43H         LINE#         45
  C:4E57H         LINE#         54
  C:4E6BH         LINE#         55
  C:4E90H         LINE#         56
  C:4ECEH         LINE#         57
  C:4F15H         LINE#         59
  C:4F3EH         LINE#         61
  C:4F44H         LINE#         62
  C:4F58H         LINE#         64
  C:4F66H         LINE#         65
  -------         ENDPROC       _KALMANFILTER
  -------         PROC          _LIMITINGFILTER
  X:0448H         SYMBOL        value
  X:044CH         SYMBOL        A
  -------         DO            
  X:047BH         SYMBOL        lastValue
  -------         ENDDO         
  C:6C17H         LINE#         84
  C:6C1DH         LINE#         85
  C:6C1DH         LINE#         87
  C:6C52H         LINE#         88
  C:6C52H         LINE#         89
  C:6C57H         LINE#         90
  C:6C57H         LINE#         92
  C:6C57H         LINE#         94
  C:6C6BH         LINE#         95
  C:6C79H         LINE#         97
  C:6C79H         LINE#         98
  -------         ENDPROC       _LIMITINGFILTER
  -------         PROC          _MOVINGAVERAGEFILTER
  X:0448H         SYMBOL        value
  -------         DO            
  X:047FH         SYMBOL        filter_buf
  X:044CH         SYMBOL        i
  X:044DH         SYMBOL        filter_sum
  -------         ENDDO         
BL51 BANKED LINKER/LOCATER V6.00                                                      08/07/2017  18:56:55  PAGE 24


  C:5E29H         LINE#         116
  C:5E2FH         LINE#         117
  C:5E2FH         LINE#         121
  C:5E39H         LINE#         122
  C:5E4DH         LINE#         123
  C:5E5CH         LINE#         124
  C:5E88H         LINE#         125
  C:5EBCH         LINE#         126
  C:5EC4H         LINE#         127
  C:5EDCH         LINE#         128
  -------         ENDPROC       _MOVINGAVERAGEFILTER
  -------         PROC          _SHUDDERINGFILTER
  D:0004H         SYMBOL        value
  X:044CH         SYMBOL        filter_n
  -------         DO            
  X:0613H         SYMBOL        i
  X:0615H         SYMBOL        lastValue
  X:044DH         SYMBOL        newValue
  -------         ENDDO         
  C:6516H         LINE#         154
  C:6516H         LINE#         155
  C:6516H         LINE#         160
  C:6521H         LINE#         161
  C:6551H         LINE#         162
  C:6551H         LINE#         163
  C:655FH         LINE#         164
  C:6572H         LINE#         165
  C:6576H         LINE#         166
  C:6588H         LINE#         167
  C:6588H         LINE#         168
  C:658AH         LINE#         170
  C:658AH         LINE#         171
  C:6591H         LINE#         172
  C:6591H         LINE#         173
  C:659FH         LINE#         175
  -------         ENDPROC       _SHUDDERINGFILTER
  -------         ENDMOD        FILTER

  -------         MODULE        PID
  C:0000H         SYMBOL        _ICE_DUMMY_
  D:0080H         PUBLIC        P0
  D:0090H         PUBLIC        P1
  D:00A0H         PUBLIC        P2
  C:7B9AH         PUBLIC        _setKi
  D:00B0H         PUBLIC        P3
  C:7FC2H         PUBLIC        _getErrLast
  C:7C1EH         PUBLIC        _setMaxError
  D:00C0H         PUBLIC        P4
  D:00C8H         PUBLIC        P5
  D:00E8H         PUBLIC        P6
  D:00F8H         PUBLIC        P7
  C:7B58H         PUBLIC        _setParameterUpperLimit
  C:7BBBH         PUBLIC        _setKp
  C:723AH         PUBLIC        _PosClassPID
  D:00A8H         PUBLIC        IE
  C:82BBH         PUBLIC        _openPID
  C:3F0FH         PUBLIC        _Position_PID
BL51 BANKED LINKER/LOCATER V6.00                                                      08/07/2017  18:56:55  PAGE 25


  D:00B8H         PUBLIC        IP
  D:00D8H         PUBLIC        CCON
  C:26EBH         PUBLIC        _Anti_Windup_PID
  D:0098H         PUBLIC        SCON
  D:0088H         PUBLIC        TCON
  C:464EH         PUBLIC        _Incremental_PID
  C:4F67H         PUBLIC        _PID_config
  C:3CC9H         PUBLIC        _Integral_Separa_PID
  C:7B37H         PUBLIC        _setParameterInferiorLimit
  D:00F0H         PUBLIC        B
  D:00E0H         PUBLIC        ACC
  C:7B79H         PUBLIC        _setActualParameter
  C:802AH         PUBLIC        _getOutput
  C:230AH         PUBLIC        _Trapezoidal_Integral_PID
  X:06BCH         SYMBOL        g_pid_n_info
  C:7F8EH         PUBLIC        _getParameter
  C:7FA8H         PUBLIC        _getErr
  C:8010H         PUBLIC        _getKd
  C:812EH         PUBLIC        _IncClassPID
  C:7BFDH         PUBLIC        _setParameter
  C:7FF6H         PUBLIC        _getKi
  C:834BH         PUBLIC        _closePID
  D:00D0H         PUBLIC        PSW
  C:8044H         PUBLIC        _getIntegral
  C:7FDCH         PUBLIC        _getKp
  C:7BDCH         PUBLIC        _setKd
  -------         PROC          _PID_CONFIG
  D:0003H         SYMBOL        PID_N
  X:09B0H         SYMBOL        kp
  X:09B4H         SYMBOL        ki
  X:09B8H         SYMBOL        kd
  C:4F67H         LINE#         53
  C:4F69H         LINE#         54
  C:4F69H         LINE#         55
  C:4F7EH         LINE#         56
  C:4F93H         LINE#         57
  C:4FA8H         LINE#         58
  C:4FBDH         LINE#         59
  C:4FD2H         LINE#         60
  C:4FF1H         LINE#         61
  C:5010H         LINE#         62
  C:502FH         LINE#         63
  C:5059H         LINE#         64
  C:5083H         LINE#         65
  -------         ENDPROC       _PID_CONFIG
  -------         PROC          _OPENPID
  D:0007H         SYMBOL        PID_N
  C:82BBH         LINE#         76
  C:82BBH         LINE#         77
  C:82BBH         LINE#         78
  C:82CCH         LINE#         80
  -------         ENDPROC       _OPENPID
  -------         PROC          _CLOSEPID
  D:0007H         SYMBOL        PID_N
  C:834BH         LINE#         90
  C:834BH         LINE#         91
  C:834BH         LINE#         92
BL51 BANKED LINKER/LOCATER V6.00                                                      08/07/2017  18:56:55  PAGE 26


  C:835BH         LINE#         95
  -------         ENDPROC       _CLOSEPID
  -------         PROC          _POSITION_PID
  X:0A95H         SYMBOL        PID_N
  C:3F0FH         LINE#         105
  C:3F14H         LINE#         106
  C:3F14H         LINE#         107
  C:3F27H         LINE#         108
  C:3F27H         LINE#         109
  C:3F75H         LINE#         110
  C:3FB8H         LINE#         111
  C:40BDH         LINE#         114
  C:40E7H         LINE#         115
  C:40E9H         LINE#         116
  C:40E9H         LINE#         117
  C:40EAH         LINE#         118
  -------         ENDPROC       _POSITION_PID
  -------         PROC          _INTEGRAL_SEPARA_PID
  X:0A77H         SYMBOL        PID_N
  -------         DO            
  X:0A78H         SYMBOL        multiple
  -------         ENDDO         
  C:3CC9H         LINE#         128
  C:3CCEH         LINE#         129
  C:3CCEH         LINE#         131
  C:3D19H         LINE#         132
  C:3D2DH         LINE#         133
  C:3D2DH         LINE#         134
  C:3D66H         LINE#         135
  C:3D66H         LINE#         136
  C:3D6DH         LINE#         137
  C:3D6FH         LINE#         139
  C:3D6FH         LINE#         140
  C:3D77H         LINE#         141
  C:3DBDH         LINE#         142
  C:3DBDH         LINE#         144
  C:3EE1H         LINE#         147
  C:3F0BH         LINE#         148
  C:3F0DH         LINE#         149
  C:3F0DH         LINE#         150
  C:3F0EH         LINE#         151
  -------         ENDPROC       _INTEGRAL_SEPARA_PID
  -------         PROC          _ANTI_WINDUP_PID
  X:0A7AH         SYMBOL        PID_N
  -------         DO            
  X:0A7BH         SYMBOL        multiple
  -------         ENDDO         
  C:26EBH         LINE#         161
  C:26F0H         LINE#         162
  C:26F0H         LINE#         164
  C:273BH         LINE#         165
  C:274FH         LINE#         166
  C:274FH         LINE#         167
  C:278BH         LINE#         168
  C:278BH         LINE#         169
  C:27D6H         LINE#         170
  C:27D6H         LINE#         171
BL51 BANKED LINKER/LOCATER V6.00                                                      08/07/2017  18:56:55  PAGE 27


  C:27D6H         LINE#         172
  C:27D9H         LINE#         174
  C:27D9H         LINE#         175
  C:27E1H         LINE#         176
  C:280CH         LINE#         177
  C:280CH         LINE#         178
  C:280CH         LINE#         179
  C:280CH         LINE#         180
  C:280CH         LINE#         181
  C:280FH         LINE#         182
  C:284FH         LINE#         183
  C:284FH         LINE#         184
  C:289AH         LINE#         185
  C:289AH         LINE#         186
  C:289AH         LINE#         187
  C:289CH         LINE#         189
  C:289CH         LINE#         190
  C:28A4H         LINE#         191
  C:28CDH         LINE#         192
  C:28CDH         LINE#         193
  C:28CDH         LINE#         194
  C:28CDH         LINE#         195
  C:28CDH         LINE#         196
  C:28CFH         LINE#         198
  C:28CFH         LINE#         199
  C:291AH         LINE#         200
  C:291AH         LINE#         201
  C:2921H         LINE#         202
  C:2923H         LINE#         204
  C:2923H         LINE#         205
  C:292BH         LINE#         206
  C:2971H         LINE#         207
  C:2971H         LINE#         208
  C:2971H         LINE#         210
  C:2A95H         LINE#         213
  C:2ABFH         LINE#         214
  C:2AC1H         LINE#         215
  C:2AC1H         LINE#         216
  C:2AC2H         LINE#         217
  -------         ENDPROC       _ANTI_WINDUP_PID
  -------         PROC          _TRAPEZOIDAL_INTEGRAL_PID
  X:0A7DH         SYMBOL        PID_N
  -------         DO            
  X:0A7EH         SYMBOL        multiple
  -------         ENDDO         
  C:230AH         LINE#         227
  C:230FH         LINE#         228
  C:230FH         LINE#         230
  C:235AH         LINE#         231
  C:236EH         LINE#         232
  C:236EH         LINE#         233
  C:23AAH         LINE#         234
  C:23AAH         LINE#         235
  C:23F5H         LINE#         236
  C:23F5H         LINE#         237
  C:23F5H         LINE#         238
  C:23F8H         LINE#         240
BL51 BANKED LINKER/LOCATER V6.00                                                      08/07/2017  18:56:55  PAGE 28


  C:23F8H         LINE#         241
  C:2400H         LINE#         242
  C:242BH         LINE#         243
  C:242BH         LINE#         244
  C:242BH         LINE#         245
  C:242BH         LINE#         246
  C:242BH         LINE#         247
  C:242EH         LINE#         248
  C:246EH         LINE#         249
  C:246EH         LINE#         250
  C:24B9H         LINE#         251
  C:24B9H         LINE#         252
  C:24B9H         LINE#         253
  C:24BBH         LINE#         255
  C:24BBH         LINE#         256
  C:24C3H         LINE#         257
  C:24ECH         LINE#         258
  C:24ECH         LINE#         259
  C:24ECH         LINE#         260
  C:24ECH         LINE#         261
  C:24ECH         LINE#         262
  C:24EEH         LINE#         264
  C:24EEH         LINE#         265
  C:2539H         LINE#         266
  C:2539H         LINE#         267
  C:2540H         LINE#         268
  C:2542H         LINE#         270
  C:2542H         LINE#         271
  C:254AH         LINE#         272
  C:2590H         LINE#         273
  C:2590H         LINE#         274
  C:2590H         LINE#         276
  C:26BDH         LINE#         279
  C:26E7H         LINE#         280
  C:26E9H         LINE#         281
  C:26E9H         LINE#         282
  C:26EAH         LINE#         283
  -------         ENDPROC       _TRAPEZOIDAL_INTEGRAL_PID
  -------         PROC          _INCREMENTAL_PID
  X:0A96H         SYMBOL        PID_N
  C:464EH         LINE#         293
  C:4653H         LINE#         294
  C:4653H         LINE#         295
  C:4666H         LINE#         296
  C:4666H         LINE#         297
  C:46B4H         LINE#         298
  C:4796H         LINE#         301
  C:47C0H         LINE#         302
  C:47EAH         LINE#         303
  C:47ECH         LINE#         304
  C:47ECH         LINE#         305
  C:47EDH         LINE#         306
  -------         ENDPROC       _INCREMENTAL_PID
  -------         PROC          _SETPARAMETERINFERIORLIMIT
  D:0003H         SYMBOL        PID_N
  X:0A30H         SYMBOL        value
  C:7B37H         LINE#         317
BL51 BANKED LINKER/LOCATER V6.00                                                      08/07/2017  18:56:55  PAGE 29


  C:7B39H         LINE#         318
  C:7B39H         LINE#         319
  -------         ENDPROC       _SETPARAMETERINFERIORLIMIT
  -------         PROC          _SETPARAMETERUPPERLIMIT
  D:0003H         SYMBOL        PID_N
[...]



  -------         MODULE        ?C?LLDXDATA0
  C:12BDH         PUBLIC        ?C?LLDXDATA0
  -------         ENDMOD        ?C?LLDXDATA0

  -------         MODULE        ?C?LLDPDATA0
  C:12C9H         PUBLIC        ?C?LLDPDATA0
  -------         ENDMOD        ?C?LLDPDATA0

  -------         MODULE        ?C?LLDCODE0
  C:12D6H         PUBLIC        ?C?LLDCODE0
  -------         ENDMOD        ?C?LLDCODE0

  -------         MODULE        ?C?PLDIDATA
  C:12E6H         PUBLIC        ?C?PLDIDATA
  -------         ENDMOD        ?C?PLDIDATA

  -------         MODULE        ?C?PLDXDATA
  C:12EFH         PUBLIC        ?C?PLDXDATA
  -------         ENDMOD        ?C?PLDXDATA

  -------         MODULE        ?C?PLDPDATA
  C:12F8H         PUBLIC        ?C?PLDPDATA
  -------         ENDMOD        ?C?PLDPDATA

  -------         MODULE        ?C?PLDCODE
  C:1301H         PUBLIC        ?C?PLDCODE
  -------         ENDMOD        ?C?PLDCODE

  -------         MODULE        INIT_MEM
  X:09ECH         PUBLIC        __mem_avail__
  C:747DH         PUBLIC        _init_mempool
  -------         ENDMOD        INIT_MEM

*** WARNING L16: UNCALLED SEGMENT, IGNORED FOR OVERLAY PROCESS
    SEGMENT: ?PR?TEST?SETUP

*** WARNING L16: UNCALLED SEGMENT, IGNORED FOR OVERLAY PROCESS
    SEGMENT: ?PR?MODE1?MODE

*** WARNING L16: UNCALLED SEGMENT, IGNORED FOR OVERLAY PROCESS
    SEGMENT: ?PR?MODE2?MODE

*** WARNING L16: UNCALLED SEGMENT, IGNORED FOR OVERLAY PROCESS
    SEGMENT: ?PR?MODE3?MODE

*** WARNING L16: UNCALLED SEGMENT, IGNORED FOR OVERLAY PROCESS
    SEGMENT: ?PR?MODE4?MODE

*** WARNING L16: UNCALLED SEGMENT, IGNORED FOR OVERLAY PROCESS
    SEGMENT: ?PR?MODELAUNCHER?MODE

*** WARNING L16: UNCALLED SEGMENT, IGNORED FOR OVERLAY PROCESS
    SEGMENT: ?PR?_PID_CONFIG?PID

*** WARNING L16: UNCALLED SEGMENT, IGNORED FOR OVERLAY PROCESS
    SEGMENT: ?PR?_OPENPID?PID
BL51 BANKED LINKER/LOCATER V6.00                                                      08/07/2017  18:56:55  PAGE 134



*** WARNING L16: UNCALLED SEGMENT, IGNORED FOR OVERLAY PROCESS
    SEGMENT: ?PR?_CLOSEPID?PID

*** WARNING L16: UNCALLED SEGMENT, IGNORED FOR OVERLAY PROCESS
    SEGMENT: ?PR?_SETPARAMETERINFERIORLIMIT?PID

*** WARNING L16: UNCALLED SEGMENT, IGNORED FOR OVERLAY PROCESS
    SEGMENT: ?PR?_SETPARAMETERUPPERLIMIT?PID

*** WARNING L16: UNCALLED SEGMENT, IGNORED FOR OVERLAY PROCESS
    SEGMENT: ?PR?_SETACTUALPARAMETER?PID

*** WARNING L16: UNCALLED SEGMENT, IGNORED FOR OVERLAY PROCESS
    SEGMENT: ?PR?_SETKI?PID

*** WARNING L16: UNCALLED SEGMENT, IGNORED FOR OVERLAY PROCESS
    SEGMENT: ?PR?_SETKP?PID

*** WARNING L16: UNCALLED SEGMENT, IGNORED FOR OVERLAY PROCESS
    SEGMENT: ?PR?_SETKD?PID

*** WARNING L16: UNCALLED SEGMENT, IGNORED FOR OVERLAY PROCESS
    SEGMENT: ?PR?_SETPARAMETER?PID

*** WARNING L16: UNCALLED SEGMENT, IGNORED FOR OVERLAY PROCESS
    SEGMENT: ?PR?_GETPARAMETER?PID

*** WARNING L16: UNCALLED SEGMENT, IGNORED FOR OVERLAY PROCESS
    SEGMENT: ?PR?_GETERR?PID

*** WARNING L16: UNCALLED SEGMENT, IGNORED FOR OVERLAY PROCESS
    SEGMENT: ?PR?_GETERRLAST?PID

*** WARNING L16: UNCALLED SEGMENT, IGNORED FOR OVERLAY PROCESS
    SEGMENT: ?PR?_GETKP?PID

*** WARNING L16: UNCALLED SEGMENT, IGNORED FOR OVERLAY PROCESS
    SEGMENT: ?PR?_GETKI?PID

*** WARNING L16: UNCALLED SEGMENT, IGNORED FOR OVERLAY PROCESS
    SEGMENT: ?PR?_GETKD?PID

*** WARNING L16: UNCALLED SEGMENT, IGNORED FOR OVERLAY PROCESS
    SEGMENT: ?PR?_GETOUTPUT?PID

*** WARNING L16: UNCALLED SEGMENT, IGNORED FOR OVERLAY PROCESS
    SEGMENT: ?PR?_GETINTEGRAL?PID

*** WARNING L16: UNCALLED SEGMENT, IGNORED FOR OVERLAY PROCESS
    SEGMENT: ?PR?_SETMAXERROR?PID

*** WARNING L16: UNCALLED SEGMENT, IGNORED FOR OVERLAY PROCESS
    SEGMENT: ?PR?_POSCLASSPID?PID

*** WARNING L16: UNCALLED SEGMENT, IGNORED FOR OVERLAY PROCESS
    SEGMENT: ?PR?_INCCLASSPID?PID
BL51 BANKED LINKER/LOCATER V6.00                                                      08/07/2017  18:56:55  PAGE 135



*** WARNING L16: UNCALLED SEGMENT, IGNORED FOR OVERLAY PROCESS
    SEGMENT: ?PR?_LCD_CLR_ROW?LCD5510_V2

*** WARNING L16: UNCALLED SEGMENT, IGNORED FOR OVERLAY PROCESS
    SEGMENT: ?PR?_LCD_PRINTS?LCD5510_V2

*** WARNING L16: UNCALLED SEGMENT, IGNORED FOR OVERLAY PROCESS
    SEGMENT: ?PR?_LCD_PRINTNUM_F?LCD5510_V2

*** WARNING L16: UNCALLED SEGMENT, IGNORED FOR OVERLAY PROCESS
    SEGMENT: ?PR?GETBOARD_LED_STATE?LED

*** WARNING L16: UNCALLED SEGMENT, IGNORED FOR OVERLAY PROCESS
    SEGMENT: ?PR?_BOARD_LED_PWM?LED

*** WARNING L16: UNCALLED SEGMENT, IGNORED FOR OVERLAY PROCESS
    SEGMENT: ?PR?_SETDC_MOTORSPEED?MOTOR

*** WARNING L16: UNCALLED SEGMENT, IGNORED FOR OVERLAY PROCESS
    SEGMENT: ?PR?_OPEN_DC_MOTOR?MOTOR

*** WARNING L16: UNCALLED SEGMENT, IGNORED FOR OVERLAY PROCESS
    SEGMENT: ?PR?_CLOSE_DC_MOTOR?MOTOR

*** WARNING L16: UNCALLED SEGMENT, IGNORED FOR OVERLAY PROCESS
    SEGMENT: ?PR?_GETDC_MOTORSTATE?MOTOR

*** WARNING L16: UNCALLED SEGMENT, IGNORED FOR OVERLAY PROCESS
    SEGMENT: ?PR?DC_MOTOR_CONFIG?MOTOR

*** WARNING L16: UNCALLED SEGMENT, IGNORED FOR OVERLAY PROCESS
    SEGMENT: ?PR?_INIT_STR_MOTOR?SERVO

*** WARNING L16: UNCALLED SEGMENT, IGNORED FOR OVERLAY PROCESS
    SEGMENT: ?PR?_SET_STR_ANGLE?SERVO

*** WARNING L16: UNCALLED SEGMENT, IGNORED FOR OVERLAY PROCESS
    SEGMENT: ?PR?_READ_STR_ANGLE?SERVO

*** WARNING L16: UNCALLED SEGMENT, IGNORED FOR OVERLAY PROCESS
    SEGMENT: ?PR?_OPEN_STR?SERVO

*** WARNING L16: UNCALLED SEGMENT, IGNORED FOR OVERLAY PROCESS
    SEGMENT: ?PR?_CLOSE_STR?SERVO

*** WARNING L16: UNCALLED SEGMENT, IGNORED FOR OVERLAY PROCESS
    SEGMENT: ?PR?_SETSTEPMOTORWITHDISTANCE?STEP_MOTOR

*** WARNING L16: UNCALLED SEGMENT, IGNORED FOR OVERLAY PROCESS
    SEGMENT: ?PR?_SETSTEPMOTORWITHROUND?STEP_MOTOR

*** WARNING L16: UNCALLED SEGMENT, IGNORED FOR OVERLAY PROCESS
    SEGMENT: ?PR?_SETSTEPMOTORSTATE?STEP_MOTOR

*** WARNING L16: UNCALLED SEGMENT, IGNORED FOR OVERLAY PROCESS
    SEGMENT: ?PR?_GETSTEPMOTORSTATE?STEP_MOTOR
BL51 BANKED LINKER/LOCATER V6.00                                                      08/07/2017  18:56:55  PAGE 136



*** WARNING L16: UNCALLED SEGMENT, IGNORED FOR OVERLAY PROCESS
    SEGMENT: ?PR?_SETSTEPMOTORDIVERSION?STEP_MOTOR

*** WARNING L16: UNCALLED SEGMENT, IGNORED FOR OVERLAY PROCESS
    SEGMENT: ?PR?_CLOSE_STEPMOTOR?STEP_MOTOR

*** WARNING L16: UNCALLED SEGMENT, IGNORED FOR OVERLAY PROCESS
    SEGMENT: ?PR?_OPEN_STEPMOTOR?STEP_MOTOR

*** WARNING L16: UNCALLED SEGMENT, IGNORED FOR OVERLAY PROCESS
    SEGMENT: ?PR?_FREESTEPMOTOR?STEP_MOTOR

*** WARNING L16: UNCALLED SEGMENT, IGNORED FOR OVERLAY PROCESS
    SEGMENT: ?PR?_LOCKSTEPMOTOR?STEP_MOTOR

*** WARNING L16: UNCALLED SEGMENT, IGNORED FOR OVERLAY PROCESS
    SEGMENT: ?PR?_STEPMOTOR_INIT?STEP_MOTOR

*** WARNING L16: UNCALLED SEGMENT, IGNORED FOR OVERLAY PROCESS
    SEGMENT: ?PR?GETANGLE?ANGLE

*** WARNING L16: UNCALLED SEGMENT, IGNORED FOR OVERLAY PROCESS
    SEGMENT: ?PR?_SETSPEAKERPERIOD?SPEAKER

*** WARNING L16: UNCALLED SEGMENT, IGNORED FOR OVERLAY PROCESS
    SEGMENT: ?PR?_SETLENGTH?SPEAKER

*** WARNING L16: UNCALLED SEGMENT, IGNORED FOR OVERLAY PROCESS
    SEGMENT: ?PR?_OPEN_SPEAKER?SPEAKER

*** WARNING L16: UNCALLED SEGMENT, IGNORED FOR OVERLAY PROCESS
    SEGMENT: ?PR?_CLOSE_SPEAKER?SPEAKER

*** WARNING L16: UNCALLED SEGMENT, IGNORED FOR OVERLAY PROCESS
    SEGMENT: ?PR?_GETPULSERSTATE?FIXEDPULSER

*** WARNING L16: UNCALLED SEGMENT, IGNORED FOR OVERLAY PROCESS
    SEGMENT: ?PR?SETCARFORWARD?MT_1_L298N

*** WARNING L16: UNCALLED SEGMENT, IGNORED FOR OVERLAY PROCESS
    SEGMENT: ?PR?SETCARBACK?MT_1_L298N

*** WARNING L16: UNCALLED SEGMENT, IGNORED FOR OVERLAY PROCESS
    SEGMENT: ?PR?SETCARSTOP?MT_1_L298N

*** WARNING L16: UNCALLED SEGMENT, IGNORED FOR OVERLAY PROCESS
    SEGMENT: ?PR?SETCARRIGHTFORWARD?MT_1_L298N

*** WARNING L16: UNCALLED SEGMENT, IGNORED FOR OVERLAY PROCESS
    SEGMENT: ?PR?SETCARRIGHTBACK?MT_1_L298N

*** WARNING L16: UNCALLED SEGMENT, IGNORED FOR OVERLAY PROCESS
    SEGMENT: ?PR?SETCARRIGHTTURN?MT_1_L298N

*** WARNING L16: UNCALLED SEGMENT, IGNORED FOR OVERLAY PROCESS
    SEGMENT: ?PR?SETCARLEFTFORWARD?MT_1_L298N
BL51 BANKED LINKER/LOCATER V6.00                                                      08/07/2017  18:56:55  PAGE 137



*** WARNING L16: UNCALLED SEGMENT, IGNORED FOR OVERLAY PROCESS
    SEGMENT: ?PR?SETCARLEFTBACK?MT_1_L298N

*** WARNING L16: UNCALLED SEGMENT, IGNORED FOR OVERLAY PROCESS
    SEGMENT: ?PR?SETCARLEFTTURN?MT_1_L298N

*** WARNING L16: UNCALLED SEGMENT, IGNORED FOR OVERLAY PROCESS
    SEGMENT: ?PR?_INITJY901?MPU9250_SBUF

*** WARNING L16: UNCALLED SEGMENT, IGNORED FOR OVERLAY PROCESS
    SEGMENT: ?PR?_ENABLEJY901?MPU9250_SBUF

*** WARNING L16: UNCALLED SEGMENT, IGNORED FOR OVERLAY PROCESS
    SEGMENT: ?PR?_DISABLEJY901?MPU9250_SBUF

*** WARNING L16: UNCALLED SEGMENT, IGNORED FOR OVERLAY PROCESS
    SEGMENT: ?PR?_OPENJY901SBUFMODE?MPU9250_SBUF

*** WARNING L16: UNCALLED SEGMENT, IGNORED FOR OVERLAY PROCESS
    SEGMENT: ?PR?_CLOSEJY901SBUFMODE?MPU9250_SBUF

*** WARNING L16: UNCALLED SEGMENT, IGNORED FOR OVERLAY PROCESS
    SEGMENT: ?PR?_GETJY901ACCELERATION?MPU9250_SBUF

*** WARNING L16: UNCALLED SEGMENT, IGNORED FOR OVERLAY PROCESS
    SEGMENT: ?PR?_GETJY901PALSTANCE?MPU9250_SBUF

*** WARNING L16: UNCALLED SEGMENT, IGNORED FOR OVERLAY PROCESS
    SEGMENT: ?PR?_GETJY901MAGNETIC?MPU9250_SBUF

*** WARNING L16: UNCALLED SEGMENT, IGNORED FOR OVERLAY PROCESS
    SEGMENT: ?PR?RELAY_INIT?RELAY

*** WARNING L16: UNCALLED SEGMENT, IGNORED FOR OVERLAY PROCESS
    SEGMENT: ?PR?_OPENRELAYMODULAR?RELAY

*** WARNING L16: UNCALLED SEGMENT, IGNORED FOR OVERLAY PROCESS
    SEGMENT: ?PR?_CLOSERELAYMODULAR?RELAY

*** WARNING L16: UNCALLED SEGMENT, IGNORED FOR OVERLAY PROCESS
    SEGMENT: ?PR?_OPENRELAYKEY?RELAY

*** WARNING L16: UNCALLED SEGMENT, IGNORED FOR OVERLAY PROCESS
    SEGMENT: ?PR?_CLOSERELAYKEY?RELAY

*** WARNING L16: UNCALLED SEGMENT, IGNORED FOR OVERLAY PROCESS
    SEGMENT: ?PR?_TM1638LEDDISPLAY?TM1638

*** WARNING L16: UNCALLED SEGMENT, IGNORED FOR OVERLAY PROCESS
    SEGMENT: ?PR?CLOSETM1638DISPLAY?TM1638

*** WARNING L16: UNCALLED SEGMENT, IGNORED FOR OVERLAY PROCESS
    SEGMENT: ?PR?_CLOSE_ADS1115?ADS1115

*** WARNING L16: UNCALLED SEGMENT, IGNORED FOR OVERLAY PROCESS
    SEGMENT: ?PR?_HC595_INIT?74HC595
BL51 BANKED LINKER/LOCATER V6.00                                                      08/07/2017  18:56:55  PAGE 138



*** WARNING L16: UNCALLED SEGMENT, IGNORED FOR OVERLAY PROCESS
    SEGMENT: ?PR?_HC595SENDDATA?74HC595

*** WARNING L16: UNCALLED SEGMENT, IGNORED FOR OVERLAY PROCESS
    SEGMENT: ?PR?_CLOSE_HC_SR04?HC_SR04

*** WARNING L16: UNCALLED SEGMENT, IGNORED FOR OVERLAY PROCESS
    SEGMENT: ?PR?_GETHC_SR04_STATE?HC_SR04

*** WARNING L16: UNCALLED SEGMENT, IGNORED FOR OVERLAY PROCESS
    SEGMENT: ?PR?_SETTIMERVALUE?HC_SR04

*** WARNING L16: UNCALLED SEGMENT, IGNORED FOR OVERLAY PROCESS
    SEGMENT: ?PR?_NRF24L01_INIT?NRF24L01

*** WARNING L16: UNCALLED SEGMENT, IGNORED FOR OVERLAY PROCESS
    SEGMENT: ?PR?_CHOICEHALFDUPLEXMODE?NRF24L01

*** WARNING L16: UNCALLED SEGMENT, IGNORED FOR OVERLAY PROCESS
    SEGMENT: ?PR?_NRF24L01_RXPACKET?NRF24L01

*** WARNING L16: UNCALLED SEGMENT, IGNORED FOR OVERLAY PROCESS
    SEGMENT: ?PR?_NRF24L01_TXPACKET?NRF24L01

*** WARNING L16: UNCALLED SEGMENT, IGNORED FOR OVERLAY PROCESS
    SEGMENT: ?PR?_ADC_POWERCONTROL?ADC

*** WARNING L16: UNCALLED SEGMENT, IGNORED FOR OVERLAY PROCESS
    SEGMENT: ?PR?_EEPROM_READ_N?STC15_EEPROM

*** WARNING L16: UNCALLED SEGMENT, IGNORED FOR OVERLAY PROCESS
    SEGMENT: ?PR?_EEPROM_SECTORERASE?STC15_EEPROM

*** WARNING L16: UNCALLED SEGMENT, IGNORED FOR OVERLAY PROCESS
    SEGMENT: ?PR?_EEPROM_WRITE_N?STC15_EEPROM

*** WARNING L16: UNCALLED SEGMENT, IGNORED FOR OVERLAY PROCESS
    SEGMENT: ?PR?_SETPINSTATE?GPIO

*** WARNING L16: UNCALLED SEGMENT, IGNORED FOR OVERLAY PROCESS
    SEGMENT: ?PR?_IIC_WRDATTOADD?STC15_IIC

*** WARNING L16: UNCALLED SEGMENT, IGNORED FOR OVERLAY PROCESS
    SEGMENT: ?PR?_IIC_RDDATFROMADD?STC15_IIC

*** WARNING L16: UNCALLED SEGMENT, IGNORED FOR OVERLAY PROCESS
    SEGMENT: ?PR?_PWMN_UPDATE?PCA

*** WARNING L16: UNCALLED SEGMENT, IGNORED FOR OVERLAY PROCESS
    SEGMENT: ?PR?_PCA_INIT?PCA

*** WARNING L16: UNCALLED SEGMENT, IGNORED FOR OVERLAY PROCESS
    SEGMENT: ?PR?_PWMOUTPUT?PCA

*** WARNING L16: UNCALLED SEGMENT, IGNORED FOR OVERLAY PROCESS
    SEGMENT: ?PR?_GET_PWM_PERIOD?STC15_PWM
BL51 BANKED LINKER/LOCATER V6.00                                                      08/07/2017  18:56:55  PAGE 139



*** WARNING L16: UNCALLED SEGMENT, IGNORED FOR OVERLAY PROCESS
    SEGMENT: ?PR?_GET_PWM_N_DUTY?STC15_PWM

*** WARNING L16: UNCALLED SEGMENT, IGNORED FOR OVERLAY PROCESS
    SEGMENT: ?PR?_GETPWM_DIV?STC15_PWM

*** WARNING L16: UNCALLED SEGMENT, IGNORED FOR OVERLAY PROCESS
    SEGMENT: ?PR?OPEN_PWM_ALL?STC15_PWM

*** WARNING L16: UNCALLED SEGMENT, IGNORED FOR OVERLAY PROCESS
    SEGMENT: ?PR?CLOSE_PWM_ALL?STC15_PWM

*** WARNING L16: UNCALLED SEGMENT, IGNORED FOR OVERLAY PROCESS
    SEGMENT: ?PR?_GET_PWM_N_STATE?STC15_PWM

*** WARNING L16: UNCALLED SEGMENT, IGNORED FOR OVERLAY PROCESS
    SEGMENT: ?PR?_PWM_INIT?STC15_PWM

*** WARNING L16: UNCALLED SEGMENT, IGNORED FOR OVERLAY PROCESS
    SEGMENT: ?PR?_SETSPIRX_DR?STC15_SPI

*** WARNING L16: UNCALLED SEGMENT, IGNORED FOR OVERLAY PROCESS
    SEGMENT: ?PR?_SETTIMEOUT?TIMER

*** WARNING L16: UNCALLED SEGMENT, IGNORED FOR OVERLAY PROCESS
    SEGMENT: ?PR?_GETTIMEROUT?TIMER

*** WARNING L16: UNCALLED SEGMENT, IGNORED FOR OVERLAY PROCESS
    SEGMENT: ?PR?_SETTIMERHERTZ?TIMER

*** WARNING L16: UNCALLED SEGMENT, IGNORED FOR OVERLAY PROCESS
    SEGMENT: ?PR?_GETTIMERHERTZ?TIMER

*** WARNING L16: UNCALLED SEGMENT, IGNORED FOR OVERLAY PROCESS
    SEGMENT: ?PR?_STOPTIMER?TIMER

*** WARNING L16: UNCALLED SEGMENT, IGNORED FOR OVERLAY PROCESS
    SEGMENT: ?PR?_ISSTOPPED?TIMER

*** WARNING L16: UNCALLED SEGMENT, IGNORED FOR OVERLAY PROCESS
    SEGMENT: ?PR?_ONRESTARTTIMER?TIMER

*** WARNING L16: UNCALLED SEGMENT, IGNORED FOR OVERLAY PROCESS
    SEGMENT: ?PR?GETMICROS?TIMER

*** WARNING L16: UNCALLED SEGMENT, IGNORED FOR OVERLAY PROCESS
    SEGMENT: ?PR?GETMILLIS?TIMER

*** WARNING L16: UNCALLED SEGMENT, IGNORED FOR OVERLAY PROCESS
    SEGMENT: ?PR?GETSECONDS?TIMER

*** WARNING L16: UNCALLED SEGMENT, IGNORED FOR OVERLAY PROCESS
    SEGMENT: ?PR?GETMINUTES?TIMER

*** WARNING L16: UNCALLED SEGMENT, IGNORED FOR OVERLAY PROCESS
    SEGMENT: ?PR?GETHOURS?TIMER
BL51 BANKED LINKER/LOCATER V6.00                                                      08/07/2017  18:56:55  PAGE 140



*** WARNING L16: UNCALLED SEGMENT, IGNORED FOR OVERLAY PROCESS
    SEGMENT: ?PR?GETDAYS?TIMER

*** WARNING L16: UNCALLED SEGMENT, IGNORED FOR OVERLAY PROCESS
    SEGMENT: ?PR?_PRINTSTRING2?USART1

*** WARNING L16: UNCALLED SEGMENT, IGNORED FOR OVERLAY PROCESS
    SEGMENT: ?PR?_PRINTSTRING3?USART1

*** WARNING L16: UNCALLED SEGMENT, IGNORED FOR OVERLAY PROCESS
    SEGMENT: ?PR?_PRINTSTRING4?USART1

*** WARNING L16: UNCALLED SEGMENT, IGNORED FOR OVERLAY PROCESS
    SEGMENT: ?PR?_INIT_MEMPOOL?INIT_MEM

*** WARNING L15: MULTIPLE CALL TO SEGMENT
    SEGMENT: ?PR?_LCD_PRINTSL?LCD5510_V2
    CALLER1: ?PR?TASKSTART?ABSTASK
    CALLER2: ?PR?DATAUPDATE?ABSTASK

*** WARNING L15: MULTIPLE CALL TO SEGMENT
    SEGMENT: ?PR?_DATASCOPE_GET_CHANNEL_DATA?DATASCOPE_DP
    CALLER1: ?PR?PRINTANGLEDATA?ABSTASK
    CALLER2: ?PR?PRINTADS1115?ABSTASK

*** WARNING L15: MULTIPLE CALL TO SEGMENT
    SEGMENT: ?PR?_FLOAT2BYTE?DATASCOPE_DP
    CALLER1: ?PR?PRINTANGLEDATA?ABSTASK
    CALLER2: ?PR?PRINTADS1115?ABSTASK

*** WARNING L15: MULTIPLE CALL TO SEGMENT
    SEGMENT: ?PR?_SENDSCOPEDATA?DATASCOPE_DP
    CALLER1: ?PR?PRINTANGLEDATA?ABSTASK
    CALLER2: ?PR?PRINTADS1115?ABSTASK

*** WARNING L15: MULTIPLE CALL TO SEGMENT
    SEGMENT: ?PR?_BUZZ?SPEAKER
    CALLER1: ?PR?TASKSTART?ABSTASK
    CALLER2: ?PR?BUZZ?ABSTASK

*** WARNING L15: MULTIPLE CALL TO SEGMENT
    SEGMENT: ?PR?_SETPULSE?FIXEDPULSER
    CALLER1: ?PR?TASKSTART?ABSTASK
    CALLER2: ?PR?BUZZ?ABSTASK

*** WARNING L15: MULTIPLE CALL TO SEGMENT
    SEGMENT: ?PR?_SETTM1638WRITE?TM1638
    CALLER1: ?PR?TASKSTART?ABSTASK
    CALLER2: ?PR?ABUTTONSCAN?ABSTASK

*** WARNING L15: MULTIPLE CALL TO SEGMENT
    SEGMENT: ?PR?_LCD_PRINTSL?LCD5510_V2
    CALLER1: ?PR?DATAUPDATE?ABSTASK
    CALLER2: ?PR?PRINTFBUTTON?ABSTASK

*** WARNING L15: MULTIPLE CALL TO SEGMENT
BL51 BANKED LINKER/LOCATER V6.00                                                      08/07/2017  18:56:55  PAGE 141


    SEGMENT: ?PR?_DATASCOPE_GET_CHANNEL_DATA?DATASCOPE_DP
    CALLER1: ?PR?PRINTADS1115?ABSTASK
    CALLER2: ?PR?PRINTDISTANCE?ABSTASK

*** WARNING L15: MULTIPLE CALL TO SEGMENT
    SEGMENT: ?PR?_FLOAT2BYTE?DATASCOPE_DP
    CALLER1: ?PR?PRINTADS1115?ABSTASK
    CALLER2: ?PR?PRINTDISTANCE?ABSTASK

*** WARNING L15: MULTIPLE CALL TO SEGMENT
    SEGMENT: ?PR?_SENDSCOPEDATA?DATASCOPE_DP
    CALLER1: ?PR?PRINTADS1115?ABSTASK
    CALLER2: ?PR?PRINTDISTANCE?ABSTASK

*** WARNING L15: MULTIPLE CALL TO SEGMENT
    SEGMENT: ?PR?_DATASCOPE_GET_CHANNEL_DATA?DATASCOPE_DP
    CALLER1: ?PR?PRINTDISTANCE?ABSTASK
    CALLER2: ?PR?DISTANCE?ABSTASK

*** WARNING L15: MULTIPLE CALL TO SEGMENT
    SEGMENT: ?PR?_FLOAT2BYTE?DATASCOPE_DP
    CALLER1: ?PR?PRINTDISTANCE?ABSTASK
    CALLER2: ?PR?DISTANCE?ABSTASK

*** WARNING L15: MULTIPLE CALL TO SEGMENT
    SEGMENT: ?PR?_SENDSCOPEDATA?DATASCOPE_DP
    CALLER1: ?PR?PRINTDISTANCE?ABSTASK
    CALLER2: ?PR?DISTANCE?ABSTASK

*** WARNING L15: MULTIPLE CALL TO SEGMENT
    SEGMENT: ?PR?GETBUTTONNUM?TM1638
    CALLER1: ?PR?ABUTTONSCAN?ABSTASK
    CALLER2: ?PR?BUTTONSOUND?ABSTASK

*** WARNING L15: MULTIPLE CALL TO SEGMENT
    SEGMENT: ?PR?_SETTM1638WRITE?TM1638
    CALLER1: ?PR?ABUTTONSCAN?ABSTASK
    CALLER2: ?PR?BUTTONSOUND?ABSTASK

*** WARNING L15: MULTIPLE CALL TO SEGMENT
    SEGMENT: ?PR?GETTM1638READ?TM1638
    CALLER1: ?PR?ABUTTONSCAN?ABSTASK
    CALLER2: ?PR?BUTTONSOUND?ABSTASK

*** WARNING L15: MULTIPLE CALL TO SEGMENT
    SEGMENT: ?PR?_BUZZ?SPEAKER
    CALLER1: ?PR?BUZZ?ABSTASK
    CALLER2: ?PR?BUTTONSOUND?ABSTASK

*** WARNING L15: MULTIPLE CALL TO SEGMENT
    SEGMENT: ?PR?_SETPULSE?FIXEDPULSER
    CALLER1: ?PR?BUZZ?ABSTASK
    CALLER2: ?PR?BUTTONSOUND?ABSTASK

*** WARNING L1: UNRESOLVED EXTERNAL SYMBOL
    SYMBOL:  TIME_BUF1
    MODULE:  .\setup.obj (SETUP)
BL51 BANKED LINKER/LOCATER V6.00                                                      08/07/2017  18:56:55  PAGE 142



*** WARNING L1: UNRESOLVED EXTERNAL SYMBOL
    SYMBOL:  DS1302_READ_TIME
    MODULE:  .\setup.obj (SETUP)

*** WARNING L1: UNRESOLVED EXTERNAL SYMBOL
    SYMBOL:  TIME_BUF
    MODULE:  .\setup.obj (SETUP)

*** WARNING L1: UNRESOLVED EXTERNAL SYMBOL
    SYMBOL:  DS1302_INIT
    MODULE:  .\setup.obj (SETUP)

*** WARNING L2: REFERENCE MADE TO UNRESOLVED EXTERNAL
    SYMBOL:  DS1302_INIT
    MODULE:  .\setup.obj (SETUP)
    ADDRESS: 6C7DH

*** WARNING L2: REFERENCE MADE TO UNRESOLVED EXTERNAL
    SYMBOL:  TIME_BUF
    MODULE:  .\setup.obj (SETUP)
    ADDRESS: 6C8BH

*** WARNING L2: REFERENCE MADE TO UNRESOLVED EXTERNAL
    SYMBOL:  DS1302_READ_TIME
    MODULE:  .\setup.obj (SETUP)
    ADDRESS: 6C96H

*** WARNING L2: REFERENCE MADE TO UNRESOLVED EXTERNAL
    SYMBOL:  TIME_BUF1
    MODULE:  .\setup.obj (SETUP)
    ADDRESS: 6C9FH

*** WARNING L2: REFERENCE MADE TO UNRESOLVED EXTERNAL
    SYMBOL:  TIME_BUF1
    MODULE:  .\setup.obj (SETUP)
    ADDRESS: 6CACH

*** WARNING L2: REFERENCE MADE TO UNRESOLVED EXTERNAL
    SYMBOL:  TIME_BUF1
    MODULE:  .\setup.obj (SETUP)
    ADDRESS: 6CB9H

*** WARNING L2: REFERENCE MADE TO UNRESOLVED EXTERNAL
    SYMBOL:  TIME_BUF1
    MODULE:  .\setup.obj (SETUP)
    ADDRESS: 6CC6H

******************************************************************************
* RESTRICTED VERSION WITH FFFFH BYTE CODE SIZE LIMIT; USED: 697FH BYTE (41%) *
******************************************************************************

Program Size: data=70.4 xdata=2723 code=32268
LINK/LOCATE RUN COMPLETE.  157 WARNING(S),  0 ERROR(S)
