BL51 BANKED LINKER/LOCATER V6.00                                                        08/02/2017  18:22:39  PAGE 1


BL51 BANKED LINKER/LOCATER V6.00, INVOKED BY:
C:\KEIL_V5\C51\BIN\BL51.EXE .\absTask.obj, .\setup.obj, .\mode.obj, .\FILTER.obj, .\PID.obj, .\DataScope_DP.obj, .\Conf_
>> tny.obj, .\BUTTON.obj, .\LCD5510_V2.obj, .\LED.obj, .\MOTOR.obj, .\SERVO.obj, .\STEP_MOTOR.obj, .\ANGLE.obj, .\74HC59
>> 5.obj, .\fixedPulser.obj, .\MT_1_L298N.obj, .\MPU6050.obj, .\MPU9250.obj, .\MPU9250_SBUF.obj, .\RELAY.obj, .\TM1638.o
>> bj, .\ADS1115.obj, .\ADC.obj, .\delay.obj, .\stc15_eeprom.obj, .\stc15_exti.obj, .\GPIO.obj, .\stc15_iic.obj, .\PCA.o
>> bj, .\stc15_pwm.obj, .\stc15_spi.obj, .\timer.obj, .\USART1.obj TO 电子大赛程序框架 RTX51TINY RAMSIZE (256)


MEMORY MODEL: LARGE WITH FLOATING POINT ARITHMETIC


INPUT MODULES INCLUDED:
  .\absTask.obj (ABSTASK)
  .\setup.obj (SETUP)
  .\mode.obj (MODE)
  .\FILTER.obj (FILTER)
  .\PID.obj (PID)
  .\DataScope_DP.obj (DATASCOPE_DP)
  .\Conf_tny.obj (?RTX51_TINY_KERNAL)
  .\BUTTON.obj (BUTTON)
  .\LCD5510_V2.obj (LCD5510_V2)
  .\LED.obj (LED)
  .\MOTOR.obj (MOTOR)
  .\SERVO.obj (SERVO)
  .\STEP_MOTOR.obj (STEP_MOTOR)
  .\ANGLE.obj (ANGLE)
  .\74HC595.obj (74HC595)
  .\fixedPulser.obj (FIXEDPULSER)
  .\MT_1_L298N.obj (MT_1_L298N)
  .\MPU6050.obj (MPU6050)
  .\MPU9250.obj (MPU9250)
  .\MPU9250_SBUF.obj (MPU9250_SBUF)
  .\RELAY.obj (RELAY)
  .\TM1638.obj (TM1638)
  .\ADS1115.obj (ADS1115)
  .\ADC.obj (ADC)
  .\delay.obj (DELAY)
  .\stc15_eeprom.obj (STC15_EEPROM)
  .\stc15_exti.obj (STC15_EXTI)
  .\GPIO.obj (GPIO)
  .\stc15_iic.obj (STC15_IIC)
  .\PCA.obj (PCA)
  .\stc15_pwm.obj (STC15_PWM)
  .\stc15_spi.obj (STC15_SPI)
  .\timer.obj (TIMER)
  .\USART1.obj (USART1)
  C:\KEIL_V5\C51\LIB\RTX51TNY.LIB (?RTX51_TINY_OS_CREATE)
  C:\KEIL_V5\C51\LIB\RTX51TNY.LIB (?RTX51_TINY_OS_DELETE)
  C:\KEIL_V5\C51\LIB\RTX51TNY.LIB (?RTX51_TINY_OS_WAIT)
  C:\KEIL_V5\C51\LIB\C51FPL.LIB (?C?FPADD)
  C:\KEIL_V5\C51\LIB\C51FPL.LIB (?C?FPMUL)
  C:\KEIL_V5\C51\LIB\C51FPL.LIB (?C?FPDIV)
  C:\KEIL_V5\C51\LIB\C51FPL.LIB (?C?FPCMP)
  C:\KEIL_V5\C51\LIB\C51FPL.LIB (?C?FCAST)
  C:\KEIL_V5\C51\LIB\C51FPL.LIB (?C?CASTF)
  C:\KEIL_V5\C51\LIB\C51FPL.LIB (PRINTF)
  C:\KEIL_V5\C51\LIB\C51FPL.LIB (?C?FPGETOPN)
  C:\KEIL_V5\C51\LIB\C51FPL.LIB (?C?FPROUND)
BL51 BANKED LINKER/LOCATER V6.00                                                      08/02/2017  18:22:39  PAGE 2


  C:\KEIL_V5\C51\LIB\C51FPL.LIB (?C?FPCONVERT)
  C:\KEIL_V5\C51\LIB\C51FPL.LIB (?C?FTNPWR)
  C:\KEIL_V5\C51\LIB\C51L.LIB (?C_STARTUP)
  C:\KEIL_V5\C51\LIB\C51L.LIB (?C?CLDPTR)
  C:\KEIL_V5\C51\LIB\C51L.LIB (?C?CLDOPTR)
  C:\KEIL_V5\C51\LIB\C51L.LIB (?C?CSTPTR)
  C:\KEIL_V5\C51\LIB\C51L.LIB (?C?CSTOPTR)
  C:\KEIL_V5\C51\LIB\C51L.LIB (?C?IMUL)
  C:\KEIL_V5\C51\LIB\C51L.LIB (?C?UIDIV)
  C:\KEIL_V5\C51\LIB\C51L.LIB (?C?SIDIV)
  C:\KEIL_V5\C51\LIB\C51L.LIB (?C?IILDX)
  C:\KEIL_V5\C51\LIB\C51L.LIB (?C?ILDIX)
  C:\KEIL_V5\C51\LIB\C51L.LIB (?C?ILDOPTR)
  C:\KEIL_V5\C51\LIB\C51L.LIB (?C?LMUL)
  C:\KEIL_V5\C51\LIB\C51L.LIB (?C?ULDIV)
  C:\KEIL_V5\C51\LIB\C51L.LIB (?C?SLDIV)
  C:\KEIL_V5\C51\LIB\C51L.LIB (?C?LNEG)
  C:\KEIL_V5\C51\LIB\C51L.LIB (?C?ULCMP)
  C:\KEIL_V5\C51\LIB\C51L.LIB (?C?ULSHR)
  C:\KEIL_V5\C51\LIB\C51L.LIB (?C?LLDOPTR0)
  C:\KEIL_V5\C51\LIB\C51L.LIB (?C?LSTXDATA)
  C:\KEIL_V5\C51\LIB\C51L.LIB (?C?LSTKXDATA)
  C:\KEIL_V5\C51\LIB\C51L.LIB (?C?OFFXADD)
  C:\KEIL_V5\C51\LIB\C51L.LIB (?C?PLDIXDATA)
  C:\KEIL_V5\C51\LIB\C51L.LIB (?C?PSTXDATA)
  C:\KEIL_V5\C51\LIB\C51L.LIB (?C?CCASE)
  C:\KEIL_V5\C51\LIB\C51L.LIB (?C?ICALL)
  C:\KEIL_V5\C51\LIB\C51L.LIB (PUTCHAR)
  C:\KEIL_V5\C51\LIB\C51L.LIB (ABS)
  C:\KEIL_V5\C51\LIB\C51L.LIB (?C_INIT)
  C:\KEIL_V5\C51\LIB\C51L.LIB (?C?LLDIDATA0)
  C:\KEIL_V5\C51\LIB\C51L.LIB (?C?LLDXDATA0)
  C:\KEIL_V5\C51\LIB\C51L.LIB (?C?LLDPDATA0)
  C:\KEIL_V5\C51\LIB\C51L.LIB (?C?LLDCODE0)


TASK TABLE OF MODULE:  电子大赛程序框架 (ABSTASK)

TASKID   PRIORITY   REG-BANK   SEGMENT NAME
-------------------------------------------
0        0          0          ?PR?TASKSTART?ABSTASK
1        0          0          ?PR?PRINTANGLEDATA?ABSTASK
2        0          0          ?PR?DATAUPDATE?ABSTASK
3        0          0          ?PR?PRINTADS1115?ABSTASK



LINK MAP OF MODULE:  电子大赛程序框架 (ABSTASK)


            TYPE    BASE      LENGTH    RELOCATION   SEGMENT NAME
            -----------------------------------------------------

            * * * * * * *   D A T A   M E M O R Y   * * * * * * *
            REG     0000H     0008H     ABSOLUTE     "REG BANK 0"
            DATA    0008H     0005H     ABSOLUTE     
            DATA    000DH     0008H     UNIT         ?DT?TM1638
BL51 BANKED LINKER/LOCATER V6.00                                                      08/02/2017  18:22:39  PAGE 3


            DATA    0015H     0005H     UNIT         _DATA_GROUP_
            IDATA   001AH     0004H     UNIT         ?RTX?TASKSP?S
                    001EH     0002H                  *** GAP ***
            BIT     0020H.0   0001H.2   UNIT         _BIT_GROUP_
            BIT     0021H.2   0000H.3   UNIT         ?BI?PCA
            BIT     0021H.5   0000H.2   UNIT         ?BI?FIXEDPULSER
            BIT     0021H.7   0000H.1   UNIT         ?BI?LED
            BIT     0022H.0   0000H.1   UNIT         ?BI?_SETSTEPMOTORDIVERSION?STEP_MOTOR
            BIT     0022H.1   0000H.1   UNIT         ?BI?GETANGLE?ANGLE
            BIT     0022H.2   0000H.1   UNIT         ?BI?_SETPINSTATE?GPIO
                    0022H.3   0000H.5                *** GAP ***
            IDATA   0023H     0040H     UNIT         ?ID?STC15_SPI
            IDATA   0063H     0008H     UNIT         ?RTX?TASKSTATE?S
            IDATA   006BH     0001H     UNIT         ?STACK

            * * * * * * *  X D A T A   M E M O R Y  * * * * * * *
            XDATA   0000H     0290H     UNIT         ?XD?USART1
            XDATA   0290H     00A3H     UNIT         ?XD?MPU9250_SBUF
            XDATA   0333H     0096H     UNIT         _XDATA_GROUP_
            XDATA   03C9H     0092H     UNIT         ?XD?PID
            XDATA   045BH     004AH     UNIT         ?XD?SERVO
            XDATA   04A5H     003CH     UNIT         ?XD?STC15_PWM
            XDATA   04E1H     003AH     UNIT         ?XD?DATASCOPE_DP
            XDATA   051BH     0028H     UNIT         ?XD?_KALMANFILTER?FILTER
            XDATA   0543H     0021H     UNIT         ?XD?_INIT_STR_MOTOR?SERVO
            XDATA   0564H     001CH     UNIT         ?XD?STEP_MOTOR
            XDATA   0580H     0018H     UNIT         ?XD?FILTER
            XDATA   0598H     0018H     UNIT         ?XD?FIXEDPULSER
            XDATA   05B0H     0018H     UNIT         ?XD?MPU9250
            XDATA   05C8H     0016H     UNIT         ?XD?TIMER
            XDATA   05DEH     0015H     UNIT         ?XD?GETANGLE?ANGLE
            XDATA   05F3H     0015H     UNIT         ?XD?PCA
            XDATA   0608H     0013H     UNIT         ?XD?_TM1638LEDDISPLAY?TM1638
            XDATA   061BH     0012H     UNIT         ?XD?DC_MOTOR_CONFIG?MOTOR
            XDATA   062DH     0011H     UNIT         ?XD?BUTTON
            XDATA   063EH     0010H     UNIT         ?XD?ABSTASK
            XDATA   064EH     0010H     UNIT         ?XD?SETUP
            XDATA   065EH     0010H     UNIT         ?XD?MODE
            XDATA   066EH     0010H     UNIT         ?XD?_FILTER?FILTER
            XDATA   067EH     000FH     UNIT         ?XD?_LCD_PRINTNUM_F?LCD5510_V2
            XDATA   068DH     000EH     UNIT         ?XD?_STEPMOTOR_INIT?STEP_MOTOR
            XDATA   069BH     000DH     UNIT         ?XD?_PID_CONFIG?PID
            XDATA   06A8H     000BH     UNIT         ?XD?_SETPULSE?FIXEDPULSER
            XDATA   06B3H     0009H     UNIT         ?XD?_SET_STR_ANGLE?SERVO
            XDATA   06BCH     0008H     UNIT         ?XD?ANGLE
            XDATA   06C4H     0007H     UNIT         ?XD?_SETSTEPMOTORWITHPULSE?STEP_MOTOR
            XDATA   06CBH     0007H     UNIT         ?XD?_SETSTEPMOTORWITHDISTANCE?STEP_MOTOR
            XDATA   06D2H     0007H     UNIT         ?XD?_SETSTEPMOTORWITHANGLE?STEP_MOTOR
            XDATA   06D9H     0007H     UNIT         ?XD?_EEPROM_READ_N?STC15_EEPROM
            XDATA   06E0H     0007H     UNIT         ?XD?_EEPROM_WRITE_N?STC15_EEPROM
            XDATA   06E7H     0006H     UNIT         ?XD?_ADC_CONFIG?ANGLE
            XDATA   06EDH     0006H     UNIT         ?XD?GETBUTTONNUM?TM1638
            XDATA   06F3H     0006H     UNIT         ?XD?_IIC_WRDATTOADD?STC15_IIC
            XDATA   06F9H     0006H     UNIT         ?XD?_IIC_RDDATFROMADD?STC15_IIC
            XDATA   06FFH     0005H     UNIT         ?XD?_SETPARAMETERINFERIORLIMIT?PID
            XDATA   0704H     0005H     UNIT         ?XD?_SETPARAMETERUPPERLIMIT?PID
            XDATA   0709H     0005H     UNIT         ?XD?_SETACTUALPARAMETER?PID
BL51 BANKED LINKER/LOCATER V6.00                                                      08/02/2017  18:22:39  PAGE 4


            XDATA   070EH     0005H     UNIT         ?XD?_SETKI?PID
            XDATA   0713H     0005H     UNIT         ?XD?_SETKP?PID
            XDATA   0718H     0005H     UNIT         ?XD?_SETKD?PID
            XDATA   071DH     0005H     UNIT         ?XD?_SETPARAMETER?PID
            XDATA   0722H     0005H     UNIT         ?XD?_SETMAXERROR?PID
            XDATA   0727H     0005H     UNIT         ?XD?_LCD_PRINTS?LCD5510_V2
            XDATA   072CH     0005H     UNIT         ?XD?_SETDC_MOTORSPEED?MOTOR
            XDATA   0731H     0005H     UNIT         ?XD?_SET_PWM_DUTY?STC15_PWM
            XDATA   0736H     0004H     UNIT         ?XD?MOTOR
            XDATA   073AH     0004H     UNIT         ?XD?_HC595_INIT?74HC595
            XDATA   073EH     0004H     UNIT         ?XD?_I2C_MAG_WRITE?MPU9250
            XDATA   0742H     0004H     UNIT         ?XD?STC15_SPI
            XDATA   0746H     0003H     UNIT         ?XD?_INTEGRAL_SEPARA_PID?PID
            XDATA   0749H     0003H     UNIT         ?XD?_ANTI_WINDUP_PID?PID
            XDATA   074CH     0003H     UNIT         ?XD?_TRAPEZOIDAL_INTEGRAL_PID?PID
            XDATA   074FH     0003H     UNIT         ?XD?READ_MPU9250_MAG?MPU9250
            XDATA   0752H     0003H     UNIT         ?XD?_I2C_MAG_READ?MPU9250
            XDATA   0755H     0003H     UNIT         ?XD?RELAY
            XDATA   0758H     0003H     UNIT         ?XD?_PCA_INIT?PCA
            XDATA   075BH     0003H     UNIT         ?XD?_PWMOUTPUT?PCA
            XDATA   075EH     0002H     UNIT         ?XD?_SETSTEPMOTORWITHROUND?STEP_MOTOR
            XDATA   0760H     0002H     UNIT         ?XD?PULSERINIT?FIXEDPULSER
            XDATA   0762H     0002H     UNIT         ?XD?_MPU9250_WRITE_REG?MPU9250
            XDATA   0764H     0002H     UNIT         ?XD?_SETTM1638WRITE?TM1638
            XDATA   0766H     0002H     UNIT         ?XD?GETTM1638READ?TM1638
            XDATA   0768H     0002H     UNIT         ?XD?_SET_PWM_PERIOD?STC15_PWM
            XDATA   076AH     0002H     UNIT         ?XD?_PWM_INILIZE?STC15_PWM
            XDATA   076CH     0001H     UNIT         ?XD?_POSITION_PID?PID
            XDATA   076DH     0001H     UNIT         ?XD?_INCREMENTAL_PID?PID
            XDATA   076EH     0001H     UNIT         ?XD?_POSCLASSPID?PID
            XDATA   076FH     0001H     UNIT         ?XD?_BOARD_LED_PWM?LED
            XDATA   0770H     0001H     UNIT         ?XD?_OPEN_DC_MOTOR?MOTOR
            XDATA   0771H     0001H     UNIT         ?XD?_CLOSE_DC_MOTOR?MOTOR
            XDATA   0772H     0001H     UNIT         ?XD?_OPEN_STR?SERVO
            XDATA   0773H     0001H     UNIT         ?XD?_CLOSE_STR?SERVO
            XDATA   0774H     0001H     UNIT         ?XD?_CLOSE_STEPMOTOR?STEP_MOTOR
            XDATA   0775H     0001H     UNIT         ?XD?_HC595SENDDATA?74HC595
            XDATA   0776H     0001H     UNIT         ?XD?_SPI1_READWRITEBYTE?MPU9250
            XDATA   0777H     0001H     UNIT         ?XD?_SETTM1638COM?TM1638
            XDATA   0778H     0001H     UNIT         ?XD?INIT_TM1638?TM1638

            * * * * * * *   C O D E   M E M O R Y   * * * * * * *
            CODE    0000H     0003H     ABSOLUTE     
            CODE    0003H     0003H     ABSOLUTE     
                    0006H     0005H                  *** GAP ***
            CODE    000BH     0003H     ABSOLUTE     
                    000EH     0005H                  *** GAP ***
            CODE    0013H     0003H     ABSOLUTE     
                    0016H     000DH                  *** GAP ***
            CODE    0023H     0003H     ABSOLUTE     
                    0026H     0005H                  *** GAP ***
            CODE    002BH     0003H     ABSOLUTE     
                    002EH     000DH                  *** GAP ***
            CODE    003BH     0003H     ABSOLUTE     
                    003EH     0005H                  *** GAP ***
            CODE    0043H     0003H     ABSOLUTE     
                    0046H     0005H                  *** GAP ***
BL51 BANKED LINKER/LOCATER V6.00                                                      08/02/2017  18:22:39  PAGE 5


            CODE    004BH     0003H     ABSOLUTE     
                    004EH     0005H                  *** GAP ***
            CODE    0053H     0003H     ABSOLUTE     
                    0056H     0005H                  *** GAP ***
            CODE    005BH     0003H     ABSOLUTE     
                    005EH     0005H                  *** GAP ***
            CODE    0063H     0003H     ABSOLUTE     
                    0066H     001DH                  *** GAP ***
            CODE    0083H     0003H     ABSOLUTE     
                    0086H     0005H                  *** GAP ***
            CODE    008BH     0003H     ABSOLUTE     
                    008EH     0005H                  *** GAP ***
            CODE    0093H     0003H     ABSOLUTE     
                    0096H     0005H                  *** GAP ***
            CODE    009BH     0003H     ABSOLUTE     
                    009EH     0005H                  *** GAP ***
            CODE    00A3H     0003H     ABSOLUTE     
                    00A6H     075AH                  *** GAP ***
            CODE    0800H     0941H     UNIT         ?C?LIB_CODE
            CODE    1141H     06E0H     UNIT         ?PR?_USART_CONFIGURATION?USART1
            CODE    1821H     049AH     UNIT         ?PR?_COPESERIALDATA?MPU9250_SBUF
            CODE    1CBBH     0483H     UNIT         ?PR?PRINTF?PRINTF
            CODE    213EH     03E1H     UNIT         ?PR?_TRAPEZOIDAL_INTEGRAL_PID?PID
            CODE    251FH     03D8H     UNIT         ?PR?_ANTI_WINDUP_PID?PID
            CODE    28F7H     039AH     UNIT         ?PR?_PWM_INILIZE?STC15_PWM
            CODE    2C91H     0393H     UNIT         ?PR?_TM1638LEDDISPLAY?TM1638
            CODE    3024H     0288H     UNIT         ?RTX?CODE
            CODE    32ACH     026AH     UNIT         ?CO?LCD5510_V2
            CODE    3516H     0252H     UNIT         ?PR?_TIMER_INILIZE?TIMER
            CODE    3768H     0246H     UNIT         ?PR?_INTEGRAL_SEPARA_PID?PID
            CODE    39AEH     01DCH     UNIT         ?PR?_POSITION_PID?PID
            CODE    3B8AH     01D4H     UNIT         ?PR?_INIT_STR_MOTOR?SERVO
            CODE    3D5EH     01C4H     UNIT         ?PR?_GPIO_INILIZE?GPIO
            CODE    3F22H     01A0H     UNIT         ?PR?_INCREMENTAL_PID?PID
            CODE    40C2H     019FH     UNIT         ?PR?_PCA_INIT?PCA
            CODE    4261H     0152H     UNIT         ?PR?_KALMANFILTER?FILTER
            CODE    43B3H     0146H     UNIT         ?PR?_PID_CONFIG?PID
            CODE    44F9H     013DH     UNIT         ?PR?_PWMOUTPUT?PCA
            CODE    4636H     0136H     UNIT         ?PR?_FILTER?FILTER
            CODE    476CH     0134H     UNIT         ?PR?_DATASCOPE_GET_CHANNEL_DATA?DATASCOPE_DP
            CODE    48A0H     012DH     UNIT         ?PR?READ_MPU9250_MAG?MPU9250
            CODE    49CDH     012BH     UNIT         ?PR?GETBUTTONNUM?TM1638
            CODE    4AF8H     0116H     UNIT         ?PR?_SET_STR_ANGLE?SERVO
            CODE    4C0EH     00ECH     UNIT         ?PR?_SETPULSE?FIXEDPULSER
            CODE    4CFAH     00E4H     UNIT         ?PR?_SET_PWM_DUTY?STC15_PWM
            CODE    4DDEH     00C7H     UNIT         ?PR?_SETSTEPMOTORWITHDISTANCE?STEP_MOTOR
            CODE    4EA5H     00C1H     UNIT         ?PR?READ_MPU9250_GYRO?MPU9250
            CODE    4F66H     00B6H     UNIT         ?PR?_EXT_INILIZE?STC15_EXTI
            CODE    501CH     00AFH     UNIT         ?PR?UART1_INT?USART1
            CODE    50CBH     00AEH     UNIT         ?PR?_PWMN_UPDATE?PCA
            CODE    5179H     00AAH     UNIT         ?PR?_FLOAT2BYTE?DATASCOPE_DP
            CODE    5223H     00A5H     UNIT         ?PR?_DATASCOPE_DATA_GENERATE?DATASCOPE_DP
            CODE    52C8H     00A3H     UNIT         ?PR?PCA_HANDLER?PCA
            CODE    536BH     009FH     UNIT         ?PR?_STEPMOTOR_INIT?STEP_MOTOR
            CODE    540AH     009AH     UNIT         ?PR?READ_MPU9250_ACCEL?MPU9250
            CODE    54A4H     009AH     UNIT         ?PR?_PWM_SET_T12_PERIOD?STC15_PWM
            CODE    553EH     0096H     UNIT         ?C_INITSEG
BL51 BANKED LINKER/LOCATER V6.00                                                      08/02/2017  18:22:39  PAGE 6


            CODE    55D4H     0093H     UNIT         ?PR?_CHARTOLONG?MPU9250_SBUF
            CODE    5667H     0092H     UNIT         ?PR?_SETDC_MOTORSPEED?MOTOR
            CODE    56F9H     0091H     UNIT         ?PR?_SPI_INIT?STC15_SPI
            CODE    578AH     008CH     UNIT         ?C_C51STARTUP
            CODE    5816H     0085H     UNIT         ?PR?UART2_INT?USART1
            CODE    589BH     0085H     UNIT         ?PR?UART3_INT?USART1
            CODE    5920H     0085H     UNIT         ?PR?UART4_INT?USART1
            CODE    59A5H     007BH     UNIT         ?PR?PULSER_1INT?FIXEDPULSER
            CODE    5A20H     007BH     UNIT         ?PR?PULSER_2INT?FIXEDPULSER
            CODE    5A9BH     006BH     UNIT         ?PR?DC_MOTOR_CONFIG?MOTOR
            CODE    5B06H     0065H     UNIT         ?PR?_SETSTEPMOTORWITHANGLE?STEP_MOTOR
            CODE    5B6BH     0061H     UNIT         ?PR?_SET_PWM_PERIOD?STC15_PWM
            CODE    5BCCH     0061H     UNIT         ?PR?TIMERINIT?TIMER
            CODE    5C2DH     005EH     UNIT         ?PR?_GET_ADC10BITRESULT?ADC
            CODE    5C8BH     005BH     UNIT         ?PR?DATAUPDATE?ABSTASK
            CODE    5CE6H     005BH     UNIT         ?PR?INIT_MPU9250?MPU9250
            CODE    5D41H     0055H     UNIT         ?PR?SPI_TRANSIVION?STC15_SPI
            CODE    5D96H     0054H     UNIT         ?PR?GETANGLE?ANGLE
            CODE    5DEAH     0053H     UNIT         ?PR?_ADC_INILIZE?ADC
            CODE    5E3DH     0053H     UNIT         ?PR?_IIC_RDDATFROMADD?STC15_IIC
            CODE    5E90H     004BH     UNIT         ?PR?_LCD_PRINTSL?LCD5510_V2
            CODE    5EDBH     004AH     UNIT         ?PR?_GETJY901ACCELERATION?MPU9250_SBUF
            CODE    5F25H     004AH     UNIT         ?PR?_GETJY901PALSTANCE?MPU9250_SBUF
            CODE    5F6FH     0048H     UNIT         ?PR?TIMER4_INT?TIMER
            CODE    5FB7H     0045H     UNIT         ?PR?_POSCLASSPID?PID
            CODE    5FFCH     0044H     UNIT         ?PR?_LCD_PRINTNUM_F?LCD5510_V2
            CODE    6040H     0044H     UNIT         ?C?LDIV
            CODE    6084H     0043H     UNIT         ?PR?LCD5510_INIT?LCD5510_V2
            CODE    60C7H     0040H     UNIT         ?PR?PRINTANGLEDATA?ABSTASK
            CODE    6107H     0040H     UNIT         ?PR?GETTM1638READ?TM1638
            CODE    6147H     003FH     UNIT         ?PR?_EEPROM_READ_N?STC15_EEPROM
            CODE    6186H     003FH     UNIT         ?PR?_EEPROM_WRITE_N?STC15_EEPROM
            CODE    61C5H     003DH     UNIT         ?PR?BUTTONSCAN?BUTTON
            CODE    6202H     003DH     UNIT         ?PR?_LCD_PRINTC?LCD5510_V2
            CODE    623FH     003DH     UNIT         ?PR?_I2C_MAG_READ?MPU9250
            CODE    627CH     003CH     UNIT         ?PR?_SETTM1638WRITE?TM1638
            CODE    62B8H     003BH     UNIT         ?PR?_LCD_PRINTS?LCD5510_V2
            CODE    62F3H     003BH     UNIT         ?PR?_INITJY901?MPU9250_SBUF
            CODE    632EH     003AH     UNIT         ?PR?_LCD_PRINTNUM_I?LCD5510_V2
            CODE    6368H     003AH     UNIT         ?PR?_I2C_MAG_WRITE?MPU9250
            CODE    63A2H     0039H     UNIT         ?PR?_SETSTEPMOTORWITHROUND?STEP_MOTOR
            CODE    63DBH     0036H     UNIT         ?PR?_GETJY901MAGNETIC?MPU9250_SBUF
            CODE    6411H     0036H     UNIT         ?PR?_IIC_WRDATTOADD?STC15_IIC
            CODE    6447H     0035H     UNIT         ?PR?_UART1_INIT?SETUP
            CODE    647CH     0033H     UNIT         ?PR?READCONVERSIONREGISTER?ADS1115
            CODE    64AFH     0032H     UNIT         ?PR?_GETJY901ANGLE?MPU9250_SBUF
            CODE    64E1H     0031H     UNIT         ?PR?_SENDSCOPEDATA?DATASCOPE_DP
            CODE    6512H     002FH     UNIT         ?PR?INIT_TM1638?TM1638
            CODE    6541H     002EH     UNIT         ?PR?_DELAY_US?DELAY
            CODE    656FH     002DH     UNIT         ?PR?PULSERINIT?FIXEDPULSER
            CODE    659CH     0029H     UNIT         ?PR?_SETTIMEOUT?TIMER
            CODE    65C5H     0028H     UNIT         ?PR?BOARD_LED_INIT?LED
            CODE    65EDH     0028H     UNIT         ?PR?_OPEN_PWM_N?STC15_PWM
            CODE    6615H     0028H     UNIT         ?PR?_TX2_WRITE2BUFF?USART1
            CODE    663DH     0028H     UNIT         ?PR?_TX3_WRITE2BUFF?USART1
            CODE    6665H     0028H     UNIT         ?PR?_TX4_WRITE2BUFF?USART1
            CODE    668DH     0027H     UNIT         ?PR?IIC_RDACK?STC15_IIC
BL51 BANKED LINKER/LOCATER V6.00                                                      08/02/2017  18:22:39  PAGE 7


            CODE    66B4H     0027H     UNIT         ?PR?SPI_TRIGTX?STC15_SPI
            CODE    66DBH     0027H     UNIT         ?PR?_TX1_WRITE2BUFF?USART1
            CODE    6702H     0027H     UNIT         ?PR?PUTCHAR?PUTCHAR
            CODE    6729H     0026H     UNIT         ?PR?SETUP?SETUP
            CODE    674FH     0026H     UNIT         ?PR?WRITECONFIGREGISTER?ADS1115
            CODE    6775H     0026H     UNIT         ?PR?_INPUTONEBYTE?STC15_IIC
            CODE    679BH     0025H     UNIT         ?PR?PRINTADS1115?ABSTASK
            CODE    67C0H     0025H     UNIT         ?PR?_SETSTEPMOTORWITHPULSE?STEP_MOTOR
            CODE    67E5H     0025H     UNIT         ?PR?_CLOSE_PWM_N?STC15_PWM
            CODE    680AH     0024H     UNIT         ?PR?OUTPUTONEBYTE?STC15_IIC
            CODE    682EH     0024H     UNIT         ?PR?SPI_SPI_READBYTETORXBUF?STC15_SPI
            CODE    6852H     0022H     UNIT         ?PR?_BLINK?LED
            CODE    6874H     0021H     UNIT         ?PR?_SETPARAMETERINFERIORLIMIT?PID
            CODE    6895H     0021H     UNIT         ?PR?_SETPARAMETERUPPERLIMIT?PID
            CODE    68B6H     0021H     UNIT         ?PR?_SETACTUALPARAMETER?PID
            CODE    68D7H     0021H     UNIT         ?PR?_SETKI?PID
            CODE    68F8H     0021H     UNIT         ?PR?_SETKP?PID
            CODE    6919H     0021H     UNIT         ?PR?_SETKD?PID
            CODE    693AH     0021H     UNIT         ?PR?_SETPARAMETER?PID
            CODE    695BH     0021H     UNIT         ?PR?_SETMAXERROR?PID
            CODE    697CH     0021H     UNIT         ?PR?LCD_CLR_SCR?LCD5510_V2
            CODE    699DH     0020H     UNIT         ?CO?SETUP
            CODE    69BDH     0020H     UNIT         ?PR?_LCD_WRITE_BYTE?LCD5510_V2
            CODE    69DDH     0020H     UNIT         ?PR?_OPEN_STR?SERVO
            CODE    69FDH     0020H     UNIT         ?PR?_EEPROM_SECTORERASE?STC15_EEPROM
            CODE    6A1DH     001FH     UNIT         ?PR?_CLOSE_STR?SERVO
            CODE    6A3CH     001FH     UNIT         ?PR?_SETTM1638COM?TM1638
            CODE    6A5BH     001FH     UNIT         ?PR?_PWM_SET_PERIOD?STC15_PWM
            CODE    6A7AH     001FH     UNIT         ?PR?_SPI_WRITENBYTETOTXBUF?STC15_SPI
            CODE    6A99H     001FH     UNIT         ?PR?_ISACTIVETIMER?TIMER
            CODE    6AB8H     001FH     UNIT         ?PR?_ISEXPIREDTIMER?TIMER
            CODE    6AD7H     001EH     UNIT         ?PR?_OPEN_DC_MOTOR?MOTOR
            CODE    6AF5H     001EH     UNIT         ?PR?_OPENPULSER?FIXEDPULSER
            CODE    6B13H     001DH     UNIT         ?PR?_CLOSE_DC_MOTOR?MOTOR
            CODE    6B30H     001DH     UNIT         ?PR?_CLOSE_STEPMOTOR?STEP_MOTOR
            CODE    6B4DH     001DH     UNIT         ?PR?_CLOSEPULSER?FIXEDPULSER
            CODE    6B6AH     001DH     UNIT         ?PR?_ISSTOPPED?TIMER
            CODE    6B87H     001CH     UNIT         ?PR?_FREESTEPMOTOR?STEP_MOTOR
            CODE    6BA3H     001CH     UNIT         ?PR?_LOCKSTEPMOTOR?STEP_MOTOR
            CODE    6BBFH     001CH     UNIT         ?PR?_ADC_CONFIG?ANGLE
            CODE    6BDBH     001CH     UNIT         ?PR?_SETTIMERHERTZ?TIMER
            CODE    6BF7H     001BH     UNIT         ?PR?_SETSTEPMOTORDIVERSION?STEP_MOTOR
            CODE    6C12H     001BH     UNIT         ?PR?_MPU9250_WRITE_REG?MPU9250
            CODE    6C2DH     001BH     UNIT         ?PR?_SPI_SPI_READTHENBYTETORXBUF?STC15_SPI
            CODE    6C48H     001AH     UNIT         ?PR?_GETPARAMETER?PID
            CODE    6C62H     001AH     UNIT         ?PR?_GETERR?PID
            CODE    6C7CH     001AH     UNIT         ?PR?_GETERRLAST?PID
            CODE    6C96H     001AH     UNIT         ?PR?_GETKP?PID
            CODE    6CB0H     001AH     UNIT         ?PR?_GETKI?PID
            CODE    6CCAH     001AH     UNIT         ?PR?_GETKD?PID
            CODE    6CE4H     001AH     UNIT         ?PR?_GETOUTPUT?PID
            CODE    6CFEH     001AH     UNIT         ?PR?_GETINTEGRAL?PID
            CODE    6D18H     001AH     UNIT         ?PR?_READ_STR_ANGLE?SERVO
            CODE    6D32H     001AH     UNIT         ?PR?_ADS1115_CONFIG?ADS1115
            CODE    6D4CH     001AH     UNIT         ?PR?_GET_PWM_PERIOD?STC15_PWM
            CODE    6D66H     001AH     UNIT         ?PR?_GET_PWM_N_DUTY?STC15_PWM
            CODE    6D80H     001AH     UNIT         ?PR?_GETTIMEROUT?TIMER
BL51 BANKED LINKER/LOCATER V6.00                                                      08/02/2017  18:22:39  PAGE 8


            CODE    6D9AH     001AH     UNIT         ?PR?_GETTIMERHERTZ?TIMER
            CODE    6DB4H     0019H     UNIT         ?PR?_INCCLASSPID?PID
            CODE    6DCDH     0019H     UNIT         ?PR?_HC595_INIT?74HC595
            CODE    6DE6H     0019H     UNIT         ?PR?_IIC_WRDEVADDANDDATADD?STC15_IIC
            CODE    6DFFH     0017H     UNIT         ?PR?_PRINTSTRING1?USART1
            CODE    6E16H     0016H     UNIT         ?PR?CHANGEREGISTER?ADS1115
            CODE    6E2CH     0015H     UNIT         ?PR?_RESTARTTIMER?TIMER
            CODE    6E41H     0014H     UNIT         ?PR?_LCD_POS_BYTE?LCD5510_V2
            CODE    6E55H     0014H     UNIT         ?PR?_SPI_WRITEBYTETOTXBUF?STC15_SPI
            CODE    6E69H     0013H     UNIT         ?PR?_LCD_CLR_ROW?LCD5510_V2
            CODE    6E7CH     0013H     UNIT         ?PR?_OPEN_STEPMOTOR?STEP_MOTOR
            CODE    6E8FH     0013H     UNIT         ?PR?_PRINTSTRING2?USART1
            CODE    6EA2H     0013H     UNIT         ?PR?_PRINTSTRING3?USART1
            CODE    6EB5H     0013H     UNIT         ?PR?_PRINTSTRING4?USART1
            CODE    6EC8H     0012H     UNIT         ?PR?TASKSTART?ABSTASK
            CODE    6EDAH     0012H     UNIT         ?PR?_OPENPID?PID
            CODE    6EECH     0012H     UNIT         ?PR?_GETPULSERSTATE?FIXEDPULSER
            CODE    6EFEH     0012H     UNIT         ?PR?_ENABLEJY901?MPU9250_SBUF
            CODE    6F10H     0012H     UNIT         ?PR?_OPENJY901SBUFMODE?MPU9250_SBUF
            CODE    6F22H     0012H     UNIT         ?CO?TM1638
            CODE    6F34H     0012H     UNIT         ?PR?_GET_PWM_N_STATE?STC15_PWM
            CODE    6F46H     0011H     UNIT         ?PR?_CLOSEPID?PID
            CODE    6F57H     0011H     UNIT         ?PR?_GETSTEPMOTORSTATE?STEP_MOTOR
            CODE    6F68H     0011H     UNIT         ?PR?_HC595SENDDATA?74HC595
            CODE    6F79H     0011H     UNIT         ?PR?_DISABLEJY901?MPU9250_SBUF
            CODE    6F8AH     0011H     UNIT         ?PR?_CLOSEJY901SBUFMODE?MPU9250_SBUF
            CODE    6F9BH     0011H     UNIT         ?PR?_SETPWM_DIV?STC15_PWM
            CODE    6FACH     0011H     UNIT         ?PR?_GETPWM_DIV?STC15_PWM
            CODE    6FBDH     0011H     UNIT         ?PR?_SETUART1INTERRUPT?USART1
            CODE    6FCEH     0010H     UNIT         ?PR?_GETDC_MOTORSTATE?MOTOR
            CODE    6FDEH     0010H     UNIT         ?PR?_DELAY_MS?DELAY
            CODE    6FEEH     000FH     UNIT         ?PR?_SETSTEPMOTORSTATE?STEP_MOTOR
            CODE    6FFDH     000FH     UNIT         ?PR?_SETRELAY?RELAY
            CODE    700CH     000FH     UNIT         ?PR?_GETADS1115CONVSIONDATA?ADS1115
            CODE    701BH     000EH     UNIT         ?PR?_UNSETRELAY?RELAY
            CODE    7029H     000EH     UNIT         ?PR?DISABLEEEPROM?STC15_EEPROM
            CODE    7037H     000EH     UNIT         ?PR?DELAY5US?STC15_IIC
            CODE    7045H     000EH     UNIT         ?PR?_ONRESTARTTIMER?TIMER
            CODE    7053H     000DH     UNIT         ?PR?_GETBUTTONSTATE?BUTTON
            CODE    7060H     000DH     UNIT         ?PR?_MPU9250_READ_REG?MPU9250
            CODE    706DH     000DH     UNIT         ?PR?IIC_ACK?STC15_IIC
            CODE    707AH     000DH     UNIT         ?PR?_STOPTIMER?TIMER
            CODE    7087H     000CH     UNIT         ?PR?_ADC_POWERCONTROL?ADC
            CODE    7093H     000CH     UNIT         ?PR?_ABS?ABS
            CODE    709FH     000BH     UNIT         ?PR?_SPI_SETMODE?STC15_SPI
            CODE    70AAH     000AH     UNIT         ?PR?IIC_START?STC15_IIC
            CODE    70B4H     000AH     UNIT         ?PR?IIC_NACK?STC15_IIC
            CODE    70BEH     000AH     UNIT         ?PR?OPEN_PWM_ALL?STC15_PWM
            CODE    70C8H     000AH     UNIT         ?PR?CLOSE_PWM_ALL?STC15_PWM
            CODE    70D2H     0009H     UNIT         ?PR?SETCARFORWARD?MT_1_L298N
            CODE    70DBH     0009H     UNIT         ?PR?SETCARBACK?MT_1_L298N
            CODE    70E4H     0009H     UNIT         ?PR?SETCARSTOP?MT_1_L298N
            CODE    70EDH     0009H     UNIT         ?PR?SETCARRIGHTFORWARD?MT_1_L298N
            CODE    70F6H     0009H     UNIT         ?PR?SETCARRIGHTBACK?MT_1_L298N
            CODE    70FFH     0009H     UNIT         ?PR?SETCARRIGHTTURN?MT_1_L298N
            CODE    7108H     0009H     UNIT         ?PR?SETCARLEFTFORWARD?MT_1_L298N
            CODE    7111H     0009H     UNIT         ?PR?SETCARLEFTBACK?MT_1_L298N
BL51 BANKED LINKER/LOCATER V6.00                                                      08/02/2017  18:22:39  PAGE 9


            CODE    711AH     0009H     UNIT         ?PR?SETCARLEFTTURN?MT_1_L298N
            CODE    7123H     0009H     UNIT         ?PR?GETMICROS?TIMER
            CODE    712CH     0009H     UNIT         ?PR?GETMILLIS?TIMER
            CODE    7135H     0008H     UNIT         ?RTX?TASKENT?S
            CODE    713DH     0006H     UNIT         ?PR?_BOARD_LED_PWM?LED
            CODE    7143H     0006H     UNIT         ?PR?_SPI1_READWRITEBYTE?MPU9250
            CODE    7149H     0006H     UNIT         ?PR?IIC_STOP?STC15_IIC
            CODE    714FH     0006H     UNIT         ?PR?GETSECONDS?TIMER
            CODE    7155H     0006H     UNIT         ?PR?GETMINUTES?TIMER
            CODE    715BH     0006H     UNIT         ?PR?GETHOURS?TIMER
            CODE    7161H     0006H     UNIT         ?PR?GETDAYS?TIMER
            CODE    7167H     0005H     UNIT         ?PR?OPEN_BOARD_LED?LED
            CODE    716CH     0005H     UNIT         ?PR?CLOSE_BOARD_LED?LED
            CODE    7171H     0005H     UNIT         ?PR?CLOSETM1638DISPLAY?TM1638
            CODE    7176H     0004H     UNIT         ?PR?ADC_INT?ADC
            CODE    717AH     0003H     UNIT         ?PR?TEST?SETUP
            CODE    717DH     0003H     UNIT         ?PR?BUTTON_CONFIG?BUTTON
            CODE    7180H     0003H     UNIT         ?PR?GETBOARD_LED_STATE?LED
            CODE    7183H     0003H     UNIT         ?PR?_SETPINSTATE?GPIO
            CODE    7186H     0001H     UNIT         ?PR?MODE1?MODE
            CODE    7187H     0001H     UNIT         ?PR?MODE2?MODE
            CODE    7188H     0001H     UNIT         ?PR?MODE3?MODE
            CODE    7189H     0001H     UNIT         ?PR?MODE4?MODE
            CODE    718AH     0001H     UNIT         ?PR?MODELAUNCHER?MODE
            CODE    718BH     0001H     UNIT         ?PR?SPI_INIT?MPU9250
            CODE    718CH     0001H     UNIT         ?PR?RELAY_INIT?RELAY
            CODE    718DH     0001H     UNIT         ?PR?EXT_INT0?STC15_EXTI
            CODE    718EH     0001H     UNIT         ?PR?EXT_INT1?STC15_EXTI
            CODE    718FH     0001H     UNIT         ?PR?EXT_INT2?STC15_EXTI
            CODE    7190H     0001H     UNIT         ?PR?EXT_INT3?STC15_EXTI
            CODE    7191H     0001H     UNIT         ?PR?EXT_INT4?STC15_EXTI



OVERLAY MAP OF MODULE:   电子大赛程序框架 (ABSTASK)


SEGMENT                                             BIT_GROUP          DATA_GROUP          XDATA_GROUP
  +--> CALLED SEGMENT                            START    LENGTH     START    LENGTH     START    LENGTH
--------------------------------------------------------------------------------------------------------
?PR?TASKSTART?ABSTASK                            -----    -----      -----    -----      -----    -----
  +--> ?PR?SETUP?SETUP
  +--> ?PR?_BLINK?LED

?PR?SETUP?SETUP                                  -----    -----      -----    -----      -----    -----
  +--> ?PR?_UART1_INIT?SETUP
  +--> ?PR?TIMERINIT?TIMER
  +--> ?PR?BOARD_LED_INIT?LED
  +--> ?PR?LCD5510_INIT?LCD5510_V2
  +--> ?PR?_INITJY901?MPU9250_SBUF
  +--> ?PR?_ENABLEJY901?MPU9250_SBUF
  +--> ?PR?_OPENJY901SBUFMODE?MPU9250_SBUF
  +--> ?PR?TEST?SETUP

?PR?_UART1_INIT?SETUP                            -----    -----      -----    -----      0333H    000DH
  +--> ?PR?_USART_CONFIGURATION?USART1
  +--> ?CO?SETUP
BL51 BANKED LINKER/LOCATER V6.00                                                      08/02/2017  18:22:39  PAGE 10


  +--> ?PR?_PRINTSTRING1?USART1

?PR?_USART_CONFIGURATION?USART1                  -----    -----      -----    -----      0340H    0009H

?PR?_PRINTSTRING1?USART1                         -----    -----      -----    -----      -----    -----
  +--> ?PR?_TX1_WRITE2BUFF?USART1

?PR?TIMERINIT?TIMER                              -----    -----      -----    -----      0333H    0019H
  +--> ?PR?_TIMER_INILIZE?TIMER

?PR?BOARD_LED_INIT?LED                           -----    -----      -----    -----      0333H    0002H
  +--> ?PR?_GPIO_INILIZE?GPIO
  +--> ?PR?OPEN_BOARD_LED?LED
  +--> ?PR?_DELAY_MS?DELAY
  +--> ?PR?CLOSE_BOARD_LED?LED

?PR?LCD5510_INIT?LCD5510_V2                      -----    -----      -----    -----      0333H    0002H
  +--> ?PR?_GPIO_INILIZE?GPIO
  +--> ?PR?_LCD_WRITE_BYTE?LCD5510_V2
  +--> ?PR?LCD_CLR_SCR?LCD5510_V2

?PR?LCD_CLR_SCR?LCD5510_V2                       -----    -----      -----    -----      -----    -----
  +--> ?PR?_LCD_WRITE_BYTE?LCD5510_V2

?PR?_INITJY901?MPU9250_SBUF                      -----    -----      -----    -----      -----    -----
  +--> ?PR?_COPESERIALDATA?MPU9250_SBUF
  +--> ?PR?_SETUART1INTERRUPT?USART1

?PR?_COPESERIALDATA?MPU9250_SBUF                 -----    -----      -----    -----      0333H    002EH
  +--> ?PR?_CHARTOLONG?MPU9250_SBUF

?PR?_CHARTOLONG?MPU9250_SBUF                     -----    -----      -----    -----      0361H    0006H

?PR?TEST?SETUP                                   -----    -----      -----    -----      -----    -----
  +--> ?PR?_ADS1115_CONFIG?ADS1115

?PR?_ADS1115_CONFIG?ADS1115                      -----    -----      -----    -----      0333H    0004H
  +--> ?PR?_GPIO_INILIZE?GPIO

?PR?_BLINK?LED                                   -----    -----      -----    -----      0333H    0001H
  +--> ?PR?OPEN_BOARD_LED?LED
  +--> ?PR?_DELAY_MS?DELAY
  +--> ?PR?CLOSE_BOARD_LED?LED

*** NEW ROOT ***************************************************

?PR?PRINTANGLEDATA?ABSTASK                       -----    -----      -----    -----      -----    -----
  +--> ?PR?_GETJY901ANGLE?MPU9250_SBUF
  +--> ?PR?_DATASCOPE_GET_CHANNEL_DATA?DATAS...
  +--> ?PR?_SENDSCOPEDATA?DATASCOPE_DP

?PR?_DATASCOPE_GET_CHANNEL_DATA?DATAS...         -----    -----      -----    -----      03B2H    0005H
  +--> ?PR?_FLOAT2BYTE?DATASCOPE_DP

?PR?_FLOAT2BYTE?DATASCOPE_DP                     -----    -----      -----    -----      03B7H    000AH

?PR?_SENDSCOPEDATA?DATASCOPE_DP                  -----    -----      -----    -----      03B2H    0002H
BL51 BANKED LINKER/LOCATER V6.00                                                      08/02/2017  18:22:39  PAGE 11


  +--> ?PR?_DATASCOPE_DATA_GENERATE?DATASCOP...
  +--> ?PR?_TX1_WRITE2BUFF?USART1

*** NEW ROOT ***************************************************

?PR?DATAUPDATE?ABSTASK                           -----    -----      -----    -----      -----    -----
  +--> ?PR?_GETJY901ANGLE?MPU9250_SBUF
  +--> ?PR?_LCD_PRINTNUM_I?LCD5510_V2

?PR?_LCD_PRINTNUM_I?LCD5510_V2                   -----    -----      -----    -----      0376H    000CH
  +--> ?CO?LCD5510_V2
  +--> ?PR?PRINTF?PRINTF
  +--> ?PR?_LCD_PRINTSL?LCD5510_V2

?PR?PRINTF?PRINTF                                0020H.0  0001H.1    0015H    0005H      0382H    0030H
  +--> ?PR?PUTCHAR?PUTCHAR

?PR?_LCD_PRINTSL?LCD5510_V2                      -----    -----      -----    -----      0382H    0005H
  +--> ?PR?_LCD_PRINTC?LCD5510_V2

?PR?_LCD_PRINTC?LCD5510_V2                       -----    -----      -----    -----      -----    -----
  +--> ?PR?_LCD_POS_BYTE?LCD5510_V2
  +--> ?CO?LCD5510_V2
  +--> ?PR?_LCD_WRITE_BYTE?LCD5510_V2

?PR?_LCD_POS_BYTE?LCD5510_V2                     -----    -----      -----    -----      -----    -----
  +--> ?PR?_LCD_WRITE_BYTE?LCD5510_V2

*** NEW ROOT ***************************************************

?PR?PRINTADS1115?ABSTASK                         -----    -----      -----    -----      -----    -----
  +--> ?PR?_GETADS1115CONVSIONDATA?ADS1115
  +--> ?PR?_DATASCOPE_GET_CHANNEL_DATA?DATAS...
  +--> ?PR?_SENDSCOPEDATA?DATASCOPE_DP

?PR?_GETADS1115CONVSIONDATA?ADS1115              -----    -----      -----    -----      03B2H    0003H
  +--> ?PR?WRITECONFIGREGISTER?ADS1115
  +--> ?PR?CHANGEREGISTER?ADS1115
  +--> ?PR?READCONVERSIONREGISTER?ADS1115

?PR?WRITECONFIGREGISTER?ADS1115                  -----    -----      -----    -----      -----    -----
  +--> ?PR?IIC_START?STC15_IIC
  +--> ?PR?_INPUTONEBYTE?STC15_IIC
  +--> ?PR?IIC_RDACK?STC15_IIC
  +--> ?PR?IIC_STOP?STC15_IIC

?PR?IIC_START?STC15_IIC                          -----    -----      -----    -----      -----    -----
  +--> ?PR?DELAY5US?STC15_IIC

?PR?_INPUTONEBYTE?STC15_IIC                      -----    -----      -----    -----      -----    -----
  +--> ?PR?DELAY5US?STC15_IIC

?PR?IIC_RDACK?STC15_IIC                          0021H.1  0000H.1    -----    -----      -----    -----
  +--> ?PR?_INPUTONEBYTE?STC15_IIC
  +--> ?PR?DELAY5US?STC15_IIC

?PR?IIC_STOP?STC15_IIC                           -----    -----      -----    -----      -----    -----
BL51 BANKED LINKER/LOCATER V6.00                                                      08/02/2017  18:22:39  PAGE 12


  +--> ?PR?DELAY5US?STC15_IIC

?PR?CHANGEREGISTER?ADS1115                       -----    -----      -----    -----      -----    -----
  +--> ?PR?IIC_START?STC15_IIC
  +--> ?PR?_INPUTONEBYTE?STC15_IIC
  +--> ?PR?IIC_RDACK?STC15_IIC
  +--> ?PR?IIC_STOP?STC15_IIC

?PR?READCONVERSIONREGISTER?ADS1115               -----    -----      -----    -----      03B5H    000CH
  +--> ?PR?IIC_START?STC15_IIC
  +--> ?PR?_INPUTONEBYTE?STC15_IIC
  +--> ?PR?IIC_RDACK?STC15_IIC
  +--> ?PR?OUTPUTONEBYTE?STC15_IIC
  +--> ?PR?IIC_ACK?STC15_IIC
  +--> ?PR?IIC_STOP?STC15_IIC

?PR?OUTPUTONEBYTE?STC15_IIC                      -----    -----      -----    -----      03C1H    0008H
  +--> ?PR?DELAY5US?STC15_IIC

?PR?IIC_ACK?STC15_IIC                            -----    -----      -----    -----      -----    -----
  +--> ?PR?DELAY5US?STC15_IIC

*** NEW ROOT ***************************************************

?PR?PULSER_1INT?FIXEDPULSER                      -----    -----      -----    -----      -----    -----
  +--> ?PR?_CLOSEPULSER?FIXEDPULSER

*** NEW ROOT ***************************************************

?PR?PULSER_2INT?FIXEDPULSER                      -----    -----      -----    -----      -----    -----
  +--> ?PR?_CLOSEPULSER?FIXEDPULSER

*** NEW ROOT ***************************************************

?C_C51STARTUP                                    -----    -----      -----    -----      -----    -----
  +--> ?C_INITSEG



SYMBOL TABLE OF MODULE:  电子大赛程序框架 (ABSTASK)

  VALUE           TYPE          NAME
  ----------------------------------

  -------         MODULE        ABSTASK
  C:0000H         SYMBOL        _ICE_DUMMY_
  D:0080H         PUBLIC        P0
  D:0090H         PUBLIC        P1
  D:00A0H         PUBLIC        P2
  D:00B0H         PUBLIC        P3
  C:5C8BH         PUBLIC        dataUpdate
  D:00C0H         PUBLIC        P4
  D:00C8H         PUBLIC        P5
  D:00E8H         PUBLIC        P6
  D:00F8H         PUBLIC        P7
  D:00A8H         PUBLIC        IE
  C:60C7H         PUBLIC        printAngleData
BL51 BANKED LINKER/LOCATER V6.00                                                      08/02/2017  18:22:39  PAGE 13


  D:00B8H         PUBLIC        IP
  D:00D8H         PUBLIC        CCON
  D:0098H         PUBLIC        SCON
  D:0088H         PUBLIC        TCON
  D:00F0H         PUBLIC        B
  C:6EC8H         PUBLIC        taskStart
  X:063EH         SYMBOL        g_Button
  D:00E0H         PUBLIC        ACC
  C:679BH         PUBLIC        printADS1115
  D:00D0H         PUBLIC        PSW
  -------         PROC          TASKSTART
  C:6EC8H         LINE#         3
  C:6EC8H         LINE#         5
  C:6ECBH         LINE#         6
  C:6ED0H         LINE#         8
  C:6ED5H         LINE#         9
  -------         ENDPROC       TASKSTART
  -------         PROC          PRINTANGLEDATA
  C:60C7H         LINE#         12
  C:60C7H         LINE#         14
  C:60C7H         LINE#         15
  C:60C7H         LINE#         16
  C:60D6H         LINE#         17
  C:60E6H         LINE#         18
  C:60F6H         LINE#         20
  C:60FBH         LINE#         21
  C:6105H         LINE#         22
  -------         ENDPROC       PRINTANGLEDATA
  -------         PROC          DATAUPDATE
  C:5C8BH         LINE#         24
  C:5C8BH         LINE#         26
  C:5C8BH         LINE#         27
  C:5C8BH         LINE#         28
  C:5CA4H         LINE#         29
  C:5CBFH         LINE#         30
  C:5CDAH         LINE#         31
  C:5CE4H         LINE#         33
  -------         ENDPROC       DATAUPDATE
  -------         PROC          PRINTADS1115
  C:679BH         LINE#         36
  C:679BH         LINE#         38
  C:679BH         LINE#         39
  C:679BH         LINE#         40
  C:67AFH         LINE#         41
  C:67B4H         LINE#         42
  C:67BEH         LINE#         44
  -------         ENDPROC       PRINTADS1115
  -------         ENDMOD        ABSTASK

  -------         MODULE        SETUP
  C:0000H         SYMBOL        _ICE_DUMMY_
  D:0080H         PUBLIC        P0
  D:0090H         PUBLIC        P1
  D:00A0H         PUBLIC        P2
  D:00B0H         PUBLIC        P3
  D:00C0H         PUBLIC        P4
  D:00C8H         PUBLIC        P5
BL51 BANKED LINKER/LOCATER V6.00                                                      08/02/2017  18:22:39  PAGE 14


  C:6447H         PUBLIC        _UART1_init
  D:00E8H         PUBLIC        P6
  D:00F8H         PUBLIC        P7
  D:00A8H         PUBLIC        IE
  D:00B8H         PUBLIC        IP
  D:00D8H         PUBLIC        CCON
  C:6729H         PUBLIC        setup
  D:0098H         PUBLIC        SCON
  D:0088H         PUBLIC        TCON
  D:00F0H         PUBLIC        B
  C:717AH         PUBLIC        test
  X:064EH         SYMBOL        g_Button
  D:00E0H         PUBLIC        ACC
  D:00D0H         PUBLIC        PSW
  -------         PROC          _UART1_INIT
  D:0004H         SYMBOL        BandRate
  -------         DO            
  X:0333H         SYMBOL        COMx_InitStructure
  -------         ENDDO         
  C:6447H         LINE#         24
  C:6447H         LINE#         25
  C:6447H         LINE#         27
  C:644DH         LINE#         28
  C:6451H         LINE#         29
  C:6455H         LINE#         30
  C:645BH         LINE#         31
  C:645EH         LINE#         32
  C:6461H         LINE#         33
  C:6463H         LINE#         34
  C:6466H         LINE#         35
  C:6468H         LINE#         36
  C:6473H         LINE#         37
  -------         ENDPROC       _UART1_INIT
  -------         PROC          TEST
  C:717AH         LINE#         39
  C:717AH         LINE#         40
  C:717AH         LINE#         41
  -------         ENDPROC       TEST
  -------         PROC          SETUP
  C:6729H         LINE#         44
  C:6729H         LINE#         45
  C:6729H         LINE#         46
  C:6734H         LINE#         47
  C:6737H         LINE#         48
  C:673AH         LINE#         49
  C:673DH         LINE#         52
  C:6742H         LINE#         53
  C:6747H         LINE#         54
  C:674CH         LINE#         57
  -------         ENDPROC       SETUP
  -------         ENDMOD        SETUP

  -------         MODULE        MODE
  C:0000H         SYMBOL        _ICE_DUMMY_
  D:0080H         PUBLIC        P0
  D:0090H         PUBLIC        P1
  D:00A0H         PUBLIC        P2
BL51 BANKED LINKER/LOCATER V6.00                                                      08/02/2017  18:22:39  PAGE 15


  D:00B0H         PUBLIC        P3
  D:00C0H         PUBLIC        P4
  D:00C8H         PUBLIC        P5
  D:00E8H         PUBLIC        P6
  D:00F8H         PUBLIC        P7
  D:00A8H         PUBLIC        IE
  D:00B8H         PUBLIC        IP
  D:00D8H         PUBLIC        CCON
  D:0098H         PUBLIC        SCON
  D:0088H         PUBLIC        TCON
  D:00F0H         PUBLIC        B
  X:065EH         SYMBOL        g_Button
  D:00E0H         PUBLIC        ACC
  C:7186H         PUBLIC        mode1
  C:7187H         PUBLIC        mode2
  C:7188H         PUBLIC        mode3
  C:7189H         PUBLIC        mode4
  C:718AH         PUBLIC        modeLauncher
  D:00D0H         PUBLIC        PSW
  -------         PROC          MODE1
  C:7186H         LINE#         2
  C:7186H         LINE#         3
  C:7186H         LINE#         5
  -------         ENDPROC       MODE1
  -------         PROC          MODE2
  C:7187H         LINE#         7
  C:7187H         LINE#         8
  C:7187H         LINE#         10
  -------         ENDPROC       MODE2
  -------         PROC          MODE3
  C:7188H         LINE#         13
  C:7188H         LINE#         14
  C:7188H         LINE#         16
  -------         ENDPROC       MODE3
  -------         PROC          MODE4
  C:7189H         LINE#         18
  C:7189H         LINE#         19
  C:7189H         LINE#         21
  -------         ENDPROC       MODE4
  -------         PROC          MODELAUNCHER
  C:718AH         LINE#         22
  C:718AH         LINE#         23
  C:718AH         LINE#         25
  -------         ENDPROC       MODELAUNCHER
  -------         ENDMOD        MODE

  -------         MODULE        FILTER
  C:0000H         SYMBOL        _ICE_DUMMY_
  D:0080H         PUBLIC        P0
  D:0090H         PUBLIC        P1
  D:00A0H         PUBLIC        P2
  D:00B0H         PUBLIC        P3
  D:00C0H         PUBLIC        P4
  D:00C8H         PUBLIC        P5
  D:00E8H         PUBLIC        P6
  D:00F8H         PUBLIC        P7
  C:4636H         PUBLIC        _filter
BL51 BANKED LINKER/LOCATER V6.00                                                      08/02/2017  18:22:39  PAGE 16


  D:00A8H         PUBLIC        IE
  D:00B8H         PUBLIC        IP
  D:00D8H         PUBLIC        CCON
  D:0098H         PUBLIC        SCON
  D:0088H         PUBLIC        TCON
  D:00F0H         PUBLIC        B
  C:4261H         PUBLIC        _KalmanFilter
  X:0588H         SYMBOL        g_Button
  D:00E0H         PUBLIC        ACC
  D:00D0H         PUBLIC        PSW
  -------         PROC          _FILTER
  D:0001H         SYMBOL        ary
  X:0671H         SYMBOL        num
  X:0672H         SYMBOL        MaxValue
  X:0674H         SYMBOL        MinValue
  -------         DO            
  X:0676H         SYMBOL        angleDataloopTemp2
  X:0678H         SYMBOL        finalData
  X:067AH         SYMBOL        maxValue
  X:067CH         SYMBOL        minValue
  -------         ENDDO         
  C:4636H         LINE#         2
  C:463BH         LINE#         3
  C:463BH         LINE#         5
  C:4642H         LINE#         6
  C:4651H         LINE#         7
  C:4660H         LINE#         8
  C:4682H         LINE#         9
  C:4682H         LINE#         10
  C:469EH         LINE#         11
  C:469EH         LINE#         12
  C:46BBH         LINE#         13
  C:46BBH         LINE#         14
  C:46DDH         LINE#         15
  C:46DDH         LINE#         16
  C:46FAH         LINE#         17
  C:46FAH         LINE#         18
  C:471CH         LINE#         19
  C:4730H         LINE#         20
  C:4755H         LINE#         21
  C:476BH         LINE#         22
  C:476BH         LINE#         23
  -------         ENDPROC       _FILTER
  -------         PROC          _KALMANFILTER
  X:051BH         SYMBOL        ResrcData
  X:051FH         SYMBOL        ProcessNiose_Q
  X:0523H         SYMBOL        MeasureNoise_R
  X:0527H         SYMBOL        InitialPrediction
  -------         DO            
  X:052BH         SYMBOL        R
  X:052FH         SYMBOL        Q
  X:0580H         SYMBOL        x_last
  X:0533H         SYMBOL        x_mid
  X:0537H         SYMBOL        x_now
  X:0584H         SYMBOL        p_last
  X:053BH         SYMBOL        p_mid
  D:0004H         SYMBOL        p_now
BL51 BANKED LINKER/LOCATER V6.00                                                      08/02/2017  18:22:39  PAGE 17


  X:053FH         SYMBOL        kg
  -------         ENDDO         
  C:4261H         LINE#         24
  C:4267H         LINE#         26
  C:4267H         LINE#         27
  C:427BH         LINE#         28
  C:428FH         LINE#         32
  C:42A3H         LINE#         41
  C:42B7H         LINE#         42
  C:42DCH         LINE#         43
  C:431AH         LINE#         44
  C:4361H         LINE#         46
  C:438AH         LINE#         48
  C:4390H         LINE#         49
  C:43A4H         LINE#         51
  C:43B2H         LINE#         52
  -------         ENDPROC       _KALMANFILTER
  -------         ENDMOD        FILTER

  -------         MODULE        PID
  C:0000H         SYMBOL        _ICE_DUMMY_
  D:0080H         PUBLIC        P0
  D:0090H         PUBLIC        P1
  D:00A0H         PUBLIC        P2
  C:68D7H         PUBLIC        _setKi
  D:00B0H         PUBLIC        P3
  C:6C7CH         PUBLIC        _getErrLast
  C:695BH         PUBLIC        _setMaxError
  D:00C0H         PUBLIC        P4
  D:00C8H         PUBLIC        P5
  D:00E8H         PUBLIC        P6
  D:00F8H         PUBLIC        P7
  C:6895H         PUBLIC        _setParameterUpperLimit
  C:68F8H         PUBLIC        _setKp
  C:5FB7H         PUBLIC        _PosClassPID
  D:00A8H         PUBLIC        IE
  C:6EDAH         PUBLIC        _openPID
  C:39AEH         PUBLIC        _Position_PID
  D:00B8H         PUBLIC        IP
  D:00D8H         PUBLIC        CCON
  C:251FH         PUBLIC        _Anti_Windup_PID
  D:0098H         PUBLIC        SCON
  D:0088H         PUBLIC        TCON
  C:3F22H         PUBLIC        _Incremental_PID
  C:43B3H         PUBLIC        _PID_config
  C:3768H         PUBLIC        _Integral_Separa_PID
  C:6874H         PUBLIC        _setParameterInferiorLimit
  D:00F0H         PUBLIC        B
  X:03C9H         SYMBOL        g_Button
  D:00E0H         PUBLIC        ACC
  C:68B6H         PUBLIC        _setActualParameter
  C:6CE4H         PUBLIC        _getOutput
  C:213EH         PUBLIC        _Trapezoidal_Integral_PID
  X:03D9H         SYMBOL        g_pid_n_info
  C:6C48H         PUBLIC        _getParameter
  C:6C62H         PUBLIC        _getErr
  C:6CCAH         PUBLIC        _getKd
BL51 BANKED LINKER/LOCATER V6.00                                                      08/02/2017  18:22:39  PAGE 18


  C:6DB4H         PUBLIC        _IncClassPID
  C:693AH         PUBLIC        _setParameter
  C:6CB0H         PUBLIC        _getKi
  C:6F46H         PUBLIC        _closePID
  D:00D0H         PUBLIC        PSW
  C:6CFEH         PUBLIC        _getIntegral
  C:6C96H         PUBLIC        _getKp
  C:6919H         PUBLIC        _setKd
  -------         PROC          _PID_CONFIG
  D:0003H         SYMBOL        PID_N
  X:069CH         SYMBOL        kp
  X:06A0H         SYMBOL        ki
  X:06A4H         SYMBOL        kd
  C:43B3H         LINE#         53
  C:43B5H         LINE#         54
  C:43B5H         LINE#         55
  C:43CAH         LINE#         56
  C:43DFH         LINE#         57
  C:43F4H         LINE#         58
  C:4409H         LINE#         59
  C:441EH         LINE#         60
  C:443DH         LINE#         61
  C:445CH         LINE#         62
  C:447BH         LINE#         63
  C:44A5H         LINE#         64
  C:44CFH         LINE#         65
  -------         ENDPROC       _PID_CONFIG
  -------         PROC          _OPENPID
  D:0007H         SYMBOL        PID_N
  C:6EDAH         LINE#         76
  C:6EDAH         LINE#         77
  C:6EDAH         LINE#         78
  C:6EEBH         LINE#         80
  -------         ENDPROC       _OPENPID
  -------         PROC          _CLOSEPID
  D:0007H         SYMBOL        PID_N
  C:6F46H         LINE#         90
  C:6F46H         LINE#         91
  C:6F46H         LINE#         92
  C:6F56H         LINE#         95
  -------         ENDPROC       _CLOSEPID
  -------         PROC          _POSITION_PID
  X:076CH         SYMBOL        PID_N
  C:39AEH         LINE#         105
  C:39B3H         LINE#         106
  C:39B3H         LINE#         107
  C:39C6H         LINE#         108
  C:39C6H         LINE#         109
  C:3A14H         LINE#         110
  C:3A57H         LINE#         111
  C:3B5CH         LINE#         114
  C:3B86H         LINE#         115
  C:3B88H         LINE#         116
  C:3B88H         LINE#         117
  C:3B89H         LINE#         118
  -------         ENDPROC       _POSITION_PID
  -------         PROC          _INTEGRAL_SEPARA_PID
BL51 BANKED LINKER/LOCATER V6.00                                                      08/02/2017  18:22:39  PAGE 19


  X:0746H         SYMBOL        PID_N
  -------         DO            
  X:0747H         SYMBOL        multiple
  -------         ENDDO         
  C:3768H         LINE#         128
  C:376DH         LINE#         129
  C:376DH         LINE#         131
  C:37B8H         LINE#         132
  C:37CCH         LINE#         133
  C:37CCH         LINE#         134
  C:3805H         LINE#         135
  C:3805H         LINE#         136
  C:380CH         LINE#         137
  C:380EH         LINE#         139
  C:380EH         LINE#         140
  C:3816H         LINE#         141
  C:385CH         LINE#         142
  C:385CH         LINE#         144
  C:3980H         LINE#         147
  C:39AAH         LINE#         148
  C:39ACH         LINE#         149
  C:39ACH         LINE#         150
  C:39ADH         LINE#         151
  -------         ENDPROC       _INTEGRAL_SEPARA_PID
  -------         PROC          _ANTI_WINDUP_PID
  X:0749H         SYMBOL        PID_N
  -------         DO            
  X:074AH         SYMBOL        multiple
  -------         ENDDO         
  C:251FH         LINE#         161
  C:2524H         LINE#         162
  C:2524H         LINE#         164
  C:256FH         LINE#         165
  C:2583H         LINE#         166
  C:2583H         LINE#         167
  C:25BFH         LINE#         168
  C:25BFH         LINE#         169
  C:260AH         LINE#         170
  C:260AH         LINE#         171
  C:260AH         LINE#         172
  C:260DH         LINE#         174
  C:260DH         LINE#         175
  C:2615H         LINE#         176
  C:2640H         LINE#         177
  C:2640H         LINE#         178
  C:2640H         LINE#         179
  C:2640H         LINE#         180
  C:2640H         LINE#         181
  C:2643H         LINE#         182
  C:2683H         LINE#         183
  C:2683H         LINE#         184
  C:26CEH         LINE#         185
  C:26CEH         LINE#         186
  C:26CEH         LINE#         187
  C:26D0H         LINE#         189
  C:26D0H         LINE#         190
  C:26D8H         LINE#         191
BL51 BANKED LINKER/LOCATER V6.00                                                      08/02/2017  18:22:39  PAGE 20


  C:2701H         LINE#         192
  C:2701H         LINE#         193
  C:2701H         LINE#         194
  C:2701H         LINE#         195
  C:2701H         LINE#         196
  C:2703H         LINE#         198
  C:2703H         LINE#         199
  C:274EH         LINE#         200
  C:274EH         LINE#         201
  C:2755H         LINE#         202
  C:2757H         LINE#         204
  C:2757H         LINE#         205
  C:275FH         LINE#         206
  C:27A5H         LINE#         207
  C:27A5H         LINE#         208
  C:27A5H         LINE#         210
  C:28C9H         LINE#         213
  C:28F3H         LINE#         214
  C:28F5H         LINE#         215
  C:28F5H         LINE#         216
  C:28F6H         LINE#         217
  -------         ENDPROC       _ANTI_WINDUP_PID
  -------         PROC          _TRAPEZOIDAL_INTEGRAL_PID
  X:074CH         SYMBOL        PID_N
  -------         DO            
  X:074DH         SYMBOL        multiple
  -------         ENDDO         
  C:213EH         LINE#         227
  C:2143H         LINE#         228
  C:2143H         LINE#         230
  C:218EH         LINE#         231
  C:21A2H         LINE#         232
  C:21A2H         LINE#         233
  C:21DEH         LINE#         234
  C:21DEH         LINE#         235
  C:2229H         LINE#         236
  C:2229H         LINE#         237
  C:2229H         LINE#         238
  C:222CH         LINE#         240
  C:222CH         LINE#         241
  C:2234H         LINE#         242
  C:225FH         LINE#         243
  C:225FH         LINE#         244
  C:225FH         LINE#         245
  C:225FH         LINE#         246
  C:225FH         LINE#         247
  C:2262H         LINE#         248
  C:22A2H         LINE#         249
  C:22A2H         LINE#         250
  C:22EDH         LINE#         251
  C:22EDH         LINE#         252
  C:22EDH         LINE#         253
  C:22EFH         LINE#         255
  C:22EFH         LINE#         256
  C:22F7H         LINE#         257
  C:2320H         LINE#         258
  C:2320H         LINE#         259
BL51 BANKED LINKER/LOCATER V6.00                                                      08/02/2017  18:22:39  PAGE 21


  C:2320H         LINE#         260
  C:2320H         LINE#         261
  C:2320H         LINE#         262
  C:2322H         LINE#         264
  C:2322H         LINE#         265
  C:236DH         LINE#         266
  C:236DH         LINE#         267
  C:2374H         LINE#         268
  C:2376H         LINE#         270
  C:2376H         LINE#         271
  C:237EH         LINE#         272
  C:23C4H         LINE#         273
  C:23C4H         LINE#         274
  C:23C4H         LINE#         276
  C:24F1H         LINE#         279
  C:251BH         LINE#         280
  C:251DH         LINE#         281
  C:251DH         LINE#         282
  C:251EH         LINE#         283
  -------         ENDPROC       _TRAPEZOIDAL_INTEGRAL_PID
  -------         PROC          _INCREMENTAL_PID
  X:076DH         SYMBOL        PID_N
  C:3F22H         LINE#         293
  C:3F27H         LINE#         294
  C:3F27H         LINE#         295
  C:3F3AH         LINE#         296
  C:3F3AH         LINE#         297
  C:3F88H         LINE#         298
  C:406AH         LINE#         301
  C:4094H         LINE#         302
  C:40BEH         LINE#         303
  C:40C0H         LINE#         304
  C:40C0H         LINE#         305
  C:40C1H         LINE#         306
  -------         ENDPROC       _INCREMENTAL_PID
  -------         PROC          _SETPARAMETERINFERIORLIMIT
  D:0003H         SYMBOL        PID_N
  X:0700H         SYMBOL        value
  C:6874H         LINE#         317
  C:6876H         LINE#         318
  C:6876H         LINE#         319
  -------         ENDPROC       _SETPARAMETERINFERIORLIMIT
  -------         PROC          _SETPARAMETERUPPERLIMIT
  D:0003H         SYMBOL        PID_N
  X:0705H         SYMBOL        value
  C:6895H         LINE#         331
  C:6897H         LINE#         332
  C:6897H         LINE#         333
  -------         ENDPROC       _SETPARAMETERUPPERLIMIT
  -------         PROC          _SETACTUALPARAMETER
  D:0003H         SYMBOL        PID_N
  X:070AH         SYMBOL        value
  C:68B6H         LINE#         346
  C:68B8H         LINE#         347
  C:68B8H         LINE#         348
  -------         ENDPROC       _SETACTUALPARAMETER
  -------         PROC          _SETKI
BL51 BANKED LINKER/LOCATER V6.00                                                      08/02/2017  18:22:39  PAGE 22


  D:0003H         SYMBOL        PID_N
  X:070FH         SYMBOL        value
  C:68D7H         LINE#         361
  C:68D9H         LINE#         362
  C:68D9H         LINE#         363
  -------         ENDPROC       _SETKI
  -------         PROC          _SETKP
  D:0003H         SYMBOL        PID_N
  X:0714H         SYMBOL        value
  C:68F8H         LINE#         375
  C:68FAH         LINE#         376
  C:68FAH         LINE#         377
  -------         ENDPROC       _SETKP
  -------         PROC          _SETKD
  D:0003H         SYMBOL        PID_N
  X:0719H         SYMBOL        value
  C:6919H         LINE#         389
  C:691BH         LINE#         390
  C:691BH         LINE#         391
  -------         ENDPROC       _SETKD
  -------         PROC          _SETPARAMETER
  D:0003H         SYMBOL        PID_N
  X:071EH         SYMBOL        value
  C:693AH         LINE#         403
  C:693CH         LINE#         404
  C:693CH         LINE#         405
  -------         ENDPROC       _SETPARAMETER
  -------         PROC          _GETPARAMETER
  D:0007H         SYMBOL        PID_N
  C:6C48H         LINE#         417
  C:6C48H         LINE#         418
  C:6C48H         LINE#         419
  C:6C61H         LINE#         420
  -------         ENDPROC       _GETPARAMETER
  -------         PROC          _GETERR
  D:0007H         SYMBOL        PID_N
  C:6C62H         LINE#         430
  C:6C62H         LINE#         431
  C:6C62H         LINE#         432
  C:6C7BH         LINE#         433
  -------         ENDPROC       _GETERR
  -------         PROC          _GETERRLAST
  D:0007H         SYMBOL        PID_N
  C:6C7CH         LINE#         443
  C:6C7CH         LINE#         444
  C:6C7CH         LINE#         445
  C:6C95H         LINE#         446
  -------         ENDPROC       _GETERRLAST
  -------         PROC          _GETKP
  D:0007H         SYMBOL        PID_N
  C:6C96H         LINE#         456
  C:6C96H         LINE#         457
  C:6C96H         LINE#         458
  C:6CAFH         LINE#         459
  -------         ENDPROC       _GETKP
  -------         PROC          _GETKI
  D:0007H         SYMBOL        PID_N
BL51 BANKED LINKER/LOCATER V6.00                                                      08/02/2017  18:22:39  PAGE 23


  C:6CB0H         LINE#         469
  C:6CB0H         LINE#         470
  C:6CB0H         LINE#         471
  C:6CC9H         LINE#         472
  -------         ENDPROC       _GETKI
  -------         PROC          _GETKD
  D:0007H         SYMBOL        PID_N
  C:6CCAH         LINE#         482
  C:6CCAH         LINE#         483
  C:6CCAH         LINE#         484
  C:6CE3H         LINE#         485
  -------         ENDPROC       _GETKD
  -------         PROC          _GETOUTPUT
  D:0007H         SYMBOL        PID_N
  C:6CE4H         LINE#         495
  C:6CE4H         LINE#         496
  C:6CE4H         LINE#         497
  C:6CFDH         LINE#         498
  -------         ENDPROC       _GETOUTPUT
  -------         PROC          _GETINTEGRAL
  D:0007H         SYMBOL        PID_N
  C:6CFEH         LINE#         508
  C:6CFEH         LINE#         509
  C:6CFEH         LINE#         510
  C:6D17H         LINE#         511
  -------         ENDPROC       _GETINTEGRAL
  -------         PROC          _SETMAXERROR
  D:0003H         SYMBOL        PID_N
  X:0723H         SYMBOL        err_max
  C:695BH         LINE#         521
  C:695DH         LINE#         522
  C:695DH         LINE#         523
  -------         ENDPROC       _SETMAXERROR
  -------         PROC          _POSCLASSPID
  X:076EH         SYMBOL        PID_N
  D:0005H         SYMBOL        PID_MODE
  C:5FB7H         LINE#         535
  C:5FBCH         LINE#         536
  C:5FBCH         LINE#         537
  C:5FCCH         LINE#         538
  C:5FCCH         LINE#         539
  C:5FDBH         LINE#         540
  C:5FDBH         LINE#         541
  C:5FDBH         LINE#         542
  C:5FE3H         LINE#         543
  C:5FE3H         LINE#         544
  C:5FE3H         LINE#         545
  C:5FEBH         LINE#         546
  C:5FEBH         LINE#         547
  C:5FEBH         LINE#         548
  C:5FF3H         LINE#         549
  C:5FF3H         LINE#         550
  C:5FF3H         LINE#         551
  C:5FFBH         LINE#         552
  C:5FFBH         LINE#         553
  C:5FFBH         LINE#         554
  C:5FFBH         LINE#         555
BL51 BANKED LINKER/LOCATER V6.00                                                      08/02/2017  18:22:39  PAGE 24


  -------         ENDPROC       _POSCLASSPID
  -------         PROC          _INCCLASSPID
  D:0007H         SYMBOL        PID_N
  D:0005H         SYMBOL        PID_MODE
  C:6DB4H         LINE#         566
  C:6DB4H         LINE#         567
  C:6DB4H         LINE#         568
  C:6DC5H         LINE#         569
  C:6DC5H         LINE#         570
  C:6DC9H         LINE#         571
  C:6DC9H         LINE#         572
  C:6DC9H         LINE#         573
  C:6DCCH         LINE#         574
  C:6DCCH         LINE#         575
  C:6DCCH         LINE#         576
  C:6DCCH         LINE#         577
  -------         ENDPROC       _INCCLASSPID
  -------         ENDMOD        PID

  -------         MODULE        DATASCOPE_DP
  C:0000H         SYMBOL        _ICE_DUMMY_
  D:0080H         PUBLIC        P0
  D:0090H         PUBLIC        P1
  D:00A0H         PUBLIC        P2
  D:00B0H         PUBLIC        P3
  D:00C0H         PUBLIC        P4
  D:00C8H         PUBLIC        P5
  D:00E8H         PUBLIC        P6
  D:00F8H         PUBLIC        P7
  X:04E1H         PUBLIC        DataScope_OutPut_Buffer
  D:00A8H         PUBLIC        IE
  D:00B8H         PUBLIC        IP
  D:00D8H         PUBLIC        CCON
  C:64E1H         PUBLIC        _sendScopeData
  D:0098H         PUBLIC        SCON
  D:0088H         PUBLIC        TCON
  D:00F0H         PUBLIC        B
  C:5179H         PUBLIC        _Float2Byte
  X:050BH         SYMBOL        g_Button
  D:00E0H         PUBLIC        ACC
  C:5223H         PUBLIC        _DataScope_Data_Generate
  C:476CH         PUBLIC        _DataScope_Get_Channel_Data
  D:00D0H         PUBLIC        PSW
  -------         PROC          _FLOAT2BYTE
  D:0001H         SYMBOL        target
  X:03BAH         SYMBOL        buf
  X:03BDH         SYMBOL        beg
  -------         DO            
  X:03BEH         SYMBOL        point
  -------         ENDDO         
  C:5179H         LINE#         26
  C:5179H         LINE#         27
  C:5179H         LINE#         29
  C:5184H         LINE#         30
  C:51A2H         LINE#         31
  C:51CEH         LINE#         32
  C:51FAH         LINE#         33
BL51 BANKED LINKER/LOCATER V6.00                                                      08/02/2017  18:22:39  PAGE 25


  -------         ENDPROC       _FLOAT2BYTE
  -------         PROC          _SENDSCOPEDATA
  X:03B2H         SYMBOL        channe_num
  -------         DO            
  X:03B3H         SYMBOL        a
  -------         ENDDO         
  C:64E1H         LINE#         43
  C:64E6H         LINE#         44
  C:64E6H         LINE#         48
  C:64FAH         LINE#         49
  C:64FAH         LINE#         50
  C:6509H         LINE#         51
  C:6511H         LINE#         53
  -------         ENDPROC       _SENDSCOPEDATA
  -------         PROC          _DATASCOPE_GET_CHANNEL_DATA
  X:03B2H         SYMBOL        Data
  X:03B6H         SYMBOL        Channel
  C:476CH         LINE#         59
  C:4772H         LINE#         60
  C:4772H         LINE#         61
  C:4785H         LINE#         62
  C:4785H         LINE#         64
  C:4785H         LINE#         66
  C:4785H         LINE#         67
  C:47BBH         LINE#         68
  C:47BBH         LINE#         69
  C:47BBH         LINE#         70
  C:47CEH         LINE#         71
  C:47D1H         LINE#         72
  C:47D1H         LINE#         73
  C:47E5H         LINE#         74
  C:47E8H         LINE#         75
  C:47E8H         LINE#         76
  C:47FCH         LINE#         77
  C:47FFH         LINE#         78
  C:47FFH         LINE#         79
  C:4813H         LINE#         80
  C:4816H         LINE#         81
  C:4816H         LINE#         82
  C:482AH         LINE#         83
  C:482CH         LINE#         84
  C:482CH         LINE#         85
  C:4840H         LINE#         86
  C:4842H         LINE#         87
  C:4842H         LINE#         88
  C:4856H         LINE#         89
  C:4858H         LINE#         90
  C:4858H         LINE#         91
  C:486CH         LINE#         92
  C:486EH         LINE#         93
  C:486EH         LINE#         94
  C:4882H         LINE#         95
  C:4884H         LINE#         96
  C:4884H         LINE#         97
  C:489FH         LINE#         98
  C:489FH         LINE#         99
  C:489FH         LINE#         100
BL51 BANKED LINKER/LOCATER V6.00                                                      08/02/2017  18:22:39  PAGE 26


  C:489FH         LINE#         101
  -------         ENDPROC       _DATASCOPE_GET_CHANNEL_DATA
  -------         PROC          _DATASCOPE_DATA_GENERATE
  D:0007H         SYMBOL        Channel_Number
  C:5223H         LINE#         106
  C:5223H         LINE#         107
  C:5223H         LINE#         108
  C:522CH         LINE#         109
  C:522CH         LINE#         110
  C:522FH         LINE#         111
  C:522FH         LINE#         113
  C:522FH         LINE#         114
  C:5235H         LINE#         115
  C:526BH         LINE#         116
  C:526BH         LINE#         117
  C:526BH         LINE#         118
  C:5271H         LINE#         119
  C:5274H         LINE#         120
  C:5274H         LINE#         121
  C:5274H         LINE#         122
  C:527AH         LINE#         123
  C:527DH         LINE#         124
  C:527DH         LINE#         125
  C:527DH         LINE#         126
  C:5283H         LINE#         127
  C:5286H         LINE#         128
  C:5286H         LINE#         129
  C:5286H         LINE#         130
  C:528CH         LINE#         131
  C:528FH         LINE#         132
  C:528FH         LINE#         133
  C:528FH         LINE#         134
  C:5295H         LINE#         135
  C:5298H         LINE#         136
  C:5298H         LINE#         137
  C:5298H         LINE#         138
  C:529EH         LINE#         139
  C:52A1H         LINE#         140
  C:52A1H         LINE#         141
  C:52A1H         LINE#         142
  C:52A7H         LINE#         143
  C:52AAH         LINE#         144
  C:52AAH         LINE#         145
  C:52AAH         LINE#         146
  C:52B0H         LINE#         147
  C:52B3H         LINE#         148
  C:52B3H         LINE#         149
  C:52B3H         LINE#         150
  C:52B9H         LINE#         151
  C:52BCH         LINE#         152
  C:52BCH         LINE#         153
  C:52BCH         LINE#         154
  C:52C2H         LINE#         155
  C:52C5H         LINE#         156
  C:52C5H         LINE#         157
  C:52C5H         LINE#         158
  C:52C5H         LINE#         159
BL51 BANKED LINKER/LOCATER V6.00                                                      08/02/2017  18:22:39  PAGE 27


  C:52C7H         LINE#         160
  -------         ENDPROC       _DATASCOPE_DATA_GENERATE
  -------         ENDMOD        DATASCOPE_DP

  -------         MODULE        ?RTX51_TINY_KERNAL
  C:7135H         SEGMENT       ?RTX?TASKENT?S
  I:001AH         SEGMENT       ?RTX?TASKSP?S
  I:0063H         SEGMENT       ?RTX?TASKSTATE?S
  C:3024H         SEGMENT       ?RTX?CODE
  C:3070H         PUBLIC        ?RTX?SET_ISR
  D:000CH         PUBLIC        ?RTX_CURRENTTASK
  D:0007H         PUBLIC        ?RTX_NEXTID
  C:3086H         PUBLIC        ?RTX_NEXTTASK
  N:00FFH         PUBLIC        ?RTX_RAMTOP
  C:7135H         PUBLIC        ?RTX_TASKENTRY
  C:313AH         PUBLIC        ?RTX_TASKIDX
  I:001AH         PUBLIC        ?RTX_TASKSP
  I:0063H         PUBLIC        ?RTX_TASKSTATUS
  C:3101H         PUBLIC        MAIN
  C:3071H         PUBLIC        OS_SWITCH_TASK
  C:3078H         SYMBOL        ?C0001
  C:3082H         SYMBOL        ?C0003
  C:3087H         SYMBOL        ?C0005
  C:30A1H         SYMBOL        ?C0007
  C:30A3H         SYMBOL        ?C0009
  C:30ADH         SYMBOL        ?C0011
  C:30DAH         SYMBOL        ?C0012
  C:30C0H         SYMBOL        ?C0013
  C:30C5H         SYMBOL        ?C0015
  C:30D0H         SYMBOL        ?C0016
  N:0000H         SYMBOL        ?RTX51_TINY_KERNAL
  N:F63CH         SYMBOL        ?RTX_CLOCK
  N:0008H         SYMBOL        ?RTX_REGISTERBANK
  D:000AH         SYMBOL        ?RTX_SAVEACC
  D:000BH         SYMBOL        ?RTX_SAVEPSW
  C:3024H         SYMBOL        ?RTX_STACKERROR
  D:00E0H         SYMBOL        ACC
  D:00F0H         SYMBOL        B
  N:0005H         SYMBOL        B_ACTIVE
  N:0007H         SYMBOL        B_IVL
  N:0007H         SYMBOL        B_RDY
  N:0004H         SYMBOL        B_READY
  N:0006H         SYMBOL        B_ROBIN
  N:0002H         SYMBOL        B_SIGNAL
  N:0003H         SYMBOL        B_TIMEOUT
  N:0000H         SYMBOL        B_WAITSIG
  N:0001H         SYMBOL        B_WAITTIM
  C:304EH         SYMBOL        CHECKSTACK
  N:0000H         SYMBOL        CODE_BANKING
  N:0000H         SYMBOL        CPU_IDLE_CODE
  D:0083H         SYMBOL        DPH
  D:0082H         SYMBOL        DPL
  B:00A8H.7       SYMBOL        EA
  B:00A8H.4       SYMBOL        ES
  B:00A8H.1       SYMBOL        ET0
  B:00A8H.3       SYMBOL        ET1
  B:00A8H.0       SYMBOL        EX0
BL51 BANKED LINKER/LOCATER V6.00                                                      08/02/2017  18:22:39  PAGE 28


  B:00A8H.2       SYMBOL        EX1
  N:0014H         SYMBOL        FREE_STACK
  C:3028H         SYMBOL        HW_TIMER
  D:00A8H         SYMBOL        IE
  B:0088H.1       SYMBOL        IE0
  B:0088H.3       SYMBOL        IE1
  N:09C4H         SYMBOL        INT_CLOCK
  N:0001H         SYMBOL        INT_REGBANK
  B:0088H.0       SYMBOL        IT0
  B:0088H.2       SYMBOL        IT1
  N:0020H         SYMBOL        K_ACTIVE
  N:0080H         SYMBOL        K_IVL
  N:0080H         SYMBOL        K_RDY
  N:0010H         SYMBOL        K_READY
  N:0040H         SYMBOL        K_ROBIN
  N:0001H         SYMBOL        K_SIG
  N:0002H         SYMBOL        K_TMO
  N:0000H         SYMBOL        LONG_USR_INTR
  C:310AH         SYMBOL        MAIN1
  C:3114H         SYMBOL        MAIN1X
  C:310FH         SYMBOL        MAIN2
  C:30F7H         SYMBOL        NOEVENT
  C:306AH         SYMBOL        NOTIMEOUT
  C:3068H         SYMBOL        NOWAITTIMEOUT
  C:3071H         SYMBOL        OS_SWITCH_TASK1
  D:0087H         SYMBOL        PCON
  D:00D0H         SYMBOL        PSW
  N:00FFH         SYMBOL        RAMTOP
  N:0080H         SYMBOL        RDY_EVENT
  C:30EBH         SYMBOL        SIGNALOFF
  C:30F7H         SYMBOL        SIGNALON
  N:0004H         SYMBOL        SIG_EVENT
  D:0081H         SYMBOL        SP
  I:0064H         SYMBOL        TASKSTATE
  D:0088H         SYMBOL        TCON
  B:0088H.5       SYMBOL        TF0
  B:0088H.7       SYMBOL        TF1
  D:008CH         SYMBOL        TH0
  D:008DH         SYMBOL        TH1
  C:30F3H         SYMBOL        TIMEOUTON
  C:3029H         SYMBOL        TIMERINT
  C:305AH         SYMBOL        TIMERLOOP
  I:0063H         SYMBOL        TIMERVAL
  N:0000H         SYMBOL        TIMESHARING
  D:008AH         SYMBOL        TL0
  D:008BH         SYMBOL        TL1
  D:0089H         SYMBOL        TMOD
  N:0008H         SYMBOL        TMO_EVENT
  B:0088H.4       SYMBOL        TR0
  B:0088H.6       SYMBOL        TR1
  C:000BH         LINE#         271
  C:3024H         LINE#         279
  C:3028H         LINE#         282
  C:3029H         LINE#         299
  C:302CH         LINE#         301
  C:302FH         LINE#         302
  C:3032H         LINE#         303
BL51 BANKED LINKER/LOCATER V6.00                                                      08/02/2017  18:22:39  PAGE 29


  C:3034H         LINE#         305
  C:3036H         LINE#         306
  C:3038H         LINE#         307
  C:303AH         LINE#         308
  C:303CH         LINE#         309
  C:303EH         LINE#         310
  C:3040H         LINE#         311
  C:3042H         LINE#         312
  C:3044H         LINE#         316
  C:3045H         LINE#         317
  C:3047H         LINE#         318
  C:3048H         LINE#         319
  C:3049H         LINE#         320
  C:304CH         LINE#         321
  C:304EH         LINE#         322
  C:304FH         LINE#         323
  C:3051H         LINE#         324
  C:3054H         LINE#         325
  C:3056H         LINE#         329
  C:3058H         LINE#         330
  C:305AH         LINE#         331
  C:305BH         LINE#         332
  C:305CH         LINE#         333
  C:305DH         LINE#         334
  C:305FH         LINE#         335
  C:3061H         LINE#         336
  C:3062H         LINE#         337
  C:3065H         LINE#         338
  C:3067H         LINE#         339
  C:3068H         LINE#         340
  C:306AH         LINE#         341
  C:306BH         LINE#         342
  C:306DH         LINE#         344
  C:306EH         LINE#         345
  C:3070H         LINE#         354
  C:3071H         LINE#         426
  C:3073H         LINE#         427
  C:3074H         LINE#         429
  C:3075H         LINE#         430
  C:3077H         LINE#         431
  C:3078H         LINE#         434
  C:3079H         LINE#         435
  C:307AH         LINE#         436
  C:307BH         LINE#         444
  C:307EH         LINE#         445
  C:3080H         LINE#         446
  C:3082H         LINE#         449
[...]

  -------         MODULE        ?C?FPADD
  C:0807H         PUBLIC        ?C?FPADD
  C:0803H         PUBLIC        ?C?FPSUB
  -------         ENDMOD        ?C?FPADD

  -------         MODULE        ?C?FPMUL
  C:08F8H         PUBLIC        ?C?FPMUL
  -------         ENDMOD        ?C?FPMUL

  -------         MODULE        ?C?FPDIV
  C:0A01H         PUBLIC        ?C?FPDIV
  -------         ENDMOD        ?C?FPDIV

  -------         MODULE        ?C?FPCMP
  C:0AA0H         PUBLIC        ?C?FPCMP
  C:0A9EH         PUBLIC        ?C?FPCMP3
  -------         ENDMOD        ?C?FPCMP

  -------         MODULE        ?C?FCAST
  C:0B15H         PUBLIC        ?C?FCASTC
  C:0B10H         PUBLIC        ?C?FCASTI
  C:0B0BH         PUBLIC        ?C?FCASTL
  -------         ENDMOD        ?C?FCAST

  -------         MODULE        ?C?CASTF
  C:0B49H         PUBLIC        ?C?CASTF
  -------         ENDMOD        ?C?CASTF

  -------         MODULE        PRINTF
  X:0382H         PUBLIC        ?_PRINTF?BYTE
  X:0382H         PUBLIC        ?_SPRINTF?BYTE
  C:1D26H         PUBLIC        _PRINTF
  C:1D20H         PUBLIC        _SPRINTF
  -------         ENDMOD        PRINTF

  -------         MODULE        ?C?FPROUND
BL51 BANKED LINKER/LOCATER V6.00                                                      08/02/2017  18:22:39  PAGE 113


  C:0BCAH         PUBLIC        ?C?FPROUND
  -------         ENDMOD        ?C?FPROUND

  -------         MODULE        ?C?FPCONVERT
  C:0C07H         PUBLIC        ?C?FPCONVERT
  -------         ENDMOD        ?C?FPCONVERT

  -------         MODULE        ?C?FTNPWR
  C:0D3CH         PUBLIC        ?C?FTNPWR
  -------         ENDMOD        ?C?FTNPWR

  -------         MODULE        ?C?CLDPTR
  C:0D7CH         PUBLIC        ?C?CLDPTR
  -------         ENDMOD        ?C?CLDPTR

  -------         MODULE        ?C?CLDOPTR
  C:0D95H         PUBLIC        ?C?CLDOPTR
  -------         ENDMOD        ?C?CLDOPTR

  -------         MODULE        ?C?CSTPTR
  C:0DC2H         PUBLIC        ?C?CSTPTR
  -------         ENDMOD        ?C?CSTPTR

  -------         MODULE        ?C?CSTOPTR
  C:0DD4H         PUBLIC        ?C?CSTOPTR
  -------         ENDMOD        ?C?CSTOPTR

  -------         MODULE        ?C?IMUL
  C:0DF6H         PUBLIC        ?C?IMUL
  -------         ENDMOD        ?C?IMUL

  -------         MODULE        ?C?UIDIV
  C:0E08H         PUBLIC        ?C?UIDIV
  -------         ENDMOD        ?C?UIDIV

  -------         MODULE        ?C?SIDIV
  C:0E5DH         PUBLIC        ?C?SIDIV
  -------         ENDMOD        ?C?SIDIV

  -------         MODULE        ?C?IILDX
  C:0E93H         PUBLIC        ?C?IILDX
  -------         ENDMOD        ?C?IILDX

  -------         MODULE        ?C?ILDIX
  C:0EA9H         PUBLIC        ?C?ILDIX
  -------         ENDMOD        ?C?ILDIX

  -------         MODULE        ?C?ILDOPTR
  C:0EBFH         PUBLIC        ?C?ILDOPTR
  -------         ENDMOD        ?C?ILDOPTR

  -------         MODULE        ?C?LMUL
  C:0EF7H         PUBLIC        ?C?LMUL
  -------         ENDMOD        ?C?LMUL

  -------         MODULE        ?C?ULDIV
  C:0F82H         PUBLIC        ?C?ULDIV
BL51 BANKED LINKER/LOCATER V6.00                                                      08/02/2017  18:22:39  PAGE 114


  -------         ENDMOD        ?C?ULDIV

  -------         MODULE        ?C?SLDIV
  C:6040H         PUBLIC        ?C?SLDIV
  -------         ENDMOD        ?C?SLDIV

  -------         MODULE        ?C?LNEG
  C:1014H         PUBLIC        ?C?LNEG
  -------         ENDMOD        ?C?LNEG

  -------         MODULE        ?C?ULCMP
  C:1022H         PUBLIC        ?C?ULCMP
  -------         ENDMOD        ?C?ULCMP

  -------         MODULE        ?C?ULSHR
  C:1033H         PUBLIC        ?C?ULSHR
  -------         ENDMOD        ?C?ULSHR

  -------         MODULE        ?C?LLDOPTR0
  C:1046H         PUBLIC        ?C?LLDOPTR0
  -------         ENDMOD        ?C?LLDOPTR0

  -------         MODULE        ?C?LSTXDATA
  C:1076H         PUBLIC        ?C?LSTXDATA
  -------         ENDMOD        ?C?LSTXDATA

  -------         MODULE        ?C?LSTKXDATA
  C:1082H         PUBLIC        ?C?LSTKXDATA
  -------         ENDMOD        ?C?LSTKXDATA

  -------         MODULE        ?C?OFFXADD
  C:10B3H         PUBLIC        ?C?OFFXADD
  -------         ENDMOD        ?C?OFFXADD

  -------         MODULE        ?C?PLDIXDATA
  C:10BFH         PUBLIC        ?C?PLDIXDATA
  -------         ENDMOD        ?C?PLDIXDATA

  -------         MODULE        ?C?PSTXDATA
  C:10D6H         PUBLIC        ?C?PSTXDATA
  -------         ENDMOD        ?C?PSTXDATA

  -------         MODULE        ?C?CCASE
  C:10DFH         PUBLIC        ?C?CCASE
  -------         ENDMOD        ?C?CCASE

  -------         MODULE        ?C?ICALL
  C:1105H         PUBLIC        ?C?ICALL
  C:1109H         PUBLIC        ?C?ICALL2
  -------         ENDMOD        ?C?ICALL

  -------         MODULE        PUTCHAR
  C:6702H         PUBLIC        _PUTCHAR
  -------         ENDMOD        PUTCHAR

  -------         MODULE        ABS
  C:7093H         PUBLIC        _ABS
BL51 BANKED LINKER/LOCATER V6.00                                                      08/02/2017  18:22:39  PAGE 115


  -------         ENDMOD        ABS

  -------         MODULE        ?C?LLDIDATA0
  C:110BH         PUBLIC        ?C?LLDIDATA0
  -------         ENDMOD        ?C?LLDIDATA0

  -------         MODULE        ?C?LLDXDATA0
  C:1118H         PUBLIC        ?C?LLDXDATA0
  -------         ENDMOD        ?C?LLDXDATA0

  -------         MODULE        ?C?LLDPDATA0
  C:1124H         PUBLIC        ?C?LLDPDATA0
  -------         ENDMOD        ?C?LLDPDATA0

  -------         MODULE        ?C?LLDCODE0
  C:1131H         PUBLIC        ?C?LLDCODE0
  -------         ENDMOD        ?C?LLDCODE0

*** WARNING L16: UNCALLED SEGMENT, IGNORED FOR OVERLAY PROCESS
    SEGMENT: ?PR?MODE1?MODE

*** WARNING L16: UNCALLED SEGMENT, IGNORED FOR OVERLAY PROCESS
    SEGMENT: ?PR?MODE2?MODE

*** WARNING L16: UNCALLED SEGMENT, IGNORED FOR OVERLAY PROCESS
    SEGMENT: ?PR?MODE3?MODE

*** WARNING L16: UNCALLED SEGMENT, IGNORED FOR OVERLAY PROCESS
    SEGMENT: ?PR?MODE4?MODE

*** WARNING L16: UNCALLED SEGMENT, IGNORED FOR OVERLAY PROCESS
    SEGMENT: ?PR?MODELAUNCHER?MODE

*** WARNING L16: UNCALLED SEGMENT, IGNORED FOR OVERLAY PROCESS
    SEGMENT: ?PR?_FILTER?FILTER

*** WARNING L16: UNCALLED SEGMENT, IGNORED FOR OVERLAY PROCESS
    SEGMENT: ?PR?_KALMANFILTER?FILTER

*** WARNING L16: UNCALLED SEGMENT, IGNORED FOR OVERLAY PROCESS
    SEGMENT: ?PR?_PID_CONFIG?PID

*** WARNING L16: UNCALLED SEGMENT, IGNORED FOR OVERLAY PROCESS
    SEGMENT: ?PR?_OPENPID?PID

*** WARNING L16: UNCALLED SEGMENT, IGNORED FOR OVERLAY PROCESS
    SEGMENT: ?PR?_CLOSEPID?PID

*** WARNING L16: UNCALLED SEGMENT, IGNORED FOR OVERLAY PROCESS
    SEGMENT: ?PR?_SETPARAMETERINFERIORLIMIT?PID

*** WARNING L16: UNCALLED SEGMENT, IGNORED FOR OVERLAY PROCESS
    SEGMENT: ?PR?_SETPARAMETERUPPERLIMIT?PID

*** WARNING L16: UNCALLED SEGMENT, IGNORED FOR OVERLAY PROCESS
    SEGMENT: ?PR?_SETACTUALPARAMETER?PID

BL51 BANKED LINKER/LOCATER V6.00                                                      08/02/2017  18:22:39  PAGE 116


*** WARNING L16: UNCALLED SEGMENT, IGNORED FOR OVERLAY PROCESS
    SEGMENT: ?PR?_SETKI?PID

*** WARNING L16: UNCALLED SEGMENT, IGNORED FOR OVERLAY PROCESS
    SEGMENT: ?PR?_SETKP?PID

*** WARNING L16: UNCALLED SEGMENT, IGNORED FOR OVERLAY PROCESS
    SEGMENT: ?PR?_SETKD?PID

*** WARNING L16: UNCALLED SEGMENT, IGNORED FOR OVERLAY PROCESS
    SEGMENT: ?PR?_SETPARAMETER?PID

*** WARNING L16: UNCALLED SEGMENT, IGNORED FOR OVERLAY PROCESS
    SEGMENT: ?PR?_GETPARAMETER?PID

*** WARNING L16: UNCALLED SEGMENT, IGNORED FOR OVERLAY PROCESS
    SEGMENT: ?PR?_GETERR?PID

*** WARNING L16: UNCALLED SEGMENT, IGNORED FOR OVERLAY PROCESS
    SEGMENT: ?PR?_GETERRLAST?PID

*** WARNING L16: UNCALLED SEGMENT, IGNORED FOR OVERLAY PROCESS
    SEGMENT: ?PR?_GETKP?PID

*** WARNING L16: UNCALLED SEGMENT, IGNORED FOR OVERLAY PROCESS
    SEGMENT: ?PR?_GETKI?PID

*** WARNING L16: UNCALLED SEGMENT, IGNORED FOR OVERLAY PROCESS
    SEGMENT: ?PR?_GETKD?PID

*** WARNING L16: UNCALLED SEGMENT, IGNORED FOR OVERLAY PROCESS
    SEGMENT: ?PR?_GETOUTPUT?PID

*** WARNING L16: UNCALLED SEGMENT, IGNORED FOR OVERLAY PROCESS
    SEGMENT: ?PR?_GETINTEGRAL?PID

*** WARNING L16: UNCALLED SEGMENT, IGNORED FOR OVERLAY PROCESS
    SEGMENT: ?PR?_SETMAXERROR?PID

*** WARNING L16: UNCALLED SEGMENT, IGNORED FOR OVERLAY PROCESS
    SEGMENT: ?PR?_POSCLASSPID?PID

*** WARNING L16: UNCALLED SEGMENT, IGNORED FOR OVERLAY PROCESS
    SEGMENT: ?PR?_INCCLASSPID?PID

*** WARNING L16: UNCALLED SEGMENT, IGNORED FOR OVERLAY PROCESS
    SEGMENT: ?PR?BUTTON_CONFIG?BUTTON

*** WARNING L16: UNCALLED SEGMENT, IGNORED FOR OVERLAY PROCESS
    SEGMENT: ?PR?_GETBUTTONSTATE?BUTTON

*** WARNING L16: UNCALLED SEGMENT, IGNORED FOR OVERLAY PROCESS
    SEGMENT: ?PR?BUTTONSCAN?BUTTON

*** WARNING L16: UNCALLED SEGMENT, IGNORED FOR OVERLAY PROCESS
    SEGMENT: ?PR?_LCD_CLR_ROW?LCD5510_V2

BL51 BANKED LINKER/LOCATER V6.00                                                      08/02/2017  18:22:39  PAGE 117


*** WARNING L16: UNCALLED SEGMENT, IGNORED FOR OVERLAY PROCESS
    SEGMENT: ?PR?_LCD_PRINTS?LCD5510_V2

*** WARNING L16: UNCALLED SEGMENT, IGNORED FOR OVERLAY PROCESS
    SEGMENT: ?PR?_LCD_PRINTNUM_F?LCD5510_V2

*** WARNING L16: UNCALLED SEGMENT, IGNORED FOR OVERLAY PROCESS
    SEGMENT: ?PR?GETBOARD_LED_STATE?LED

*** WARNING L16: UNCALLED SEGMENT, IGNORED FOR OVERLAY PROCESS
    SEGMENT: ?PR?_BOARD_LED_PWM?LED

*** WARNING L16: UNCALLED SEGMENT, IGNORED FOR OVERLAY PROCESS
    SEGMENT: ?PR?_SETDC_MOTORSPEED?MOTOR

*** WARNING L16: UNCALLED SEGMENT, IGNORED FOR OVERLAY PROCESS
    SEGMENT: ?PR?_OPEN_DC_MOTOR?MOTOR

*** WARNING L16: UNCALLED SEGMENT, IGNORED FOR OVERLAY PROCESS
    SEGMENT: ?PR?_CLOSE_DC_MOTOR?MOTOR

*** WARNING L16: UNCALLED SEGMENT, IGNORED FOR OVERLAY PROCESS
    SEGMENT: ?PR?_GETDC_MOTORSTATE?MOTOR

*** WARNING L16: UNCALLED SEGMENT, IGNORED FOR OVERLAY PROCESS
    SEGMENT: ?PR?DC_MOTOR_CONFIG?MOTOR

*** WARNING L16: UNCALLED SEGMENT, IGNORED FOR OVERLAY PROCESS
    SEGMENT: ?PR?_INIT_STR_MOTOR?SERVO

*** WARNING L16: UNCALLED SEGMENT, IGNORED FOR OVERLAY PROCESS
    SEGMENT: ?PR?_SET_STR_ANGLE?SERVO

*** WARNING L16: UNCALLED SEGMENT, IGNORED FOR OVERLAY PROCESS
    SEGMENT: ?PR?_READ_STR_ANGLE?SERVO

*** WARNING L16: UNCALLED SEGMENT, IGNORED FOR OVERLAY PROCESS
    SEGMENT: ?PR?_OPEN_STR?SERVO

*** WARNING L16: UNCALLED SEGMENT, IGNORED FOR OVERLAY PROCESS
    SEGMENT: ?PR?_CLOSE_STR?SERVO

*** WARNING L16: UNCALLED SEGMENT, IGNORED FOR OVERLAY PROCESS
    SEGMENT: ?PR?_SETSTEPMOTORWITHDISTANCE?STEP_MOTOR

*** WARNING L16: UNCALLED SEGMENT, IGNORED FOR OVERLAY PROCESS
    SEGMENT: ?PR?_SETSTEPMOTORWITHROUND?STEP_MOTOR

*** WARNING L16: UNCALLED SEGMENT, IGNORED FOR OVERLAY PROCESS
    SEGMENT: ?PR?_SETSTEPMOTORSTATE?STEP_MOTOR

*** WARNING L16: UNCALLED SEGMENT, IGNORED FOR OVERLAY PROCESS
    SEGMENT: ?PR?_GETSTEPMOTORSTATE?STEP_MOTOR

*** WARNING L16: UNCALLED SEGMENT, IGNORED FOR OVERLAY PROCESS
    SEGMENT: ?PR?_SETSTEPMOTORDIVERSION?STEP_MOTOR

BL51 BANKED LINKER/LOCATER V6.00                                                      08/02/2017  18:22:39  PAGE 118


*** WARNING L16: UNCALLED SEGMENT, IGNORED FOR OVERLAY PROCESS
    SEGMENT: ?PR?_CLOSE_STEPMOTOR?STEP_MOTOR

*** WARNING L16: UNCALLED SEGMENT, IGNORED FOR OVERLAY PROCESS
    SEGMENT: ?PR?_OPEN_STEPMOTOR?STEP_MOTOR

*** WARNING L16: UNCALLED SEGMENT, IGNORED FOR OVERLAY PROCESS
    SEGMENT: ?PR?_FREESTEPMOTOR?STEP_MOTOR

*** WARNING L16: UNCALLED SEGMENT, IGNORED FOR OVERLAY PROCESS
    SEGMENT: ?PR?_LOCKSTEPMOTOR?STEP_MOTOR

*** WARNING L16: UNCALLED SEGMENT, IGNORED FOR OVERLAY PROCESS
    SEGMENT: ?PR?_STEPMOTOR_INIT?STEP_MOTOR

*** WARNING L16: UNCALLED SEGMENT, IGNORED FOR OVERLAY PROCESS
    SEGMENT: ?PR?_ADC_CONFIG?ANGLE

*** WARNING L16: UNCALLED SEGMENT, IGNORED FOR OVERLAY PROCESS
    SEGMENT: ?PR?GETANGLE?ANGLE

*** WARNING L16: UNCALLED SEGMENT, IGNORED FOR OVERLAY PROCESS
    SEGMENT: ?PR?_HC595_INIT?74HC595

*** WARNING L16: UNCALLED SEGMENT, IGNORED FOR OVERLAY PROCESS
    SEGMENT: ?PR?_HC595SENDDATA?74HC595

*** WARNING L16: UNCALLED SEGMENT, IGNORED FOR OVERLAY PROCESS
    SEGMENT: ?PR?_GETPULSERSTATE?FIXEDPULSER

*** WARNING L16: UNCALLED SEGMENT, IGNORED FOR OVERLAY PROCESS
    SEGMENT: ?PR?SETCARFORWARD?MT_1_L298N

*** WARNING L16: UNCALLED SEGMENT, IGNORED FOR OVERLAY PROCESS
    SEGMENT: ?PR?SETCARBACK?MT_1_L298N

*** WARNING L16: UNCALLED SEGMENT, IGNORED FOR OVERLAY PROCESS
    SEGMENT: ?PR?SETCARSTOP?MT_1_L298N

*** WARNING L16: UNCALLED SEGMENT, IGNORED FOR OVERLAY PROCESS
    SEGMENT: ?PR?SETCARRIGHTFORWARD?MT_1_L298N

*** WARNING L16: UNCALLED SEGMENT, IGNORED FOR OVERLAY PROCESS
    SEGMENT: ?PR?SETCARRIGHTBACK?MT_1_L298N

*** WARNING L16: UNCALLED SEGMENT, IGNORED FOR OVERLAY PROCESS
    SEGMENT: ?PR?SETCARRIGHTTURN?MT_1_L298N

*** WARNING L16: UNCALLED SEGMENT, IGNORED FOR OVERLAY PROCESS
    SEGMENT: ?PR?SETCARLEFTFORWARD?MT_1_L298N

*** WARNING L16: UNCALLED SEGMENT, IGNORED FOR OVERLAY PROCESS
    SEGMENT: ?PR?SETCARLEFTBACK?MT_1_L298N

*** WARNING L16: UNCALLED SEGMENT, IGNORED FOR OVERLAY PROCESS
    SEGMENT: ?PR?SETCARLEFTTURN?MT_1_L298N

BL51 BANKED LINKER/LOCATER V6.00                                                      08/02/2017  18:22:39  PAGE 119


*** WARNING L16: UNCALLED SEGMENT, IGNORED FOR OVERLAY PROCESS
    SEGMENT: ?PR?SPI_INIT?MPU9250

*** WARNING L16: UNCALLED SEGMENT, IGNORED FOR OVERLAY PROCESS
    SEGMENT: ?PR?INIT_MPU9250?MPU9250

*** WARNING L16: UNCALLED SEGMENT, IGNORED FOR OVERLAY PROCESS
    SEGMENT: ?PR?READ_MPU9250_ACCEL?MPU9250

*** WARNING L16: UNCALLED SEGMENT, IGNORED FOR OVERLAY PROCESS
    SEGMENT: ?PR?READ_MPU9250_GYRO?MPU9250

*** WARNING L16: UNCALLED SEGMENT, IGNORED FOR OVERLAY PROCESS
    SEGMENT: ?PR?READ_MPU9250_MAG?MPU9250

*** WARNING L16: UNCALLED SEGMENT, IGNORED FOR OVERLAY PROCESS
    SEGMENT: ?PR?_DISABLEJY901?MPU9250_SBUF

*** WARNING L16: UNCALLED SEGMENT, IGNORED FOR OVERLAY PROCESS
    SEGMENT: ?PR?_CLOSEJY901SBUFMODE?MPU9250_SBUF

*** WARNING L16: UNCALLED SEGMENT, IGNORED FOR OVERLAY PROCESS
    SEGMENT: ?PR?_GETJY901ACCELERATION?MPU9250_SBUF

*** WARNING L16: UNCALLED SEGMENT, IGNORED FOR OVERLAY PROCESS
    SEGMENT: ?PR?_GETJY901PALSTANCE?MPU9250_SBUF

*** WARNING L16: UNCALLED SEGMENT, IGNORED FOR OVERLAY PROCESS
    SEGMENT: ?PR?_GETJY901MAGNETIC?MPU9250_SBUF

*** WARNING L16: UNCALLED SEGMENT, IGNORED FOR OVERLAY PROCESS
    SEGMENT: ?PR?_SETRELAY?RELAY

*** WARNING L16: UNCALLED SEGMENT, IGNORED FOR OVERLAY PROCESS
    SEGMENT: ?PR?_UNSETRELAY?RELAY

*** WARNING L16: UNCALLED SEGMENT, IGNORED FOR OVERLAY PROCESS
    SEGMENT: ?PR?RELAY_INIT?RELAY

*** WARNING L16: UNCALLED SEGMENT, IGNORED FOR OVERLAY PROCESS
    SEGMENT: ?PR?_TM1638LEDDISPLAY?TM1638

*** WARNING L16: UNCALLED SEGMENT, IGNORED FOR OVERLAY PROCESS
    SEGMENT: ?PR?CLOSETM1638DISPLAY?TM1638

*** WARNING L16: UNCALLED SEGMENT, IGNORED FOR OVERLAY PROCESS
    SEGMENT: ?PR?_ADC_POWERCONTROL?ADC

*** WARNING L16: UNCALLED SEGMENT, IGNORED FOR OVERLAY PROCESS
    SEGMENT: ?PR?_EEPROM_READ_N?STC15_EEPROM

*** WARNING L16: UNCALLED SEGMENT, IGNORED FOR OVERLAY PROCESS
    SEGMENT: ?PR?_EEPROM_SECTORERASE?STC15_EEPROM

*** WARNING L16: UNCALLED SEGMENT, IGNORED FOR OVERLAY PROCESS
    SEGMENT: ?PR?_EEPROM_WRITE_N?STC15_EEPROM

BL51 BANKED LINKER/LOCATER V6.00                                                      08/02/2017  18:22:39  PAGE 120


*** WARNING L16: UNCALLED SEGMENT, IGNORED FOR OVERLAY PROCESS
    SEGMENT: ?PR?_EXT_INILIZE?STC15_EXTI

*** WARNING L16: UNCALLED SEGMENT, IGNORED FOR OVERLAY PROCESS
    SEGMENT: ?PR?_SETPINSTATE?GPIO

*** WARNING L16: UNCALLED SEGMENT, IGNORED FOR OVERLAY PROCESS
    SEGMENT: ?PR?_IIC_WRDATTOADD?STC15_IIC

*** WARNING L16: UNCALLED SEGMENT, IGNORED FOR OVERLAY PROCESS
    SEGMENT: ?PR?_IIC_RDDATFROMADD?STC15_IIC

*** WARNING L16: UNCALLED SEGMENT, IGNORED FOR OVERLAY PROCESS
    SEGMENT: ?PR?_PWMN_UPDATE?PCA

*** WARNING L16: UNCALLED SEGMENT, IGNORED FOR OVERLAY PROCESS
    SEGMENT: ?PR?_PCA_INIT?PCA

*** WARNING L16: UNCALLED SEGMENT, IGNORED FOR OVERLAY PROCESS
    SEGMENT: ?PR?_PWMOUTPUT?PCA

*** WARNING L16: UNCALLED SEGMENT, IGNORED FOR OVERLAY PROCESS
    SEGMENT: ?PR?_GET_PWM_PERIOD?STC15_PWM

*** WARNING L16: UNCALLED SEGMENT, IGNORED FOR OVERLAY PROCESS
    SEGMENT: ?PR?_GET_PWM_N_DUTY?STC15_PWM

*** WARNING L16: UNCALLED SEGMENT, IGNORED FOR OVERLAY PROCESS
    SEGMENT: ?PR?_GETPWM_DIV?STC15_PWM

*** WARNING L16: UNCALLED SEGMENT, IGNORED FOR OVERLAY PROCESS
    SEGMENT: ?PR?OPEN_PWM_ALL?STC15_PWM

*** WARNING L16: UNCALLED SEGMENT, IGNORED FOR OVERLAY PROCESS
    SEGMENT: ?PR?CLOSE_PWM_ALL?STC15_PWM

*** WARNING L16: UNCALLED SEGMENT, IGNORED FOR OVERLAY PROCESS
    SEGMENT: ?PR?_GET_PWM_N_STATE?STC15_PWM

*** WARNING L16: UNCALLED SEGMENT, IGNORED FOR OVERLAY PROCESS
    SEGMENT: ?PR?_SPI_INIT?STC15_SPI

*** WARNING L16: UNCALLED SEGMENT, IGNORED FOR OVERLAY PROCESS
    SEGMENT: ?PR?_SPI_WRITENBYTETOTXBUF?STC15_SPI

*** WARNING L16: UNCALLED SEGMENT, IGNORED FOR OVERLAY PROCESS
    SEGMENT: ?PR?SPI_TRIGTX?STC15_SPI

*** WARNING L16: UNCALLED SEGMENT, IGNORED FOR OVERLAY PROCESS
    SEGMENT: ?PR?_SPI_SPI_READTHENBYTETORXBUF?STC15_SPI

*** WARNING L16: UNCALLED SEGMENT, IGNORED FOR OVERLAY PROCESS
    SEGMENT: ?PR?_SETTIMEOUT?TIMER

*** WARNING L16: UNCALLED SEGMENT, IGNORED FOR OVERLAY PROCESS
    SEGMENT: ?PR?_GETTIMEROUT?TIMER

BL51 BANKED LINKER/LOCATER V6.00                                                      08/02/2017  18:22:39  PAGE 121


*** WARNING L16: UNCALLED SEGMENT, IGNORED FOR OVERLAY PROCESS
    SEGMENT: ?PR?_SETTIMERHERTZ?TIMER

*** WARNING L16: UNCALLED SEGMENT, IGNORED FOR OVERLAY PROCESS
    SEGMENT: ?PR?_GETTIMERHERTZ?TIMER

*** WARNING L16: UNCALLED SEGMENT, IGNORED FOR OVERLAY PROCESS
    SEGMENT: ?PR?_STOPTIMER?TIMER

*** WARNING L16: UNCALLED SEGMENT, IGNORED FOR OVERLAY PROCESS
    SEGMENT: ?PR?_ISSTOPPED?TIMER

*** WARNING L16: UNCALLED SEGMENT, IGNORED FOR OVERLAY PROCESS
    SEGMENT: ?PR?_ONRESTARTTIMER?TIMER

*** WARNING L16: UNCALLED SEGMENT, IGNORED FOR OVERLAY PROCESS
    SEGMENT: ?PR?GETMICROS?TIMER

*** WARNING L16: UNCALLED SEGMENT, IGNORED FOR OVERLAY PROCESS
    SEGMENT: ?PR?GETMILLIS?TIMER

*** WARNING L16: UNCALLED SEGMENT, IGNORED FOR OVERLAY PROCESS
    SEGMENT: ?PR?GETSECONDS?TIMER

*** WARNING L16: UNCALLED SEGMENT, IGNORED FOR OVERLAY PROCESS
    SEGMENT: ?PR?GETMINUTES?TIMER

*** WARNING L16: UNCALLED SEGMENT, IGNORED FOR OVERLAY PROCESS
    SEGMENT: ?PR?GETHOURS?TIMER

*** WARNING L16: UNCALLED SEGMENT, IGNORED FOR OVERLAY PROCESS
    SEGMENT: ?PR?GETDAYS?TIMER

*** WARNING L16: UNCALLED SEGMENT, IGNORED FOR OVERLAY PROCESS
    SEGMENT: ?PR?_PRINTSTRING2?USART1

*** WARNING L16: UNCALLED SEGMENT, IGNORED FOR OVERLAY PROCESS
    SEGMENT: ?PR?_PRINTSTRING3?USART1

*** WARNING L16: UNCALLED SEGMENT, IGNORED FOR OVERLAY PROCESS
    SEGMENT: ?PR?_PRINTSTRING4?USART1

*** WARNING L15: MULTIPLE CALL TO SEGMENT
    SEGMENT: ?PR?_DATASCOPE_GET_CHANNEL_DATA?DATASCOPE_DP
    CALLER1: ?PR?PRINTANGLEDATA?ABSTASK
    CALLER2: ?PR?PRINTADS1115?ABSTASK

*** WARNING L15: MULTIPLE CALL TO SEGMENT
    SEGMENT: ?PR?_FLOAT2BYTE?DATASCOPE_DP
    CALLER1: ?PR?PRINTANGLEDATA?ABSTASK
    CALLER2: ?PR?PRINTADS1115?ABSTASK

*** WARNING L15: MULTIPLE CALL TO SEGMENT
    SEGMENT: ?PR?_SENDSCOPEDATA?DATASCOPE_DP
    CALLER1: ?PR?PRINTANGLEDATA?ABSTASK
    CALLER2: ?PR?PRINTADS1115?ABSTASK

BL51 BANKED LINKER/LOCATER V6.00                                                      08/02/2017  18:22:39  PAGE 122


******************************************************************************
* RESTRICTED VERSION WITH FFFFH BYTE CODE SIZE LIMIT; USED: 5981H BYTE (34%) *
******************************************************************************

Program Size: data=105.3 xdata=1913 code=27077
LINK/LOCATE RUN COMPLETE.  125 WARNING(S),  0 ERROR(S)
