BL51 BANKED LINKER/LOCATER V6.00                                                        07/17/2017  21:46:16  PAGE 1


BL51 BANKED LINKER/LOCATER V6.00, INVOKED BY:
C:\KEIL_V5\C51\BIN\BL51.EXE .\absTask.obj, .\task.obj, .\setup.obj, .\mode.obj, .\Conf_tny.obj, .\PID.obj, .\FILTER.obj,
>>  .\DataScope_DP.obj, .\storage.obj, .\BUTTON.obj, .\LED.obj, .\MOTOR.obj, .\SERVO.obj, .\STEP_MOTOR.obj, .\RELAY.obj,
>>  .\ANGLE.obj, .\LCD1602.obj, .\74HC595.obj, .\fixedPulser.obj, .\ADC.obj, .\delay.obj, .\GPIO.obj, .\PCA.obj, .\stc15
>> _pwm.obj, .\timer.obj, .\USART1.obj, .\stc15_eeprom.obj TO 电子大赛程序框架 RTX51TINY RAMSIZE (256)


MEMORY MODEL: LARGE WITH FLOATING POINT ARITHMETIC


INPUT MODULES INCLUDED:
  .\absTask.obj (ABSTASK)
  .\task.obj (TASK)
  .\setup.obj (SETUP)
  .\mode.obj (MODE)
  .\Conf_tny.obj (?RTX51_TINY_KERNAL)
  .\PID.obj (PID)
  .\FILTER.obj (FILTER)
  .\DataScope_DP.obj (DATASCOPE_DP)
  .\storage.obj (STORAGE)
  .\BUTTON.obj (BUTTON)
  .\LED.obj (LED)
  .\MOTOR.obj (MOTOR)
  .\SERVO.obj (SERVO)
  .\STEP_MOTOR.obj (STEP_MOTOR)
  .\RELAY.obj (RELAY)
  .\ANGLE.obj (ANGLE)
  .\LCD1602.obj (LCD1602)
  .\74HC595.obj (74HC595)
  .\fixedPulser.obj (FIXEDPULSER)
  .\ADC.obj (ADC)
  .\delay.obj (DELAY)
  .\GPIO.obj (GPIO)
  .\PCA.obj (PCA)
  .\stc15_pwm.obj (STC15_PWM)
  .\timer.obj (TIMER)
  .\USART1.obj (USART1)
  .\stc15_eeprom.obj (STC15_EEPROM)
  C:\KEIL_V5\C51\LIB\RTX51TNY.LIB (?RTX51_TINY_OS_CREATE)
  C:\KEIL_V5\C51\LIB\RTX51TNY.LIB (?RTX51_TINY_OS_DELETE)
  C:\KEIL_V5\C51\LIB\RTX51TNY.LIB (?RTX51_TINY_OS_WAIT)
  C:\KEIL_V5\C51\LIB\C51FPL.LIB (?C?FPADD)
  C:\KEIL_V5\C51\LIB\C51FPL.LIB (?C?FPMUL)
  C:\KEIL_V5\C51\LIB\C51FPL.LIB (?C?FPDIV)
  C:\KEIL_V5\C51\LIB\C51FPL.LIB (?C?FPCMP)
  C:\KEIL_V5\C51\LIB\C51FPL.LIB (?C?FCAST)
  C:\KEIL_V5\C51\LIB\C51FPL.LIB (?C?CASTF)
  C:\KEIL_V5\C51\LIB\C51FPL.LIB (?C?FPGETOPN)
  C:\KEIL_V5\C51\LIB\C51L.LIB (?C_STARTUP)
  C:\KEIL_V5\C51\LIB\C51L.LIB (?C?CLDPTR)
  C:\KEIL_V5\C51\LIB\C51L.LIB (?C?CLDOPTR)
  C:\KEIL_V5\C51\LIB\C51L.LIB (?C?CSTPTR)
  C:\KEIL_V5\C51\LIB\C51L.LIB (?C?CSTOPTR)
  C:\KEIL_V5\C51\LIB\C51L.LIB (?C?IMUL)
  C:\KEIL_V5\C51\LIB\C51L.LIB (?C?UIDIV)
  C:\KEIL_V5\C51\LIB\C51L.LIB (?C?IILDX)
  C:\KEIL_V5\C51\LIB\C51L.LIB (?C?ILDOPTR)
  C:\KEIL_V5\C51\LIB\C51L.LIB (?C?LMUL)
BL51 BANKED LINKER/LOCATER V6.00                                                      07/17/2017  21:46:16  PAGE 2


  C:\KEIL_V5\C51\LIB\C51L.LIB (?C?ULDIV)
  C:\KEIL_V5\C51\LIB\C51L.LIB (?C?SLDIV)
  C:\KEIL_V5\C51\LIB\C51L.LIB (?C?LNEG)
  C:\KEIL_V5\C51\LIB\C51L.LIB (?C?ULCMP)
  C:\KEIL_V5\C51\LIB\C51L.LIB (?C?ULSHR)
  C:\KEIL_V5\C51\LIB\C51L.LIB (?C?LLDOPTR0)
  C:\KEIL_V5\C51\LIB\C51L.LIB (?C?LLDIXDATA)
  C:\KEIL_V5\C51\LIB\C51L.LIB (?C?LSTXDATA)
  C:\KEIL_V5\C51\LIB\C51L.LIB (?C?LSTKXDATA)
  C:\KEIL_V5\C51\LIB\C51L.LIB (?C_INIT)
  C:\KEIL_V5\C51\LIB\C51L.LIB (?C?LLDIDATA0)
  C:\KEIL_V5\C51\LIB\C51L.LIB (?C?LLDXDATA0)
  C:\KEIL_V5\C51\LIB\C51L.LIB (?C?LLDPDATA0)
  C:\KEIL_V5\C51\LIB\C51L.LIB (?C?LLDCODE0)


TASK TABLE OF MODULE:  电子大赛程序框架 (ABSTASK)

TASKID   PRIORITY   REG-BANK   SEGMENT NAME
-------------------------------------------
0        0          0          ?PR?TASKSTART?ABSTASK
1        0          0          ?PR?TASK1?ABSTASK
2        0          0          ?PR?TASK2?ABSTASK
3        0          0          ?PR?TASK3?ABSTASK
5        0          0          ?PR?TASK5?ABSTASK
7        0          0          ?PR?TASK7?ABSTASK
8        0          0          ?PR?TASK8?ABSTASK
9        0          0          ?PR?TASK9?ABSTASK



LINK MAP OF MODULE:  电子大赛程序框架 (ABSTASK)


            TYPE    BASE      LENGTH    RELOCATION   SEGMENT NAME
            -----------------------------------------------------

            * * * * * * *   D A T A   M E M O R Y   * * * * * * *
            REG     0000H     0008H     ABSOLUTE     "REG BANK 0"
            DATA    0008H     0006H     ABSOLUTE     
            IDATA   000EH     000AH     UNIT         ?RTX?TASKSP?S
                    0018H     0008H                  *** GAP ***
            BIT     0020H.0   0000H.4   UNIT         ?BI?BUTTON
            BIT     0020H.4   0000H.3   UNIT         ?BI?PCA
            BIT     0020H.7   0000H.2   UNIT         _BIT_GROUP_
            BIT     0021H.1   0000H.1   UNIT         ?RTX?BITS
            BIT     0021H.2   0000H.1   UNIT         ?BI?LED
            BIT     0021H.3   0000H.1   UNIT         ?BI?_SETPINSTATE?GPIO
                    0021H.4   0000H.4                *** GAP ***
            IDATA   0022H     0014H     UNIT         ?RTX?TASKSTATE?S
            IDATA   0036H     0001H     UNIT         ?STACK

            * * * * * * *  X D A T A   M E M O R Y  * * * * * * *
            XDATA   0000H     028CH     UNIT         ?XD?USART1
            XDATA   028CH     0106H     UNIT         _XDATA_GROUP_
            XDATA   0392H     0072H     UNIT         ?XD?PID
            XDATA   0404H     004AH     UNIT         ?XD?SERVO
BL51 BANKED LINKER/LOCATER V6.00                                                      07/17/2017  21:46:16  PAGE 3


            XDATA   044EH     003CH     UNIT         ?XD?STC15_PWM
            XDATA   048AH     002AH     UNIT         ?XD?DATASCOPE_DP
            XDATA   04B4H     0021H     UNIT         ?XD?_INIT_STR_MOTOR?SERVO
            XDATA   04D5H     001CH     UNIT         ?XD?STEP_MOTOR
            XDATA   04F1H     0016H     UNIT         ?XD?TIMER
            XDATA   0507H     0015H     UNIT         ?XD?PCA
            XDATA   051CH     0012H     UNIT         ?XD?DC_MOTOR_CONFIG?MOTOR
            XDATA   052EH     0012H     UNIT         ?XD?PULSERINIT?FIXEDPULSER
            XDATA   0540H     0011H     UNIT         ?XD?TIMERINIT?TIMER
            XDATA   0551H     000DH     UNIT         ?XD?_PID_CONFIG?PID
            XDATA   055EH     000BH     UNIT         ?XD?FIXEDPULSER
            XDATA   0569H     0009H     UNIT         ?XD?_SET_STR_ANGLE?SERVO
            XDATA   0572H     0008H     UNIT         ?XD?ANGLE
            XDATA   057AH     0007H     UNIT         ?XD?_SETPULSE?FIXEDPULSER
            XDATA   0581H     0007H     UNIT         ?XD?_EEPROM_READ_N?STC15_EEPROM
            XDATA   0588H     0007H     UNIT         ?XD?_EEPROM_WRITE_N?STC15_EEPROM
            XDATA   058FH     0006H     UNIT         ?XD?_SETSTEPMOTORWITHANGLE?STEP_MOTOR
            XDATA   0595H     0005H     UNIT         ?XD?_SETPARAMETERINFERIORLIMIT?PID
            XDATA   059AH     0005H     UNIT         ?XD?_SETPARAMETERUPPERLIMIT?PID
            XDATA   059FH     0005H     UNIT         ?XD?_SETACTUALPARAMETER?PID
            XDATA   05A4H     0005H     UNIT         ?XD?_SETKI?PID
            XDATA   05A9H     0005H     UNIT         ?XD?_SETKP?PID
            XDATA   05AEH     0005H     UNIT         ?XD?_SETKD?PID
            XDATA   05B3H     0005H     UNIT         ?XD?_SETPARAMETER?PID
            XDATA   05B8H     0005H     UNIT         ?XD?_WRITEDATA?STORAGE
            XDATA   05BDH     0005H     UNIT         ?XD?_SETDC_MOTORSPEED?MOTOR
            XDATA   05C2H     0004H     UNIT         ?XD?ABSTASK
            XDATA   05C6H     0004H     UNIT         ?XD?MOTOR
            XDATA   05CAH     0004H     UNIT         ?XD?_HC595_INIT?74HC595
            XDATA   05CEH     0003H     UNIT         ?XD?RELAY
            XDATA   05D1H     0003H     UNIT         ?XD?_LCD1602_WRITE_WORD?LCD1602
            XDATA   05D4H     0003H     UNIT         ?XD?_PCA_INIT?PCA
            XDATA   05D7H     0003H     UNIT         ?XD?_PWMOUTPUT?PCA
            XDATA   05DAH     0001H     UNIT         ?XD?_PID?PID
            XDATA   05DBH     0001H     UNIT         ?XD?_BOARD_LED_PWM?LED
            XDATA   05DCH     0001H     UNIT         ?XD?_OPEN_DC_MOTOR?MOTOR
            XDATA   05DDH     0001H     UNIT         ?XD?_CLOSE_DC_MOTOR?MOTOR
            XDATA   05DEH     0001H     UNIT         ?XD?_OPEN_STR?SERVO
            XDATA   05DFH     0001H     UNIT         ?XD?_CLOSE_STR?SERVO
            XDATA   05E0H     0001H     UNIT         ?XD?_SETSTEPMOTORWITHROUND?STEP_MOTOR
            XDATA   05E1H     0001H     UNIT         ?XD?_SETSTEPMOTORDIVERSION?STEP_MOTOR
            XDATA   05E2H     0001H     UNIT         ?XD?_CLOSE_STEPMOTOR?STEP_MOTOR
            XDATA   05E3H     0001H     UNIT         ?XD?_OPEN_STEPMOTOR?STEP_MOTOR
            XDATA   05E4H     0001H     UNIT         ?XD?_FREESTEPMOTOR?STEP_MOTOR
            XDATA   05E5H     0001H     UNIT         ?XD?_LOCKSTEPMOTOR?STEP_MOTOR
            XDATA   05E6H     0001H     UNIT         ?XD?_LCD1602_WRITE_CHAR?LCD1602
            XDATA   05E7H     0001H     UNIT         ?XD?_HC595SENDDATA?74HC595
            XDATA   05E8H     0001H     UNIT         ?XD?_OPENPULSER?FIXEDPULSER
            XDATA   05E9H     0001H     UNIT         ?XD?_CLOSEPULSER?FIXEDPULSER

            * * * * * * *   C O D E   M E M O R Y   * * * * * * *
            CODE    0000H     0003H     ABSOLUTE     
                    0003H     0008H                  *** GAP ***
            CODE    000BH     0003H     ABSOLUTE     
                    000EH     000DH                  *** GAP ***
            CODE    001BH     0003H     ABSOLUTE     
                    001EH     0005H                  *** GAP ***
BL51 BANKED LINKER/LOCATER V6.00                                                      07/17/2017  21:46:16  PAGE 4


            CODE    0023H     0003H     ABSOLUTE     
                    0026H     0005H                  *** GAP ***
            CODE    002BH     0003H     ABSOLUTE     
                    002EH     000DH                  *** GAP ***
            CODE    003BH     0003H     ABSOLUTE     
                    003EH     0005H                  *** GAP ***
            CODE    0043H     0003H     ABSOLUTE     
                    0046H     0045H                  *** GAP ***
            CODE    008BH     0003H     ABSOLUTE     
                    008EH     0005H                  *** GAP ***
            CODE    0093H     0003H     ABSOLUTE     
                    0096H     0005H                  *** GAP ***
            CODE    009BH     0003H     ABSOLUTE     
                    009EH     0005H                  *** GAP ***
            CODE    00A3H     0003H     ABSOLUTE     
                    00A6H     000DH                  *** GAP ***
            CODE    00B3H     0003H     ABSOLUTE     
                    00B6H     074AH                  *** GAP ***
            CODE    0800H     0720H     UNIT         ?C?LIB_CODE
            CODE    0F20H     06E0H     UNIT         ?PR?_USART_CONFIGURATION?USART1
            CODE    1600H     039AH     UNIT         ?PR?_PWM_INILIZE?STC15_PWM
            CODE    199AH     02E3H     UNIT         ?RTX?CODE
            CODE    1C7DH     0233H     UNIT         ?PR?_TIMER_INILIZE?TIMER
            CODE    1EB0H     01DAH     UNIT         ?PR?_PID?PID
            CODE    208AH     01D4H     UNIT         ?PR?_INIT_STR_MOTOR?SERVO
            CODE    225EH     01C4H     UNIT         ?PR?_GPIO_INILIZE?GPIO
            CODE    2422H     019FH     UNIT         ?PR?_PCA_INIT?PCA
            CODE    25C1H     013DH     UNIT         ?PR?_PWMOUTPUT?PCA
            CODE    26FEH     0136H     UNIT         ?PR?_FILTER?FILTER
            CODE    2834H     0134H     UNIT         ?PR?_DATASCOPE_GET_CHANNEL_DATA?DATASCOPE_DP
            CODE    2968H     0131H     UNIT         ?PR?_PID_CONFIG?PID
            CODE    2A99H     0116H     UNIT         ?PR?_SET_STR_ANGLE?SERVO
            CODE    2BAFH     00E8H     UNIT         ?PR?SETUP?SETUP
            CODE    2C97H     00C0H     UNIT         ?PR?_SET_PWM_DUTY?STC15_PWM
            CODE    2D57H     00B1H     UNIT         ?CO?TIMER
            CODE    2E08H     00AEH     UNIT         ?PR?_PWMN_UPDATE?PCA
            CODE    2EB6H     00AAH     UNIT         ?PR?_FLOAT2BYTE?DATASCOPE_DP
            CODE    2F60H     00A9H     UNIT         ?PR?TIMERINIT?TIMER
            CODE    3009H     00A5H     UNIT         ?PR?_DATASCOPE_DATA_GENERATE?DATASCOPE_DP
            CODE    30AEH     00A3H     UNIT         ?PR?PCA_HANDLER?PCA
            CODE    3151H     009EH     UNIT         ?PR?_SETSTEPMOTORWITHANGLE?STEP_MOTOR
            CODE    31EFH     009AH     UNIT         ?PR?_PWM_SET_T12_PERIOD?STC15_PWM
            CODE    3289H     0092H     UNIT         ?PR?_SETDC_MOTORSPEED?MOTOR
            CODE    331BH     008CH     UNIT         ?C_C51STARTUP
            CODE    33A7H     008AH     UNIT         ?PR?TIMER4_INT?TIMER
            CODE    3431H     0085H     UNIT         ?PR?UART2_INT?USART1
            CODE    34B6H     0085H     UNIT         ?PR?UART3_INT?USART1
            CODE    353BH     0085H     UNIT         ?PR?UART4_INT?USART1
            CODE    35C0H     0084H     UNIT         ?C_INITSEG
            CODE    3644H     007FH     UNIT         ?PR?UART1_INT?USART1
            CODE    36C3H     007AH     UNIT         ?PR?GETANGLE?ANGLE
            CODE    373DH     006BH     UNIT         ?PR?DC_MOTOR_CONFIG?MOTOR
            CODE    37A8H     0069H     UNIT         ?PR?PULSERINIT?FIXEDPULSER
            CODE    3811H     0068H     UNIT         ?PR?PWM_ROUTINE?FIXEDPULSER
            CODE    3879H     0061H     UNIT         ?PR?_SET_PWM_PERIOD?STC15_PWM
            CODE    38DAH     005EH     UNIT         ?PR?_GET_ADC10BITRESULT?ADC
            CODE    3938H     0058H     UNIT         ?PR?_SETPULSE?FIXEDPULSER
BL51 BANKED LINKER/LOCATER V6.00                                                      07/17/2017  21:46:16  PAGE 5


            CODE    3990H     0057H     UNIT         ?PR?BUTTONSCAN?BUTTON
            CODE    39E7H     0053H     UNIT         ?PR?_ADC_INILIZE?ADC
            CODE    3A3AH     0048H     UNIT         ?PR?TIMER3_INT?TIMER
            CODE    3A82H     0047H     UNIT         ?PR?TIMER1_ISR?TIMER
            CODE    3AC9H     0044H     UNIT         ?C?LDIV
            CODE    3B0DH     003FH     UNIT         ?PR?_EEPROM_READ_N?STC15_EEPROM
            CODE    3B4CH     003FH     UNIT         ?PR?_EEPROM_WRITE_N?STC15_EEPROM
            CODE    3B8BH     0039H     UNIT         ?PR?_SENDSCOPEDATA?DATASCOPE_DP
            CODE    3BC4H     002FH     UNIT         ?PR?_SETSTEPMOTORWITHROUND?STEP_MOTOR
            CODE    3BF3H     002FH     UNIT         ?PR?_LCD1602_WRITE_WORD?LCD1602
            CODE    3C22H     002CH     UNIT         ?PR?_UART1_INIT?SETUP
            CODE    3C4EH     002BH     UNIT         ?PR?TASKSTART?ABSTASK
            CODE    3C79H     0028H     UNIT         ?PR?BOARD_LED_INIT?LED
            CODE    3CA1H     0028H     UNIT         ?PR?_OPEN_PWM_N?STC15_PWM
            CODE    3CC9H     0028H     UNIT         ?PR?_TX2_WRITE2BUFF?USART1
            CODE    3CF1H     0028H     UNIT         ?PR?_TX3_WRITE2BUFF?USART1
            CODE    3D19H     0028H     UNIT         ?PR?_TX4_WRITE2BUFF?USART1
            CODE    3D41H     0027H     UNIT         ?PR?_TX1_WRITE2BUFF?USART1
            CODE    3D68H     0025H     UNIT         ?PR?TASK8?ABSTASK
            CODE    3D8DH     0025H     UNIT         ?PR?_CLOSE_PWM_N?STC15_PWM
            CODE    3DB2H     0025H     UNIT         ?PR?_SETTIMEOUT?TIMER
            CODE    3DD7H     0022H     UNIT         ?PR?_BLINK?LED
            CODE    3DF9H     0021H     UNIT         ?PR?_SETPARAMETERINFERIORLIMIT?PID
            CODE    3E1AH     0021H     UNIT         ?PR?_SETPARAMETERUPPERLIMIT?PID
            CODE    3E3BH     0021H     UNIT         ?PR?_SETACTUALPARAMETER?PID
            CODE    3E5CH     0021H     UNIT         ?PR?_SETKI?PID
            CODE    3E7DH     0021H     UNIT         ?PR?_SETKP?PID
            CODE    3E9EH     0021H     UNIT         ?PR?_SETKD?PID
            CODE    3EBFH     0021H     UNIT         ?PR?_SETPARAMETER?PID
            CODE    3EE0H     0020H     UNIT         ?PR?_OPEN_STR?SERVO
            CODE    3F00H     0020H     UNIT         ?PR?_OPENPULSER?FIXEDPULSER
            CODE    3F20H     0020H     UNIT         ?PR?_CLOSEPULSER?FIXEDPULSER
            CODE    3F40H     0020H     UNIT         ?PR?_RESTARTTIMER?TIMER
            CODE    3F60H     0020H     UNIT         ?PR?_EEPROM_SECTORERASE?STC15_EEPROM
            CODE    3F80H     001FH     UNIT         ?PR?BUTTON_CONFIG?BUTTON
            CODE    3F9FH     001FH     UNIT         ?PR?_CLOSE_STR?SERVO
            CODE    3FBEH     001FH     UNIT         ?PR?_ISEXPIREDTIMER?TIMER
            CODE    3FDDH     001FH     UNIT         ?PR?_ISSTOPPED?TIMER
            CODE    3FFCH     001EH     UNIT         ?PR?_OPEN_DC_MOTOR?MOTOR
            CODE    401AH     001EH     UNIT         ?PR?LCD1602_GPIO_CONFIG?LCD1602
            CODE    4038H     001DH     UNIT         ?PR?_GETBUTTONSTATE?BUTTON
            CODE    4055H     001DH     UNIT         ?PR?_CLOSE_DC_MOTOR?MOTOR
            CODE    4072H     001DH     UNIT         ?PR?_OPEN_STEPMOTOR?STEP_MOTOR
            CODE    408FH     001DH     UNIT         ?PR?LCD1602_INIT?LCD1602
            CODE    40ACH     001DH     UNIT         ?PR?_ISACTIVETIMER?TIMER
            CODE    40C9H     001CH     UNIT         ?PR?_CLOSE_STEPMOTOR?STEP_MOTOR
            CODE    40E5H     001CH     UNIT         ?PR?_ADC_CONFIG?ANGLE
            CODE    4101H     001CH     UNIT         ?PR?_LCD1602_WRITE_CHAR?LCD1602
            CODE    411DH     001CH     UNIT         ?PR?_LCD1602_WRITE_COM?LCD1602
            CODE    4139H     001CH     UNIT         ?PR?_SETTIMERHERTZ?TIMER
            CODE    4155H     001BH     UNIT         ?PR?STEPMOTOR_INIT?STEP_MOTOR
            CODE    4170H     001AH     UNIT         ?PR?TASK9?ABSTASK
            CODE    418AH     001AH     UNIT         ?PR?_GETPARAMETER?PID
            CODE    41A4H     001AH     UNIT         ?PR?_GETERR?PID
            CODE    41BEH     001AH     UNIT         ?PR?_GETERRLAST?PID
            CODE    41D8H     001AH     UNIT         ?PR?_GETKP?PID
            CODE    41F2H     001AH     UNIT         ?PR?_GETKI?PID
BL51 BANKED LINKER/LOCATER V6.00                                                      07/17/2017  21:46:16  PAGE 6


            CODE    420CH     001AH     UNIT         ?PR?_GETKD?PID
            CODE    4226H     001AH     UNIT         ?PR?_GETOUTPUT?PID
            CODE    4240H     001AH     UNIT         ?PR?_GETINTEGRAL?PID
            CODE    425AH     001AH     UNIT         ?PR?_READ_STR_ANGLE?SERVO
            CODE    4274H     001AH     UNIT         ?PR?_GET_PWM_PERIOD?STC15_PWM
            CODE    428EH     001AH     UNIT         ?PR?_GET_PWM_N_DUTY?STC15_PWM
            CODE    42A8H     001AH     UNIT         ?PR?_GETTIMEROUT?TIMER
            CODE    42C2H     001AH     UNIT         ?PR?_GETTIMERHERTZ?TIMER
            CODE    42DCH     0019H     UNIT         ?PR?TASK5?ABSTASK
            CODE    42F5H     0019H     UNIT         ?PR?_HC595_INIT?74HC595
            CODE    430EH     0019H     UNIT         ?PR?_STOPTIMER?TIMER
            CODE    4327H     0018H     UNIT         ?PR?TASK3?ABSTASK
            CODE    433FH     0018H     UNIT         ?PR?_PWM_SET_PERIOD?STC15_PWM
            CODE    4357H     0017H     UNIT         ?PR?_PRINTSTRING1?USART1
            CODE    436EH     0016H     UNIT         ?PR?TASK7?ABSTASK
            CODE    4384H     0014H     UNIT         ?RTX?TASKENT?S
            CODE    4398H     0013H     UNIT         ?PR?_PRINTSTRING2?USART1
            CODE    43ABH     0013H     UNIT         ?PR?_PRINTSTRING3?USART1
            CODE    43BEH     0013H     UNIT         ?PR?_PRINTSTRING4?USART1
            CODE    43D1H     0012H     UNIT         ?PR?_OPENPID?PID
            CODE    43E3H     0012H     UNIT         ?PR?_WRITEDATA?STORAGE
            CODE    43F5H     0012H     UNIT         ?PR?_GETPULSERSTATE?FIXEDPULSER
            CODE    4407H     0012H     UNIT         ?PR?_GET_PWM_N_STATE?STC15_PWM
            CODE    4419H     0011H     UNIT         ?PR?TASK1?ABSTASK
            CODE    442AH     0011H     UNIT         ?PR?_CLOSEPID?PID
            CODE    443BH     0011H     UNIT         ?PR?_GETSTEPMOTORSTATE?STEP_MOTOR
            CODE    444CH     0011H     UNIT         ?PR?_HC595SENDDATA?74HC595
            CODE    445DH     0011H     UNIT         ?PR?_SETPWM_DIV?STC15_PWM
            CODE    446EH     0011H     UNIT         ?PR?_GETPWM_DIV?STC15_PWM
            CODE    447FH     0010H     UNIT         ?PR?_GETDC_MOTORSTATE?MOTOR
            CODE    448FH     0010H     UNIT         ?PR?_DELAY_MS?DELAY
            CODE    449FH     000FH     UNIT         ?PR?_SETRELAY?RELAY
            CODE    44AEH     000EH     UNIT         ?PR?_UNSETRELAY?RELAY
            CODE    44BCH     000EH     UNIT         ?PR?_ONRESTARTTIMER?TIMER
            CODE    44CAH     000EH     UNIT         ?PR?DISABLEEEPROM?STC15_EEPROM
            CODE    44D8H     000CH     UNIT         ?PR?_ADC_POWERCONTROL?ADC
            CODE    44E4H     000AH     UNIT         ?PR?_DIGITALREAD?BUTTON
            CODE    44EEH     000AH     UNIT         ?PR?OPEN_PWM_ALL?STC15_PWM
            CODE    44F8H     000AH     UNIT         ?PR?CLOSE_PWM_ALL?STC15_PWM
            CODE    4502H     0009H     UNIT         ?PR?GETMICROS?TIMER
            CODE    450BH     0009H     UNIT         ?PR?GETMILLIS?TIMER
            CODE    4514H     0007H     UNIT         ?PR?_SETSTEPMOTORDIVERSION?STEP_MOTOR
            CODE    451BH     0007H     UNIT         ?PR?_FREESTEPMOTOR?STEP_MOTOR
            CODE    4522H     0007H     UNIT         ?PR?_LOCKSTEPMOTOR?STEP_MOTOR
            CODE    4529H     0006H     UNIT         ?PR?_BOARD_LED_PWM?LED
            CODE    452FH     0006H     UNIT         ?PR?GETSECONDS?TIMER
            CODE    4535H     0006H     UNIT         ?PR?GETMINUTES?TIMER
            CODE    453BH     0006H     UNIT         ?PR?GETHOURS?TIMER
            CODE    4541H     0006H     UNIT         ?PR?GETDAYS?TIMER
            CODE    4547H     0005H     UNIT         ?PR?OPEN_BOARD_LED?LED
            CODE    454CH     0005H     UNIT         ?PR?CLOSE_BOARD_LED?LED
            CODE    4551H     0004H     UNIT         ?PR?ADC_INT?ADC
            CODE    4555H     0003H     UNIT         ?PR?GETBOARD_LED_STATE?LED
            CODE    4558H     0003H     UNIT         ?PR?_SETPINSTATE?GPIO
            CODE    455BH     0001H     UNIT         ?PR?TASK2?ABSTASK
            CODE    455CH     0001H     UNIT         ?PR?MODE1?MODE
            CODE    455DH     0001H     UNIT         ?PR?MODE2?MODE
BL51 BANKED LINKER/LOCATER V6.00                                                      07/17/2017  21:46:16  PAGE 7


            CODE    455EH     0001H     UNIT         ?PR?MODE3?MODE
            CODE    455FH     0001H     UNIT         ?PR?MODE4?MODE
            CODE    4560H     0001H     UNIT         ?PR?MODELAUNCHER?MODE
            CODE    4561H     0001H     UNIT         ?PR?RELAY_INIT?RELAY



OVERLAY MAP OF MODULE:   电子大赛程序框架 (ABSTASK)


SEGMENT                                             BIT_GROUP          XDATA_GROUP
  +--> CALLED SEGMENT                            START    LENGTH     START    LENGTH
------------------------------------------------------------------------------------
?PR?TASKSTART?ABSTASK                            -----    -----      -----    -----
  +--> ?PR?SETUP?SETUP
  +--> ?PR?_BLINK?LED

?PR?SETUP?SETUP                                  -----    -----      028CH    0014H
  +--> ?PR?_UART1_INIT?SETUP
  +--> ?PR?BOARD_LED_INIT?LED
  +--> ?PR?BUTTON_CONFIG?BUTTON
  +--> ?PR?_ADC_CONFIG?ANGLE
  +--> ?PR?LCD1602_INIT?LCD1602
  +--> ?PR?_GPIO_INILIZE?GPIO
  +--> ?PR?_PWM_INILIZE?STC15_PWM
  +--> ?PR?_SETPWM_DIV?STC15_PWM
  +--> ?PR?_SET_PWM_PERIOD?STC15_PWM
  +--> ?PR?_SET_PWM_DUTY?STC15_PWM
  +--> ?PR?_OPEN_PWM_N?STC15_PWM
  +--> ?PR?_DELAY_MS?DELAY

?PR?_UART1_INIT?SETUP                            -----    -----      02A0H    000DH
  +--> ?PR?_USART_CONFIGURATION?USART1

?PR?_USART_CONFIGURATION?USART1                  -----    -----      02ADH    0009H

?PR?BOARD_LED_INIT?LED                           -----    -----      02A0H    0002H
  +--> ?PR?_GPIO_INILIZE?GPIO
  +--> ?PR?OPEN_BOARD_LED?LED
  +--> ?PR?_DELAY_MS?DELAY
  +--> ?PR?CLOSE_BOARD_LED?LED

?PR?BUTTON_CONFIG?BUTTON                         -----    -----      02A0H    0002H
  +--> ?PR?_GPIO_INILIZE?GPIO

?PR?_ADC_CONFIG?ANGLE                            -----    -----      02A0H    0006H
  +--> ?PR?_ADC_INILIZE?ADC

?PR?LCD1602_INIT?LCD1602                         -----    -----      -----    -----
  +--> ?PR?LCD1602_GPIO_CONFIG?LCD1602
  +--> ?PR?_LCD1602_WRITE_COM?LCD1602

?PR?_LCD1602_WRITE_COM?LCD1602                   -----    -----      02A0H    0001H
  +--> ?PR?_DELAY_MS?DELAY

?PR?_PWM_INILIZE?STC15_PWM                       -----    -----      02A0H    0002H

BL51 BANKED LINKER/LOCATER V6.00                                                      07/17/2017  21:46:16  PAGE 8


?PR?_SET_PWM_PERIOD?STC15_PWM                    -----    -----      02A0H    0002H
  +--> ?PR?_PWM_SET_PERIOD?STC15_PWM

?PR?_SET_PWM_DUTY?STC15_PWM                      -----    -----      02A0H    0005H
  +--> ?PR?_PWM_SET_T12_PERIOD?STC15_PWM

?PR?_BLINK?LED                                   -----    -----      028CH    0001H
  +--> ?PR?OPEN_BOARD_LED?LED
  +--> ?PR?_DELAY_MS?DELAY
  +--> ?PR?CLOSE_BOARD_LED?LED

*** NEW ROOT ***************************************************

?PR?TASK1?ABSTASK                                -----    -----      02B6H    0001H

*** NEW ROOT ***************************************************

?PR?TASK2?ABSTASK                                -----    -----      02B7H    0028H

*** NEW ROOT ***************************************************

?PR?TASK3?ABSTASK                                -----    -----      02DFH    0065H

*** NEW ROOT ***************************************************

?PR?TASK5?ABSTASK                                -----    -----      0344H    0004H
  +--> ?PR?BUTTONSCAN?BUTTON

?PR?BUTTONSCAN?BUTTON                            -----    -----      -----    -----
  +--> ?PR?_DIGITALREAD?BUTTON

*** NEW ROOT ***************************************************

?PR?TASK7?ABSTASK                                -----    -----      -----    -----
  +--> ?PR?_GETBUTTONSTATE?BUTTON
  +--> ?PR?OPEN_BOARD_LED?LED

*** NEW ROOT ***************************************************

?PR?TASK8?ABSTASK                                -----    -----      -----    -----
  +--> ?PR?GETANGLE?ANGLE
  +--> ?PR?OPEN_BOARD_LED?LED
  +--> ?PR?CLOSE_BOARD_LED?LED

?PR?GETANGLE?ANGLE                               0021H.0  0000H.1    036DH    0015H
  +--> ?PR?_GET_ADC10BITRESULT?ADC
  +--> ?PR?_FILTER?FILTER

?PR?_FILTER?FILTER                               -----    -----      0382H    0010H

*** NEW ROOT ***************************************************

?PR?TASK9?ABSTASK                                -----    -----      -----    -----
  +--> ?PR?GETANGLE?ANGLE
  +--> ?PR?_SENDSCOPEDATA?DATASCOPE_DP

?PR?_SENDSCOPEDATA?DATASCOPE_DP                  -----    -----      036DH    0006H
BL51 BANKED LINKER/LOCATER V6.00                                                      07/17/2017  21:46:16  PAGE 9


  +--> ?PR?_DATASCOPE_GET_CHANNEL_DATA?DATAS...
  +--> ?PR?_DATASCOPE_DATA_GENERATE?DATASCOP...
  +--> ?PR?_TX1_WRITE2BUFF?USART1

?PR?_DATASCOPE_GET_CHANNEL_DATA?DATAS...         -----    -----      0373H    0005H
  +--> ?PR?_FLOAT2BYTE?DATASCOPE_DP

?PR?_FLOAT2BYTE?DATASCOPE_DP                     -----    -----      0378H    000AH

*** NEW ROOT ***************************************************

?PR?PWM_ROUTINE?FIXEDPULSER                      -----    -----      -----    -----
  +--> ?PR?_CLOSE_PWM_N?STC15_PWM

*** NEW ROOT ***************************************************

?C_C51STARTUP                                    -----    -----      -----    -----
  +--> ?C_INITSEG



SYMBOL TABLE OF MODULE:  电子大赛程序框架 (ABSTASK)

  VALUE           TYPE          NAME
  ----------------------------------

  -------         MODULE        ABSTASK
  C:0000H         SYMBOL        _ICE_DUMMY_
  D:0080H         PUBLIC        P0
  D:0090H         PUBLIC        P1
  D:00A0H         PUBLIC        P2
  D:00B0H         PUBLIC        P3
  D:00C0H         PUBLIC        P4
  D:00C8H         PUBLIC        P5
  D:00E8H         PUBLIC        P6
  D:00F8H         PUBLIC        P7
  D:00A8H         PUBLIC        IE
  D:00B8H         PUBLIC        IP
  D:00D8H         PUBLIC        CCON
  D:0098H         PUBLIC        SCON
  D:0088H         PUBLIC        TCON
  D:00F0H         PUBLIC        B
  C:3C4EH         PUBLIC        taskStart
  D:00E0H         PUBLIC        ACC
  C:4419H         PUBLIC        task1
  C:455BH         PUBLIC        task2
  C:4327H         PUBLIC        task3
  C:42DCH         PUBLIC        task5
  C:436EH         PUBLIC        task7
  C:3D68H         PUBLIC        task8
  C:4170H         PUBLIC        task9
  D:00D0H         PUBLIC        PSW
  -------         PROC          TASKSTART
  C:3C4EH         LINE#         13
  C:3C4EH         LINE#         15
  C:3C51H         LINE#         16
  C:3C56H         LINE#         17
BL51 BANKED LINKER/LOCATER V6.00                                                      07/17/2017  21:46:16  PAGE 10


  C:3C5BH         LINE#         19
  C:3C60H         LINE#         20
  C:3C65H         LINE#         22
  C:3C6AH         LINE#         23
  C:3C6FH         LINE#         24
  C:3C74H         LINE#         25
  -------         ENDPROC       TASKSTART
  -------         PROC          TASK1
  -------         DO            
  X:02B6H         SYMBOL        i
  -------         ENDDO         
  C:4419H         LINE#         27
  C:4419H         LINE#         29
  C:441EH         LINE#         30
  C:441EH         LINE#         31
  C:441EH         LINE#         33
  C:4428H         LINE#         35
  -------         ENDPROC       TASK1
  -------         PROC          TASK2
  -------         DO            
  X:05C2H         SYMBOL        count
  X:02B7H         SYMBOL        test
  -------         ENDDO         
  C:455BH         LINE#         37
  C:455BH         LINE#         45
  -------         ENDPROC       TASK2
  -------         PROC          TASK3
  -------         DO            
  X:02DFH         SYMBOL        string
  X:05C4H         SYMBOL        count
  X:0343H         SYMBOL        i
  -------         ENDDO         
  C:4327H         LINE#         46
  C:4327H         LINE#         50
  C:432DH         LINE#         51
  C:432DH         LINE#         52
  C:4333H         LINE#         54
  C:433DH         LINE#         56
  -------         ENDPROC       TASK3
  -------         PROC          TASK5
  -------         DO            
  X:0344H         SYMBOL        count
  -------         ENDDO         
  C:42DCH         LINE#         59
  C:42DCH         LINE#         61
  C:42E6H         LINE#         62
  C:42E6H         LINE#         63
  C:42E6H         LINE#         65
  C:42E9H         LINE#         66
  C:42F3H         LINE#         67
  -------         ENDPROC       TASK5
  -------         PROC          TASK7
  C:436EH         LINE#         70
  C:436EH         LINE#         72
  C:436EH         LINE#         73
  C:436EH         LINE#         74
  C:4375H         LINE#         75
BL51 BANKED LINKER/LOCATER V6.00                                                      07/17/2017  21:46:16  PAGE 11


  C:4375H         LINE#         76
  C:4378H         LINE#         77
  C:4378H         LINE#         79
  C:4382H         LINE#         80
  -------         ENDPROC       TASK7
  -------         PROC          TASK8
  C:3D68H         LINE#         82
  C:3D68H         LINE#         84
  C:3D68H         LINE#         85
  C:3D68H         LINE#         86
  C:3D79H         LINE#         87
  C:3D79H         LINE#         88
  C:3D7CH         LINE#         89
  C:3D7EH         LINE#         91
  C:3D7EH         LINE#         92
  C:3D81H         LINE#         93
  C:3D81H         LINE#         94
  C:3D8BH         LINE#         95
  -------         ENDPROC       TASK8
  -------         PROC          TASK9
  C:4170H         LINE#         97
  C:4170H         LINE#         99
  C:4170H         LINE#         100
  C:4170H         LINE#         101
  C:417EH         LINE#         102
  C:4188H         LINE#         104
  -------         ENDPROC       TASK9
  -------         ENDMOD        ABSTASK

  -------         MODULE        TASK
  C:0000H         SYMBOL        _ICE_DUMMY_
  D:0080H         PUBLIC        P0
  D:0090H         PUBLIC        P1
  D:00A0H         PUBLIC        P2
  D:00B0H         PUBLIC        P3
  D:00C0H         PUBLIC        P4
  D:00C8H         PUBLIC        P5
  D:00E8H         PUBLIC        P6
  D:00F8H         PUBLIC        P7
  D:00A8H         PUBLIC        IE
  D:00B8H         PUBLIC        IP
  D:00D8H         PUBLIC        CCON
  D:0098H         PUBLIC        SCON
  D:0088H         PUBLIC        TCON
  D:00F0H         PUBLIC        B
  D:00E0H         PUBLIC        ACC
  D:00D0H         PUBLIC        PSW
  -------         ENDMOD        TASK

  -------         MODULE        SETUP
  C:0000H         SYMBOL        _ICE_DUMMY_
  D:0080H         PUBLIC        P0
  D:0090H         PUBLIC        P1
  D:00A0H         PUBLIC        P2
  D:00B0H         PUBLIC        P3
  D:00C0H         PUBLIC        P4
  D:00C8H         PUBLIC        P5
BL51 BANKED LINKER/LOCATER V6.00                                                      07/17/2017  21:46:16  PAGE 12


  B:00A8H.7       PUBLIC        EA
  D:00E8H         PUBLIC        P6
  C:3C22H         PUBLIC        _UART1_init
  D:00F8H         PUBLIC        P7
  D:00BAH         PUBLIC        P_SW2
  D:00A8H         PUBLIC        IE
  D:00B8H         PUBLIC        IP
  D:00D8H         PUBLIC        CCON
  D:0098H         PUBLIC        SCON
  C:2BAFH         PUBLIC        setup
  D:0088H         PUBLIC        TCON
  B:00B0H.7       PUBLIC        P37
  D:00F0H         PUBLIC        B
  D:00E0H         PUBLIC        ACC
  D:00D0H         PUBLIC        PSW
  -------         PROC          _UART1_INIT
  D:0004H         SYMBOL        BandRate
  -------         DO            
  X:02A0H         SYMBOL        COMx_InitStructure
  -------         ENDDO         
  C:3C22H         LINE#         29
  C:3C22H         LINE#         30
  C:3C22H         LINE#         32
  C:3C28H         LINE#         33
  C:3C2CH         LINE#         34
  C:3C30H         LINE#         35
  C:3C36H         LINE#         36
  C:3C39H         LINE#         37
  C:3C3CH         LINE#         38
  C:3C3EH         LINE#         39
  C:3C41H         LINE#         40
  C:3C43H         LINE#         41
  -------         ENDPROC       _UART1_INIT
  -------         PROC          SETUP
  -------         DO            
  X:028CH         SYMBOL        i
  X:028EH         SYMBOL        GPIO_InitStructure
  X:0290H         SYMBOL        PWM_InitStructure
  -------         ENDDO         
  C:2BAFH         LINE#         44
  C:2BAFH         LINE#         45
  C:2BAFH         LINE#         46
  C:2BB6H         LINE#         50
  C:2BBFH         LINE#         52
  C:2BC2H         LINE#         53
  C:2BC5H         LINE#         54
  C:2BCCH         LINE#         55
  C:2BCFH         LINE#         75
  C:2BD4H         LINE#         77
  C:2BD8H         LINE#         78
  C:2BE3H         LINE#         79
  C:2BE5H         LINE#         80
  C:2BE8H         LINE#         81
  C:2BEDH         LINE#         82
  C:2BEFH         LINE#         83
  C:2BF1H         LINE#         84
  C:2BF4H         LINE#         85
BL51 BANKED LINKER/LOCATER V6.00                                                      07/17/2017  21:46:16  PAGE 13


  C:2BF7H         LINE#         86
  C:2BF9H         LINE#         87
  C:2BFBH         LINE#         88
  C:2BFDH         LINE#         89
  C:2BFFH         LINE#         90
  C:2C01H         LINE#         91
  C:2C05H         LINE#         92
  C:2C08H         LINE#         93
  C:2C0AH         LINE#         94
  C:2C0CH         LINE#         95
  C:2C0EH         LINE#         96
  C:2C10H         LINE#         97
  C:2C1AH         LINE#         98
  C:2C1DH         LINE#         99
  C:2C24H         LINE#         100
  C:2C2DH         LINE#         101
  C:2C3CH         LINE#         102
  C:2C41H         LINE#         104
  C:2C5CH         LINE#         105
  C:2C5CH         LINE#         106
  C:2C75H         LINE#         107
  C:2C7AH         LINE#         108
  C:2C7FH         LINE#         109
  C:2C84H         LINE#         111
  C:2C94H         LINE#         112
  C:2C96H         LINE#         114
  -------         ENDPROC       SETUP
  -------         ENDMOD        SETUP

  -------         MODULE        MODE
  C:0000H         SYMBOL        _ICE_DUMMY_
  C:455CH         PUBLIC        mode1
  C:455DH         PUBLIC        mode2
  C:455EH         PUBLIC        mode3
  C:455FH         PUBLIC        mode4
  C:4560H         PUBLIC        modeLauncher
  -------         PROC          MODE1
  C:455CH         LINE#         2
  C:455CH         LINE#         3
  C:455CH         LINE#         5
  -------         ENDPROC       MODE1
  -------         PROC          MODE2
  C:455DH         LINE#         7
  C:455DH         LINE#         8
  C:455DH         LINE#         10
  -------         ENDPROC       MODE2
  -------         PROC          MODE3
  C:455EH         LINE#         13
  C:455EH         LINE#         14
  C:455EH         LINE#         16
  -------         ENDPROC       MODE3
  -------         PROC          MODE4
  C:455FH         LINE#         18
  C:455FH         LINE#         19
  C:455FH         LINE#         21
  -------         ENDPROC       MODE4
  -------         PROC          MODELAUNCHER
BL51 BANKED LINKER/LOCATER V6.00                                                      07/17/2017  21:46:16  PAGE 14


  C:4560H         LINE#         22
  C:4560H         LINE#         23
  C:4560H         LINE#         25
  -------         ENDPROC       MODELAUNCHER
  -------         ENDMOD        MODE

  -------         MODULE        ?RTX51_TINY_KERNAL
  C:4384H         SEGMENT       ?RTX?TASKENT?S
  I:000EH         SEGMENT       ?RTX?TASKSP?S
  I:0022H         SEGMENT       ?RTX?TASKSTATE?S
  B:0021H.1       SEGMENT       ?RTX?BITS
  C:199AH         SEGMENT       ?RTX?CODE
  C:19E9H         PUBLIC        ?RTX?SET_ISR
  D:000CH         PUBLIC        ?RTX_CURRENTTASK
  D:0007H         PUBLIC        ?RTX_NEXTID
  C:1A2CH         PUBLIC        ?RTX_NEXTTASK
  N:00FFH         PUBLIC        ?RTX_RAMTOP
  C:4384H         PUBLIC        ?RTX_TASKENTRY
  C:1B0BH         PUBLIC        ?RTX_TASKIDX
  I:000EH         PUBLIC        ?RTX_TASKSP
  I:0022H         PUBLIC        ?RTX_TASKSTATUS
  C:1ACFH         PUBLIC        MAIN
  C:1A15H         PUBLIC        OS_SWITCH_TASK
  C:1A1EH         SYMBOL        ?C0001
  C:1A28H         SYMBOL        ?C0003
  C:1A2DH         SYMBOL        ?C0005
  C:1A47H         SYMBOL        ?C0007
  C:1A49H         SYMBOL        ?C0009
  C:1A53H         SYMBOL        ?C0011
  C:1A80H         SYMBOL        ?C0012
  C:1A66H         SYMBOL        ?C0013
  C:1A6BH         SYMBOL        ?C0015
  C:1A76H         SYMBOL        ?C0016
  N:0000H         SYMBOL        ?RTX51_TINY_KERNAL
  N:F63CH         SYMBOL        ?RTX_CLOCK
  N:0008H         SYMBOL        ?RTX_REGISTERBANK
  D:000DH         SYMBOL        ?RTX_ROBINTIME
  D:000AH         SYMBOL        ?RTX_SAVEACC
  D:000BH         SYMBOL        ?RTX_SAVEPSW
  C:199AH         SYMBOL        ?RTX_STACKERROR
  C:19EDH         SYMBOL        ?RTX_TASKSWITCHING
  B:0021H.1       SYMBOL        ?RTX_TS_DELAY
  D:00E0H         SYMBOL        ACC
  D:00F0H         SYMBOL        B
  N:0005H         SYMBOL        B_ACTIVE
  N:0007H         SYMBOL        B_IVL
  N:0007H         SYMBOL        B_RDY
  N:0004H         SYMBOL        B_READY
  N:0006H         SYMBOL        B_ROBIN
  N:0002H         SYMBOL        B_SIGNAL
  N:0003H         SYMBOL        B_TIMEOUT
  N:0000H         SYMBOL        B_WAITSIG
  N:0001H         SYMBOL        B_WAITTIM
  C:19EAH         SYMBOL        CHECKROBINTIME
  C:19C4H         SYMBOL        CHECKSTACK
  N:0000H         SYMBOL        CODE_BANKING
  N:0000H         SYMBOL        CPU_IDLE_CODE
BL51 BANKED LINKER/LOCATER V6.00                                                      07/17/2017  21:46:16  PAGE 15


  D:0083H         SYMBOL        DPH
  D:0082H         SYMBOL        DPL
  B:00A8H.7       SYMBOL        EA
  B:00A8H.4       SYMBOL        ES
  B:00A8H.1       SYMBOL        ET0
  B:00A8H.3       SYMBOL        ET1
  B:00A8H.0       SYMBOL        EX0
  B:00A8H.2       SYMBOL        EX1
  N:0014H         SYMBOL        FREE_STACK
  C:199EH         SYMBOL        HW_TIMER
  D:00A8H         SYMBOL        IE
  B:0088H.1       SYMBOL        IE0
  B:0088H.3       SYMBOL        IE1
  N:09C4H         SYMBOL        INT_CLOCK
  N:0001H         SYMBOL        INT_REGBANK
  B:0088H.0       SYMBOL        IT0
  B:0088H.2       SYMBOL        IT1
  N:0020H         SYMBOL        K_ACTIVE
  N:0080H         SYMBOL        K_IVL
  N:0080H         SYMBOL        K_RDY
  N:0010H         SYMBOL        K_READY
  N:0040H         SYMBOL        K_ROBIN
  N:0001H         SYMBOL        K_SIG
  N:0002H         SYMBOL        K_TMO
  N:0000H         SYMBOL        LONG_USR_INTR
  C:1AD8H         SYMBOL        MAIN1
  C:1AE2H         SYMBOL        MAIN1X
  C:1ADDH         SYMBOL        MAIN2
  C:1AA3H         SYMBOL        NOEVENT
  C:19E9H         SYMBOL        NOROBINTIMEOUT
  C:19E0H         SYMBOL        NOTIMEOUT
  C:19DEH         SYMBOL        NOWAITTIMEOUT
  C:1A15H         SYMBOL        OS_SWITCH_TASK1
  D:0087H         SYMBOL        PCON
  D:00D0H         SYMBOL        PSW
  N:00FFH         SYMBOL        RAMTOP
  N:0080H         SYMBOL        RDY_EVENT
  C:1AAFH         SYMBOL        ROBINON
  C:1A97H         SYMBOL        SIGNALOFF
  C:1AA3H         SYMBOL        SIGNALON
  N:0004H         SYMBOL        SIG_EVENT
  D:0081H         SYMBOL        SP
  I:0023H         SYMBOL        TASKSTATE
  D:0088H         SYMBOL        TCON
  B:0088H.5       SYMBOL        TF0
  B:0088H.7       SYMBOL        TF1
  D:008CH         SYMBOL        TH0
  D:008DH         SYMBOL        TH1
  C:1A9FH         SYMBOL        TIMEOUTON
  C:199FH         SYMBOL        TIMERINT
  C:19D0H         SYMBOL        TIMERLOOP
  I:0022H         SYMBOL        TIMERVAL
  N:000AH         SYMBOL        TIMESHARING
  D:008AH         SYMBOL        TL0
  D:008BH         SYMBOL        TL1
  D:0089H         SYMBOL        TMOD
  N:0008H         SYMBOL        TMO_EVENT
BL51 BANKED LINKER/LOCATER V6.00                                                      07/17/2017  21:46:16  PAGE 16


  B:0088H.4       SYMBOL        TR0
  B:0088H.6       SYMBOL        TR1
  C:000BH         LINE#         271
  C:199AH         LINE#         279
  C:199EH         LINE#         282
  C:199FH         LINE#         299
  C:19A2H         LINE#         301
  C:19A5H         LINE#         302
  C:19A8H         LINE#         303
  C:19AAH         LINE#         305
  C:19ACH         LINE#         306
  C:19AEH         LINE#         307
  C:19B0H         LINE#         308
  C:19B2H         LINE#         309
  C:19B4H         LINE#         310
  C:19B6H         LINE#         311
  C:19B8H         LINE#         312
  C:19BAH         LINE#         316
  C:19BBH         LINE#         317
  C:19BDH         LINE#         318
  C:19BEH         LINE#         319
  C:19BFH         LINE#         320
  C:19C2H         LINE#         321
  C:19C4H         LINE#         322
  C:19C5H         LINE#         323
  C:19C7H         LINE#         324
  C:19CAH         LINE#         325
  C:19CCH         LINE#         329
  C:19CEH         LINE#         330
  C:19D0H         LINE#         331
  C:19D1H         LINE#         332
  C:19D2H         LINE#         333
  C:19D3H         LINE#         334
  C:19D5H         LINE#         335
  C:19D7H         LINE#         336
  C:19D8H         LINE#         337
  C:19DBH         LINE#         338
  C:19DDH         LINE#         339
  C:19DEH         LINE#         340
  C:19E0H         LINE#         341
  C:19E1H         LINE#         342
  C:19E3H         LINE#         344
  C:19E4H         LINE#         345
  C:19E6H         LINE#         360
  C:19E9H         LINE#         366
  C:19EAH         LINE#         367
  C:19EDH         LINE#         370
  C:19EFH         LINE#         371
  C:19F1H         LINE#         372
  C:19F3H         LINE#         373
  C:19F5H         LINE#         374
  C:19F7H         LINE#         375
  C:19F9H         LINE#         376
  C:19FBH         LINE#         377
  C:19FDH         LINE#         378
  C:19FFH         LINE#         379
  C:1A01H         LINE#         380
BL51 BANKED LINKER/LOCATER V6.00                                                      07/17/2017  21:46:16  PAGE 17


  C:1A03H         LINE#         381
  C:1A05H         LINE#         382
  C:1A07H         LINE#         387
  C:1A09H         LINE#         388
  C:1A0AH         LINE#         389
  C:1A0CH         LINE#         390
  C:1A0DH         LINE#         391
  C:1A0FH         LINE#         392
  C:1A11H         LINE#         393
  C:1A12H         LINE#         394
  C:1A13H         LINE#         395
  C:1A15H         LINE#         424
  C:1A17H         LINE#         426
  C:1A19H         LINE#         427
  C:1A1AH         LINE#         429
  C:1A1BH         LINE#         430
  C:1A1DH         LINE#         431
  C:1A1EH         LINE#         434
  C:1A1FH         LINE#         435
  C:1A20H         LINE#         436
  C:1A21H         LINE#         444
  C:1A24H         LINE#         445
  C:1A26H         LINE#         446
  C:1A28H         LINE#         449
  C:1A29H         LINE#         450
  C:1A2CH         LINE#         458
  C:1A2DH         LINE#         462
  C:1A2FH         LINE#         463
  C:1A30H         LINE#         464
  C:1A31H         LINE#         465
  C:1A33H         LINE#         468
  C:1A35H         LINE#         470
  C:1A37H         LINE#         471
  C:1A39H         LINE#         472
  C:1A3AH         LINE#         473
  C:1A3BH         LINE#         474
  C:1A3CH         LINE#         476
  C:1A3EH         LINE#         478
  C:1A3FH         LINE#         479
  C:1A40H         LINE#         480
  C:1A42H         LINE#         481
  C:1A45H         LINE#         482
  C:1A47H         LINE#         484
  C:1A48H         LINE#         485
  C:1A49H         LINE#         490
  C:1A4AH         LINE#         491
  C:1A4BH         LINE#         492
  C:1A4DH         LINE#         496
  C:1A4EH         LINE#         497
  C:1A4FH         LINE#         498
  C:1A51H         LINE#         499
  C:1A53H         LINE#         505
  C:1A55H         LINE#         506
  C:1A56H         LINE#         507
  C:1A57H         LINE#         508
  C:1A59H         LINE#         510
  C:1A5BH         LINE#         511
BL51 BANKED LINKER/LOCATER V6.00                                                      07/17/2017  21:46:16  PAGE 18


  C:1A5DH         LINE#         512
  C:1A5EH         LINE#         513
  C:1A5FH         LINE#         516
  C:1A61H         LINE#         517
  C:1A64H         LINE#         518
  C:1A66H         LINE#         520
  C:1A67H         LINE#         522
  C:1A68H         LINE#         523
  C:1A69H         LINE#         524
  C:1A6AH         LINE#         525
  C:1A6BH         LINE#         529
  C:1A6DH         LINE#         530
  C:1A6EH         LINE#         531
  C:1A70H         LINE#         535
  C:1A72H         LINE#         536
  C:1A73H         LINE#         537
  C:1A74H         LINE#         539
  C:1A76H         LINE#         543
  C:1A78H         LINE#         544
  C:1A7AH         LINE#         545
  C:1A7BH         LINE#         546
  C:1A7CH         LINE#         548
  C:1A7EH         LINE#         549
  C:1A80H         LINE#         555
  C:1A83H         LINE#         559
  C:1A85H         LINE#         560
  C:1A86H         LINE#         561
  C:1A88H         LINE#         562
  C:1A89H         LINE#         563
  C:1A8BH         LINE#         564
  C:1A8DH         LINE#         565
  C:1A8EH         LINE#         567
  C:1A91H         LINE#         571
  C:1A94H         LINE#         572
  C:1A97H         LINE#         576
  C:1A99H         LINE#         577
  C:1A9CH         LINE#         578
  C:1A9FH         LINE#         580
  C:1AA1H         LINE#         581
  C:1AA3H         LINE#         583
  C:1AA5H         LINE#         584
  C:1AA6H         LINE#         585
  C:1AA8H         LINE#         587
  C:1AAAH         LINE#         588
  C:1AACH         LINE#         594
  C:1AAEH         LINE#         595
  C:1AAFH         LINE#         608
  C:1AB0H         LINE#         609
  C:1AB2H         LINE#         614
  C:1AB4H         LINE#         615
  C:1AB6H         LINE#         616
  C:1AB8H         LINE#         617
  C:1ABAH         LINE#         618
  C:1ABCH         LINE#         619
  C:1ABEH         LINE#         620
  C:1AC0H         LINE#         621
  C:1AC2H         LINE#         622
BL51 BANKED LINKER/LOCATER V6.00                                                      07/17/2017  21:46:16  PAGE 19


  C:1AC4H         LINE#         623
  C:1AC6H         LINE#         624
  C:1AC8H         LINE#         625
  C:1ACAH         LINE#         626
  C:1ACCH         LINE#         627
  C:1ACEH         LINE#         628
  C:1ACFH         LINE#         642
  C:1AD1H         LINE#         643
  C:1AD3H         LINE#         644
  C:1AD5H         LINE#         645
  C:1AD7H         LINE#         646
  C:1AD8H         LINE#         647
  C:1AD9H         LINE#         648
  C:1ADBH         LINE#         649
  C:1ADDH         LINE#         650
  C:1ADFH         LINE#         651
  C:1AE0H         LINE#         652
  C:1AE2H         LINE#         653
  C:1AE3H         LINE#         654
  C:1AE4H         LINE#         655
  C:1AE5H         LINE#         656
  C:1AE6H         LINE#         657
  C:1AE8H         LINE#         658
  C:1AEAH         LINE#         659
  C:1AECH         LINE#         660
  C:1AEFH         LINE#         661
  C:1AF1H         LINE#         662
  C:1AF2H         LINE#         663
  C:1AF4H         LINE#         664
  C:1AF5H         LINE#         665
  C:1AF6H         LINE#         666
  C:1AF8H         LINE#         668
  C:1AFBH         LINE#         670
  C:1AFEH         LINE#         671
  C:1B01H         LINE#         672
  C:1B04H         LINE#         673
  C:1B06H         LINE#         674
  C:1B08H         LINE#         675
  C:1B0AH         LINE#         676
  -------         ENDMOD        ?RTX51_TINY_KERNAL

  -------         MODULE        PID
  C:0000H         SYMBOL        _ICE_DUMMY_
  D:0080H         PUBLIC        P0
  D:0090H         PUBLIC        P1
  D:00A0H         PUBLIC        P2
  C:3E5CH         PUBLIC        _setKi
  D:00B0H         PUBLIC        P3
  C:41BEH         PUBLIC        _getErrLast
  D:00C0H         PUBLIC        P4
  D:00C8H         PUBLIC        P5
  D:00E8H         PUBLIC        P6
  D:00F8H         PUBLIC        P7
  C:3E1AH         PUBLIC        _setParameterUpperLimit
  C:3E7DH         PUBLIC        _setKp
  D:00A8H         PUBLIC        IE
  C:43D1H         PUBLIC        _openPID
BL51 BANKED LINKER/LOCATER V6.00                                                      07/17/2017  21:46:16  PAGE 20


  D:00B8H         PUBLIC        IP
  D:00D8H         PUBLIC        CCON
  D:0098H         PUBLIC        SCON
  D:0088H         PUBLIC        TCON
  C:2968H         PUBLIC        _PID_config
  C:3DF9H         PUBLIC        _setParameterInferiorLimit
  D:00F0H         PUBLIC        B
  D:00E0H         PUBLIC        ACC
  C:3E3BH         PUBLIC        _setActualParameter
  C:4226H         PUBLIC        _getOutput
  C:1EB0H         PUBLIC        _PID
  X:0392H         SYMBOL        g_pid_n_info
  C:418AH         PUBLIC        _getParameter
  C:41A4H         PUBLIC        _getErr
  C:420CH         PUBLIC        _getKd
  C:3EBFH         PUBLIC        _setParameter
  C:41F2H         PUBLIC        _getKi
  C:442AH         PUBLIC        _closePID
  D:00D0H         PUBLIC        PSW
  C:4240H         PUBLIC        _getIntegral
  C:41D8H         PUBLIC        _getKp
  C:3E9EH         PUBLIC        _setKd
  -------         PROC          _PID_CONFIG
  D:0003H         SYMBOL        PID_N
  X:0552H         SYMBOL        kp
  X:0556H         SYMBOL        ki
  X:055AH         SYMBOL        kd
  C:2968H         LINE#         49
  C:296AH         LINE#         50
  C:296AH         LINE#         51
  C:297FH         LINE#         52
  C:2994H         LINE#         53
  C:29A9H         LINE#         54
  C:29BEH         LINE#         55
  C:29DDH         LINE#         56
  C:29FCH         LINE#         57
  C:2A1BH         LINE#         58
  C:2A45H         LINE#         59
  C:2A6FH         LINE#         60
  -------         ENDPROC       _PID_CONFIG
  -------         PROC          _OPENPID
  D:0007H         SYMBOL        PID_N
  C:43D1H         LINE#         70
  C:43D1H         LINE#         71
  C:43D1H         LINE#         72
  C:43E2H         LINE#         74
  -------         ENDPROC       _OPENPID
  -------         PROC          _CLOSEPID
  D:0007H         SYMBOL        PID_N
  C:442AH         LINE#         83
  C:442AH         LINE#         84
  C:442AH         LINE#         85
  C:443AH         LINE#         88
  -------         ENDPROC       _CLOSEPID
  -------         PROC          _PID
  X:05DAH         SYMBOL        PID_N
  C:1EB0H         LINE#         97
BL51 BANKED LINKER/LOCATER V6.00                                                      07/17/2017  21:46:16  PAGE 21


  C:1EB5H         LINE#         98
  C:1EB5H         LINE#         101
  C:1EC8H         LINE#         102
  C:1EC8H         LINE#         104
  C:1F16H         LINE#         120
  C:1F59H         LINE#         123
  C:205EH         LINE#         126
  C:2088H         LINE#         129
  C:2089H         LINE#         130
  C:2089H         LINE#         132
  -------         ENDPROC       _PID
  -------         PROC          _SETPARAMETERINFERIORLIMIT
  D:0003H         SYMBOL        PID_N
  X:0596H         SYMBOL        value
  C:3DF9H         LINE#         142
  C:3DFBH         LINE#         143
  C:3DFBH         LINE#         144
  -------         ENDPROC       _SETPARAMETERINFERIORLIMIT
  -------         PROC          _SETPARAMETERUPPERLIMIT
  D:0003H         SYMBOL        PID_N
  X:059BH         SYMBOL        value
  C:3E1AH         LINE#         156
  C:3E1CH         LINE#         157
  C:3E1CH         LINE#         158
  -------         ENDPROC       _SETPARAMETERUPPERLIMIT
  -------         PROC          _SETACTUALPARAMETER
  D:0003H         SYMBOL        PID_N
  X:05A0H         SYMBOL        value
  C:3E3BH         LINE#         171
  C:3E3DH         LINE#         172
  C:3E3DH         LINE#         173
  -------         ENDPROC       _SETACTUALPARAMETER
  -------         PROC          _SETKI
  D:0003H         SYMBOL        PID_N
  X:05A5H         SYMBOL        value
  C:3E5CH         LINE#         186
  C:3E5EH         LINE#         187
  C:3E5EH         LINE#         188
  -------         ENDPROC       _SETKI
  -------         PROC          _SETKP
  D:0003H         SYMBOL        PID_N
  X:05AAH         SYMBOL        value
  C:3E7DH         LINE#         200
  C:3E7FH         LINE#         201
  C:3E7FH         LINE#         202
  -------         ENDPROC       _SETKP
  -------         PROC          _SETKD
  D:0003H         SYMBOL        PID_N
  X:05AFH         SYMBOL        value
  C:3E9EH         LINE#         214
  C:3EA0H         LINE#         215
  C:3EA0H         LINE#         216
  -------         ENDPROC       _SETKD
  -------         PROC          _SETPARAMETER
  D:0003H         SYMBOL        PID_N
  X:05B4H         SYMBOL        value
  C:3EBFH         LINE#         228
BL51 BANKED LINKER/LOCATER V6.00                                                      07/17/2017  21:46:16  PAGE 22


  C:3EC1H         LINE#         229
  C:3EC1H         LINE#         230
  -------         ENDPROC       _SETPARAMETER
  -------         PROC          _GETPARAMETER
  D:0007H         SYMBOL        PID_N
  C:418AH         LINE#         242
  C:418AH         LINE#         243
  C:418AH         LINE#         244
  C:41A3H         LINE#         245
  -------         ENDPROC       _GETPARAMETER
  -------         PROC          _GETERR
  D:0007H         SYMBOL        PID_N
  C:41A4H         LINE#         255
  C:41A4H         LINE#         256
  C:41A4H         LINE#         257
  C:41BDH         LINE#         258
  -------         ENDPROC       _GETERR
  -------         PROC          _GETERRLAST
  D:0007H         SYMBOL        PID_N
  C:41BEH         LINE#         268
  C:41BEH         LINE#         269
  C:41BEH         LINE#         270
  C:41D7H         LINE#         271
  -------         ENDPROC       _GETERRLAST
  -------         PROC          _GETKP
  D:0007H         SYMBOL        PID_N
  C:41D8H         LINE#         280
  C:41D8H         LINE#         281
  C:41D8H         LINE#         282
  C:41F1H         LINE#         283
  -------         ENDPROC       _GETKP
  -------         PROC          _GETKI
  D:0007H         SYMBOL        PID_N
  C:41F2H         LINE#         293
  C:41F2H         LINE#         294
  C:41F2H         LINE#         295
  C:420BH         LINE#         296
  -------         ENDPROC       _GETKI
  -------         PROC          _GETKD
  D:0007H         SYMBOL        PID_N
  C:420CH         LINE#         306
  C:420CH         LINE#         307
  C:420CH         LINE#         308
  C:4225H         LINE#         309
  -------         ENDPROC       _GETKD
  -------         PROC          _GETOUTPUT
  D:0007H         SYMBOL        PID_N
  C:4226H         LINE#         319
  C:4226H         LINE#         320
  C:4226H         LINE#         321
  C:423FH         LINE#         322
  -------         ENDPROC       _GETOUTPUT
  -------         PROC          _GETINTEGRAL
  D:0007H         SYMBOL        PID_N
  C:4240H         LINE#         332
  C:4240H         LINE#         333
  C:4240H         LINE#         334
BL51 BANKED LINKER/LOCATER V6.00                                                      07/17/2017  21:46:16  PAGE 23


  C:4259H         LINE#         335
  -------         ENDPROC       _GETINTEGRAL
  -------         ENDMOD        PID

  -------         MODULE        FILTER
  C:0000H         SYMBOL        _ICE_DUMMY_
  D:0080H         PUBLIC        P0
  D:0090H         PUBLIC        P1
  D:00A0H         PUBLIC        P2
  D:00B0H         PUBLIC        P3
  D:00C0H         PUBLIC        P4
  D:00C8H         PUBLIC        P5
  D:00E8H         PUBLIC        P6
  D:00F8H         PUBLIC        P7
  C:26FEH         PUBLIC        _filter
  D:00A8H         PUBLIC        IE
  D:00B8H         PUBLIC        IP
  D:00D8H         PUBLIC        CCON
  D:0098H         PUBLIC        SCON
  D:0088H         PUBLIC        TCON
  D:00F0H         PUBLIC        B
  D:00E0H         PUBLIC        ACC
  D:00D0H         PUBLIC        PSW
  -------         PROC          _FILTER
  D:0001H         SYMBOL        ary
  X:0385H         SYMBOL        num
  X:0386H         SYMBOL        MaxValue
  X:0388H         SYMBOL        MinValue
  -------         DO            
  X:038AH         SYMBOL        angleDataloopTemp2
  X:038CH         SYMBOL        finalData
  X:038EH         SYMBOL        maxValue
  X:0390H         SYMBOL        minValue
  -------         ENDDO         
  C:26FEH         LINE#         2
  C:2703H         LINE#         3
  C:2703H         LINE#         5
  C:270AH         LINE#         6
  C:2719H         LINE#         7
  C:2728H         LINE#         8
  C:274AH         LINE#         9
  C:274AH         LINE#         10
  C:2766H         LINE#         11
  C:2766H         LINE#         12
  C:2783H         LINE#         13
  C:2783H         LINE#         14
  C:27A5H         LINE#         15
  C:27A5H         LINE#         16
  C:27C2H         LINE#         17
  C:27C2H         LINE#         18
  C:27E4H         LINE#         19
  C:27F8H         LINE#         20
  C:281DH         LINE#         21
  C:2833H         LINE#         22
  C:2833H         LINE#         23
  -------         ENDPROC       _FILTER
  -------         ENDMOD        FILTER
BL51 BANKED LINKER/LOCATER V6.00                                                      07/17/2017  21:46:16  PAGE 24



  -------         MODULE        DATASCOPE_DP
  C:0000H         SYMBOL        _ICE_DUMMY_
  D:0080H         PUBLIC        P0
  D:0090H         PUBLIC        P1
  D:00A0H         PUBLIC        P2
  D:00B0H         PUBLIC        P3
  D:00C0H         PUBLIC        P4
  D:00C8H         PUBLIC        P5
  D:00E8H         PUBLIC        P6
  D:00F8H         PUBLIC        P7
  X:048AH         PUBLIC        DataScope_OutPut_Buffer
  D:00A8H         PUBLIC        IE
  D:00B8H         PUBLIC        IP
  D:00D8H         PUBLIC        CCON
  C:3B8BH         PUBLIC        _sendScopeData
  D:0098H         PUBLIC        SCON
  D:0088H         PUBLIC        TCON
  D:00F0H         PUBLIC        B
  C:2EB6H         PUBLIC        _Float2Byte
  D:00E0H         PUBLIC        ACC
  C:3009H         PUBLIC        _DataScope_Data_Generate
  C:2834H         PUBLIC        _DataScope_Get_Channel_Data
  D:00D0H         PUBLIC        PSW
  -------         PROC          _FLOAT2BYTE
  D:0001H         SYMBOL        target
  X:037BH         SYMBOL        buf
  X:037EH         SYMBOL        beg
  -------         DO            
  X:037FH         SYMBOL        point
  -------         ENDDO         
  C:2EB6H         LINE#         26
  C:2EB6H         LINE#         27
  C:2EB6H         LINE#         29
  C:2EC1H         LINE#         30
  C:2EDFH         LINE#         31
  C:2F0BH         LINE#         32
  C:2F37H         LINE#         33
  -------         ENDPROC       _FLOAT2BYTE
  -------         PROC          _SENDSCOPEDATA
  D:0004H         SYMBOL        Data
  X:0371H         SYMBOL        channel
  -------         DO            
  X:0372H         SYMBOL        a
  -------         ENDDO         
  C:3B8BH         LINE#         43
  C:3B8BH         LINE#         44
  C:3B8BH         LINE#         47
  C:3B96H         LINE#         49
  C:3BACH         LINE#         50
  C:3BACH         LINE#         51
  C:3BBBH         LINE#         52
  C:3BC3H         LINE#         54
  -------         ENDPROC       _SENDSCOPEDATA
  -------         PROC          _DATASCOPE_GET_CHANNEL_DATA
  X:0373H         SYMBOL        Data
  X:0377H         SYMBOL        Channel
BL51 BANKED LINKER/LOCATER V6.00                                                      07/17/2017  21:46:16  PAGE 25


  C:2834H         LINE#         60
  C:283AH         LINE#         61
  C:283AH         LINE#         62
  C:284DH         LINE#         63
  C:284DH         LINE#         65
  C:284DH         LINE#         67
  C:284DH         LINE#         68
  C:2883H         LINE#         69
  C:2883H         LINE#         70
  C:2883H         LINE#         71
  C:2896H         LINE#         72
  C:2899H         LINE#         73
  C:2899H         LINE#         74
  C:28ADH         LINE#         75
  C:28B0H         LINE#         76
  C:28B0H         LINE#         77
  C:28C4H         LINE#         78
  C:28C7H         LINE#         79
  C:28C7H         LINE#         80
  C:28DBH         LINE#         81
  C:28DEH         LINE#         82
  C:28DEH         LINE#         83
  C:28F2H         LINE#         84
  C:28F4H         LINE#         85
  C:28F4H         LINE#         86
  C:2908H         LINE#         87
  C:290AH         LINE#         88
  C:290AH         LINE#         89
  C:291EH         LINE#         90
  C:2920H         LINE#         91
  C:2920H         LINE#         92
  C:2934H         LINE#         93
  C:2936H         LINE#         94
  C:2936H         LINE#         95
  C:294AH         LINE#         96
  C:294CH         LINE#         97
  C:294CH         LINE#         98
  C:2967H         LINE#         99
  C:2967H         LINE#         100
  C:2967H         LINE#         101
  C:2967H         LINE#         102
  -------         ENDPROC       _DATASCOPE_GET_CHANNEL_DATA
  -------         PROC          _DATASCOPE_DATA_GENERATE
  D:0007H         SYMBOL        Channel_Number
  C:3009H         LINE#         107
  C:3009H         LINE#         108
  C:3009H         LINE#         109
  C:3012H         LINE#         110
  C:3012H         LINE#         111
  C:3015H         LINE#         112
  C:3015H         LINE#         114
  C:3015H         LINE#         115
  C:301BH         LINE#         116
  C:3051H         LINE#         117
  C:3051H         LINE#         118
  C:3051H         LINE#         119
  C:3057H         LINE#         120
BL51 BANKED LINKER/LOCATER V6.00                                                      07/17/2017  21:46:16  PAGE 26


  C:305AH         LINE#         121
  C:305AH         LINE#         122
  C:305AH         LINE#         123
  C:3060H         LINE#         124
  C:3063H         LINE#         125
  C:3063H         LINE#         126
  C:3063H         LINE#         127
  C:3069H         LINE#         128
  C:306CH         LINE#         129
  C:306CH         LINE#         130
  C:306CH         LINE#         131
  C:3072H         LINE#         132
  C:3075H         LINE#         133
  C:3075H         LINE#         134
  C:3075H         LINE#         135
  C:307BH         LINE#         136
  C:307EH         LINE#         137
  C:307EH         LINE#         138
  C:307EH         LINE#         139
  C:3084H         LINE#         140
  C:3087H         LINE#         141
  C:3087H         LINE#         142
  C:3087H         LINE#         143
  C:308DH         LINE#         144
  C:3090H         LINE#         145
  C:3090H         LINE#         146
  C:3090H         LINE#         147
  C:3096H         LINE#         148
  C:3099H         LINE#         149
  C:3099H         LINE#         150
  C:3099H         LINE#         151
  C:309FH         LINE#         152
  C:30A2H         LINE#         153
  C:30A2H         LINE#         154
  C:30A2H         LINE#         155
  C:30A8H         LINE#         156
  C:30ABH         LINE#         157
  C:30ABH         LINE#         158
  C:30ABH         LINE#         159
  C:30ABH         LINE#         160
  C:30ADH         LINE#         161
  -------         ENDPROC       _DATASCOPE_DATA_GENERATE
  -------         ENDMOD        DATASCOPE_DP

  -------         MODULE        STORAGE
  C:0000H         SYMBOL        _ICE_DUMMY_
  D:0080H         PUBLIC        P0
  D:0090H         PUBLIC        P1
  D:00A0H         PUBLIC        P2
  D:00B0H         PUBLIC        P3
  D:00C0H         PUBLIC        P4
  D:00C8H         PUBLIC        P5
  D:00E8H         PUBLIC        P6
  D:00F8H         PUBLIC        P7
  D:00A8H         PUBLIC        IE
  D:00B8H         PUBLIC        IP
  D:00D8H         PUBLIC        CCON
BL51 BANKED LINKER/LOCATER V6.00                                                      07/17/2017  21:46:16  PAGE 27


  C:43E3H         PUBLIC        _writeData
  D:0098H         PUBLIC        SCON
  D:0088H         PUBLIC        TCON
  D:00F0H         PUBLIC        B
  D:00E0H         PUBLIC        ACC
  D:00D0H         PUBLIC        PSW
  -------         PROC          _WRITEDATA
  X:05B8H         SYMBOL        add
  X:05BAH         SYMBOL        Data
  C:43E3H         LINE#         3
  C:43F4H         LINE#         4
  C:43F4H         LINE#         6
  -------         ENDPROC       _WRITEDATA
  -------         ENDMOD        STORAGE

  -------         MODULE        BUTTON
  C:0000H         SYMBOL        _ICE_DUMMY_
  D:0080H         PUBLIC        P0
  D:0090H         PUBLIC        P1
  D:00A0H         PUBLIC        P2
  D:00B0H         PUBLIC        P3
  D:00C0H         PUBLIC        P4
  D:00C8H         PUBLIC        P5
  D:00E8H         PUBLIC        P6
  D:00F8H         PUBLIC        P7
  D:00A8H         PUBLIC        IE
  D:00B8H         PUBLIC        IP
  D:00D8H         PUBLIC        CCON
  C:3990H         PUBLIC        buttonScan
  B:0020H.0       SYMBOL        BUTTON1_bit
  B:0020H.1       SYMBOL        BUTTON2_bit
  B:0020H.2       SYMBOL        BUTTON3_bit
  B:0020H.3       SYMBOL        BUTTON4_bit
  D:0098H         PUBLIC        SCON
  B:00A0H.3       PUBLIC        P23
  D:0088H         PUBLIC        TCON
  B:00A0H.4       PUBLIC        P24
  B:00A0H.5       PUBLIC        P25
  B:00A0H.6       PUBLIC        P26
  D:00F0H         PUBLIC        B
  C:4038H         PUBLIC        _getButtonState
  D:00E0H         PUBLIC        ACC
  C:3F80H         PUBLIC        Button_config
  C:44E4H         SYMBOL        _digitalRead
  D:00D0H         PUBLIC        PSW
  -------         PROC          BUTTON_CONFIG
  -------         DO            
  X:02A0H         SYMBOL        GPIO_InitStructure
  -------         ENDDO         
  C:3F80H         LINE#         25
  C:3F80H         LINE#         26
  C:3F80H         LINE#         28
  C:3F86H         LINE#         29
  C:3F8BH         LINE#         30
  C:3F96H         LINE#         31
  C:3F98H         LINE#         32
  C:3F9AH         LINE#         33
BL51 BANKED LINKER/LOCATER V6.00                                                      07/17/2017  21:46:16  PAGE 28


  C:3F9CH         LINE#         34
  C:3F9EH         LINE#         35
  -------         ENDPROC       BUTTON_CONFIG
  -------         PROC          _DIGITALREAD
  D:0006H         SYMBOL        pin
  C:44E4H         LINE#         43
  C:44E4H         LINE#         44
  C:44E4H         LINE#         45
  C:44E8H         LINE#         46
  C:44E8H         LINE#         47
  C:44EDH         LINE#         48
  C:44EDH         LINE#         49
  -------         ENDPROC       _DIGITALREAD
  -------         PROC          _GETBUTTONSTATE
  D:0007H         SYMBOL        BUTTON_data
  C:4038H         LINE#         61
  C:4038H         LINE#         62
  C:4038H         LINE#         63
  C:4049H         LINE#         64
  C:4049H         LINE#         65
  C:4049H         LINE#         66
  C:404CH         LINE#         67
  C:404CH         LINE#         68
  C:404CH         LINE#         69
  C:404FH         LINE#         70
  C:404FH         LINE#         71
  C:404FH         LINE#         72
  C:4052H         LINE#         73
  C:4052H         LINE#         74
  C:4052H         LINE#         75
  C:4054H         LINE#         76
  C:4054H         LINE#         77
  C:4054H         LINE#         78
  -------         ENDPROC       _GETBUTTONSTATE
  -------         PROC          BUTTONSCAN
  C:3990H         LINE#         88
  C:3990H         LINE#         89
  C:3990H         LINE#         90
  C:399BH         LINE#         91
  C:399BH         LINE#         92
  C:39A5H         LINE#         93
  C:39A5H         LINE#         97
  C:39A7H         LINE#         98
  C:39A7H         LINE#         99
  C:39A9H         LINE#         101
  C:39A9H         LINE#         102
  C:39ABH         LINE#         103
  C:39ABH         LINE#         104
  C:39B6H         LINE#         105
  C:39B6H         LINE#         106
  C:39B9H         LINE#         107
  C:39B9H         LINE#         111
  C:39BBH         LINE#         112
  C:39BBH         LINE#         113
  C:39BDH         LINE#         115
  C:39BDH         LINE#         116
  C:39BFH         LINE#         117
BL51 BANKED LINKER/LOCATER V6.00                                                      07/17/2017  21:46:16  PAGE 29


  C:39BFH         LINE#         118
  C:39CAH         LINE#         119
  C:39CAH         LINE#         120
  C:39CDH         LINE#         121
  C:39CDH         LINE#         125
  C:39CFH         LINE#         127
  C:39CFH         LINE#         128
  C:39D1H         LINE#         130
  C:39D1H         LINE#         131
  C:39D3H         LINE#         132
  C:39D3H         LINE#         133
  C:39DEH         LINE#         134
  C:39DEH         LINE#         135
  C:39E1H         LINE#         136
  C:39E1H         LINE#         140
  C:39E3H         LINE#         142
  C:39E3H         LINE#         143
  C:39E4H         LINE#         145
  C:39E4H         LINE#         146
  C:39E6H         LINE#         147
  C:39E6H         LINE#         148
  -------         ENDPROC       BUTTONSCAN
  -------         ENDMOD        BUTTON

  -------         MODULE        LED
  C:0000H         SYMBOL        _ICE_DUMMY_
  D:0080H         PUBLIC        P0
  D:0090H         PUBLIC        P1
  D:00A0H         PUBLIC        P2
  D:00B0H         PUBLIC        P3
  D:00C0H         PUBLIC        P4
  D:00C8H         PUBLIC        P5
  B:0021H.2       SYMBOL        Board_LED_State
  D:00E8H         PUBLIC        P6
  D:00F8H         PUBLIC        P7
  D:00A8H         PUBLIC        IE
  C:3DD7H         PUBLIC        _blink
  C:3C79H         PUBLIC        Board_LED_Init
  D:00B8H         PUBLIC        IP
  C:454CH         PUBLIC        close_Board_LED
  D:00D8H         PUBLIC        CCON
  D:0098H         PUBLIC        SCON
  D:0088H         PUBLIC        TCON
  C:4547H         PUBLIC        open_Board_LED
  B:00C8H.5       PUBLIC        P55
  D:00F0H         PUBLIC        B
  D:00E0H         PUBLIC        ACC
  C:4555H         PUBLIC        getBoard_LED_State
  C:4529H         PUBLIC        _Board_LED_PWM
  D:00D0H         PUBLIC        PSW
  -------         PROC          BOARD_LED_INIT
  -------         DO            
  X:02A0H         SYMBOL        GPIO_InitStructure
  -------         ENDDO         
  C:3C79H         LINE#         8
  C:3C79H         LINE#         9
  C:3C79H         LINE#         11
BL51 BANKED LINKER/LOCATER V6.00                                                      07/17/2017  21:46:16  PAGE 30


  C:3C7FH         LINE#         12
  C:3C84H         LINE#         13
  C:3C8FH         LINE#         14
  C:3C92H         LINE#         15
  C:3C97H         LINE#         16
  C:3C9AH         LINE#         17
  C:3C9FH         LINE#         18
  C:3CA0H         LINE#         19
  -------         ENDPROC       BOARD_LED_INIT
  -------         PROC          OPEN_BOARD_LED
  C:4547H         LINE#         20
  C:4547H         LINE#         21
  C:4547H         LINE#         22
  C:4549H         LINE#         23
  C:454BH         LINE#         24
  -------         ENDPROC       OPEN_BOARD_LED
  -------         PROC          CLOSE_BOARD_LED
  C:454CH         LINE#         25
  C:454CH         LINE#         26
  C:454CH         LINE#         27
  C:454EH         LINE#         28
  C:4550H         LINE#         30
  -------         ENDPROC       CLOSE_BOARD_LED
  -------         PROC          _BLINK
  X:028CH         SYMBOL        time
  C:3DD7H         LINE#         31
  C:3DDCH         LINE#         32
  C:3DDCH         LINE#         33
  C:3DE6H         LINE#         34
  C:3DE6H         LINE#         35
  C:3DE9H         LINE#         36
  C:3DEEH         LINE#         37
  C:3DF1H         LINE#         38
  C:3DF6H         LINE#         40
  C:3DF8H         LINE#         41
  -------         ENDPROC       _BLINK
  -------         PROC          GETBOARD_LED_STATE
  C:4555H         LINE#         42
  C:4555H         LINE#         43
  C:4555H         LINE#         44
  C:4557H         LINE#         45
  -------         ENDPROC       GETBOARD_LED_STATE
  -------         PROC          _BOARD_LED_PWM
  X:05DBH         SYMBOL        luminance
  C:4529H         LINE#         46
  C:452EH         LINE#         47
  C:452EH         LINE#         48
  C:452EH         LINE#         49
  C:452EH         LINE#         52
  C:452EH         LINE#         54
  -------         ENDPROC       _BOARD_LED_PWM
  -------         ENDMOD        LED

  -------         MODULE        MOTOR
  C:0000H         SYMBOL        _ICE_DUMMY_
  D:0080H         PUBLIC        P0
  D:0090H         PUBLIC        P1
BL51 BANKED LINKER/LOCATER V6.00                                                      07/17/2017  21:46:16  PAGE 31


  D:00A0H         PUBLIC        P2
  D:00B0H         PUBLIC        P3
  D:00C0H         PUBLIC        P4
  D:00C8H         PUBLIC        P5
  D:00E8H         PUBLIC        P6
  D:00F8H         PUBLIC        P7
  D:00BAH         PUBLIC        P_SW2
  D:00A8H         PUBLIC        IE
  C:3FFCH         PUBLIC        _open_DC_Motor
  D:00B8H         PUBLIC        IP
  D:00D8H         PUBLIC        CCON
  B:00A0H.2       PUBLIC        P22
  D:0098H         PUBLIC        SCON
  B:00A0H.3       PUBLIC        P23
  D:0088H         PUBLIC        TCON
  C:3289H         PUBLIC        _setDC_MotorSpeed
  D:00F0H         PUBLIC        B
  X:05C6H         SYMBOL        g_DC_Motor
  C:447FH         PUBLIC        _getDC_MotorState
  D:00E0H         PUBLIC        ACC
  C:373DH         PUBLIC        DC_MOTOR_config
  C:4055H         PUBLIC        _close_DC_Motor
  D:00D0H         PUBLIC        PSW
  -------         PROC          _SETDC_MOTORSPEED
  X:05BDH         SYMBOL        motor
  X:05BEH         SYMBOL        speed
  C:3289H         LINE#         38
  C:328EH         LINE#         39
  C:328EH         LINE#         41
  C:32A9H         LINE#         42
  C:32A9H         LINE#         43
  C:32B3H         LINE#         44
  C:32B3H         LINE#         45
  C:32CEH         LINE#         46
  C:32CEH         LINE#         48
  C:32D8H         LINE#         49
  C:32D8H         LINE#         52
  C:32F8H         LINE#         53
  C:331AH         LINE#         54
  -------         ENDPROC       _SETDC_MOTORSPEED
  -------         PROC          _OPEN_DC_MOTOR
  X:05DCH         SYMBOL        motor
  C:3FFCH         LINE#         55
  C:4001H         LINE#         56
  C:4001H         LINE#         57
  C:4007H         LINE#         58
  C:4019H         LINE#         59
  -------         ENDPROC       _OPEN_DC_MOTOR
  -------         PROC          _CLOSE_DC_MOTOR
  X:05DDH         SYMBOL        motor
  C:4055H         LINE#         60
  C:405AH         LINE#         61
  C:405AH         LINE#         62
  C:4060H         LINE#         63
  C:4071H         LINE#         67
  -------         ENDPROC       _CLOSE_DC_MOTOR
  -------         PROC          _GETDC_MOTORSTATE
BL51 BANKED LINKER/LOCATER V6.00                                                      07/17/2017  21:46:16  PAGE 32


  D:0007H         SYMBOL        motor
  C:447FH         LINE#         68
  C:447FH         LINE#         69
  C:447FH         LINE#         70
  C:448EH         LINE#         72
  -------         ENDPROC       _GETDC_MOTORSTATE
  -------         PROC          DC_MOTOR_CONFIG
  -------         DO            
  X:051CH         SYMBOL        GPIO_InitStructure
  X:051EH         SYMBOL        PWM_InitStructure
  -------         ENDDO         
  C:373DH         LINE#         80
  C:373DH         LINE#         81
  C:373DH         LINE#         85
  C:3742H         LINE#         88
  C:3746H         LINE#         89
  C:3751H         LINE#         93
  C:3757H         LINE#         94
  C:3762H         LINE#         95
  C:3764H         LINE#         96
  C:3766H         LINE#         99
  C:3769H         LINE#         100
  C:376EH         LINE#         101
  C:3770H         LINE#         102
  C:3772H         LINE#         103
  C:3775H         LINE#         104
  C:3778H         LINE#         105
  C:377AH         LINE#         106
  C:377CH         LINE#         107
  C:377EH         LINE#         108
  C:3780H         LINE#         109
  C:3782H         LINE#         110
  C:3784H         LINE#         111
  C:3786H         LINE#         112
  C:3788H         LINE#         113
  C:378AH         LINE#         114
  C:378CH         LINE#         115
  C:378EH         LINE#         116
  C:3799H         LINE#         117
  C:37A4H         LINE#         119
  C:37A7H         LINE#         122
  -------         ENDPROC       DC_MOTOR_CONFIG
  -------         ENDMOD        MOTOR

  -------         MODULE        SERVO
  C:0000H         SYMBOL        _ICE_DUMMY_
  D:0080H         PUBLIC        P0
[...]
  C:3478H         LINE#         365
  C:3478H         LINE#         366
  C:347BH         LINE#         367
  C:3488H         LINE#         368
  C:3488H         LINE#         369
  C:3495H         LINE#         370
  C:34A2H         LINE#         371
  C:34A4H         LINE#         372
  C:34A9H         LINE#         373
  C:34A9H         LINE#         375
  -------         ENDPROC       UART2_INT
  -------         PROC          UART3_INT
  C:34B6H         LINE#         379
  C:34C5H         LINE#         381
  C:34CAH         LINE#         382
  C:34CAH         LINE#         383
BL51 BANKED LINKER/LOCATER V6.00                                                      07/17/2017  21:46:16  PAGE 79


  C:34CDH         LINE#         384
  C:34D3H         LINE#         385
  C:34D3H         LINE#         386
  C:34DEH         LINE#         387
  C:34F2H         LINE#         388
  C:34F8H         LINE#         389
  C:34F8H         LINE#         390
  C:34F8H         LINE#         392
  C:34FDH         LINE#         393
  C:34FDH         LINE#         394
  C:3500H         LINE#         395
  C:350DH         LINE#         396
  C:350DH         LINE#         397
  C:351AH         LINE#         398
  C:3527H         LINE#         399
  C:3529H         LINE#         400
  C:352EH         LINE#         401
  C:352EH         LINE#         403
  -------         ENDPROC       UART3_INT
  -------         PROC          UART4_INT
  C:353BH         LINE#         407
  C:354AH         LINE#         409
  C:354FH         LINE#         410
  C:354FH         LINE#         411
  C:3552H         LINE#         412
  C:3558H         LINE#         413
  C:3558H         LINE#         414
  C:3563H         LINE#         415
  C:3577H         LINE#         416
  C:357DH         LINE#         417
  C:357DH         LINE#         418
  C:357DH         LINE#         420
  C:3582H         LINE#         421
  C:3582H         LINE#         422
  C:3585H         LINE#         423
  C:3592H         LINE#         424
  C:3592H         LINE#         425
  C:359FH         LINE#         426
  C:35ACH         LINE#         427
  C:35AEH         LINE#         428
  C:35B3H         LINE#         429
  C:35B3H         LINE#         431
  -------         ENDPROC       UART4_INT
  -------         ENDMOD        USART1

  -------         MODULE        STC15_EEPROM
  C:0000H         SYMBOL        _ICE_DUMMY_
  D:0080H         PUBLIC        P0
  D:0090H         PUBLIC        P1
  D:00A0H         PUBLIC        P2
  D:00B0H         PUBLIC        P3
  C:44CAH         PUBLIC        DisableEEPROM
  D:00C0H         PUBLIC        P4
  D:00C8H         PUBLIC        P5
  D:00C6H         PUBLIC        ISP_TRIG
  B:00A8H.7       PUBLIC        EA
  D:00E8H         PUBLIC        P6
BL51 BANKED LINKER/LOCATER V6.00                                                      07/17/2017  21:46:16  PAGE 80


  D:00F8H         PUBLIC        P7
  D:00A8H         PUBLIC        IE
  C:3F60H         PUBLIC        _EEPROM_SectorErase
  C:3B0DH         PUBLIC        _EEPROM_read_n
  D:00B8H         PUBLIC        IP
  D:00C5H         PUBLIC        ISP_CMD
  D:00D8H         PUBLIC        CCON
  C:3B4CH         PUBLIC        _EEPROM_write_n
  D:00C3H         PUBLIC        ISP_ADDRH
  D:0098H         PUBLIC        SCON
  D:0088H         PUBLIC        TCON
  D:00C4H         PUBLIC        ISP_ADDRL
  D:00F0H         PUBLIC        B
  D:00E0H         PUBLIC        ACC
  D:00C7H         PUBLIC        ISP_CONTR
  D:00C2H         PUBLIC        ISP_DATA
  D:00D0H         PUBLIC        PSW
  -------         PROC          DISABLEEEPROM
  C:44CAH         LINE#         30
  C:44CAH         LINE#         31
  C:44CAH         LINE#         32
  C:44CDH         LINE#         33
  C:44CFH         LINE#         34
  C:44D1H         LINE#         35
  C:44D4H         LINE#         36
  C:44D7H         LINE#         37
  -------         ENDPROC       DISABLEEEPROM
  -------         PROC          _EEPROM_READ_N
  D:0004H         SYMBOL        EE_address
  D:0001H         SYMBOL        DataAddress
  X:0586H         SYMBOL        number
  C:3B0DH         LINE#         49
  C:3B11H         LINE#         50
  C:3B11H         LINE#         51
  C:3B13H         LINE#         52
  C:3B16H         LINE#         53
  C:3B19H         LINE#         55
  C:3B19H         LINE#         56
  C:3B1CH         LINE#         57
  C:3B20H         LINE#         58
  C:3B26H         LINE#         61
  C:3B27H         LINE#         62
  C:3B2CH         LINE#         63
  C:3B31H         LINE#         64
  C:3B38H         LINE#         65
  C:3B46H         LINE#         67
  C:3B49H         LINE#         68
  C:3B4BH         LINE#         69
  -------         ENDPROC       _EEPROM_READ_N
  -------         PROC          _EEPROM_SECTORERASE
  D:0004H         SYMBOL        EE_address
  C:3F60H         LINE#         80
  C:3F64H         LINE#         81
  C:3F64H         LINE#         82
  C:3F66H         LINE#         85
  C:3F69H         LINE#         86
  C:3F6DH         LINE#         87
BL51 BANKED LINKER/LOCATER V6.00                                                      07/17/2017  21:46:16  PAGE 81


  C:3F70H         LINE#         88
  C:3F73H         LINE#         89
  C:3F79H         LINE#         90
  C:3F7AH         LINE#         91
  C:3F7DH         LINE#         92
  C:3F7FH         LINE#         93
  -------         ENDPROC       _EEPROM_SECTORERASE
  -------         PROC          _EEPROM_WRITE_N
  D:0004H         SYMBOL        EE_address
  D:0001H         SYMBOL        DataAddress
  X:058DH         SYMBOL        number
  C:3B4CH         LINE#         104
  C:3B50H         LINE#         105
  C:3B50H         LINE#         106
  C:3B52H         LINE#         108
  C:3B55H         LINE#         109
  C:3B58H         LINE#         111
  C:3B58H         LINE#         112
  C:3B5BH         LINE#         113
  C:3B5FH         LINE#         114
  C:3B64H         LINE#         115
  C:3B6AH         LINE#         116
  C:3B6BH         LINE#         117
  C:3B70H         LINE#         118
  C:3B77H         LINE#         119
  C:3B85H         LINE#         121
  C:3B88H         LINE#         122
  C:3B8AH         LINE#         123
  -------         ENDPROC       _EEPROM_WRITE_N
  -------         ENDMOD        STC15_EEPROM

  -------         MODULE        ?C?FPADD
  C:0807H         PUBLIC        ?C?FPADD
  C:0803H         PUBLIC        ?C?FPSUB
  -------         ENDMOD        ?C?FPADD

  -------         MODULE        ?C?FPMUL
  C:08F8H         PUBLIC        ?C?FPMUL
  -------         ENDMOD        ?C?FPMUL

  -------         MODULE        ?C?FPDIV
  C:0A01H         PUBLIC        ?C?FPDIV
  -------         ENDMOD        ?C?FPDIV

  -------         MODULE        ?C?FPCMP
  C:0AA0H         PUBLIC        ?C?FPCMP
  C:0A9EH         PUBLIC        ?C?FPCMP3
  -------         ENDMOD        ?C?FPCMP

  -------         MODULE        ?C?FCAST
  C:0B15H         PUBLIC        ?C?FCASTC
  C:0B10H         PUBLIC        ?C?FCASTI
  C:0B0BH         PUBLIC        ?C?FCASTL
  -------         ENDMOD        ?C?FCAST

  -------         MODULE        ?C?CASTF
  C:0B49H         PUBLIC        ?C?CASTF
BL51 BANKED LINKER/LOCATER V6.00                                                      07/17/2017  21:46:16  PAGE 82


  -------         ENDMOD        ?C?CASTF

  -------         MODULE        ?C?CLDPTR
  C:0BCAH         PUBLIC        ?C?CLDPTR
  -------         ENDMOD        ?C?CLDPTR

  -------         MODULE        ?C?CLDOPTR
  C:0BE3H         PUBLIC        ?C?CLDOPTR
  -------         ENDMOD        ?C?CLDOPTR

  -------         MODULE        ?C?CSTPTR
  C:0C10H         PUBLIC        ?C?CSTPTR
  -------         ENDMOD        ?C?CSTPTR

  -------         MODULE        ?C?CSTOPTR
  C:0C22H         PUBLIC        ?C?CSTOPTR
  -------         ENDMOD        ?C?CSTOPTR

  -------         MODULE        ?C?IMUL
  C:0C44H         PUBLIC        ?C?IMUL
  -------         ENDMOD        ?C?IMUL

  -------         MODULE        ?C?UIDIV
  C:0C56H         PUBLIC        ?C?UIDIV
  -------         ENDMOD        ?C?UIDIV

  -------         MODULE        ?C?IILDX
  C:0CABH         PUBLIC        ?C?IILDX
  -------         ENDMOD        ?C?IILDX

  -------         MODULE        ?C?ILDOPTR
  C:0CC1H         PUBLIC        ?C?ILDOPTR
  -------         ENDMOD        ?C?ILDOPTR

  -------         MODULE        ?C?LMUL
  C:0CF9H         PUBLIC        ?C?LMUL
  -------         ENDMOD        ?C?LMUL

  -------         MODULE        ?C?ULDIV
  C:0D84H         PUBLIC        ?C?ULDIV
  -------         ENDMOD        ?C?ULDIV

  -------         MODULE        ?C?SLDIV
  C:3AC9H         PUBLIC        ?C?SLDIV
  -------         ENDMOD        ?C?SLDIV

  -------         MODULE        ?C?LNEG
  C:0E16H         PUBLIC        ?C?LNEG
  -------         ENDMOD        ?C?LNEG

  -------         MODULE        ?C?ULCMP
  C:0E24H         PUBLIC        ?C?ULCMP
  -------         ENDMOD        ?C?ULCMP

  -------         MODULE        ?C?ULSHR
  C:0E35H         PUBLIC        ?C?ULSHR
  -------         ENDMOD        ?C?ULSHR
BL51 BANKED LINKER/LOCATER V6.00                                                      07/17/2017  21:46:16  PAGE 83



  -------         MODULE        ?C?LLDOPTR0
  C:0E48H         PUBLIC        ?C?LLDOPTR0
  -------         ENDMOD        ?C?LLDOPTR0

  -------         MODULE        ?C?LLDIXDATA
  C:0E81H         PUBLIC        ?C?LLDIXDATA
  C:0E78H         PUBLIC        ?C?LLDIXDATA1
  C:0E7AH         PUBLIC        ?C?LLDIXDATA8
  -------         ENDMOD        ?C?LLDIXDATA

  -------         MODULE        ?C?LSTXDATA
  C:0EADH         PUBLIC        ?C?LSTXDATA
  -------         ENDMOD        ?C?LSTXDATA

  -------         MODULE        ?C?LSTKXDATA
  C:0EB9H         PUBLIC        ?C?LSTKXDATA
  -------         ENDMOD        ?C?LSTKXDATA

  -------         MODULE        ?C?LLDIDATA0
  C:0EEAH         PUBLIC        ?C?LLDIDATA0
  -------         ENDMOD        ?C?LLDIDATA0

  -------         MODULE        ?C?LLDXDATA0
  C:0EF7H         PUBLIC        ?C?LLDXDATA0
  -------         ENDMOD        ?C?LLDXDATA0

  -------         MODULE        ?C?LLDPDATA0
  C:0F03H         PUBLIC        ?C?LLDPDATA0
  -------         ENDMOD        ?C?LLDPDATA0

  -------         MODULE        ?C?LLDCODE0
  C:0F10H         PUBLIC        ?C?LLDCODE0
  -------         ENDMOD        ?C?LLDCODE0

*** WARNING L16: UNCALLED SEGMENT, IGNORED FOR OVERLAY PROCESS
    SEGMENT: ?PR?MODE1?MODE

*** WARNING L16: UNCALLED SEGMENT, IGNORED FOR OVERLAY PROCESS
    SEGMENT: ?PR?MODE2?MODE

*** WARNING L16: UNCALLED SEGMENT, IGNORED FOR OVERLAY PROCESS
    SEGMENT: ?PR?MODE3?MODE

*** WARNING L16: UNCALLED SEGMENT, IGNORED FOR OVERLAY PROCESS
    SEGMENT: ?PR?MODE4?MODE

*** WARNING L16: UNCALLED SEGMENT, IGNORED FOR OVERLAY PROCESS
    SEGMENT: ?PR?MODELAUNCHER?MODE

*** WARNING L16: UNCALLED SEGMENT, IGNORED FOR OVERLAY PROCESS
    SEGMENT: ?PR?_PID_CONFIG?PID

*** WARNING L16: UNCALLED SEGMENT, IGNORED FOR OVERLAY PROCESS
    SEGMENT: ?PR?_OPENPID?PID

*** WARNING L16: UNCALLED SEGMENT, IGNORED FOR OVERLAY PROCESS
BL51 BANKED LINKER/LOCATER V6.00                                                      07/17/2017  21:46:16  PAGE 84


    SEGMENT: ?PR?_CLOSEPID?PID

*** WARNING L16: UNCALLED SEGMENT, IGNORED FOR OVERLAY PROCESS
    SEGMENT: ?PR?_PID?PID

*** WARNING L16: UNCALLED SEGMENT, IGNORED FOR OVERLAY PROCESS
    SEGMENT: ?PR?_SETPARAMETERINFERIORLIMIT?PID

*** WARNING L16: UNCALLED SEGMENT, IGNORED FOR OVERLAY PROCESS
    SEGMENT: ?PR?_SETPARAMETERUPPERLIMIT?PID

*** WARNING L16: UNCALLED SEGMENT, IGNORED FOR OVERLAY PROCESS
    SEGMENT: ?PR?_SETACTUALPARAMETER?PID

*** WARNING L16: UNCALLED SEGMENT, IGNORED FOR OVERLAY PROCESS
    SEGMENT: ?PR?_SETKI?PID

*** WARNING L16: UNCALLED SEGMENT, IGNORED FOR OVERLAY PROCESS
    SEGMENT: ?PR?_SETKP?PID

*** WARNING L16: UNCALLED SEGMENT, IGNORED FOR OVERLAY PROCESS
    SEGMENT: ?PR?_SETKD?PID

*** WARNING L16: UNCALLED SEGMENT, IGNORED FOR OVERLAY PROCESS
    SEGMENT: ?PR?_SETPARAMETER?PID

*** WARNING L16: UNCALLED SEGMENT, IGNORED FOR OVERLAY PROCESS
    SEGMENT: ?PR?_GETPARAMETER?PID

*** WARNING L16: UNCALLED SEGMENT, IGNORED FOR OVERLAY PROCESS
    SEGMENT: ?PR?_GETERR?PID

*** WARNING L16: UNCALLED SEGMENT, IGNORED FOR OVERLAY PROCESS
    SEGMENT: ?PR?_GETERRLAST?PID

*** WARNING L16: UNCALLED SEGMENT, IGNORED FOR OVERLAY PROCESS
    SEGMENT: ?PR?_GETKP?PID

*** WARNING L16: UNCALLED SEGMENT, IGNORED FOR OVERLAY PROCESS
    SEGMENT: ?PR?_GETKI?PID

*** WARNING L16: UNCALLED SEGMENT, IGNORED FOR OVERLAY PROCESS
    SEGMENT: ?PR?_GETKD?PID

*** WARNING L16: UNCALLED SEGMENT, IGNORED FOR OVERLAY PROCESS
    SEGMENT: ?PR?_GETOUTPUT?PID

*** WARNING L16: UNCALLED SEGMENT, IGNORED FOR OVERLAY PROCESS
    SEGMENT: ?PR?_GETINTEGRAL?PID

*** WARNING L16: UNCALLED SEGMENT, IGNORED FOR OVERLAY PROCESS
    SEGMENT: ?PR?_WRITEDATA?STORAGE

*** WARNING L16: UNCALLED SEGMENT, IGNORED FOR OVERLAY PROCESS
    SEGMENT: ?PR?GETBOARD_LED_STATE?LED

*** WARNING L16: UNCALLED SEGMENT, IGNORED FOR OVERLAY PROCESS
BL51 BANKED LINKER/LOCATER V6.00                                                      07/17/2017  21:46:16  PAGE 85


    SEGMENT: ?PR?_BOARD_LED_PWM?LED

*** WARNING L16: UNCALLED SEGMENT, IGNORED FOR OVERLAY PROCESS
    SEGMENT: ?PR?_SETDC_MOTORSPEED?MOTOR

*** WARNING L16: UNCALLED SEGMENT, IGNORED FOR OVERLAY PROCESS
    SEGMENT: ?PR?_OPEN_DC_MOTOR?MOTOR

*** WARNING L16: UNCALLED SEGMENT, IGNORED FOR OVERLAY PROCESS
    SEGMENT: ?PR?_CLOSE_DC_MOTOR?MOTOR

*** WARNING L16: UNCALLED SEGMENT, IGNORED FOR OVERLAY PROCESS
    SEGMENT: ?PR?_GETDC_MOTORSTATE?MOTOR

*** WARNING L16: UNCALLED SEGMENT, IGNORED FOR OVERLAY PROCESS
    SEGMENT: ?PR?DC_MOTOR_CONFIG?MOTOR

*** WARNING L16: UNCALLED SEGMENT, IGNORED FOR OVERLAY PROCESS
    SEGMENT: ?PR?_INIT_STR_MOTOR?SERVO

*** WARNING L16: UNCALLED SEGMENT, IGNORED FOR OVERLAY PROCESS
    SEGMENT: ?PR?_SET_STR_ANGLE?SERVO

*** WARNING L16: UNCALLED SEGMENT, IGNORED FOR OVERLAY PROCESS
    SEGMENT: ?PR?_READ_STR_ANGLE?SERVO

*** WARNING L16: UNCALLED SEGMENT, IGNORED FOR OVERLAY PROCESS
    SEGMENT: ?PR?_OPEN_STR?SERVO

*** WARNING L16: UNCALLED SEGMENT, IGNORED FOR OVERLAY PROCESS
    SEGMENT: ?PR?_CLOSE_STR?SERVO

*** WARNING L16: UNCALLED SEGMENT, IGNORED FOR OVERLAY PROCESS
    SEGMENT: ?PR?_SETSTEPMOTORWITHROUND?STEP_MOTOR

*** WARNING L16: UNCALLED SEGMENT, IGNORED FOR OVERLAY PROCESS
    SEGMENT: ?PR?_GETSTEPMOTORSTATE?STEP_MOTOR

*** WARNING L16: UNCALLED SEGMENT, IGNORED FOR OVERLAY PROCESS
    SEGMENT: ?PR?_SETSTEPMOTORDIVERSION?STEP_MOTOR

*** WARNING L16: UNCALLED SEGMENT, IGNORED FOR OVERLAY PROCESS
    SEGMENT: ?PR?_CLOSE_STEPMOTOR?STEP_MOTOR

*** WARNING L16: UNCALLED SEGMENT, IGNORED FOR OVERLAY PROCESS
    SEGMENT: ?PR?_OPEN_STEPMOTOR?STEP_MOTOR

*** WARNING L16: UNCALLED SEGMENT, IGNORED FOR OVERLAY PROCESS
    SEGMENT: ?PR?_FREESTEPMOTOR?STEP_MOTOR

*** WARNING L16: UNCALLED SEGMENT, IGNORED FOR OVERLAY PROCESS
    SEGMENT: ?PR?_LOCKSTEPMOTOR?STEP_MOTOR

*** WARNING L16: UNCALLED SEGMENT, IGNORED FOR OVERLAY PROCESS
    SEGMENT: ?PR?STEPMOTOR_INIT?STEP_MOTOR

*** WARNING L16: UNCALLED SEGMENT, IGNORED FOR OVERLAY PROCESS
BL51 BANKED LINKER/LOCATER V6.00                                                      07/17/2017  21:46:16  PAGE 86


    SEGMENT: ?PR?_SETRELAY?RELAY

*** WARNING L16: UNCALLED SEGMENT, IGNORED FOR OVERLAY PROCESS
    SEGMENT: ?PR?_UNSETRELAY?RELAY

*** WARNING L16: UNCALLED SEGMENT, IGNORED FOR OVERLAY PROCESS
    SEGMENT: ?PR?RELAY_INIT?RELAY

*** WARNING L16: UNCALLED SEGMENT, IGNORED FOR OVERLAY PROCESS
    SEGMENT: ?PR?_LCD1602_WRITE_WORD?LCD1602

*** WARNING L16: UNCALLED SEGMENT, IGNORED FOR OVERLAY PROCESS
    SEGMENT: ?PR?_HC595_INIT?74HC595

*** WARNING L16: UNCALLED SEGMENT, IGNORED FOR OVERLAY PROCESS
    SEGMENT: ?PR?_HC595SENDDATA?74HC595

*** WARNING L16: UNCALLED SEGMENT, IGNORED FOR OVERLAY PROCESS
    SEGMENT: ?PR?_GETPULSERSTATE?FIXEDPULSER

*** WARNING L16: UNCALLED SEGMENT, IGNORED FOR OVERLAY PROCESS
    SEGMENT: ?PR?_ADC_POWERCONTROL?ADC

*** WARNING L16: UNCALLED SEGMENT, IGNORED FOR OVERLAY PROCESS
    SEGMENT: ?PR?_SETPINSTATE?GPIO

*** WARNING L16: UNCALLED SEGMENT, IGNORED FOR OVERLAY PROCESS
    SEGMENT: ?PR?_PWMN_UPDATE?PCA

*** WARNING L16: UNCALLED SEGMENT, IGNORED FOR OVERLAY PROCESS
    SEGMENT: ?PR?_PCA_INIT?PCA

*** WARNING L16: UNCALLED SEGMENT, IGNORED FOR OVERLAY PROCESS
    SEGMENT: ?PR?_PWMOUTPUT?PCA

*** WARNING L16: UNCALLED SEGMENT, IGNORED FOR OVERLAY PROCESS
    SEGMENT: ?PR?_GET_PWM_PERIOD?STC15_PWM

*** WARNING L16: UNCALLED SEGMENT, IGNORED FOR OVERLAY PROCESS
    SEGMENT: ?PR?_GET_PWM_N_DUTY?STC15_PWM

*** WARNING L16: UNCALLED SEGMENT, IGNORED FOR OVERLAY PROCESS
    SEGMENT: ?PR?_GETPWM_DIV?STC15_PWM

*** WARNING L16: UNCALLED SEGMENT, IGNORED FOR OVERLAY PROCESS
    SEGMENT: ?PR?OPEN_PWM_ALL?STC15_PWM

*** WARNING L16: UNCALLED SEGMENT, IGNORED FOR OVERLAY PROCESS
    SEGMENT: ?PR?CLOSE_PWM_ALL?STC15_PWM

*** WARNING L16: UNCALLED SEGMENT, IGNORED FOR OVERLAY PROCESS
    SEGMENT: ?PR?_GET_PWM_N_STATE?STC15_PWM

*** WARNING L16: UNCALLED SEGMENT, IGNORED FOR OVERLAY PROCESS
    SEGMENT: ?PR?TIMERINIT?TIMER

*** WARNING L16: UNCALLED SEGMENT, IGNORED FOR OVERLAY PROCESS
BL51 BANKED LINKER/LOCATER V6.00                                                      07/17/2017  21:46:16  PAGE 87


    SEGMENT: ?PR?_SETTIMEOUT?TIMER

*** WARNING L16: UNCALLED SEGMENT, IGNORED FOR OVERLAY PROCESS
    SEGMENT: ?PR?_GETTIMEROUT?TIMER

*** WARNING L16: UNCALLED SEGMENT, IGNORED FOR OVERLAY PROCESS
    SEGMENT: ?PR?_SETTIMERHERTZ?TIMER

*** WARNING L16: UNCALLED SEGMENT, IGNORED FOR OVERLAY PROCESS
    SEGMENT: ?PR?_GETTIMERHERTZ?TIMER

*** WARNING L16: UNCALLED SEGMENT, IGNORED FOR OVERLAY PROCESS
    SEGMENT: ?PR?_STOPTIMER?TIMER

*** WARNING L16: UNCALLED SEGMENT, IGNORED FOR OVERLAY PROCESS
    SEGMENT: ?PR?_ISSTOPPED?TIMER

*** WARNING L16: UNCALLED SEGMENT, IGNORED FOR OVERLAY PROCESS
    SEGMENT: ?PR?_ONRESTARTTIMER?TIMER

*** WARNING L16: UNCALLED SEGMENT, IGNORED FOR OVERLAY PROCESS
    SEGMENT: ?PR?GETMICROS?TIMER

*** WARNING L16: UNCALLED SEGMENT, IGNORED FOR OVERLAY PROCESS
    SEGMENT: ?PR?GETMILLIS?TIMER

*** WARNING L16: UNCALLED SEGMENT, IGNORED FOR OVERLAY PROCESS
    SEGMENT: ?PR?GETSECONDS?TIMER

*** WARNING L16: UNCALLED SEGMENT, IGNORED FOR OVERLAY PROCESS
    SEGMENT: ?PR?GETMINUTES?TIMER

*** WARNING L16: UNCALLED SEGMENT, IGNORED FOR OVERLAY PROCESS
    SEGMENT: ?PR?GETHOURS?TIMER

*** WARNING L16: UNCALLED SEGMENT, IGNORED FOR OVERLAY PROCESS
    SEGMENT: ?PR?GETDAYS?TIMER

*** WARNING L16: UNCALLED SEGMENT, IGNORED FOR OVERLAY PROCESS
    SEGMENT: ?PR?_PRINTSTRING2?USART1

*** WARNING L16: UNCALLED SEGMENT, IGNORED FOR OVERLAY PROCESS
    SEGMENT: ?PR?_PRINTSTRING3?USART1

*** WARNING L16: UNCALLED SEGMENT, IGNORED FOR OVERLAY PROCESS
    SEGMENT: ?PR?_PRINTSTRING4?USART1

*** WARNING L16: UNCALLED SEGMENT, IGNORED FOR OVERLAY PROCESS
    SEGMENT: ?PR?_EEPROM_READ_N?STC15_EEPROM

*** WARNING L16: UNCALLED SEGMENT, IGNORED FOR OVERLAY PROCESS
    SEGMENT: ?PR?_EEPROM_SECTORERASE?STC15_EEPROM

*** WARNING L16: UNCALLED SEGMENT, IGNORED FOR OVERLAY PROCESS
    SEGMENT: ?PR?_EEPROM_WRITE_N?STC15_EEPROM

*** WARNING L15: MULTIPLE CALL TO SEGMENT
BL51 BANKED LINKER/LOCATER V6.00                                                      07/17/2017  21:46:16  PAGE 88


    SEGMENT: ?PR?GETANGLE?ANGLE
    CALLER1: ?PR?TASK8?ABSTASK
    CALLER2: ?PR?TASK9?ABSTASK

*** WARNING L15: MULTIPLE CALL TO SEGMENT
    SEGMENT: ?PR?_FILTER?FILTER
    CALLER1: ?PR?TASK8?ABSTASK
    CALLER2: ?PR?TASK9?ABSTASK

******************************************************************************
* RESTRICTED VERSION WITH FFFFH BYTE CODE SIZE LIMIT; USED: 340DH BYTE (20%) *
******************************************************************************

Program Size: data=46.4 xdata=1514 code=15750
LINK/LOCATE RUN COMPLETE.  85 WARNING(S),  0 ERROR(S)
