BL51 BANKED LINKER/LOCATER V6.00                                                        07/01/2017  18:36:01  PAGE 1


BL51 BANKED LINKER/LOCATER V6.00, INVOKED BY:
C:\KEIL_V5\C51\BIN\BL51.EXE .\absTask.obj, .\task.obj, .\setup.obj, .\mode.obj, .\Conf_tny.obj, .\DataScope_DP.obj, .\BU
>> TTON.obj, .\LED.obj, .\MOTOR.obj, .\fixedPulser.obj, .\ADC.obj, .\delay.obj, .\GPIO.obj, .\PCA.obj, .\stc15_pwm.obj, 
>> .\stc15_spi.obj, .\timer.obj, .\USART1.obj TO 电子大赛程序框架 RTX51TINY RAMSIZE (256)


MEMORY MODEL: LARGE WITH FLOATING POINT ARITHMETIC


INPUT MODULES INCLUDED:
  .\absTask.obj (ABSTASK)
  .\task.obj (TASK)
  .\setup.obj (SETUP)
  .\mode.obj (MODE)
  .\Conf_tny.obj (?RTX51_TINY_KERNAL)
  .\DataScope_DP.obj (DATASCOPE_DP)
  .\BUTTON.obj (BUTTON)
  .\LED.obj (LED)
  .\MOTOR.obj (MOTOR)
  .\fixedPulser.obj (FIXEDPULSER)
  .\ADC.obj (ADC)
  .\delay.obj (DELAY)
  .\GPIO.obj (GPIO)
  .\PCA.obj (PCA)
  .\stc15_pwm.obj (STC15_PWM)
  .\stc15_spi.obj (STC15_SPI)
  .\timer.obj (TIMER)
  .\USART1.obj (USART1)
  C:\KEIL_V5\C51\LIB\RTX51TNY.LIB (?RTX51_TINY_OS_CREATE)
  C:\KEIL_V5\C51\LIB\RTX51TNY.LIB (?RTX51_TINY_OS_DELETE)
  C:\KEIL_V5\C51\LIB\RTX51TNY.LIB (?RTX51_TINY_OS_RUNNING_TASK_ID)
  C:\KEIL_V5\C51\LIB\RTX51TNY.LIB (?RTX51_TINY_OS_WAIT)
  C:\KEIL_V5\C51\LIB\C51FPL.LIB (?C?FPMUL)
  C:\KEIL_V5\C51\LIB\C51FPL.LIB (?C?FPCMP)
  C:\KEIL_V5\C51\LIB\C51FPL.LIB (?C?FCAST)
  C:\KEIL_V5\C51\LIB\C51FPL.LIB (?C?CASTF)
  C:\KEIL_V5\C51\LIB\C51FPL.LIB (PRINTF)
  C:\KEIL_V5\C51\LIB\C51FPL.LIB (?C?FPGETOPN)
  C:\KEIL_V5\C51\LIB\C51FPL.LIB (?C?FPROUND)
  C:\KEIL_V5\C51\LIB\C51FPL.LIB (?C?FPCONVERT)
  C:\KEIL_V5\C51\LIB\C51FPL.LIB (?C?FPADD)
  C:\KEIL_V5\C51\LIB\C51FPL.LIB (?C?FPDIV)
  C:\KEIL_V5\C51\LIB\C51FPL.LIB (?C?FTNPWR)
  C:\KEIL_V5\C51\LIB\C51L.LIB (?C_STARTUP)
  C:\KEIL_V5\C51\LIB\C51L.LIB (?C?CLDPTR)
  C:\KEIL_V5\C51\LIB\C51L.LIB (?C?CLDOPTR)
  C:\KEIL_V5\C51\LIB\C51L.LIB (?C?CSTPTR)
  C:\KEIL_V5\C51\LIB\C51L.LIB (?C?CSTOPTR)
  C:\KEIL_V5\C51\LIB\C51L.LIB (?C?IMUL)
  C:\KEIL_V5\C51\LIB\C51L.LIB (?C?UIDIV)
  C:\KEIL_V5\C51\LIB\C51L.LIB (?C?IILDX)
  C:\KEIL_V5\C51\LIB\C51L.LIB (?C?ILDOPTR)
  C:\KEIL_V5\C51\LIB\C51L.LIB (?C?ULDIV)
  C:\KEIL_V5\C51\LIB\C51L.LIB (?C?SLDIV)
  C:\KEIL_V5\C51\LIB\C51L.LIB (?C?LNEG)
  C:\KEIL_V5\C51\LIB\C51L.LIB (?C?SLCMP)
  C:\KEIL_V5\C51\LIB\C51L.LIB (?C?ULCMP)
  C:\KEIL_V5\C51\LIB\C51L.LIB (?C?ULSHR)
BL51 BANKED LINKER/LOCATER V6.00                                                      07/01/2017  18:36:01  PAGE 2


  C:\KEIL_V5\C51\LIB\C51L.LIB (?C?LLDOPTR0)
  C:\KEIL_V5\C51\LIB\C51L.LIB (?C?LSTXDATA)
  C:\KEIL_V5\C51\LIB\C51L.LIB (?C?LSTKXDATA)
  C:\KEIL_V5\C51\LIB\C51L.LIB (?C?PLDIXDATA)
  C:\KEIL_V5\C51\LIB\C51L.LIB (?C?PSTXDATA)
  C:\KEIL_V5\C51\LIB\C51L.LIB (?C?CCASE)
  C:\KEIL_V5\C51\LIB\C51L.LIB (PUTCHAR)
  C:\KEIL_V5\C51\LIB\C51L.LIB (?C_INIT)
  C:\KEIL_V5\C51\LIB\C51L.LIB (?C?LLDIDATA0)
  C:\KEIL_V5\C51\LIB\C51L.LIB (?C?LLDXDATA0)
  C:\KEIL_V5\C51\LIB\C51L.LIB (?C?LLDPDATA0)
  C:\KEIL_V5\C51\LIB\C51L.LIB (?C?LLDCODE0)


TASK TABLE OF MODULE:  电子大赛程序框架 (ABSTASK)

TASKID   PRIORITY   REG-BANK   SEGMENT NAME
-------------------------------------------
0        0          0          ?PR?TASKSTART?ABSTASK
1        0          0          ?PR?TASK1?ABSTASK
2        0          0          ?PR?TASK2?ABSTASK
3        0          0          ?PR?TASK3?ABSTASK
5        0          0          ?PR?TASK5?ABSTASK
6        0          0          ?PR?TASK6?ABSTASK
7        0          0          ?PR?TASK7?ABSTASK
8        0          0          ?PR?TASK8?ABSTASK
9        0          0          ?PR?TASK9?ABSTASK



LINK MAP OF MODULE:  电子大赛程序框架 (ABSTASK)


            TYPE    BASE      LENGTH    RELOCATION   SEGMENT NAME
            -----------------------------------------------------

            * * * * * * *   D A T A   M E M O R Y   * * * * * * *
            REG     0000H     0008H     ABSOLUTE     "REG BANK 0"
            DATA    0008H     0006H     ABSOLUTE     
            DATA    000EH     000FH     UNIT         _DATA_GROUP_
                    001DH     0003H                  *** GAP ***
            BIT     0020H.0   0003H.3   UNIT         _BIT_GROUP_
            BIT     0023H.3   0000H.4   UNIT         ?BI?BUTTON
            BIT     0023H.7   0000H.3   UNIT         ?BI?PCA
            BIT     0024H.2   0000H.1   UNIT         ?RTX?BITS
            BIT     0024H.3   0000H.1   UNIT         ?BI?LED
            BIT     0024H.4   0000H.1   UNIT         ?BI?_SETPINSTATE?GPIO
                    0024H.5   0000H.3                *** GAP ***
            IDATA   0025H     0040H     UNIT         ?ID?STC15_SPI
            IDATA   0065H     0014H     UNIT         ?RTX?TASKSTATE?S
            IDATA   0079H     000AH     UNIT         ?RTX?TASKSP?S
            IDATA   0083H     0001H     UNIT         ?STACK

            * * * * * * *  X D A T A   M E M O R Y  * * * * * * *
            XDATA   0000H     028DH     UNIT         _XDATA_GROUP_
            XDATA   028DH     028CH     UNIT         ?XD?USART1
            XDATA   0519H     0036H     UNIT         ?XD?STC15_PWM
BL51 BANKED LINKER/LOCATER V6.00                                                      07/01/2017  18:36:01  PAGE 3


            XDATA   054FH     002AH     UNIT         ?XD?DATASCOPE_DP
            XDATA   0579H     0016H     UNIT         ?XD?TIMER
            XDATA   058FH     0015H     UNIT         ?XD?PCA
            XDATA   05A4H     0010H     UNIT         ?XD?PULSERINIT?FIXEDPULSER
            XDATA   05B4H     000EH     UNIT         ?XD?ABSTASK
            XDATA   05C2H     000AH     UNIT         ?XD?_FLOAT2BYTE?DATASCOPE_DP
            XDATA   05CCH     0007H     UNIT         ?XD?_PWM_SET_T12_PERIOD?STC15_PWM
            XDATA   05D3H     0005H     UNIT         ?XD?_DATASCOPE_GET_CHANNEL_DATA?DATASCOPE_DP
            XDATA   05D8H     0005H     UNIT         ?XD?_PWM_DUTY?STC15_PWM
            XDATA   05DDH     0004H     UNIT         ?XD?STC15_SPI
            XDATA   05E1H     0003H     UNIT         ?XD?_MAKEPULSE?FIXEDPULSER
            XDATA   05E4H     0003H     UNIT         ?XD?_PCA_INIT?PCA
            XDATA   05E7H     0003H     UNIT         ?XD?_PWMOUTPUT?PCA
            XDATA   05EAH     0002H     UNIT         ?XD?SENDSCOPEDATA?TASK
            XDATA   05ECH     0002H     UNIT         ?XD?_PWM_INILIZE?STC15_PWM
            XDATA   05EEH     0001H     UNIT         ?XD?_BOARD_LED_PWM?LED
            XDATA   05EFH     0001H     UNIT         ?XD?_OPENPULSER?FIXEDPULSER
            XDATA   05F0H     0001H     UNIT         ?XD?_CLOSEPULSER?FIXEDPULSER
            XDATA   05F1H     0001H     UNIT         ?XD?_GETPULSERSTATE?FIXEDPULSER

            * * * * * * *   C O D E   M E M O R Y   * * * * * * *
            CODE    0000H     0003H     ABSOLUTE     
                    0003H     0008H                  *** GAP ***
            CODE    000BH     0003H     ABSOLUTE     
                    000EH     000DH                  *** GAP ***
            CODE    001BH     0003H     ABSOLUTE     
                    001EH     0005H                  *** GAP ***
            CODE    0023H     0003H     ABSOLUTE     
                    0026H     0005H                  *** GAP ***
            CODE    002BH     0003H     ABSOLUTE     
                    002EH     000DH                  *** GAP ***
            CODE    003BH     0003H     ABSOLUTE     
                    003EH     0005H                  *** GAP ***
            CODE    0043H     0003H     ABSOLUTE     
                    0046H     0005H                  *** GAP ***
            CODE    004BH     0003H     ABSOLUTE     
                    004EH     003DH                  *** GAP ***
            CODE    008BH     0003H     ABSOLUTE     
                    008EH     0005H                  *** GAP ***
            CODE    0093H     0003H     ABSOLUTE     
                    0096H     0005H                  *** GAP ***
            CODE    009BH     0003H     ABSOLUTE     
                    009EH     0005H                  *** GAP ***
            CODE    00A3H     0003H     ABSOLUTE     
                    00A6H     000DH                  *** GAP ***
            CODE    00B3H     0003H     ABSOLUTE     
                    00B6H     0005H                  *** GAP ***
            CODE    00BBH     0003H     ABSOLUTE     
                    00BEH     0742H                  *** GAP ***
            CODE    0800H     08AAH     UNIT         ?C?LIB_CODE
            CODE    10AAH     06E0H     UNIT         ?PR?_USART_CONFIGURATION?USART1
            CODE    178AH     0483H     UNIT         ?PR?PRINTF?PRINTF
            CODE    1C0DH     0386H     UNIT         ?PR?_PWM_INILIZE?STC15_PWM
            CODE    1F93H     02E6H     UNIT         ?RTX?CODE
            CODE    2279H     0233H     UNIT         ?PR?_TIMER_INILIZE?TIMER
            CODE    24ACH     01C4H     UNIT         ?PR?_GPIO_INILIZE?GPIO
            CODE    2670H     019FH     UNIT         ?PR?_PCA_INIT?PCA
BL51 BANKED LINKER/LOCATER V6.00                                                      07/01/2017  18:36:01  PAGE 4


            CODE    280FH     013DH     UNIT         ?PR?_PWMOUTPUT?PCA
            CODE    294CH     0137H     UNIT         ?PR?_PWM_SET_T12_PERIOD?STC15_PWM
            CODE    2A83H     0134H     UNIT         ?PR?_DATASCOPE_GET_CHANNEL_DATA?DATASCOPE_DP
            CODE    2BB7H     00BCH     UNIT         ?PR?_PWM_DUTY?STC15_PWM
            CODE    2C73H     00B1H     UNIT         ?CO?TIMER
            CODE    2D24H     00AEH     UNIT         ?PR?_PWMN_UPDATE?PCA
            CODE    2DD2H     00AAH     UNIT         ?PR?_FLOAT2BYTE?DATASCOPE_DP
            CODE    2E7CH     00A9H     UNIT         ?PR?TIMERINIT?TIMER
            CODE    2F25H     00A5H     UNIT         ?PR?_DATASCOPE_DATA_GENERATE?DATASCOPE_DP
            CODE    2FCAH     00A3H     UNIT         ?PR?PCA_HANDLER?PCA
            CODE    306DH     0096H     UNIT         ?C_INITSEG
            CODE    3103H     0091H     UNIT         ?PR?_SPI_INIT?STC15_SPI
            CODE    3194H     008CH     UNIT         ?C_C51STARTUP
            CODE    3220H     008AH     UNIT         ?PR?TIMER4_INT?TIMER
            CODE    32AAH     0085H     UNIT         ?PR?UART2_INT?USART1
            CODE    332FH     0085H     UNIT         ?PR?UART3_INT?USART1
            CODE    33B4H     0085H     UNIT         ?PR?UART4_INT?USART1
            CODE    3439H     007FH     UNIT         ?PR?UART1_INT?USART1
            CODE    34B8H     0073H     UNIT         ?CO?ABSTASK
            CODE    352BH     006FH     UNIT         ?PR?TASK6?ABSTASK
            CODE    359AH     005EH     UNIT         ?PR?_GET_ADC10BITRESULT?ADC
            CODE    35F8H     005DH     UNIT         ?PR?BUTTONSCAN?BUTTON
            CODE    3655H     0059H     UNIT         ?PR?TASK3?ABSTASK
            CODE    36AEH     0057H     UNIT         ?PR?SENDSCOPEDATA?TASK
            CODE    3705H     0055H     UNIT         ?PR?SPI_TRANSIVION?STC15_SPI
            CODE    375AH     0053H     UNIT         ?PR?_ADC_INILIZE?ADC
            CODE    37ADH     0048H     UNIT         ?PR?TIMER3_INT?TIMER
            CODE    37F5H     0047H     UNIT         ?PR?TIMER1_ISR?TIMER
            CODE    383CH     0046H     UNIT         ?PR?PULSERINIT?FIXEDPULSER
            CODE    3882H     0044H     UNIT         ?C?LDIV
            CODE    38C6H     003BH     UNIT         ?PR?TASK5?ABSTASK
            CODE    3901H     0034H     UNIT         ?PR?TASK8?ABSTASK
            CODE    3935H     002CH     UNIT         ?PR?_UART1_INIT?SETUP
            CODE    3961H     0028H     UNIT         ?PR?BOARD_LED_INIT?LED
            CODE    3989H     0028H     UNIT         ?PR?_TX2_WRITE2BUFF?USART1
            CODE    39B1H     0028H     UNIT         ?PR?_TX3_WRITE2BUFF?USART1
            CODE    39D9H     0028H     UNIT         ?PR?_TX4_WRITE2BUFF?USART1
            CODE    3A01H     0027H     UNIT         ?PR?SPI_TRIGTX?STC15_SPI
            CODE    3A28H     0027H     UNIT         ?PR?_TX1_WRITE2BUFF?USART1
            CODE    3A4FH     0027H     UNIT         ?PR?PUTCHAR?PUTCHAR
            CODE    3A76H     0025H     UNIT         ?PR?_PWM_SET_PERIOD?STC15_PWM
            CODE    3A9BH     0025H     UNIT         ?PR?_PWM_PERIOD?STC15_PWM
            CODE    3AC0H     0025H     UNIT         ?PR?_OPEN_N_PWM?STC15_PWM
            CODE    3AE5H     0025H     UNIT         ?PR?_SETTIMEOUT?TIMER
            CODE    3B0AH     0024H     UNIT         ?PR?TASK1?ABSTASK
            CODE    3B2EH     0024H     UNIT         ?PR?SPI_SPI_READBYTETORXBUF?STC15_SPI
            CODE    3B52H     0022H     UNIT         ?PR?_BLINK?LED
            CODE    3B74H     0020H     UNIT         ?PR?_RESTARTTIMER?TIMER
            CODE    3B94H     001FH     UNIT         ?PR?BUTTON_CONFIG?BUTTON
            CODE    3BB3H     001FH     UNIT         ?PR?_SPI_WRITENBYTETOTXBUF?STC15_SPI
            CODE    3BD2H     001FH     UNIT         ?PR?_ISEXPIREDTIMER?TIMER
            CODE    3BF1H     001FH     UNIT         ?PR?_ISSTOPPED?TIMER
            CODE    3C10H     001DH     UNIT         ?PR?_GETBUTTONSTATE?BUTTON
            CODE    3C2DH     001DH     UNIT         ?PR?_ISACTIVETIMER?TIMER
            CODE    3C4AH     001CH     UNIT         ?PR?TASK9?ABSTASK
            CODE    3C66H     001CH     UNIT         ?PR?_SETTIMERHERTZ?TIMER
            CODE    3C82H     001BH     UNIT         ?PR?TASK7?ABSTASK
BL51 BANKED LINKER/LOCATER V6.00                                                      07/01/2017  18:36:01  PAGE 5


            CODE    3C9DH     001BH     UNIT         ?PR?_SPI_SPI_READTHENBYTETORXBUF?STC15_SPI
            CODE    3CB8H     001AH     UNIT         ?PR?_GETPWM_PERIOD?STC15_PWM
            CODE    3CD2H     001AH     UNIT         ?PR?_GETPWM_N_DUTY?STC15_PWM
            CODE    3CECH     001AH     UNIT         ?PR?_GETTIMERHERTZ?TIMER
            CODE    3D06H     001AH     UNIT         ?PR?_GETTIMEROUT?TIMER
            CODE    3D20H     0019H     UNIT         ?PR?_STOPTIMER?TIMER
            CODE    3D39H     0017H     UNIT         ?PR?SETUP?SETUP
            CODE    3D50H     0017H     UNIT         ?PR?_CLOSE_N_PWM?STC15_PWM
            CODE    3D67H     0017H     UNIT         ?PR?_PRINTSTRING1?USART1
            CODE    3D7EH     0014H     UNIT         ?RTX?TASKENT?S
            CODE    3D92H     0014H     UNIT         ?PR?_SPI_WRITEBYTETOTXBUF?STC15_SPI
            CODE    3DA6H     0013H     UNIT         ?PR?_PRINTSTRING2?USART1
            CODE    3DB9H     0013H     UNIT         ?PR?_PRINTSTRING3?USART1
            CODE    3DCCH     0013H     UNIT         ?PR?_PRINTSTRING4?USART1
            CODE    3DDFH     0012H     UNIT         ?PR?_GETPWM_STATE?STC15_PWM
            CODE    3DF1H     0010H     UNIT         ?PR?_DELAY_MS?DELAY
            CODE    3E01H     000EH     UNIT         ?PR?_ONRESTARTTIMER?TIMER
            CODE    3E0FH     000DH     UNIT         ?PR?TASKSTART?ABSTASK
            CODE    3E1CH     000DH     UNIT         ?PR?_MAKEPULSE?FIXEDPULSER
            CODE    3E29H     000CH     UNIT         ?PR?TASK2?ABSTASK
            CODE    3E35H     000CH     UNIT         ?PR?_ADC_POWERCONTROL?ADC
            CODE    3E41H     000BH     UNIT         ?PR?_SPI_SETMODE?STC15_SPI
            CODE    3E4CH     000AH     UNIT         ?PR?_DIGITALREAD?BUTTON
            CODE    3E56H     000AH     UNIT         ?PR?OPEN_ALL_PWM?STC15_PWM
            CODE    3E60H     000AH     UNIT         ?PR?CLOSE_ALL_PWM?STC15_PWM
            CODE    3E6AH     0009H     UNIT         ?PR?GETMICROS?TIMER
            CODE    3E73H     0009H     UNIT         ?PR?GETMILLIS?TIMER
            CODE    3E7CH     0007H     UNIT         ?PR?_OPENPULSER?FIXEDPULSER
            CODE    3E83H     0007H     UNIT         ?PR?_CLOSEPULSER?FIXEDPULSER
            CODE    3E8AH     0007H     UNIT         ?PR?_GETPULSERSTATE?FIXEDPULSER
            CODE    3E91H     0006H     UNIT         ?PR?_BOARD_LED_PWM?LED
            CODE    3E97H     0006H     UNIT         ?PR?GETSECONDS?TIMER
            CODE    3E9DH     0006H     UNIT         ?PR?GETMINUTES?TIMER
            CODE    3EA3H     0006H     UNIT         ?PR?GETHOURS?TIMER
            CODE    3EA9H     0006H     UNIT         ?PR?GETDAYS?TIMER
            CODE    3EAFH     0005H     UNIT         ?PR?OPEN_BOARD_LED?LED
            CODE    3EB4H     0005H     UNIT         ?PR?CLOSE_BOARD_LED?LED
            CODE    3EB9H     0004H     UNIT         ?PR?ADC_INT?ADC
            CODE    3EBDH     0003H     UNIT         ?PR?GETBOARD_LED_STATE?LED
            CODE    3EC0H     0003H     UNIT         ?PR?_SETPINSTATE?GPIO
            CODE    3EC3H     0001H     UNIT         ?PR?MODE1?MODE
            CODE    3EC4H     0001H     UNIT         ?PR?MODE2?MODE
            CODE    3EC5H     0001H     UNIT         ?PR?MODE3?MODE
            CODE    3EC6H     0001H     UNIT         ?PR?MODE4?MODE
            CODE    3EC7H     0001H     UNIT         ?PR?MODELAUNCHER?MODE
            CODE    3EC8H     0001H     UNIT         ?PR?PWM_ROUTINE?FIXEDPULSER
            CODE    3EC9H     0001H     UNIT         ?PR?PWMFD_ROUTINE?FIXEDPULSER



OVERLAY MAP OF MODULE:   电子大赛程序框架 (ABSTASK)


SEGMENT                                             BIT_GROUP          DATA_GROUP          XDATA_GROUP
  +--> CALLED SEGMENT                            START    LENGTH     START    LENGTH     START    LENGTH
--------------------------------------------------------------------------------------------------------
?PR?TASKSTART?ABSTASK                            -----    -----      -----    -----      -----    -----
BL51 BANKED LINKER/LOCATER V6.00                                                      07/01/2017  18:36:01  PAGE 6


  +--> ?PR?SETUP?SETUP

?PR?SETUP?SETUP                                  -----    -----      -----    -----      -----    -----
  +--> ?PR?_UART1_INIT?SETUP
  +--> ?PR?TIMERINIT?TIMER
  +--> ?PR?BOARD_LED_INIT?LED
  +--> ?PR?BUTTON_CONFIG?BUTTON

?PR?_UART1_INIT?SETUP                            -----    -----      -----    -----      0000H    000DH
  +--> ?PR?_USART_CONFIGURATION?USART1

?PR?_USART_CONFIGURATION?USART1                  -----    -----      -----    -----      000DH    0009H

?PR?TIMERINIT?TIMER                              -----    -----      -----    -----      0000H    0011H
  +--> ?PR?_TIMER_INILIZE?TIMER
  +--> ?CO?TIMER
  +--> ?PR?_PRINTSTRING1?USART1

?PR?_PRINTSTRING1?USART1                         -----    -----      -----    -----      -----    -----
  +--> ?PR?_TX1_WRITE2BUFF?USART1

?PR?BOARD_LED_INIT?LED                           -----    -----      -----    -----      0000H    0002H
  +--> ?PR?_GPIO_INILIZE?GPIO
  +--> ?PR?OPEN_BOARD_LED?LED
  +--> ?PR?_DELAY_MS?DELAY
  +--> ?PR?CLOSE_BOARD_LED?LED

?PR?BUTTON_CONFIG?BUTTON                         -----    -----      -----    -----      0000H    0002H
  +--> ?PR?_GPIO_INILIZE?GPIO

*** NEW ROOT ***************************************************

?PR?TASK2?ABSTASK                                -----    -----      -----    -----      0016H    0028H
  +--> ?PR?_BLINK?LED

?PR?_BLINK?LED                                   -----    -----      -----    -----      003EH    0001H
  +--> ?PR?OPEN_BOARD_LED?LED
  +--> ?PR?_DELAY_MS?DELAY
  +--> ?PR?CLOSE_BOARD_LED?LED

*** NEW ROOT ***************************************************

?PR?TASK3?ABSTASK                                -----    -----      -----    -----      003FH    0064H
  +--> ?PR?GETMILLIS?TIMER
  +--> ?PR?GETSECONDS?TIMER
  +--> ?PR?GETMINUTES?TIMER
  +--> ?CO?ABSTASK
  +--> ?PR?PRINTF?PRINTF
  +--> ?PR?_PRINTSTRING1?USART1

?PR?PRINTF?PRINTF                                0022H.2  0001H.1    0018H    0005H      025DH    0030H
  +--> ?PR?PUTCHAR?PUTCHAR

*** NEW ROOT ***************************************************

?PR?TASK5?ABSTASK                                -----    -----      -----    -----      00D3H    0004H
  +--> ?PR?BUTTONSCAN?BUTTON
BL51 BANKED LINKER/LOCATER V6.00                                                      07/01/2017  18:36:01  PAGE 7



?PR?BUTTONSCAN?BUTTON                            -----    -----      -----    -----      -----    -----
  +--> ?PR?_DIGITALREAD?BUTTON
  +--> ?PR?_DELAY_MS?DELAY

*** NEW ROOT ***************************************************

?PR?TASK6?ABSTASK                                -----    -----      -----    -----      00D7H    012EH
  +--> ?CO?ABSTASK
  +--> ?PR?PRINTF?PRINTF
  +--> ?PR?_PRINTSTRING1?USART1

*** NEW ROOT ***************************************************

?PR?TASK7?ABSTASK                                -----    -----      -----    -----      -----    -----
  +--> ?PR?_GETBUTTONSTATE?BUTTON
  +--> ?PR?OPEN_BOARD_LED?LED
  +--> ?PR?CLOSE_BOARD_LED?LED

*** NEW ROOT ***************************************************

?PR?TASK8?ABSTASK                                -----    -----      -----    -----      0235H    0028H
  +--> ?CO?ABSTASK
  +--> ?PR?PRINTF?PRINTF
  +--> ?PR?_PRINTSTRING1?USART1

*** NEW ROOT ***************************************************

?PR?TASK9?ABSTASK                                -----    -----      -----    -----      -----    -----
  +--> ?PR?OPEN_BOARD_LED?LED
  +--> ?PR?CLOSE_BOARD_LED?LED

*** NEW ROOT ***************************************************

?C_C51STARTUP                                    -----    -----      -----    -----      -----    -----
  +--> ?C_INITSEG



SYMBOL TABLE OF MODULE:  电子大赛程序框架 (ABSTASK)

  VALUE           TYPE          NAME
  ----------------------------------

  -------         MODULE        ABSTASK
  C:0000H         SYMBOL        _ICE_DUMMY_
  D:0080H         PUBLIC        P0
  D:0090H         PUBLIC        P1
  D:00A0H         PUBLIC        P2
  D:00B0H         PUBLIC        P3
  D:00C0H         PUBLIC        P4
  D:00C8H         PUBLIC        P5
  D:00E8H         PUBLIC        P6
  D:00F8H         PUBLIC        P7
  D:00A8H         PUBLIC        IE
  D:00B8H         PUBLIC        IP
  D:00D8H         PUBLIC        CCON
BL51 BANKED LINKER/LOCATER V6.00                                                      07/01/2017  18:36:01  PAGE 8


  D:0098H         PUBLIC        SCON
  D:0088H         PUBLIC        TCON
  D:00F0H         PUBLIC        B
  C:3E0FH         PUBLIC        taskStart
  D:00E0H         PUBLIC        ACC
  X:05B8H         PUBLIC        count1
  X:05BAH         PUBLIC        count2
  X:05BCH         PUBLIC        count3
  X:05BEH         PUBLIC        count4
  X:05C0H         PUBLIC        count5
  C:3B0AH         PUBLIC        task1
  C:3E29H         PUBLIC        task2
  C:3655H         PUBLIC        task3
  C:38C6H         PUBLIC        task5
  C:352BH         PUBLIC        task6
  C:3C82H         PUBLIC        task7
  C:3901H         PUBLIC        task8
  C:3C4AH         PUBLIC        task9
  D:00D0H         PUBLIC        PSW
  -------         PROC          TASKSTART
  C:3E0FH         LINE#         15
  C:3E0FH         LINE#         17
  C:3E12H         LINE#         20
  C:3E17H         LINE#         26
  -------         ENDPROC       TASKSTART
  -------         PROC          TASK1
  C:3B0AH         LINE#         28
  C:3B0AH         LINE#         31
  C:3B0AH         LINE#         32
  C:3B0AH         LINE#         33
  C:3B2CH         LINE#         36
  -------         ENDPROC       TASK1
  -------         PROC          TASK2
  -------         DO            
  X:05B4H         SYMBOL        count
  X:0016H         SYMBOL        test
  -------         ENDDO         
  C:3E29H         LINE#         38
  C:3E29H         LINE#         43
  C:3E29H         LINE#         44
  C:3E29H         LINE#         45
  C:3E2EH         LINE#         46
  C:3E33H         LINE#         47
  -------         ENDPROC       TASK2
  -------         PROC          TASK3
  -------         DO            
  X:003FH         SYMBOL        string
  X:05B6H         SYMBOL        count
  -------         ENDDO         
  C:3655H         LINE#         50
  C:3655H         LINE#         54
  C:3655H         LINE#         55
  C:3655H         LINE#         58
  C:3699H         LINE#         59
  C:36A2H         LINE#         64
  C:36ACH         LINE#         66
  -------         ENDPROC       TASK3
BL51 BANKED LINKER/LOCATER V6.00                                                      07/01/2017  18:36:01  PAGE 9


  -------         PROC          TASK5
  -------         DO            
  X:00D3H         SYMBOL        count
  -------         ENDDO         
  C:38C6H         LINE#         69
  C:38C6H         LINE#         71
  C:38D0H         LINE#         72
  C:38D0H         LINE#         73
  C:38D0H         LINE#         74
  C:38F2H         LINE#         76
  C:38F5H         LINE#         77
  C:38FFH         LINE#         78
  -------         ENDPROC       TASK5
  -------         PROC          TASK6
  -------         DO            
  X:00D7H         SYMBOL        string
  X:0203H         SYMBOL        count
  -------         ENDDO         
  C:352BH         LINE#         81
  C:352BH         LINE#         84
  C:3532H         LINE#         85
  C:3532H         LINE#         86
  C:3532H         LINE#         87
  C:3585H         LINE#         88
  C:358EH         LINE#         89
  C:3598H         LINE#         90
  -------         ENDPROC       TASK6
  -------         PROC          TASK7
  C:3C82H         LINE#         92
  C:3C82H         LINE#         94
  C:3C82H         LINE#         95
  C:3C82H         LINE#         96
  C:3C89H         LINE#         97
  C:3C89H         LINE#         98
  C:3C8CH         LINE#         99
  C:3C8EH         LINE#         101
  C:3C8EH         LINE#         102
  C:3C91H         LINE#         103
  C:3C91H         LINE#         104
  C:3C9BH         LINE#         105
  -------         ENDPROC       TASK7
  -------         PROC          TASK8
  -------         DO            
  X:0235H         SYMBOL        id
  -------         ENDDO         
  C:3901H         LINE#         107
  C:3901H         LINE#         110
  C:3901H         LINE#         111
  C:3901H         LINE#         112
  C:3920H         LINE#         113
  C:3929H         LINE#         115
  C:3933H         LINE#         116
  -------         ENDPROC       TASK8
  -------         PROC          TASK9
  C:3C4AH         LINE#         118
  C:3C4AH         LINE#         120
  C:3C4AH         LINE#         121
BL51 BANKED LINKER/LOCATER V6.00                                                      07/01/2017  18:36:01  PAGE 10


  C:3C4AH         LINE#         122
  C:3C4DH         LINE#         123
  C:3C57H         LINE#         124
  C:3C5AH         LINE#         125
  C:3C64H         LINE#         127
  -------         ENDPROC       TASK9
  -------         ENDMOD        ABSTASK

  -------         MODULE        TASK
  C:0000H         SYMBOL        _ICE_DUMMY_
  D:0080H         PUBLIC        P0
  D:0090H         PUBLIC        P1
  D:00A0H         PUBLIC        P2
  D:00B0H         PUBLIC        P3
  D:00C0H         PUBLIC        P4
  D:00C8H         PUBLIC        P5
  D:00E8H         PUBLIC        P6
  D:00F8H         PUBLIC        P7
  D:00A8H         PUBLIC        IE
  D:00B8H         PUBLIC        IP
  D:00D8H         PUBLIC        CCON
  C:36AEH         PUBLIC        sendScopeData
  D:0098H         PUBLIC        SCON
  D:0088H         PUBLIC        TCON
  D:00F0H         PUBLIC        B
  D:00E0H         PUBLIC        ACC
  D:00D0H         PUBLIC        PSW
  -------         PROC          SENDSCOPEDATA
  -------         DO            
  X:05EAH         SYMBOL        a
  X:05EBH         SYMBOL        Send_Count
  -------         ENDDO         
  C:36AEH         LINE#         7
  C:36AEH         LINE#         8
  C:36AEH         LINE#         12
  C:36BFH         LINE#         14
  C:36D0H         LINE#         21
  C:36DAH         LINE#         22
  C:36EDH         LINE#         23
  C:36EDH         LINE#         24
  C:36FCH         LINE#         25
  C:3704H         LINE#         27
  -------         ENDPROC       SENDSCOPEDATA
  -------         ENDMOD        TASK

  -------         MODULE        SETUP
  C:0000H         SYMBOL        _ICE_DUMMY_
  D:0080H         PUBLIC        P0
  D:0090H         PUBLIC        P1
  D:00A0H         PUBLIC        P2
  D:00B0H         PUBLIC        P3
  D:00C0H         PUBLIC        P4
  D:00C8H         PUBLIC        P5
  B:00A8H.7       PUBLIC        EA
  D:00E8H         PUBLIC        P6
  C:3935H         PUBLIC        _UART1_init
  D:00F8H         PUBLIC        P7
BL51 BANKED LINKER/LOCATER V6.00                                                      07/01/2017  18:36:01  PAGE 11


  D:00A8H         PUBLIC        IE
  D:00B8H         PUBLIC        IP
  D:00D8H         PUBLIC        CCON
  D:0098H         PUBLIC        SCON
  C:3D39H         PUBLIC        setup
  D:0088H         PUBLIC        TCON
  D:00F0H         PUBLIC        B
  D:00E0H         PUBLIC        ACC
  D:00D0H         PUBLIC        PSW
  -------         PROC          _UART1_INIT
  D:0004H         SYMBOL        BandRate
  -------         DO            
  X:0000H         SYMBOL        COMx_InitStructure
  -------         ENDDO         
  C:3935H         LINE#         17
  C:3935H         LINE#         18
  C:3935H         LINE#         20
  C:393BH         LINE#         21
  C:393FH         LINE#         22
  C:3943H         LINE#         23
  C:3949H         LINE#         24
  C:394CH         LINE#         25
  C:394FH         LINE#         26
  C:3951H         LINE#         27
  C:3954H         LINE#         28
  C:3956H         LINE#         29
  -------         ENDPROC       _UART1_INIT
  -------         PROC          SETUP
  C:3D39H         LINE#         32
  C:3D39H         LINE#         33
  C:3D39H         LINE#         34
  C:3D44H         LINE#         35
  C:3D47H         LINE#         36
  C:3D4AH         LINE#         37
  C:3D4DH         LINE#         38
  C:3D4FH         LINE#         40
  -------         ENDPROC       SETUP
  -------         ENDMOD        SETUP

  -------         MODULE        MODE
  C:0000H         SYMBOL        _ICE_DUMMY_
  C:3EC3H         PUBLIC        mode1
  C:3EC4H         PUBLIC        mode2
  C:3EC5H         PUBLIC        mode3
  C:3EC6H         PUBLIC        mode4
  C:3EC7H         PUBLIC        modeLauncher
  -------         PROC          MODE1
  C:3EC3H         LINE#         2
  C:3EC3H         LINE#         3
  C:3EC3H         LINE#         5
  -------         ENDPROC       MODE1
  -------         PROC          MODE2
  C:3EC4H         LINE#         7
  C:3EC4H         LINE#         8
  C:3EC4H         LINE#         10
  -------         ENDPROC       MODE2
  -------         PROC          MODE3
BL51 BANKED LINKER/LOCATER V6.00                                                      07/01/2017  18:36:01  PAGE 12


  C:3EC5H         LINE#         13
  C:3EC5H         LINE#         14
  C:3EC5H         LINE#         16
  -------         ENDPROC       MODE3
  -------         PROC          MODE4
  C:3EC6H         LINE#         18
  C:3EC6H         LINE#         19
  C:3EC6H         LINE#         21
  -------         ENDPROC       MODE4
  -------         PROC          MODELAUNCHER
  C:3EC7H         LINE#         22
  C:3EC7H         LINE#         23
  C:3EC7H         LINE#         25
  -------         ENDPROC       MODELAUNCHER
  -------         ENDMOD        MODE

  -------         MODULE        ?RTX51_TINY_KERNAL
  C:3D7EH         SEGMENT       ?RTX?TASKENT?S
  I:0079H         SEGMENT       ?RTX?TASKSP?S
  I:0065H         SEGMENT       ?RTX?TASKSTATE?S
  B:0024H.2       SEGMENT       ?RTX?BITS
  C:1F93H         SEGMENT       ?RTX?CODE
  C:1FE2H         PUBLIC        ?RTX?SET_ISR
  D:000CH         PUBLIC        ?RTX_CURRENTTASK
  D:0007H         PUBLIC        ?RTX_NEXTID
  C:2025H         PUBLIC        ?RTX_NEXTTASK
  N:00FFH         PUBLIC        ?RTX_RAMTOP
  C:3D7EH         PUBLIC        ?RTX_TASKENTRY
  C:2104H         PUBLIC        ?RTX_TASKIDX
  I:0079H         PUBLIC        ?RTX_TASKSP
  I:0065H         PUBLIC        ?RTX_TASKSTATUS
  C:20C8H         PUBLIC        MAIN
  C:200EH         PUBLIC        OS_SWITCH_TASK
  C:2017H         SYMBOL        ?C0001
  C:2021H         SYMBOL        ?C0003
  C:2026H         SYMBOL        ?C0005
  C:2040H         SYMBOL        ?C0007
  C:2042H         SYMBOL        ?C0009
  C:204CH         SYMBOL        ?C0011
  C:2079H         SYMBOL        ?C0012
  C:205FH         SYMBOL        ?C0013
  C:2064H         SYMBOL        ?C0015
  C:206FH         SYMBOL        ?C0016
  N:0000H         SYMBOL        ?RTX51_TINY_KERNAL
  N:D8F0H         SYMBOL        ?RTX_CLOCK
  N:0008H         SYMBOL        ?RTX_REGISTERBANK
  D:000DH         SYMBOL        ?RTX_ROBINTIME
  D:000AH         SYMBOL        ?RTX_SAVEACC
  D:000BH         SYMBOL        ?RTX_SAVEPSW
  C:1F93H         SYMBOL        ?RTX_STACKERROR
  C:1FE6H         SYMBOL        ?RTX_TASKSWITCHING
  B:0024H.2       SYMBOL        ?RTX_TS_DELAY
  D:00E0H         SYMBOL        ACC
  D:00F0H         SYMBOL        B
  N:0005H         SYMBOL        B_ACTIVE
  N:0007H         SYMBOL        B_IVL
  N:0007H         SYMBOL        B_RDY
BL51 BANKED LINKER/LOCATER V6.00                                                      07/01/2017  18:36:01  PAGE 13


  N:0004H         SYMBOL        B_READY
  N:0006H         SYMBOL        B_ROBIN
  N:0002H         SYMBOL        B_SIGNAL
  N:0003H         SYMBOL        B_TIMEOUT
  N:0000H         SYMBOL        B_WAITSIG
  N:0001H         SYMBOL        B_WAITTIM
  C:1FE3H         SYMBOL        CHECKROBINTIME
  C:1FBDH         SYMBOL        CHECKSTACK
  N:0000H         SYMBOL        CODE_BANKING
  N:0000H         SYMBOL        CPU_IDLE_CODE
  D:0083H         SYMBOL        DPH
  D:0082H         SYMBOL        DPL
  B:00A8H.7       SYMBOL        EA
  B:00A8H.4       SYMBOL        ES
  B:00A8H.1       SYMBOL        ET0
  B:00A8H.3       SYMBOL        ET1
  B:00A8H.0       SYMBOL        EX0
  B:00A8H.2       SYMBOL        EX1
  N:0014H         SYMBOL        FREE_STACK
  C:1F97H         SYMBOL        HW_TIMER
  D:00A8H         SYMBOL        IE
  B:0088H.1       SYMBOL        IE0
  B:0088H.3       SYMBOL        IE1
  N:2710H         SYMBOL        INT_CLOCK
  N:0001H         SYMBOL        INT_REGBANK
  B:0088H.0       SYMBOL        IT0
  B:0088H.2       SYMBOL        IT1
  N:0020H         SYMBOL        K_ACTIVE
  N:0080H         SYMBOL        K_IVL
  N:0080H         SYMBOL        K_RDY
  N:0010H         SYMBOL        K_READY
  N:0040H         SYMBOL        K_ROBIN
  N:0001H         SYMBOL        K_SIG
  N:0002H         SYMBOL        K_TMO
  N:0000H         SYMBOL        LONG_USR_INTR
  C:20D1H         SYMBOL        MAIN1
  C:20DBH         SYMBOL        MAIN1X
  C:20D6H         SYMBOL        MAIN2
  C:209CH         SYMBOL        NOEVENT
  C:1FE2H         SYMBOL        NOROBINTIMEOUT
  C:1FD9H         SYMBOL        NOTIMEOUT
  C:1FD7H         SYMBOL        NOWAITTIMEOUT
  C:200EH         SYMBOL        OS_SWITCH_TASK1
  D:0087H         SYMBOL        PCON
  D:00D0H         SYMBOL        PSW
  N:00FFH         SYMBOL        RAMTOP
  N:0080H         SYMBOL        RDY_EVENT
  C:20A8H         SYMBOL        ROBINON
  C:2090H         SYMBOL        SIGNALOFF
  C:209CH         SYMBOL        SIGNALON
  N:0004H         SYMBOL        SIG_EVENT
  D:0081H         SYMBOL        SP
  I:0066H         SYMBOL        TASKSTATE
  D:0088H         SYMBOL        TCON
  B:0088H.5       SYMBOL        TF0
  B:0088H.7       SYMBOL        TF1
  D:008CH         SYMBOL        TH0
BL51 BANKED LINKER/LOCATER V6.00                                                      07/01/2017  18:36:01  PAGE 14


  D:008DH         SYMBOL        TH1
  C:2098H         SYMBOL        TIMEOUTON
  C:1F98H         SYMBOL        TIMERINT
  C:1FC9H         SYMBOL        TIMERLOOP
  I:0065H         SYMBOL        TIMERVAL
  N:0005H         SYMBOL        TIMESHARING
  D:008AH         SYMBOL        TL0
  D:008BH         SYMBOL        TL1
  D:0089H         SYMBOL        TMOD
  N:0008H         SYMBOL        TMO_EVENT
  B:0088H.4       SYMBOL        TR0
  B:0088H.6       SYMBOL        TR1
  C:000BH         LINE#         271
  C:1F93H         LINE#         279
  C:1F97H         LINE#         282
  C:1F98H         LINE#         299
  C:1F9BH         LINE#         301
  C:1F9EH         LINE#         302
  C:1FA1H         LINE#         303
  C:1FA3H         LINE#         305
  C:1FA5H         LINE#         306
  C:1FA7H         LINE#         307
  C:1FA9H         LINE#         308
  C:1FABH         LINE#         309
  C:1FADH         LINE#         310
  C:1FAFH         LINE#         311
  C:1FB1H         LINE#         312
  C:1FB3H         LINE#         316
  C:1FB4H         LINE#         317
  C:1FB6H         LINE#         318
  C:1FB7H         LINE#         319
  C:1FB8H         LINE#         320
  C:1FBBH         LINE#         321
  C:1FBDH         LINE#         322
  C:1FBEH         LINE#         323
  C:1FC0H         LINE#         324
  C:1FC3H         LINE#         325
  C:1FC5H         LINE#         329
  C:1FC7H         LINE#         330
  C:1FC9H         LINE#         331
  C:1FCAH         LINE#         332
  C:1FCBH         LINE#         333
  C:1FCCH         LINE#         334
  C:1FCEH         LINE#         335
  C:1FD0H         LINE#         336
  C:1FD1H         LINE#         337
  C:1FD4H         LINE#         338
  C:1FD6H         LINE#         339
  C:1FD7H         LINE#         340
  C:1FD9H         LINE#         341
  C:1FDAH         LINE#         342
  C:1FDCH         LINE#         344
  C:1FDDH         LINE#         345
  C:1FDFH         LINE#         360
  C:1FE2H         LINE#         366
  C:1FE3H         LINE#         367
  C:1FE6H         LINE#         370
BL51 BANKED LINKER/LOCATER V6.00                                                      07/01/2017  18:36:01  PAGE 15


  C:1FE8H         LINE#         371
  C:1FEAH         LINE#         372
  C:1FECH         LINE#         373
  C:1FEEH         LINE#         374
  C:1FF0H         LINE#         375
  C:1FF2H         LINE#         376
  C:1FF4H         LINE#         377
  C:1FF6H         LINE#         378
  C:1FF8H         LINE#         379
  C:1FFAH         LINE#         380
  C:1FFCH         LINE#         381
  C:1FFEH         LINE#         382
  C:2000H         LINE#         387
  C:2002H         LINE#         388
  C:2003H         LINE#         389
  C:2005H         LINE#         390
  C:2006H         LINE#         391
  C:2008H         LINE#         392
  C:200AH         LINE#         393
  C:200BH         LINE#         394
  C:200CH         LINE#         395
  C:200EH         LINE#         424
  C:2010H         LINE#         426
  C:2012H         LINE#         427
  C:2013H         LINE#         429
  C:2014H         LINE#         430
  C:2016H         LINE#         431
  C:2017H         LINE#         434
  C:2018H         LINE#         435
  C:2019H         LINE#         436
  C:201AH         LINE#         444
  C:201DH         LINE#         445
  C:201FH         LINE#         446
  C:2021H         LINE#         449
  C:2022H         LINE#         450
  C:2025H         LINE#         458
  C:2026H         LINE#         462
  C:2028H         LINE#         463
  C:2029H         LINE#         464
  C:202AH         LINE#         465
  C:202CH         LINE#         468
  C:202EH         LINE#         470
  C:2030H         LINE#         471
  C:2032H         LINE#         472
  C:2033H         LINE#         473
  C:2034H         LINE#         474
  C:2035H         LINE#         476
  C:2037H         LINE#         478
  C:2038H         LINE#         479
  C:2039H         LINE#         480
  C:203BH         LINE#         481
  C:203EH         LINE#         482
  C:2040H         LINE#         484
  C:2041H         LINE#         485
  C:2042H         LINE#         490
  C:2043H         LINE#         491
  C:2044H         LINE#         492
BL51 BANKED LINKER/LOCATER V6.00                                                      07/01/2017  18:36:01  PAGE 16


  C:2046H         LINE#         496
  C:2047H         LINE#         497
  C:2048H         LINE#         498
  C:204AH         LINE#         499
  C:204CH         LINE#         505
  C:204EH         LINE#         506
  C:204FH         LINE#         507
  C:2050H         LINE#         508
  C:2052H         LINE#         510
  C:2054H         LINE#         511
  C:2056H         LINE#         512
  C:2057H         LINE#         513
  C:2058H         LINE#         516
  C:205AH         LINE#         517
  C:205DH         LINE#         518
  C:205FH         LINE#         520
  C:2060H         LINE#         522
  C:2061H         LINE#         523
  C:2062H         LINE#         524
  C:2063H         LINE#         525
  C:2064H         LINE#         529
  C:2066H         LINE#         530
  C:2067H         LINE#         531
  C:2069H         LINE#         535
  C:206BH         LINE#         536
  C:206CH         LINE#         537
  C:206DH         LINE#         539
  C:206FH         LINE#         543
  C:2071H         LINE#         544
  C:2073H         LINE#         545
  C:2074H         LINE#         546
  C:2075H         LINE#         548
  C:2077H         LINE#         549
  C:2079H         LINE#         555
  C:207CH         LINE#         559
  C:207EH         LINE#         560
  C:207FH         LINE#         561
  C:2081H         LINE#         562
  C:2082H         LINE#         563
  C:2084H         LINE#         564
  C:2086H         LINE#         565
  C:2087H         LINE#         567
  C:208AH         LINE#         571
  C:208DH         LINE#         572
  C:2090H         LINE#         576
  C:2092H         LINE#         577
  C:2095H         LINE#         578
  C:2098H         LINE#         580
  C:209AH         LINE#         581
  C:209CH         LINE#         583
  C:209EH         LINE#         584
  C:209FH         LINE#         585
  C:20A1H         LINE#         587
  C:20A3H         LINE#         588
  C:20A5H         LINE#         594
  C:20A7H         LINE#         595
  C:20A8H         LINE#         608
BL51 BANKED LINKER/LOCATER V6.00                                                      07/01/2017  18:36:01  PAGE 17


  C:20A9H         LINE#         609
  C:20ABH         LINE#         614
  C:20ADH         LINE#         615
  C:20AFH         LINE#         616
  C:20B1H         LINE#         617
  C:20B3H         LINE#         618
  C:20B5H         LINE#         619
  C:20B7H         LINE#         620
  C:20B9H         LINE#         621
  C:20BBH         LINE#         622
  C:20BDH         LINE#         623
  C:20BFH         LINE#         624
  C:20C1H         LINE#         625
  C:20C3H         LINE#         626
  C:20C5H         LINE#         627
  C:20C7H         LINE#         628
  C:20C8H         LINE#         642
  C:20CAH         LINE#         643
  C:20CCH         LINE#         644
  C:20CEH         LINE#         645
  C:20D0H         LINE#         646
  C:20D1H         LINE#         647
  C:20D2H         LINE#         648
  C:20D4H         LINE#         649
  C:20D6H         LINE#         650
  C:20D8H         LINE#         651
  C:20D9H         LINE#         652
  C:20DBH         LINE#         653
  C:20DCH         LINE#         654
  C:20DDH         LINE#         655
  C:20DEH         LINE#         656
  C:20DFH         LINE#         657
  C:20E1H         LINE#         658
  C:20E3H         LINE#         659
  C:20E5H         LINE#         660
  C:20E8H         LINE#         661
  C:20EAH         LINE#         662
  C:20EBH         LINE#         663
  C:20EDH         LINE#         664
  C:20EEH         LINE#         665
  C:20EFH         LINE#         666
  C:20F1H         LINE#         668
  C:20F4H         LINE#         670
  C:20F7H         LINE#         671
  C:20FAH         LINE#         672
  C:20FDH         LINE#         673
  C:20FFH         LINE#         674
  C:2101H         LINE#         675
  C:2103H         LINE#         676
  -------         ENDMOD        ?RTX51_TINY_KERNAL

  -------         MODULE        DATASCOPE_DP
  C:0000H         SYMBOL        _ICE_DUMMY_
  D:0080H         PUBLIC        P0
  D:0090H         PUBLIC        P1
  D:00A0H         PUBLIC        P2
  D:00B0H         PUBLIC        P3
BL51 BANKED LINKER/LOCATER V6.00                                                      07/01/2017  18:36:01  PAGE 18


  D:00C0H         PUBLIC        P4
  D:00C8H         PUBLIC        P5
  D:00E8H         PUBLIC        P6
  D:00F8H         PUBLIC        P7
  X:054FH         PUBLIC        DataScope_OutPut_Buffer
  D:00A8H         PUBLIC        IE
  D:00B8H         PUBLIC        IP
  D:00D8H         PUBLIC        CCON
  D:0098H         PUBLIC        SCON
  D:0088H         PUBLIC        TCON
  D:00F0H         PUBLIC        B
  C:2DD2H         PUBLIC        _Float2Byte
  D:00E0H         PUBLIC        ACC
  C:2F25H         PUBLIC        _DataScope_Data_Generate
  C:2A83H         PUBLIC        _DataScope_Get_Channel_Data
  D:00D0H         PUBLIC        PSW
  -------         PROC          _FLOAT2BYTE
  D:0001H         SYMBOL        target
  X:05C5H         SYMBOL        buf
  X:05C8H         SYMBOL        beg
  -------         DO            
  X:05C9H         SYMBOL        point
  -------         ENDDO         
  C:2DD2H         LINE#         25
  C:2DD2H         LINE#         26
  C:2DD2H         LINE#         28
  C:2DDDH         LINE#         29
  C:2DFBH         LINE#         30
  C:2E27H         LINE#         31
  C:2E53H         LINE#         32
  -------         ENDPROC       _FLOAT2BYTE
  -------         PROC          _DATASCOPE_GET_CHANNEL_DATA
  X:05D3H         SYMBOL        Data
  X:05D7H         SYMBOL        Channel
  C:2A83H         LINE#         38
  C:2A89H         LINE#         39
  C:2A89H         LINE#         40
  C:2A9CH         LINE#         41
  C:2A9CH         LINE#         43
  C:2A9CH         LINE#         45
  C:2A9CH         LINE#         46
  C:2AD2H         LINE#         47
  C:2AD2H         LINE#         48
  C:2AD2H         LINE#         49
  C:2AE5H         LINE#         50
  C:2AE8H         LINE#         51
  C:2AE8H         LINE#         52
  C:2AFCH         LINE#         53
  C:2AFFH         LINE#         54
  C:2AFFH         LINE#         55
  C:2B13H         LINE#         56
  C:2B16H         LINE#         57
  C:2B16H         LINE#         58
  C:2B2AH         LINE#         59
  C:2B2DH         LINE#         60
  C:2B2DH         LINE#         61
  C:2B41H         LINE#         62
BL51 BANKED LINKER/LOCATER V6.00                                                      07/01/2017  18:36:01  PAGE 19


  C:2B43H         LINE#         63
  C:2B43H         LINE#         64
  C:2B57H         LINE#         65
  C:2B59H         LINE#         66
  C:2B59H         LINE#         67
  C:2B6DH         LINE#         68
  C:2B6FH         LINE#         69
  C:2B6FH         LINE#         70
  C:2B83H         LINE#         71
  C:2B85H         LINE#         72
  C:2B85H         LINE#         73
  C:2B99H         LINE#         74
  C:2B9BH         LINE#         75
  C:2B9BH         LINE#         76
  C:2BB6H         LINE#         77
  C:2BB6H         LINE#         78
  C:2BB6H         LINE#         79
  C:2BB6H         LINE#         80
  -------         ENDPROC       _DATASCOPE_GET_CHANNEL_DATA
  -------         PROC          _DATASCOPE_DATA_GENERATE
  D:0007H         SYMBOL        Channel_Number
  C:2F25H         LINE#         85
  C:2F25H         LINE#         86
  C:2F25H         LINE#         87
  C:2F2EH         LINE#         88
  C:2F2EH         LINE#         89
  C:2F31H         LINE#         90
  C:2F31H         LINE#         92
  C:2F31H         LINE#         93
  C:2F37H         LINE#         94
  C:2F6DH         LINE#         95
  C:2F6DH         LINE#         96
  C:2F6DH         LINE#         97
  C:2F73H         LINE#         98
  C:2F76H         LINE#         99
  C:2F76H         LINE#         100
  C:2F76H         LINE#         101
  C:2F7CH         LINE#         102
  C:2F7FH         LINE#         103
  C:2F7FH         LINE#         104
  C:2F7FH         LINE#         105
  C:2F85H         LINE#         106
  C:2F88H         LINE#         107
  C:2F88H         LINE#         108
  C:2F88H         LINE#         109
  C:2F8EH         LINE#         110
  C:2F91H         LINE#         111
  C:2F91H         LINE#         112
  C:2F91H         LINE#         113
  C:2F97H         LINE#         114
  C:2F9AH         LINE#         115
  C:2F9AH         LINE#         116
  C:2F9AH         LINE#         117
  C:2FA0H         LINE#         118
  C:2FA3H         LINE#         119
  C:2FA3H         LINE#         120
  C:2FA3H         LINE#         121
BL51 BANKED LINKER/LOCATER V6.00                                                      07/01/2017  18:36:01  PAGE 20


  C:2FA9H         LINE#         122
  C:2FACH         LINE#         123
  C:2FACH         LINE#         124
  C:2FACH         LINE#         125
  C:2FB2H         LINE#         126
  C:2FB5H         LINE#         127
  C:2FB5H         LINE#         128
  C:2FB5H         LINE#         129
  C:2FBBH         LINE#         130
  C:2FBEH         LINE#         131
  C:2FBEH         LINE#         132
  C:2FBEH         LINE#         133
  C:2FC4H         LINE#         134
  C:2FC7H         LINE#         135
  C:2FC7H         LINE#         136
  C:2FC7H         LINE#         137
  C:2FC7H         LINE#         138
  C:2FC9H         LINE#         139
  -------         ENDPROC       _DATASCOPE_DATA_GENERATE
  -------         ENDMOD        DATASCOPE_DP

  -------         MODULE        BUTTON
  C:0000H         SYMBOL        _ICE_DUMMY_
  D:0080H         PUBLIC        P0
  D:0090H         PUBLIC        P1
  D:00A0H         PUBLIC        P2
  D:00B0H         PUBLIC        P3
  D:00C0H         PUBLIC        P4
  D:00C8H         PUBLIC        P5
  D:00E8H         PUBLIC        P6
  D:00F8H         PUBLIC        P7
  D:00A8H         PUBLIC        IE
  D:00B8H         PUBLIC        IP
  D:00D8H         PUBLIC        CCON
  C:35F8H         PUBLIC        buttonScan
  B:0023H.3       SYMBOL        BUTTON1_bit
  B:0023H.4       SYMBOL        BUTTON2_bit
  B:0023H.5       SYMBOL        BUTTON3_bit
  B:0023H.6       SYMBOL        BUTTON4_bit
  D:0098H         PUBLIC        SCON
  B:00A0H.3       PUBLIC        P23
  D:0088H         PUBLIC        TCON
  B:00A0H.4       PUBLIC        P24
  B:00A0H.5       PUBLIC        P25
  B:00A0H.6       PUBLIC        P26
  D:00F0H         PUBLIC        B
  C:3C10H         PUBLIC        _getButtonState
  D:00E0H         PUBLIC        ACC
  C:3B94H         PUBLIC        Button_config
  C:3E4CH         SYMBOL        _digitalRead
  D:00D0H         PUBLIC        PSW
  -------         PROC          BUTTON_CONFIG
  -------         DO            
  X:0000H         SYMBOL        GPIO_InitStructure
  -------         ENDDO         
  C:3B94H         LINE#         25
  C:3B94H         LINE#         26
BL51 BANKED LINKER/LOCATER V6.00                                                      07/01/2017  18:36:01  PAGE 21


  C:3B94H         LINE#         28
  C:3B9AH         LINE#         29
  C:3B9FH         LINE#         30
  C:3BAAH         LINE#         31
  C:3BACH         LINE#         32
  C:3BAEH         LINE#         33
  C:3BB0H         LINE#         34
  C:3BB2H         LINE#         35
  -------         ENDPROC       BUTTON_CONFIG
  -------         PROC          _DIGITALREAD
  D:0006H         SYMBOL        pin
  C:3E4CH         LINE#         43
  C:3E4CH         LINE#         44
  C:3E4CH         LINE#         45
  C:3E50H         LINE#         46
  C:3E50H         LINE#         47
  C:3E55H         LINE#         48
  C:3E55H         LINE#         49
  -------         ENDPROC       _DIGITALREAD
  -------         PROC          _GETBUTTONSTATE
  D:0007H         SYMBOL        BUTTON_data
  C:3C10H         LINE#         61
  C:3C10H         LINE#         62
  C:3C10H         LINE#         63
  C:3C21H         LINE#         64
  C:3C21H         LINE#         65
  C:3C21H         LINE#         66
  C:3C24H         LINE#         67
  C:3C24H         LINE#         68
  C:3C24H         LINE#         69
  C:3C27H         LINE#         70
  C:3C27H         LINE#         71
  C:3C27H         LINE#         72
  C:3C2AH         LINE#         73
  C:3C2AH         LINE#         74
  C:3C2AH         LINE#         75
  C:3C2CH         LINE#         76
  C:3C2CH         LINE#         77
  C:3C2CH         LINE#         78
  -------         ENDPROC       _GETBUTTONSTATE
  -------         PROC          BUTTONSCAN
  C:35F8H         LINE#         88
  C:35F8H         LINE#         89
  C:35F8H         LINE#         90
  C:3603H         LINE#         91
  C:3603H         LINE#         92
  C:3608H         LINE#         93
  C:3613H         LINE#         94
  C:3613H         LINE#         98
  C:3615H         LINE#         99
  C:3615H         LINE#         100
  C:3617H         LINE#         102
  C:3617H         LINE#         103
  C:3619H         LINE#         104
  C:3619H         LINE#         105
  C:3624H         LINE#         106
  C:3624H         LINE#         107
BL51 BANKED LINKER/LOCATER V6.00                                                      07/01/2017  18:36:01  PAGE 22


  C:3627H         LINE#         108
  C:3627H         LINE#         112
  C:3629H         LINE#         113
  C:3629H         LINE#         114
  C:362BH         LINE#         116
  C:362BH         LINE#         117
  C:362DH         LINE#         118
  C:362DH         LINE#         119
  C:3638H         LINE#         120
  C:3638H         LINE#         121
  C:363BH         LINE#         122
  C:363BH         LINE#         126
  C:363DH         LINE#         128
  C:363DH         LINE#         129
  C:363FH         LINE#         131
  C:363FH         LINE#         132
  C:3641H         LINE#         133
  C:3641H         LINE#         134
  C:364CH         LINE#         135
  C:364CH         LINE#         136
  C:364FH         LINE#         137
  C:364FH         LINE#         141
  C:3651H         LINE#         143
  C:3651H         LINE#         144
  C:3652H         LINE#         146
  C:3652H         LINE#         147
  C:3654H         LINE#         148
  C:3654H         LINE#         149
  -------         ENDPROC       BUTTONSCAN
  -------         ENDMOD        BUTTON

  -------         MODULE        LED
  C:0000H         SYMBOL        _ICE_DUMMY_
  D:0080H         PUBLIC        P0
  D:0090H         PUBLIC        P1
  D:00A0H         PUBLIC        P2
  D:00B0H         PUBLIC        P3
  D:00C0H         PUBLIC        P4
  D:00C8H         PUBLIC        P5
  B:0024H.3       SYMBOL        Board_LED_State
  D:00E8H         PUBLIC        P6
  D:00F8H         PUBLIC        P7
  D:00A8H         PUBLIC        IE
  C:3B52H         PUBLIC        _blink
  C:3961H         PUBLIC        Board_LED_Init
  D:00B8H         PUBLIC        IP
  C:3EB4H         PUBLIC        close_Board_LED
  D:00D8H         PUBLIC        CCON
  D:0098H         PUBLIC        SCON
  D:0088H         PUBLIC        TCON
  C:3EAFH         PUBLIC        open_Board_LED
  B:00C8H.5       PUBLIC        P55
  D:00F0H         PUBLIC        B
  D:00E0H         PUBLIC        ACC
  C:3EBDH         PUBLIC        getBoard_LED_State
  C:3E91H         PUBLIC        _Board_LED_PWM
  D:00D0H         PUBLIC        PSW
BL51 BANKED LINKER/LOCATER V6.00                                                      07/01/2017  18:36:01  PAGE 23


  -------         PROC          BOARD_LED_INIT
  -------         DO            
  X:0000H         SYMBOL        GPIO_InitStructure
  -------         ENDDO         
  C:3961H         LINE#         8
  C:3961H         LINE#         9
  C:3961H         LINE#         11
  C:3967H         LINE#         12
  C:396CH         LINE#         13
  C:3977H         LINE#         14
  C:397AH         LINE#         15
  C:397FH         LINE#         16
  C:3982H         LINE#         17
  C:3987H         LINE#         18
  C:3988H         LINE#         19
  -------         ENDPROC       BOARD_LED_INIT
  -------         PROC          OPEN_BOARD_LED
  C:3EAFH         LINE#         20
  C:3EAFH         LINE#         21
  C:3EAFH         LINE#         22
  C:3EB1H         LINE#         23
  C:3EB3H         LINE#         24
  -------         ENDPROC       OPEN_BOARD_LED
  -------         PROC          CLOSE_BOARD_LED
  C:3EB4H         LINE#         25
  C:3EB4H         LINE#         26
  C:3EB4H         LINE#         27
  C:3EB6H         LINE#         28
  C:3EB8H         LINE#         30
  -------         ENDPROC       CLOSE_BOARD_LED
  -------         PROC          _BLINK
  X:003EH         SYMBOL        time
  C:3B52H         LINE#         31
  C:3B57H         LINE#         32
  C:3B57H         LINE#         33
  C:3B61H         LINE#         34
  C:3B61H         LINE#         35
  C:3B64H         LINE#         36
  C:3B69H         LINE#         37
  C:3B6CH         LINE#         38
  C:3B71H         LINE#         40
  C:3B73H         LINE#         41
  -------         ENDPROC       _BLINK
  -------         PROC          GETBOARD_LED_STATE
  C:3EBDH         LINE#         42
  C:3EBDH         LINE#         43
  C:3EBDH         LINE#         44
  C:3EBFH         LINE#         45
  -------         ENDPROC       GETBOARD_LED_STATE
  -------         PROC          _BOARD_LED_PWM
  X:05EEH         SYMBOL        luminance
  C:3E91H         LINE#         46
  C:3E96H         LINE#         47
  C:3E96H         LINE#         48
  C:3E96H         LINE#         49
  C:3E96H         LINE#         52
  C:3E96H         LINE#         54
BL51 BANKED LINKER/LOCATER V6.00                                                      07/01/2017  18:36:01  PAGE 24


  -------         ENDPROC       _BOARD_LED_PWM
  -------         ENDMOD        LED

  -------         MODULE        MOTOR
  C:0000H         SYMBOL        _ICE_DUMMY_
  D:0080H         PUBLIC        P0
  D:0090H         PUBLIC        P1
  D:00A0H         PUBLIC        P2
  D:00B0H         PUBLIC        P3
  D:00C0H         PUBLIC        P4
  D:00C8H         PUBLIC        P5
  D:00E8H         PUBLIC        P6
  D:00F8H         PUBLIC        P7
  D:00A8H         PUBLIC        IE
  D:00B8H         PUBLIC        IP
  D:00D8H         PUBLIC        CCON
  D:0098H         PUBLIC        SCON
  D:0088H         PUBLIC        TCON
  D:00F0H         PUBLIC        B
  D:00E0H         PUBLIC        ACC
  D:00D0H         PUBLIC        PSW
  -------         ENDMOD        MOTOR

  -------         MODULE        FIXEDPULSER
  C:0000H         SYMBOL        _ICE_DUMMY_
  D:0080H         PUBLIC        P0
  D:0090H         PUBLIC        P1
  D:00A0H         PUBLIC        P2
  D:00B0H         PUBLIC        P3
  D:00C0H         PUBLIC        P4
  D:00C8H         PUBLIC        P5
  D:00E8H         PUBLIC        P6
  D:00F8H         PUBLIC        P7
  D:00BAH         PUBLIC        P_SW2
  D:00A8H         PUBLIC        IE
  C:383CH         PUBLIC        PulserInit
  C:3E83H         PUBLIC        _closePulser
  D:00B8H         PUBLIC        IP
  D:00D8H         PUBLIC        CCON
  C:3E1CH         PUBLIC        _makePulse
  C:3E7CH         PUBLIC        _openPulser
  D:0098H         PUBLIC        SCON
  D:0088H         PUBLIC        TCON
  C:3EC8H         PUBLIC        PWM_Routine
  D:00F0H         PUBLIC        B
  C:3E8AH         PUBLIC        _getPulserState
  D:00E0H         PUBLIC        ACC
  C:3EC9H         PUBLIC        PWMFD_Routine
  D:00D0H         PUBLIC        PSW
  -------         PROC          _MAKEPULSE
  D:0006H         SYMBOL        Pin
  X:05E1H         SYMBOL        Hz
  X:05E2H         SYMBOL        count
  C:3E1CH         LINE#         4
  C:3E27H         LINE#         5
  C:3E27H         LINE#         6
  C:3E27H         LINE#         7
BL51 BANKED LINKER/LOCATER V6.00                                                      07/01/2017  18:36:01  PAGE 25


  C:3E28H         LINE#         8
  -------         ENDPROC       _MAKEPULSE
  -------         PROC          _OPENPULSER
  X:05EFH         SYMBOL        whichPulser
  C:3E7CH         LINE#         9
  C:3E81H         LINE#         10
  C:3E81H         LINE#         12
  C:3E82H         LINE#         13
  -------         ENDPROC       _OPENPULSER
  -------         PROC          _CLOSEPULSER
  X:05F0H         SYMBOL        whichPulser
  C:3E83H         LINE#         14
  C:3E88H         LINE#         15
  C:3E88H         LINE#         16
  C:3E89H         LINE#         18
  -------         ENDPROC       _CLOSEPULSER
  -------         PROC          _GETPULSERSTATE
  X:05F1H         SYMBOL        whichPulser
  C:3E8AH         LINE#         19
  C:3E8FH         LINE#         20
  C:3E8FH         LINE#         22
  C:3E90H         LINE#         24
  -------         ENDPROC       _GETPULSERSTATE
  -------         PROC          PWM_ROUTINE
  C:3EC8H         LINE#         25
  C:3EC8H         LINE#         28
  -------         ENDPROC       PWM_ROUTINE
  -------         PROC          PWMFD_ROUTINE
  C:3EC9H         LINE#         29
  C:3EC9H         LINE#         32
  -------         ENDPROC       PWMFD_ROUTINE
  -------         PROC          PULSERINIT
  -------         DO            
  X:05A4H         SYMBOL        PWM_InitStructure
  -------         ENDDO         
  C:383CH         LINE#         33
  C:383CH         LINE#         34
  C:383CH         LINE#         37
  C:383FH         LINE#         38
  C:3844H         LINE#         39
  C:3846H         LINE#         40
  C:3848H         LINE#         41
  C:384BH         LINE#         42
  C:384EH         LINE#         43
  C:3850H         LINE#         44
  C:3852H         LINE#         45
  C:3854H         LINE#         46
  C:3856H         LINE#         47
  C:3858H         LINE#         48
  C:385AH         LINE#         49
  C:385CH         LINE#         50
  C:385FH         LINE#         51
  C:3862H         LINE#         52
  C:3865H         LINE#         53
  C:3868H         LINE#         54
  C:3873H         LINE#         55
  C:387EH         LINE#         57
BL51 BANKED LINKER/LOCATER V6.00                                                      07/01/2017  18:36:01  PAGE 26


  C:3881H         LINE#         58
  -------         ENDPROC       PULSERINIT
  -------         ENDMOD        FIXEDPULSER

  -------         MODULE        ADC
  C:0000H         SYMBOL        _ICE_DUMMY_
  D:0080H         PUBLIC        P0
  D:0090H         PUBLIC        P1
  C:375AH         PUBLIC        _ADC_Inilize
  D:00A0H         PUBLIC        P2
  D:00B0H         PUBLIC        P3
  D:00C0H         PUBLIC        P4
  D:00C8H         PUBLIC        P5
  D:00E8H         PUBLIC        P6
  D:00F8H         PUBLIC        P7
  B:00A8H.5       PUBLIC        EADC
  D:00A8H         PUBLIC        IE
  D:00BDH         PUBLIC        ADC_RES
  B:00B8H.5       PUBLIC        PADC
  D:00B8H         PUBLIC        IP
  C:3E35H         PUBLIC        _ADC_PowerControl
  D:00D8H         PUBLIC        CCON
  D:00BCH         PUBLIC        ADC_CONTR
  D:0098H         PUBLIC        SCON
  D:0088H         PUBLIC        TCON
  D:00F0H         PUBLIC        B
  D:00E0H         PUBLIC        ACC
  D:009DH         PUBLIC        P1ASF
  D:00BEH         PUBLIC        ADC_RESL
  D:0097H         PUBLIC        PCON2
  C:359AH         PUBLIC        _Get_ADC10bitResult
  C:3EB9H         PUBLIC        ADC_int
  D:00D0H         PUBLIC        PSW
  -------         PROC          _ADC_INILIZE
  D:0001H         SYMBOL        ADCx
  C:375AH         LINE#         22
  C:375AH         LINE#         23
  C:375AH         LINE#         24
  C:375FH         LINE#         25
  C:376DH         LINE#         26
  C:3776H         LINE#         27
  C:3776H         LINE#         28
  C:3779H         LINE#         29
  C:377BH         LINE#         31
  C:377BH         LINE#         32
  C:377EH         LINE#         33
  C:377EH         LINE#         34
  C:3787H         LINE#         35
  C:3787H         LINE#         36
  C:378AH         LINE#         37
  C:378CH         LINE#         39
  C:378CH         LINE#         40
  C:378FH         LINE#         41
  C:378FH         LINE#         42
  C:3798H         LINE#         43
  C:3798H         LINE#         44
  C:379AH         LINE#         45
BL51 BANKED LINKER/LOCATER V6.00                                                      07/01/2017  18:36:01  PAGE 27


  C:379CH         LINE#         47
  C:379CH         LINE#         48
  C:379EH         LINE#         49
  C:379EH         LINE#         50
  C:37A7H         LINE#         51
  C:37A7H         LINE#         52
  C:37A9H         LINE#         53
  C:37AAH         LINE#         55
  C:37AAH         LINE#         56
  C:37ACH         LINE#         57
  C:37ACH         LINE#         58
  -------         ENDPROC       _ADC_INILIZE
  -------         PROC          _ADC_POWERCONTROL
  D:0007H         SYMBOL        pwr
  C:3E35H         LINE#         66
  C:3E35H         LINE#         67
  C:3E35H         LINE#         68
  C:3E39H         LINE#         69
  C:3E39H         LINE#         70
  C:3E3CH         LINE#         71
  C:3E3DH         LINE#         73
  C:3E3DH         LINE#         74
  C:3E40H         LINE#         75
  C:3E40H         LINE#         76
  -------         ENDPROC       _ADC_POWERCONTROL
  -------         PROC          _GET_ADC10BITRESULT
  D:0007H         SYMBOL        channel
  -------         DO            
  D:0004H         SYMBOL        adc
  D:0003H         SYMBOL        i
  -------         ENDDO         
  C:359AH         LINE#         84
  C:359AH         LINE#         85
  C:359AH         LINE#         88
  C:35A0H         LINE#         89
  C:35A0H         LINE#         90
  C:35A2H         LINE#         91
  C:35A2H         LINE#         92
  C:35A5H         LINE#         93
  C:35A7H         LINE#         94
  C:35B0H         LINE#         95
  C:35B4H         LINE#         96
  C:35B6H         LINE#         97
  C:35B6H         LINE#         98
  C:35BBH         LINE#         99
  C:35BBH         LINE#         100
  C:35BEH         LINE#         101
  C:35C3H         LINE#         102
  C:35C3H         LINE#         103
  C:35C7H         LINE#         104
  C:35CAH         LINE#         105
  C:35CCH         LINE#         107
  C:35CCH         LINE#         108
  C:35D2H         LINE#         109
  C:35E9H         LINE#         110
  C:35E9H         LINE#         111
  C:35EEH         LINE#         112
BL51 BANKED LINKER/LOCATER V6.00                                                      07/01/2017  18:36:01  PAGE 28


  C:35EEH         LINE#         113
  C:35F3H         LINE#         114
  C:35F7H         LINE#         115
  -------         ENDPROC       _GET_ADC10BITRESULT
  -------         PROC          ADC_INT
  C:3EB9H         LINE#         123
  C:3EB9H         LINE#         125
  C:3EBCH         LINE#         126
  -------         ENDPROC       ADC_INT
  -------         ENDMOD        ADC

  -------         MODULE        DELAY
  C:0000H         SYMBOL        _ICE_DUMMY_
  D:0080H         PUBLIC        P0
  D:0090H         PUBLIC        P1
  D:00A0H         PUBLIC        P2
  D:00B0H         PUBLIC        P3
  D:00C0H         PUBLIC        P4
  D:00C8H         PUBLIC        P5
  D:00E8H         PUBLIC        P6
  D:00F8H         PUBLIC        P7
  D:00A8H         PUBLIC        IE
  D:00B8H         PUBLIC        IP
  D:00D8H         PUBLIC        CCON
  D:0098H         PUBLIC        SCON
  D:0088H         PUBLIC        TCON
  D:00F0H         PUBLIC        B
  D:00E0H         PUBLIC        ACC
  C:3DF1H         PUBLIC        _delay_ms
  D:00D0H         PUBLIC        PSW
  -------         PROC          _DELAY_MS
  D:0007H         SYMBOL        ms
  -------         DO            
  D:0004H         SYMBOL        i
  -------         ENDDO         
  C:3DF1H         LINE#         26
  C:3DF1H         LINE#         27
  C:3DF1H         LINE#         30
  C:3DF1H         LINE#         31
  C:3DF5H         LINE#         32
  C:3DFEH         LINE#         33
  C:3DFEH         LINE#         35
  C:3DFEH         LINE#         36
  C:3DFEH         LINE#         37
  C:3E00H         LINE#         38
  -------         ENDPROC       _DELAY_MS
  -------         ENDMOD        DELAY

  -------         MODULE        GPIO
  C:0000H         SYMBOL        _ICE_DUMMY_
  D:0093H         PUBLIC        P0M1
  D:0092H         PUBLIC        P1M0
  D:0096H         PUBLIC        P2M0
  D:0091H         PUBLIC        P1M1
  D:0080H         PUBLIC        P0
  D:00B2H         PUBLIC        P3M0
  D:0095H         PUBLIC        P2M1
BL51 BANKED LINKER/LOCATER V6.00                                                      07/01/2017  18:36:01  PAGE 29


  D:0090H         PUBLIC        P1
  D:00B4H         PUBLIC        P4M0
  D:00B1H         PUBLIC        P3M1
  D:00A0H         PUBLIC        P2
  D:00CAH         PUBLIC        P5M0
  D:00B3H         PUBLIC        P4M1
  D:00B0H         PUBLIC        P3
  D:00C9H         PUBLIC        P5M1
  D:00C0H         PUBLIC        P4
  D:00C8H         PUBLIC        P5
  D:00E8H         PUBLIC        P6
  D:00F8H         PUBLIC        P7
  D:00A8H         PUBLIC        IE
  D:00B8H         PUBLIC        IP
  D:00D8H         PUBLIC        CCON
  D:0098H         PUBLIC        SCON
  D:0088H         PUBLIC        TCON
  D:00F0H         PUBLIC        B
  D:00E0H         PUBLIC        ACC
  C:24ACH         PUBLIC        _GPIO_Inilize
  D:00D0H         PUBLIC        PSW
  C:3EC0H         PUBLIC        _setPinState
  D:0094H         PUBLIC        P0M0
  -------         PROC          _SETPINSTATE
  D:0007H         SYMBOL        Pin
  B:0024H.4       SYMBOL        State
  C:3EC0H         LINE#         18
  C:3EC0H         LINE#         19
  C:3EC0H         LINE#         20
  C:3EC2H         LINE#         23
  -------         ENDPROC       _SETPINSTATE
  -------         PROC          _GPIO_INILIZE
  D:0007H         SYMBOL        GPIO
  D:0001H         SYMBOL        GPIOx
  C:24ACH         LINE#         31
  C:24ACH         LINE#         32
  C:24ACH         LINE#         33
  C:24B2H         LINE#         34
  C:24B2H         LINE#         35
  C:24B5H         LINE#         36
  C:24B5H         LINE#         37
  C:24BEH         LINE#         38
  C:24BEH         LINE#         39
  C:24C1H         LINE#         40
  C:24C1H         LINE#         41
  C:24C4H         LINE#         42
  C:24C4H         LINE#         43
  C:24C7H         LINE#         44
  C:24C7H         LINE#         45
  C:24D2H         LINE#         46
  C:24D2H         LINE#         47
  C:24D8H         LINE#         48
  C:24D8H         LINE#         49
  C:24E3H         LINE#         50
  C:24E3H         LINE#         51
  C:24EAH         LINE#         52
  C:24EAH         LINE#         53
BL51 BANKED LINKER/LOCATER V6.00                                                      07/01/2017  18:36:01  PAGE 30


  C:24F4H         LINE#         54
  C:24F4H         LINE#         55
  C:24F8H         LINE#         56
  C:24F8H         LINE#         57
  C:2505H         LINE#         58
  C:2505H         LINE#         59
  C:2505H         LINE#         60
  C:250AH         LINE#         61
  C:250AH         LINE#         62
  C:2510H         LINE#         63
  C:2510H         LINE#         64
  C:251BH         LINE#         65
  C:251BH         LINE#         66
  C:251FH         LINE#         67
  C:251FH         LINE#         68
  C:252AH         LINE#         69
  C:252AH         LINE#         70
  C:2530H         LINE#         71
  C:2530H         LINE#         72
  C:253AH         LINE#         73
  C:253AH         LINE#         74
  C:2540H         LINE#         75
  C:2540H         LINE#         76
  C:254DH         LINE#         77
  C:254DH         LINE#         78
  C:254DH         LINE#         79
  C:2552H         LINE#         80
  C:2552H         LINE#         81
  C:2558H         LINE#         82
  C:2558H         LINE#         83
  C:2563H         LINE#         84
  C:2563H         LINE#         85
  C:2567H         LINE#         86
  C:2567H         LINE#         87
  C:2572H         LINE#         88
  C:2572H         LINE#         89
  C:2578H         LINE#         90
  C:2578H         LINE#         91
  C:2582H         LINE#         92
  C:2582H         LINE#         93
  C:2588H         LINE#         94
  C:2588H         LINE#         95
  C:2595H         LINE#         96
  C:2595H         LINE#         97
  C:2595H         LINE#         98
  C:259AH         LINE#         99
  C:259AH         LINE#         100
  C:25A0H         LINE#         101
  C:25A0H         LINE#         102
  C:25ABH         LINE#         103
  C:25ABH         LINE#         104
  C:25AFH         LINE#         105
  C:25AFH         LINE#         106
  C:25BAH         LINE#         107
  C:25BAH         LINE#         108
  C:25C0H         LINE#         109
  C:25C0H         LINE#         110
BL51 BANKED LINKER/LOCATER V6.00                                                      07/01/2017  18:36:01  PAGE 31


  C:25CAH         LINE#         111
  C:25CAH         LINE#         112
  C:25D0H         LINE#         113
  C:25D0H         LINE#         114
  C:25DDH         LINE#         115
  C:25DDH         LINE#         116
  C:25DDH         LINE#         117
  C:25E2H         LINE#         118
  C:25E2H         LINE#         119
  C:25E8H         LINE#         120
  C:25E8H         LINE#         121
  C:25F3H         LINE#         122
  C:25F3H         LINE#         123
  C:25F7H         LINE#         124
  C:25F7H         LINE#         125
  C:2602H         LINE#         126
  C:2602H         LINE#         127
  C:2608H         LINE#         128
  C:2608H         LINE#         129
  C:2612H         LINE#         130
  C:2612H         LINE#         131
  C:2618H         LINE#         132
  C:2618H         LINE#         133
  C:2625H         LINE#         134
  C:2625H         LINE#         135
  C:2625H         LINE#         136
  C:262AH         LINE#         137
  C:262AH         LINE#         138
  C:2630H         LINE#         139
  C:2630H         LINE#         140
  C:263BH         LINE#         141
  C:263BH         LINE#         142
  C:263FH         LINE#         143
  C:263FH         LINE#         144
  C:264AH         LINE#         145
  C:264AH         LINE#         146
  C:2650H         LINE#         147
  C:2650H         LINE#         148
  C:265AH         LINE#         149
  C:265AH         LINE#         150
  C:2660H         LINE#         151
  C:2660H         LINE#         152
  C:266DH         LINE#         153
  C:266DH         LINE#         154
  C:266DH         LINE#         155
  C:266FH         LINE#         156
  -------         ENDPROC       _GPIO_INILIZE
  -------         ENDMOD        GPIO

  -------         MODULE        PCA
  C:0000H         SYMBOL        _ICE_DUMMY_
  B:00D8H.2       PUBLIC        CCF2
  D:0080H         PUBLIC        P0
  D:0090H         PUBLIC        P1
  D:00A0H         PUBLIC        P2
  D:00B0H         PUBLIC        P3
  D:00C0H         PUBLIC        P4
BL51 BANKED LINKER/LOCATER V6.00                                                      07/01/2017  18:36:01  PAGE 32


  D:00C8H         PUBLIC        P5
  D:00E8H         PUBLIC        P6
  D:00F8H         PUBLIC        P7
  D:00F9H         PUBLIC        CH
  X:058FH         PUBLIC        PCA0_mode
  X:0590H         PUBLIC        PCA1_mode
  D:00A8H         PUBLIC        IE
  X:0591H         PUBLIC        PCA2_mode
  D:00E9H         PUBLIC        CL
  D:00FAH         PUBLIC        CCAP0H
  D:00FBH         PUBLIC        CCAP1H
  D:00FCH         PUBLIC        CCAP2H
  B:00D8H.6       PUBLIC        CR
  D:00EAH         PUBLIC        CCAP0L
  D:00EBH         PUBLIC        CCAP1L
  D:00DAH         PUBLIC        CCAPM0
  D:00ECH         PUBLIC        CCAP2L
  D:00DBH         PUBLIC        CCAPM1
  D:00DCH         PUBLIC        CCAPM2
  D:00B8H         PUBLIC        IP
  D:00D9H         PUBLIC        CMOD
  D:00D8H         PUBLIC        CCON
  B:00B8H.7       PUBLIC        PPCA
  C:2D24H         PUBLIC        _PWMn_Update
  B:0023H.7       PUBLIC        B_Capture0
  B:0024H.0       PUBLIC        B_Capture1
  B:0024H.1       PUBLIC        B_Capture2
  D:0098H         PUBLIC        SCON
  D:0088H         PUBLIC        TCON
  B:00A0H.5       PUBLIC        P25
  B:00A0H.6       PUBLIC        P26
  B:00A0H.7       PUBLIC        P27
  D:00F0H         PUBLIC        B
  D:00E0H         PUBLIC        ACC
  C:280FH         PUBLIC        _pwmOutPut
  C:2670H         PUBLIC        _PCA_Init
  X:0592H         PUBLIC        PWM0_low
  X:0594H         PUBLIC        PWM1_low
  D:00F2H         PUBLIC        PCA_PWM0
  X:0596H         PUBLIC        PWM2_low
  D:00F3H         PUBLIC        PCA_PWM1
  D:00F4H         PUBLIC        PCA_PWM2
  X:0598H         PUBLIC        PCA_Timer0
  X:059AH         PUBLIC        PCA_Timer1
  X:059CH         PUBLIC        PCA_Timer2
  D:00A2H         PUBLIC        AUXR1
  C:2FCAH         PUBLIC        PCA_Handler
  D:00D0H         PUBLIC        PSW
  X:059EH         PUBLIC        CCAP0_tmp
  X:05A0H         PUBLIC        CCAP1_tmp
  B:00D8H.0       PUBLIC        CCF0
  X:05A2H         PUBLIC        CCAP2_tmp
  B:00D8H.1       PUBLIC        CCF1
  -------         PROC          _PWMN_UPDATE
  D:0007H         SYMBOL        PCA_id
  D:0004H         SYMBOL        high
  C:2D24H         LINE#         34
BL51 BANKED LINKER/LOCATER V6.00                                                      07/01/2017  18:36:01  PAGE 33


  C:2D24H         LINE#         35
  C:2D24H         LINE#         36
  C:2D27H         LINE#         37
  C:2D27H         LINE#         38
  C:2D30H         LINE#         39
  C:2D30H         LINE#         40
  C:2D34H         LINE#         41
  C:2D34H         LINE#         42
  C:2D3DH         LINE#         43
  C:2D3DH         LINE#         44
  C:2D41H         LINE#         45
  C:2D41H         LINE#         46
  C:2D43H         LINE#         47
  C:2D4BH         LINE#         48
  C:2D59H         LINE#         49
  C:2D59H         LINE#         50
  C:2D5BH         LINE#         51
  C:2D60H         LINE#         52
  C:2D60H         LINE#         53
  C:2D69H         LINE#         54
  C:2D69H         LINE#         55
  C:2D6DH         LINE#         56
  C:2D6DH         LINE#         57
  C:2D76H         LINE#         58
  C:2D76H         LINE#         59
  C:2D7AH         LINE#         60
  C:2D7AH         LINE#         61
  C:2D7CH         LINE#         62
  C:2D84H         LINE#         63
  C:2D92H         LINE#         64
  C:2D92H         LINE#         65
  C:2D94H         LINE#         66
  C:2D99H         LINE#         67
  C:2D99H         LINE#         68
  C:2DA2H         LINE#         69
  C:2DA2H         LINE#         70
  C:2DA6H         LINE#         71
  C:2DA6H         LINE#         72
  C:2DAFH         LINE#         73
  C:2DAFH         LINE#         74
  C:2DB3H         LINE#         75
  C:2DB3H         LINE#         76
  C:2DB5H         LINE#         77
  C:2DBDH         LINE#         78
  C:2DCFH         LINE#         79
  C:2DD1H         LINE#         80
  C:2DD1H         LINE#         81
  -------         ENDPROC       _PWMN_UPDATE
  -------         PROC          _PCA_INIT
  D:0005H         SYMBOL        PCA_id
  X:05E4H         SYMBOL        PCAx
  C:2670H         LINE#         106
  C:267DH         LINE#         107
  C:267DH         LINE#         108
  C:2686H         LINE#         109
  C:2686H         LINE#         111
  C:2686H         LINE#         112
BL51 BANKED LINKER/LOCATER V6.00                                                      07/01/2017  18:36:01  PAGE 34


  C:268BH         LINE#         113
  C:268BH         LINE#         114
  C:268DH         LINE#         115
  C:268FH         LINE#         116
  C:2691H         LINE#         117
  C:26A7H         LINE#         118
  C:26B5H         LINE#         119
  C:26C5H         LINE#         120
  C:26CEH         LINE#         121
[...]
  C:15B0H         LINE#         183
  C:15BEH         LINE#         184
  C:15C1H         LINE#         185
  C:15CEH         LINE#         186
  C:15D1H         LINE#         188
  C:15D1H         LINE#         190
  C:15DCH         LINE#         191
  C:15DCH         LINE#         192
  C:15E2H         LINE#         193
  C:15E5H         LINE#         194
  C:15E7H         LINE#         195
  C:15E9H         LINE#         196
  C:15EBH         LINE#         197
  C:15EDH         LINE#         198
  C:15EFH         LINE#         199
  C:1611H         LINE#         200
  C:1634H         LINE#         202
  C:164FH         LINE#         203
  C:164FH         LINE#         204
  C:1652H         LINE#         205
  C:165BH         LINE#         206
  C:165EH         LINE#         207
  C:1680H         LINE#         208
  C:169DH         LINE#         209
  C:16BFH         LINE#         210
  C:16D5H         LINE#         211
  C:16D5H         LINE#         212
  C:16D8H         LINE#         213
  C:16DBH         LINE#         214
  C:16DEH         LINE#         215
  C:16E1H         LINE#         216
  C:16F6H         LINE#         217
  C:16FFH         LINE#         218
  C:1702H         LINE#         219
  C:1705H         LINE#         220
  C:1707H         LINE#         221
  C:170CH         LINE#         222
  C:170CH         LINE#         223
  C:170FH         LINE#         224
  C:1712H         LINE#         225
  C:1715H         LINE#         226
  C:1718H         LINE#         227
BL51 BANKED LINKER/LOCATER V6.00                                                      07/01/2017  18:36:01  PAGE 63


  C:171BH         LINE#         228
  C:171EH         LINE#         229
  C:1733H         LINE#         230
  C:173CH         LINE#         231
  C:173FH         LINE#         232
  C:1741H         LINE#         233
  C:1744H         LINE#         234
  C:1744H         LINE#         235
  C:1747H         LINE#         236
  C:1760H         LINE#         237
  C:1763H         LINE#         238
  C:1771H         LINE#         239
  C:1774H         LINE#         240
  C:1784H         LINE#         241
  C:1787H         LINE#         242
  C:1787H         LINE#         244
  C:1789H         LINE#         245
  -------         ENDPROC       _USART_CONFIGURATION
  -------         PROC          _TX1_WRITE2BUFF
  D:0007H         SYMBOL        dat
  C:3A28H         LINE#         250
  C:3A28H         LINE#         251
  C:3A28H         LINE#         252
  C:3A37H         LINE#         253
  C:3A44H         LINE#         255
  C:3A4AH         LINE#         256
  C:3A4AH         LINE#         257
  C:3A4CH         LINE#         258
  C:3A4EH         LINE#         259
  C:3A4EH         LINE#         260
  -------         ENDPROC       _TX1_WRITE2BUFF
  -------         PROC          _TX2_WRITE2BUFF
  D:0007H         SYMBOL        dat
  C:3989H         LINE#         262
  C:3989H         LINE#         263
  C:3989H         LINE#         264
  C:3998H         LINE#         265
  C:39A5H         LINE#         267
  C:39ABH         LINE#         268
  C:39ABH         LINE#         269
  C:39ADH         LINE#         270
  C:39B0H         LINE#         271
  C:39B0H         LINE#         272
  -------         ENDPROC       _TX2_WRITE2BUFF
  -------         PROC          _TX3_WRITE2BUFF
  D:0007H         SYMBOL        dat
  C:39B1H         LINE#         274
  C:39B1H         LINE#         275
  C:39B1H         LINE#         276
  C:39C0H         LINE#         277
  C:39CDH         LINE#         279
  C:39D3H         LINE#         280
  C:39D3H         LINE#         281
  C:39D5H         LINE#         282
  C:39D8H         LINE#         283
  C:39D8H         LINE#         284
  -------         ENDPROC       _TX3_WRITE2BUFF
BL51 BANKED LINKER/LOCATER V6.00                                                      07/01/2017  18:36:01  PAGE 64


  -------         PROC          _TX4_WRITE2BUFF
  D:0007H         SYMBOL        dat
  C:39D9H         LINE#         286
  C:39D9H         LINE#         287
  C:39D9H         LINE#         288
  C:39E8H         LINE#         289
  C:39F5H         LINE#         291
  C:39FBH         LINE#         292
  C:39FBH         LINE#         293
  C:39FDH         LINE#         294
  C:3A00H         LINE#         295
  C:3A00H         LINE#         296
  -------         ENDPROC       _TX4_WRITE2BUFF
  -------         PROC          _PRINTSTRING1
  D:0001H         SYMBOL        puts
  C:3D67H         LINE#         298
  C:3D67H         LINE#         299
  C:3D67H         LINE#         300
  C:3D69H         LINE#         301
  C:3D7BH         LINE#         302
  C:3D7DH         LINE#         303
  -------         ENDPROC       _PRINTSTRING1
  -------         PROC          _PRINTSTRING2
  D:0001H         SYMBOL        puts
  C:3DA6H         LINE#         305
  C:3DA6H         LINE#         306
  C:3DA6H         LINE#         307
  C:3DB8H         LINE#         308
  -------         ENDPROC       _PRINTSTRING2
  -------         PROC          _PRINTSTRING3
  D:0001H         SYMBOL        puts
  C:3DB9H         LINE#         310
  C:3DB9H         LINE#         311
  C:3DB9H         LINE#         312
  C:3DCBH         LINE#         313
  -------         ENDPROC       _PRINTSTRING3
  -------         PROC          _PRINTSTRING4
  D:0001H         SYMBOL        puts
  C:3DCCH         LINE#         315
  C:3DCCH         LINE#         316
  C:3DCCH         LINE#         317
  C:3DDEH         LINE#         318
  -------         ENDPROC       _PRINTSTRING4
  -------         PROC          UART1_INT
  C:3439H         LINE#         325
  C:3448H         LINE#         327
  C:344BH         LINE#         328
  C:344BH         LINE#         329
  C:344DH         LINE#         330
  C:3453H         LINE#         331
  C:3453H         LINE#         332
  C:345EH         LINE#         333
  C:3472H         LINE#         334
  C:3478H         LINE#         335
  C:3478H         LINE#         336
  C:3478H         LINE#         338
  C:347BH         LINE#         339
BL51 BANKED LINKER/LOCATER V6.00                                                      07/01/2017  18:36:01  PAGE 65


  C:347BH         LINE#         340
  C:347DH         LINE#         341
  C:348AH         LINE#         342
  C:348AH         LINE#         343
  C:3497H         LINE#         344
  C:34A4H         LINE#         345
  C:34A6H         LINE#         346
  C:34ABH         LINE#         347
  C:34ABH         LINE#         348
  -------         ENDPROC       UART1_INT
  -------         PROC          UART2_INT
  C:32AAH         LINE#         351
  C:32B9H         LINE#         353
  C:32BEH         LINE#         354
  C:32BEH         LINE#         355
  C:32C1H         LINE#         356
  C:32C7H         LINE#         357
  C:32C7H         LINE#         358
  C:32D2H         LINE#         359
  C:32E6H         LINE#         360
  C:32ECH         LINE#         361
  C:32ECH         LINE#         362
  C:32ECH         LINE#         364
  C:32F1H         LINE#         365
  C:32F1H         LINE#         366
  C:32F4H         LINE#         367
  C:3301H         LINE#         368
  C:3301H         LINE#         369
  C:330EH         LINE#         370
  C:331BH         LINE#         371
  C:331DH         LINE#         372
  C:3322H         LINE#         373
  C:3322H         LINE#         375
  -------         ENDPROC       UART2_INT
  -------         PROC          UART3_INT
  C:332FH         LINE#         379
  C:333EH         LINE#         381
  C:3343H         LINE#         382
  C:3343H         LINE#         383
  C:3346H         LINE#         384
  C:334CH         LINE#         385
  C:334CH         LINE#         386
  C:3357H         LINE#         387
  C:336BH         LINE#         388
  C:3371H         LINE#         389
  C:3371H         LINE#         390
  C:3371H         LINE#         392
  C:3376H         LINE#         393
  C:3376H         LINE#         394
  C:3379H         LINE#         395
  C:3386H         LINE#         396
  C:3386H         LINE#         397
  C:3393H         LINE#         398
  C:33A0H         LINE#         399
  C:33A2H         LINE#         400
  C:33A7H         LINE#         401
  C:33A7H         LINE#         403
BL51 BANKED LINKER/LOCATER V6.00                                                      07/01/2017  18:36:01  PAGE 66


  -------         ENDPROC       UART3_INT
  -------         PROC          UART4_INT
  C:33B4H         LINE#         407
  C:33C3H         LINE#         409
  C:33C8H         LINE#         410
  C:33C8H         LINE#         411
  C:33CBH         LINE#         412
  C:33D1H         LINE#         413
  C:33D1H         LINE#         414
  C:33DCH         LINE#         415
  C:33F0H         LINE#         416
  C:33F6H         LINE#         417
  C:33F6H         LINE#         418
  C:33F6H         LINE#         420
  C:33FBH         LINE#         421
  C:33FBH         LINE#         422
  C:33FEH         LINE#         423
  C:340BH         LINE#         424
  C:340BH         LINE#         425
  C:3418H         LINE#         426
  C:3425H         LINE#         427
  C:3427H         LINE#         428
  C:342CH         LINE#         429
  C:342CH         LINE#         431
  -------         ENDPROC       UART4_INT
  -------         ENDMOD        USART1

  -------         MODULE        ?C?FPMUL
  C:0800H         PUBLIC        ?C?FPMUL
  -------         ENDMOD        ?C?FPMUL

  -------         MODULE        ?C?FPCMP
  C:0908H         PUBLIC        ?C?FPCMP
  C:0906H         PUBLIC        ?C?FPCMP3
  -------         ENDMOD        ?C?FPCMP

  -------         MODULE        ?C?FCAST
  C:097DH         PUBLIC        ?C?FCASTC
  C:0978H         PUBLIC        ?C?FCASTI
  C:0973H         PUBLIC        ?C?FCASTL
  -------         ENDMOD        ?C?FCAST

  -------         MODULE        ?C?CASTF
  C:09B1H         PUBLIC        ?C?CASTF
  -------         ENDMOD        ?C?CASTF

  -------         MODULE        PRINTF
  X:025DH         PUBLIC        ?_PRINTF?BYTE
  X:025DH         PUBLIC        ?_SPRINTF?BYTE
  C:17F5H         PUBLIC        _PRINTF
  C:17EFH         PUBLIC        _SPRINTF
  -------         ENDMOD        PRINTF

  -------         MODULE        ?C?FPROUND
  C:0A32H         PUBLIC        ?C?FPROUND
  -------         ENDMOD        ?C?FPROUND

BL51 BANKED LINKER/LOCATER V6.00                                                      07/01/2017  18:36:01  PAGE 67


  -------         MODULE        ?C?FPCONVERT
  C:0A6FH         PUBLIC        ?C?FPCONVERT
  -------         ENDMOD        ?C?FPCONVERT

  -------         MODULE        ?C?FPADD
  C:0B7BH         PUBLIC        ?C?FPADD
  C:0B77H         PUBLIC        ?C?FPSUB
  -------         ENDMOD        ?C?FPADD

  -------         MODULE        ?C?FPDIV
  C:0C6FH         PUBLIC        ?C?FPDIV
  -------         ENDMOD        ?C?FPDIV

  -------         MODULE        ?C?FTNPWR
  C:0D3CH         PUBLIC        ?C?FTNPWR
  -------         ENDMOD        ?C?FTNPWR

  -------         MODULE        ?C?CLDPTR
  C:0D7CH         PUBLIC        ?C?CLDPTR
  -------         ENDMOD        ?C?CLDPTR

  -------         MODULE        ?C?CLDOPTR
  C:0D95H         PUBLIC        ?C?CLDOPTR
  -------         ENDMOD        ?C?CLDOPTR

  -------         MODULE        ?C?CSTPTR
  C:0DC2H         PUBLIC        ?C?CSTPTR
  -------         ENDMOD        ?C?CSTPTR

  -------         MODULE        ?C?CSTOPTR
  C:0DD4H         PUBLIC        ?C?CSTOPTR
  -------         ENDMOD        ?C?CSTOPTR

  -------         MODULE        ?C?IMUL
  C:0DF6H         PUBLIC        ?C?IMUL
  -------         ENDMOD        ?C?IMUL

  -------         MODULE        ?C?UIDIV
  C:0E08H         PUBLIC        ?C?UIDIV
  -------         ENDMOD        ?C?UIDIV

  -------         MODULE        ?C?IILDX
  C:0E5DH         PUBLIC        ?C?IILDX
  -------         ENDMOD        ?C?IILDX

  -------         MODULE        ?C?ILDOPTR
  C:0E73H         PUBLIC        ?C?ILDOPTR
  -------         ENDMOD        ?C?ILDOPTR

  -------         MODULE        ?C?ULDIV
  C:0EE7H         PUBLIC        ?C?ULDIV
  -------         ENDMOD        ?C?ULDIV

  -------         MODULE        ?C?SLDIV
  C:3882H         PUBLIC        ?C?SLDIV
  -------         ENDMOD        ?C?SLDIV

BL51 BANKED LINKER/LOCATER V6.00                                                      07/01/2017  18:36:01  PAGE 68


  -------         MODULE        ?C?LNEG
  C:0F79H         PUBLIC        ?C?LNEG
  -------         ENDMOD        ?C?LNEG

  -------         MODULE        ?C?SLCMP
  C:0F87H         PUBLIC        ?C?SLCMP
  -------         ENDMOD        ?C?SLCMP

  -------         MODULE        ?C?ULCMP
  C:0F9DH         PUBLIC        ?C?ULCMP
  -------         ENDMOD        ?C?ULCMP

  -------         MODULE        ?C?ULSHR
  C:0FAEH         PUBLIC        ?C?ULSHR
  -------         ENDMOD        ?C?ULSHR

  -------         MODULE        ?C?LLDOPTR0
  C:0FC1H         PUBLIC        ?C?LLDOPTR0
  -------         ENDMOD        ?C?LLDOPTR0

  -------         MODULE        ?C?LSTXDATA
  C:0FF1H         PUBLIC        ?C?LSTXDATA
  -------         ENDMOD        ?C?LSTXDATA

  -------         MODULE        ?C?LSTKXDATA
  C:0FFDH         PUBLIC        ?C?LSTKXDATA
  -------         ENDMOD        ?C?LSTKXDATA

  -------         MODULE        ?C?PLDIXDATA
  C:102EH         PUBLIC        ?C?PLDIXDATA
  -------         ENDMOD        ?C?PLDIXDATA

  -------         MODULE        ?C?PSTXDATA
  C:1045H         PUBLIC        ?C?PSTXDATA
  -------         ENDMOD        ?C?PSTXDATA

  -------         MODULE        ?C?CCASE
  C:104EH         PUBLIC        ?C?CCASE
  -------         ENDMOD        ?C?CCASE

  -------         MODULE        PUTCHAR
  C:3A4FH         PUBLIC        _PUTCHAR
  -------         ENDMOD        PUTCHAR

  -------         MODULE        ?C?LLDIDATA0
  C:1074H         PUBLIC        ?C?LLDIDATA0
  -------         ENDMOD        ?C?LLDIDATA0

  -------         MODULE        ?C?LLDXDATA0
  C:1081H         PUBLIC        ?C?LLDXDATA0
  -------         ENDMOD        ?C?LLDXDATA0

  -------         MODULE        ?C?LLDPDATA0
  C:108DH         PUBLIC        ?C?LLDPDATA0
  -------         ENDMOD        ?C?LLDPDATA0

  -------         MODULE        ?C?LLDCODE0
BL51 BANKED LINKER/LOCATER V6.00                                                      07/01/2017  18:36:01  PAGE 69


  C:109AH         PUBLIC        ?C?LLDCODE0
  -------         ENDMOD        ?C?LLDCODE0

*** WARNING L16: UNCALLED SEGMENT, IGNORED FOR OVERLAY PROCESS
    SEGMENT: ?PR?SENDSCOPEDATA?TASK

*** WARNING L16: UNCALLED SEGMENT, IGNORED FOR OVERLAY PROCESS
    SEGMENT: ?PR?MODE1?MODE

*** WARNING L16: UNCALLED SEGMENT, IGNORED FOR OVERLAY PROCESS
    SEGMENT: ?PR?MODE2?MODE

*** WARNING L16: UNCALLED SEGMENT, IGNORED FOR OVERLAY PROCESS
    SEGMENT: ?PR?MODE3?MODE

*** WARNING L16: UNCALLED SEGMENT, IGNORED FOR OVERLAY PROCESS
    SEGMENT: ?PR?MODE4?MODE

*** WARNING L16: UNCALLED SEGMENT, IGNORED FOR OVERLAY PROCESS
    SEGMENT: ?PR?MODELAUNCHER?MODE

*** WARNING L16: UNCALLED SEGMENT, IGNORED FOR OVERLAY PROCESS
    SEGMENT: ?PR?GETBOARD_LED_STATE?LED

*** WARNING L16: UNCALLED SEGMENT, IGNORED FOR OVERLAY PROCESS
    SEGMENT: ?PR?_BOARD_LED_PWM?LED

*** WARNING L16: UNCALLED SEGMENT, IGNORED FOR OVERLAY PROCESS
    SEGMENT: ?PR?_MAKEPULSE?FIXEDPULSER

*** WARNING L16: UNCALLED SEGMENT, IGNORED FOR OVERLAY PROCESS
    SEGMENT: ?PR?_OPENPULSER?FIXEDPULSER

*** WARNING L16: UNCALLED SEGMENT, IGNORED FOR OVERLAY PROCESS
    SEGMENT: ?PR?_CLOSEPULSER?FIXEDPULSER

*** WARNING L16: UNCALLED SEGMENT, IGNORED FOR OVERLAY PROCESS
    SEGMENT: ?PR?_GETPULSERSTATE?FIXEDPULSER

*** WARNING L16: UNCALLED SEGMENT, IGNORED FOR OVERLAY PROCESS
    SEGMENT: ?PR?PULSERINIT?FIXEDPULSER

*** WARNING L16: UNCALLED SEGMENT, IGNORED FOR OVERLAY PROCESS
    SEGMENT: ?PR?_ADC_INILIZE?ADC

*** WARNING L16: UNCALLED SEGMENT, IGNORED FOR OVERLAY PROCESS
    SEGMENT: ?PR?_ADC_POWERCONTROL?ADC

*** WARNING L16: UNCALLED SEGMENT, IGNORED FOR OVERLAY PROCESS
    SEGMENT: ?PR?_GET_ADC10BITRESULT?ADC

*** WARNING L16: UNCALLED SEGMENT, IGNORED FOR OVERLAY PROCESS
    SEGMENT: ?PR?_SETPINSTATE?GPIO

*** WARNING L16: UNCALLED SEGMENT, IGNORED FOR OVERLAY PROCESS
    SEGMENT: ?PR?_PWMN_UPDATE?PCA

BL51 BANKED LINKER/LOCATER V6.00                                                      07/01/2017  18:36:01  PAGE 70


*** WARNING L16: UNCALLED SEGMENT, IGNORED FOR OVERLAY PROCESS
    SEGMENT: ?PR?_PCA_INIT?PCA

*** WARNING L16: UNCALLED SEGMENT, IGNORED FOR OVERLAY PROCESS
    SEGMENT: ?PR?_PWMOUTPUT?PCA

*** WARNING L16: UNCALLED SEGMENT, IGNORED FOR OVERLAY PROCESS
    SEGMENT: ?PR?_GETPWM_PERIOD?STC15_PWM

*** WARNING L16: UNCALLED SEGMENT, IGNORED FOR OVERLAY PROCESS
    SEGMENT: ?PR?_GETPWM_N_DUTY?STC15_PWM

*** WARNING L16: UNCALLED SEGMENT, IGNORED FOR OVERLAY PROCESS
    SEGMENT: ?PR?_PWM_PERIOD?STC15_PWM

*** WARNING L16: UNCALLED SEGMENT, IGNORED FOR OVERLAY PROCESS
    SEGMENT: ?PR?_PWM_DUTY?STC15_PWM

*** WARNING L16: UNCALLED SEGMENT, IGNORED FOR OVERLAY PROCESS
    SEGMENT: ?PR?OPEN_ALL_PWM?STC15_PWM

*** WARNING L16: UNCALLED SEGMENT, IGNORED FOR OVERLAY PROCESS
    SEGMENT: ?PR?CLOSE_ALL_PWM?STC15_PWM

*** WARNING L16: UNCALLED SEGMENT, IGNORED FOR OVERLAY PROCESS
    SEGMENT: ?PR?_OPEN_N_PWM?STC15_PWM

*** WARNING L16: UNCALLED SEGMENT, IGNORED FOR OVERLAY PROCESS
    SEGMENT: ?PR?_CLOSE_N_PWM?STC15_PWM

*** WARNING L16: UNCALLED SEGMENT, IGNORED FOR OVERLAY PROCESS
    SEGMENT: ?PR?_GETPWM_STATE?STC15_PWM

*** WARNING L16: UNCALLED SEGMENT, IGNORED FOR OVERLAY PROCESS
    SEGMENT: ?PR?_SPI_INIT?STC15_SPI

*** WARNING L16: UNCALLED SEGMENT, IGNORED FOR OVERLAY PROCESS
    SEGMENT: ?PR?_SPI_WRITENBYTETOTXBUF?STC15_SPI

*** WARNING L16: UNCALLED SEGMENT, IGNORED FOR OVERLAY PROCESS
    SEGMENT: ?PR?SPI_TRIGTX?STC15_SPI

*** WARNING L16: UNCALLED SEGMENT, IGNORED FOR OVERLAY PROCESS
    SEGMENT: ?PR?_SPI_SPI_READTHENBYTETORXBUF?STC15_SPI

*** WARNING L16: UNCALLED SEGMENT, IGNORED FOR OVERLAY PROCESS
    SEGMENT: ?PR?GETMICROS?TIMER

*** WARNING L16: UNCALLED SEGMENT, IGNORED FOR OVERLAY PROCESS
    SEGMENT: ?PR?GETHOURS?TIMER

*** WARNING L16: UNCALLED SEGMENT, IGNORED FOR OVERLAY PROCESS
    SEGMENT: ?PR?GETDAYS?TIMER

*** WARNING L16: UNCALLED SEGMENT, IGNORED FOR OVERLAY PROCESS
    SEGMENT: ?PR?_SETTIMERHERTZ?TIMER

BL51 BANKED LINKER/LOCATER V6.00                                                      07/01/2017  18:36:01  PAGE 71


*** WARNING L16: UNCALLED SEGMENT, IGNORED FOR OVERLAY PROCESS
    SEGMENT: ?PR?_GETTIMERHERTZ?TIMER

*** WARNING L16: UNCALLED SEGMENT, IGNORED FOR OVERLAY PROCESS
    SEGMENT: ?PR?_SETTIMEOUT?TIMER

*** WARNING L16: UNCALLED SEGMENT, IGNORED FOR OVERLAY PROCESS
    SEGMENT: ?PR?_GETTIMEROUT?TIMER

*** WARNING L16: UNCALLED SEGMENT, IGNORED FOR OVERLAY PROCESS
    SEGMENT: ?PR?_STOPTIMER?TIMER

*** WARNING L16: UNCALLED SEGMENT, IGNORED FOR OVERLAY PROCESS
    SEGMENT: ?PR?_ISSTOPPED?TIMER

*** WARNING L16: UNCALLED SEGMENT, IGNORED FOR OVERLAY PROCESS
    SEGMENT: ?PR?_ONRESTARTTIMER?TIMER

*** WARNING L16: UNCALLED SEGMENT, IGNORED FOR OVERLAY PROCESS
    SEGMENT: ?PR?_PRINTSTRING2?USART1

*** WARNING L16: UNCALLED SEGMENT, IGNORED FOR OVERLAY PROCESS
    SEGMENT: ?PR?_PRINTSTRING3?USART1

*** WARNING L16: UNCALLED SEGMENT, IGNORED FOR OVERLAY PROCESS
    SEGMENT: ?PR?_PRINTSTRING4?USART1

*** WARNING L15: MULTIPLE CALL TO SEGMENT
    SEGMENT: ?PR?PRINTF?PRINTF
    CALLER1: ?PR?TASK3?ABSTASK
    CALLER2: ?PR?TASK6?ABSTASK

*** WARNING L15: MULTIPLE CALL TO SEGMENT
    SEGMENT: ?PR?PRINTF?PRINTF
    CALLER1: ?PR?TASK6?ABSTASK
    CALLER2: ?PR?TASK8?ABSTASK

******************************************************************************
* RESTRICTED VERSION WITH FFFFH BYTE CODE SIZE LIMIT; USED: 2744H BYTE (15%) *
******************************************************************************

Program Size: data=128.5 xdata=1522 code=14068
LINK/LOCATE RUN COMPLETE.  48 WARNING(S),  0 ERROR(S)
