BL51 BANKED LINKER/LOCATER V6.00                                                        07/30/2017  21:36:07  PAGE 1


BL51 BANKED LINKER/LOCATER V6.00, INVOKED BY:
C:\KEIL_V5\C51\BIN\BL51.EXE .\absTask.obj, .\setup.obj, .\mode.obj, .\FILTER.obj, .\PID.obj, .\DataScope_DP.obj, .\Conf_
>> tny.obj, .\BUTTON.obj, .\LCD5510_V2.obj, .\LED.obj, .\MOTOR.obj, .\SERVO.obj, .\STEP_MOTOR.obj, .\ANGLE.obj, .\74HC59
>> 5.obj, .\fixedPulser.obj, .\MT_1_L298N.obj, .\MPU6050.obj, .\MPU9250.obj, .\MPU9250_SBUF.obj, .\RELAY.obj, .\TM1638.o
>> bj, .\ADC.obj, .\delay.obj, .\stc15_eeprom.obj, .\stc15_exti.obj, .\GPIO.obj, .\stc15_iic.obj, .\PCA.obj, .\stc15_pwm
>> .obj, .\stc15_spi.obj, .\timer.obj, .\USART1.obj TO 电子大赛程序框架 RTX51TINY RAMSIZE (256)


MEMORY MODEL: LARGE WITH FLOATING POINT ARITHMETIC


INPUT MODULES INCLUDED:
  .\absTask.obj (ABSTASK)
  .\setup.obj (SETUP)
  .\mode.obj (MODE)
  .\FILTER.obj (FILTER)
  .\PID.obj (PID)
  .\DataScope_DP.obj (DATASCOPE_DP)
  .\Conf_tny.obj (?RTX51_TINY_KERNAL)
  .\BUTTON.obj (BUTTON)
  .\LCD5510_V2.obj (LCD5510_V2)
  .\LED.obj (LED)
  .\MOTOR.obj (MOTOR)
  .\SERVO.obj (SERVO)
  .\STEP_MOTOR.obj (STEP_MOTOR)
  .\ANGLE.obj (ANGLE)
  .\74HC595.obj (74HC595)
  .\fixedPulser.obj (FIXEDPULSER)
  .\MT_1_L298N.obj (MT_1_L298N)
  .\MPU6050.obj (MPU6050)
  .\MPU9250.obj (MPU9250)
  .\MPU9250_SBUF.obj (MPU9250_SBUF)
  .\RELAY.obj (RELAY)
  .\TM1638.obj (TM1638)
  .\ADC.obj (ADC)
  .\delay.obj (DELAY)
  .\stc15_eeprom.obj (STC15_EEPROM)
  .\stc15_exti.obj (STC15_EXTI)
  .\GPIO.obj (GPIO)
  .\stc15_iic.obj (STC15_IIC)
  .\PCA.obj (PCA)
  .\stc15_pwm.obj (STC15_PWM)
  .\stc15_spi.obj (STC15_SPI)
  .\timer.obj (TIMER)
  .\USART1.obj (USART1)
  C:\KEIL_V5\C51\LIB\RTX51TNY.LIB (?RTX51_TINY_OS_DELETE)
  C:\KEIL_V5\C51\LIB\C51FPL.LIB (?C?FPADD)
  C:\KEIL_V5\C51\LIB\C51FPL.LIB (?C?FPMUL)
  C:\KEIL_V5\C51\LIB\C51FPL.LIB (?C?FPDIV)
  C:\KEIL_V5\C51\LIB\C51FPL.LIB (?C?FPCMP)
  C:\KEIL_V5\C51\LIB\C51FPL.LIB (?C?FCAST)
  C:\KEIL_V5\C51\LIB\C51FPL.LIB (?C?CASTF)
  C:\KEIL_V5\C51\LIB\C51FPL.LIB (PRINTF)
  C:\KEIL_V5\C51\LIB\C51FPL.LIB (?C?FPGETOPN)
  C:\KEIL_V5\C51\LIB\C51FPL.LIB (?C?FPROUND)
  C:\KEIL_V5\C51\LIB\C51FPL.LIB (?C?FPCONVERT)
  C:\KEIL_V5\C51\LIB\C51FPL.LIB (?C?FTNPWR)
  C:\KEIL_V5\C51\LIB\C51L.LIB (?C_STARTUP)
BL51 BANKED LINKER/LOCATER V6.00                                                      07/30/2017  21:36:07  PAGE 2


  C:\KEIL_V5\C51\LIB\C51L.LIB (?C?CLDPTR)
  C:\KEIL_V5\C51\LIB\C51L.LIB (?C?CLDOPTR)
  C:\KEIL_V5\C51\LIB\C51L.LIB (?C?CSTPTR)
  C:\KEIL_V5\C51\LIB\C51L.LIB (?C?CSTOPTR)
  C:\KEIL_V5\C51\LIB\C51L.LIB (?C?IMUL)
  C:\KEIL_V5\C51\LIB\C51L.LIB (?C?UIDIV)
  C:\KEIL_V5\C51\LIB\C51L.LIB (?C?SIDIV)
  C:\KEIL_V5\C51\LIB\C51L.LIB (?C?IILDX)
  C:\KEIL_V5\C51\LIB\C51L.LIB (?C?ILDIX)
  C:\KEIL_V5\C51\LIB\C51L.LIB (?C?ILDOPTR)
  C:\KEIL_V5\C51\LIB\C51L.LIB (?C?LMUL)
  C:\KEIL_V5\C51\LIB\C51L.LIB (?C?ULDIV)
  C:\KEIL_V5\C51\LIB\C51L.LIB (?C?SLDIV)
  C:\KEIL_V5\C51\LIB\C51L.LIB (?C?LNEG)
  C:\KEIL_V5\C51\LIB\C51L.LIB (?C?ULCMP)
  C:\KEIL_V5\C51\LIB\C51L.LIB (?C?ULSHR)
  C:\KEIL_V5\C51\LIB\C51L.LIB (?C?LLDOPTR0)
  C:\KEIL_V5\C51\LIB\C51L.LIB (?C?LSTXDATA)
  C:\KEIL_V5\C51\LIB\C51L.LIB (?C?LSTKXDATA)
  C:\KEIL_V5\C51\LIB\C51L.LIB (?C?OFFXADD)
  C:\KEIL_V5\C51\LIB\C51L.LIB (?C?PLDIXDATA)
  C:\KEIL_V5\C51\LIB\C51L.LIB (?C?PSTXDATA)
  C:\KEIL_V5\C51\LIB\C51L.LIB (?C?CCASE)
  C:\KEIL_V5\C51\LIB\C51L.LIB (PUTCHAR)
  C:\KEIL_V5\C51\LIB\C51L.LIB (MALLOC)
  C:\KEIL_V5\C51\LIB\C51L.LIB (FREE)
  C:\KEIL_V5\C51\LIB\C51L.LIB (?C_INIT)
  C:\KEIL_V5\C51\LIB\C51L.LIB (?C?LLDIDATA0)
  C:\KEIL_V5\C51\LIB\C51L.LIB (?C?LLDXDATA0)
  C:\KEIL_V5\C51\LIB\C51L.LIB (?C?LLDPDATA0)
  C:\KEIL_V5\C51\LIB\C51L.LIB (?C?LLDCODE0)
  C:\KEIL_V5\C51\LIB\C51L.LIB (INIT_MEM)


TASK TABLE OF MODULE:  电子大赛程序框架 (ABSTASK)

TASKID   PRIORITY   REG-BANK   SEGMENT NAME
-------------------------------------------
0        0          0          ?PR?TASKSTART?ABSTASK



LINK MAP OF MODULE:  电子大赛程序框架 (ABSTASK)


            TYPE    BASE      LENGTH    RELOCATION   SEGMENT NAME
            -----------------------------------------------------

            * * * * * * *   D A T A   M E M O R Y   * * * * * * *
            REG     0000H     0008H     ABSOLUTE     "REG BANK 0"
            DATA    0008H     0006H     ABSOLUTE     
            DATA    000EH     0008H     UNIT         ?DT?TM1638
            DATA    0016H     0005H     UNIT         ?DT?PRINTF?PRINTF
            IDATA   001BH     0002H     UNIT         ?RTX?TASKSTATE?S
            IDATA   001DH     0001H     UNIT         ?RTX?TASKSP?S
                    001EH     0002H                  *** GAP ***
            BIT     0020H.0   0001H.1   UNIT         ?BI?PRINTF?PRINTF
BL51 BANKED LINKER/LOCATER V6.00                                                      07/30/2017  21:36:07  PAGE 3


            BIT     0021H.1   0000H.4   UNIT         ?BI?BUTTON
            BIT     0021H.5   0000H.3   UNIT         ?BI?PCA
            BIT     0022H.0   0000H.2   UNIT         ?BI?FIXEDPULSER
            BIT     0022H.2   0000H.1   UNIT         ?RTX?BITS
            BIT     0022H.3   0000H.1   UNIT         ?BI?LED
            BIT     0022H.4   0000H.1   UNIT         ?BI?_SETSTEPMOTORDIVERSION?STEP_MOTOR
            BIT     0022H.5   0000H.1   UNIT         ?BI?GETANGLE?ANGLE
            BIT     0022H.6   0000H.1   UNIT         ?BI?_SETPINSTATE?GPIO
            BIT     0022H.7   0000H.1   UNIT         ?BI?IIC_RDACK?STC15_IIC
            IDATA   0023H     0040H     UNIT         ?ID?STC15_SPI
            IDATA   0063H     0001H     UNIT         ?STACK

            * * * * * * *  X D A T A   M E M O R Y  * * * * * * *
            XDATA   0000H     028CH     UNIT         ?XD?USART1
            XDATA   028CH     00A3H     UNIT         ?XD?MPU9250_SBUF
            XDATA   032FH     007AH     UNIT         ?XD?PID
            XDATA   03A9H     004AH     UNIT         ?XD?SERVO
            XDATA   03F3H     003CH     UNIT         ?XD?STC15_PWM
            XDATA   042FH     0030H     UNIT         ?XD?PRINTF?PRINTF
            XDATA   045FH     002AH     UNIT         ?XD?DATASCOPE_DP
            XDATA   0489H     0028H     UNIT         ?XD?_KALMANFILTER?FILTER
            XDATA   04B1H     0021H     UNIT         ?XD?_INIT_STR_MOTOR?SERVO
            XDATA   04D2H     001CH     UNIT         ?XD?STEP_MOTOR
            XDATA   04EEH     0019H     UNIT         _XDATA_GROUP_
            XDATA   0507H     0018H     UNIT         ?XD?FIXEDPULSER
            XDATA   051FH     0018H     UNIT         ?XD?MPU9250
            XDATA   0537H     0016H     UNIT         ?XD?TIMER
            XDATA   054DH     0015H     UNIT         ?XD?GETANGLE?ANGLE
            XDATA   0562H     0015H     UNIT         ?XD?PCA
            XDATA   0577H     0013H     UNIT         ?XD?_TM1638LEDDISPLAY?TM1638
            XDATA   058AH     0012H     UNIT         ?XD?DC_MOTOR_CONFIG?MOTOR
            XDATA   059CH     0010H     UNIT         ?XD?_FILTER?FILTER
            XDATA   05ACH     000EH     UNIT         ?XD?_STEPMOTOR_INIT?STEP_MOTOR
            XDATA   05BAH     000DH     UNIT         ?XD?_PID_CONFIG?PID
            XDATA   05C7H     000BH     UNIT         ?XD?_LCD_PRINTNUM_F?LCD5510_V2
            XDATA   05D2H     000BH     UNIT         ?XD?_SETPULSE?FIXEDPULSER
            XDATA   05DDH     000AH     UNIT         ?XD?_FLOAT2BYTE?DATASCOPE_DP
            XDATA   05E7H     0009H     UNIT         ?XD?_SET_STR_ANGLE?SERVO
            XDATA   05F0H     0008H     UNIT         ?XD?FILTER
            XDATA   05F8H     0008H     UNIT         ?XD?_LCD_PRINTNUM_I?LCD5510_V2
            XDATA   0600H     0008H     UNIT         ?XD?ANGLE
            XDATA   0608H     0008H     UNIT         ?XD?INIT_MEM
            XDATA   0610H     0007H     UNIT         ?XD?_SETSTEPMOTORWITHPULSE?STEP_MOTOR
            XDATA   0617H     0007H     UNIT         ?XD?_SETSTEPMOTORWITHDISTANCE?STEP_MOTOR
            XDATA   061EH     0007H     UNIT         ?XD?_SETSTEPMOTORWITHANGLE?STEP_MOTOR
            XDATA   0625H     0007H     UNIT         ?XD?_EEPROM_READ_N?STC15_EEPROM
            XDATA   062CH     0007H     UNIT         ?XD?_EEPROM_WRITE_N?STC15_EEPROM
            XDATA   0633H     0006H     UNIT         ?XD?_SENDSCOPEDATA?DATASCOPE_DP
            XDATA   0639H     0006H     UNIT         ?XD?_ADC_CONFIG?ANGLE
            XDATA   063FH     0006H     UNIT         ?XD?_CHARTOLONG?MPU9250_SBUF
            XDATA   0645H     0006H     UNIT         ?XD?GETBUTTONNUM?TM1638
            XDATA   064BH     0006H     UNIT         ?XD?_IIC_WRDATTOADD?STC15_IIC
            XDATA   0651H     0006H     UNIT         ?XD?_IIC_RDDATFROMADD?STC15_IIC
            XDATA   0657H     0006H     UNIT         ?XD?_MALLOC?MALLOC
            XDATA   065DH     0006H     UNIT         ?XD?_FREE?FREE
            XDATA   0663H     0005H     UNIT         ?XD?_SETPARAMETERINFERIORLIMIT?PID
            XDATA   0668H     0005H     UNIT         ?XD?_SETPARAMETERUPPERLIMIT?PID
BL51 BANKED LINKER/LOCATER V6.00                                                      07/30/2017  21:36:07  PAGE 4


            XDATA   066DH     0005H     UNIT         ?XD?_SETACTUALPARAMETER?PID
            XDATA   0672H     0005H     UNIT         ?XD?_SETKI?PID
            XDATA   0677H     0005H     UNIT         ?XD?_SETKP?PID
            XDATA   067CH     0005H     UNIT         ?XD?_SETKD?PID
            XDATA   0681H     0005H     UNIT         ?XD?_SETPARAMETER?PID
            XDATA   0686H     0005H     UNIT         ?XD?_DATASCOPE_GET_CHANNEL_DATA?DATASCOPE_DP
            XDATA   068BH     0005H     UNIT         ?XD?_LCD_PRINTSL?LCD5510_V2
            XDATA   0690H     0005H     UNIT         ?XD?_SETDC_MOTORSPEED?MOTOR
            XDATA   0695H     0005H     UNIT         ?XD?_SET_PWM_DUTY?STC15_PWM
            XDATA   069AH     0004H     UNIT         ?XD?MOTOR
            XDATA   069EH     0004H     UNIT         ?XD?_HC595_INIT?74HC595
            XDATA   06A2H     0004H     UNIT         ?XD?_I2C_MAG_WRITE?MPU9250
            XDATA   06A6H     0004H     UNIT         ?XD?STC15_SPI
            XDATA   06AAH     0003H     UNIT         ?XD?READ_MPU9250_MAG?MPU9250
            XDATA   06ADH     0003H     UNIT         ?XD?_I2C_MAG_READ?MPU9250
            XDATA   06B0H     0003H     UNIT         ?XD?RELAY
            XDATA   06B3H     0003H     UNIT         ?XD?_PCA_INIT?PCA
            XDATA   06B6H     0003H     UNIT         ?XD?_PWMOUTPUT?PCA
            XDATA   06B9H     0002H     UNIT         ?XD?BUTTON_CONFIG?BUTTON
            XDATA   06BBH     0002H     UNIT         ?XD?_SETSTEPMOTORWITHROUND?STEP_MOTOR
            XDATA   06BDH     0002H     UNIT         ?XD?PULSERINIT?FIXEDPULSER
            XDATA   06BFH     0002H     UNIT         ?XD?_MPU9250_WRITE_REG?MPU9250
            XDATA   06C1H     0002H     UNIT         ?XD?_SETTM1638WRITE?TM1638
            XDATA   06C3H     0002H     UNIT         ?XD?GETTM1638READ?TM1638
            XDATA   06C5H     0002H     UNIT         ?XD?_SET_PWM_PERIOD?STC15_PWM
            XDATA   06C7H     0002H     UNIT         ?XD?_PWM_INILIZE?STC15_PWM
            XDATA   06C9H     0001H     UNIT         ?XD?_PID?PID
            XDATA   06CAH     0001H     UNIT         ?XD?_INCREMENTAL_PID?PID
            XDATA   06CBH     0001H     UNIT         ?XD?_BOARD_LED_PWM?LED
            XDATA   06CCH     0001H     UNIT         ?XD?_OPEN_DC_MOTOR?MOTOR
            XDATA   06CDH     0001H     UNIT         ?XD?_CLOSE_DC_MOTOR?MOTOR
            XDATA   06CEH     0001H     UNIT         ?XD?_OPEN_STR?SERVO
            XDATA   06CFH     0001H     UNIT         ?XD?_CLOSE_STR?SERVO
            XDATA   06D0H     0001H     UNIT         ?XD?_CLOSE_STEPMOTOR?STEP_MOTOR
            XDATA   06D1H     0001H     UNIT         ?XD?_HC595SENDDATA?74HC595
            XDATA   06D2H     0001H     UNIT         ?XD?_SPI1_READWRITEBYTE?MPU9250
            XDATA   06D3H     0001H     UNIT         ?XD?_COPESERIALDATA?MPU9250_SBUF
            XDATA   06D4H     0001H     UNIT         ?XD?_SETTM1638COM?TM1638
            XDATA   06D5H     0001H     UNIT         ?XD?INIT_TM1638?TM1638

            * * * * * * *   C O D E   M E M O R Y   * * * * * * *
            CODE    0000H     0003H     ABSOLUTE     
            CODE    0003H     0003H     ABSOLUTE     
                    0006H     0005H                  *** GAP ***
            CODE    000BH     0003H     ABSOLUTE     
                    000EH     0005H                  *** GAP ***
            CODE    0013H     0003H     ABSOLUTE     
                    0016H     000DH                  *** GAP ***
            CODE    0023H     0003H     ABSOLUTE     
                    0026H     0005H                  *** GAP ***
            CODE    002BH     0003H     ABSOLUTE     
                    002EH     000DH                  *** GAP ***
            CODE    003BH     0003H     ABSOLUTE     
                    003EH     0005H                  *** GAP ***
            CODE    0043H     0003H     ABSOLUTE     
                    0046H     0005H                  *** GAP ***
            CODE    004BH     0003H     ABSOLUTE     
BL51 BANKED LINKER/LOCATER V6.00                                                      07/30/2017  21:36:07  PAGE 5


                    004EH     0005H                  *** GAP ***
            CODE    0053H     0003H     ABSOLUTE     
                    0056H     0005H                  *** GAP ***
            CODE    005BH     0003H     ABSOLUTE     
                    005EH     0005H                  *** GAP ***
            CODE    0063H     0003H     ABSOLUTE     
                    0066H     001DH                  *** GAP ***
            CODE    0083H     0003H     ABSOLUTE     
                    0086H     0005H                  *** GAP ***
            CODE    008BH     0003H     ABSOLUTE     
                    008EH     0005H                  *** GAP ***
            CODE    0093H     0003H     ABSOLUTE     
                    0096H     0005H                  *** GAP ***
            CODE    009BH     0003H     ABSOLUTE     
                    009EH     0762H                  *** GAP ***
            CODE    0800H     093BH     UNIT         ?C?LIB_CODE
            CODE    113BH     06E0H     UNIT         ?PR?_USART_CONFIGURATION?USART1
            CODE    181BH     049AH     UNIT         ?PR?_COPESERIALDATA?MPU9250_SBUF
            CODE    1CB5H     0483H     UNIT         ?PR?PRINTF?PRINTF
            CODE    2138H     039AH     UNIT         ?PR?_PWM_INILIZE?STC15_PWM
            CODE    24D2H     0393H     UNIT         ?PR?_TM1638LEDDISPLAY?TM1638
            CODE    2865H     0264H     UNIT         ?CO?LCD5510_V2
            CODE    2AC9H     0252H     UNIT         ?PR?_TIMER_INILIZE?TIMER
            CODE    2D1BH     01FBH     UNIT         ?RTX?CODE
            CODE    2F16H     01DAH     UNIT         ?PR?_PID?PID
            CODE    30F0H     01D4H     UNIT         ?PR?_INIT_STR_MOTOR?SERVO
            CODE    32C4H     01C4H     UNIT         ?PR?_GPIO_INILIZE?GPIO
            CODE    3488H     019FH     UNIT         ?PR?_PCA_INIT?PCA
            CODE    3627H     019EH     UNIT         ?PR?_INCREMENTAL_PID?PID
            CODE    37C5H     0152H     UNIT         ?PR?_KALMANFILTER?FILTER
            CODE    3917H     0146H     UNIT         ?PR?_PID_CONFIG?PID
            CODE    3A5DH     013EH     UNIT         ?PR?_FREE?FREE
            CODE    3B9BH     013DH     UNIT         ?PR?_PWMOUTPUT?PCA
            CODE    3CD8H     0136H     UNIT         ?PR?_FILTER?FILTER
            CODE    3E0EH     0134H     UNIT         ?PR?_DATASCOPE_GET_CHANNEL_DATA?DATASCOPE_DP
            CODE    3F42H     012DH     UNIT         ?PR?READ_MPU9250_MAG?MPU9250
            CODE    406FH     012BH     UNIT         ?PR?GETBUTTONNUM?TM1638
            CODE    419AH     0116H     UNIT         ?PR?_SET_STR_ANGLE?SERVO
            CODE    42B0H     00ECH     UNIT         ?PR?_SETPULSE?FIXEDPULSER
            CODE    439CH     00E4H     UNIT         ?PR?_SET_PWM_DUTY?STC15_PWM
            CODE    4480H     00D1H     UNIT         ?PR?_MALLOC?MALLOC
            CODE    4551H     00C7H     UNIT         ?PR?_SETSTEPMOTORWITHDISTANCE?STEP_MOTOR
            CODE    4618H     00C1H     UNIT         ?PR?READ_MPU9250_GYRO?MPU9250
            CODE    46D9H     00B6H     UNIT         ?PR?_EXT_INILIZE?STC15_EXTI
            CODE    478FH     00AEH     UNIT         ?PR?_PWMN_UPDATE?PCA
            CODE    483DH     00AAH     UNIT         ?PR?_FLOAT2BYTE?DATASCOPE_DP
            CODE    48E7H     00A9H     UNIT         ?C_INITSEG
            CODE    4990H     00A5H     UNIT         ?PR?_DATASCOPE_DATA_GENERATE?DATASCOPE_DP
            CODE    4A35H     00A3H     UNIT         ?PR?PCA_HANDLER?PCA
            CODE    4AD8H     009FH     UNIT         ?PR?_STEPMOTOR_INIT?STEP_MOTOR
            CODE    4B77H     009AH     UNIT         ?PR?READ_MPU9250_ACCEL?MPU9250
            CODE    4C11H     009AH     UNIT         ?PR?_PWM_SET_T12_PERIOD?STC15_PWM
            CODE    4CABH     0093H     UNIT         ?PR?_CHARTOLONG?MPU9250_SBUF
            CODE    4D3EH     0092H     UNIT         ?PR?_SETDC_MOTORSPEED?MOTOR
            CODE    4DD0H     0091H     UNIT         ?PR?_SPI_INIT?STC15_SPI
            CODE    4E61H     008CH     UNIT         ?C_C51STARTUP
            CODE    4EEDH     0085H     UNIT         ?PR?UART2_INT?USART1
BL51 BANKED LINKER/LOCATER V6.00                                                      07/30/2017  21:36:07  PAGE 6


            CODE    4F72H     0085H     UNIT         ?PR?UART3_INT?USART1
            CODE    4FF7H     0085H     UNIT         ?PR?UART4_INT?USART1
            CODE    507CH     007FH     UNIT         ?PR?UART1_INT?USART1
            CODE    50FBH     007BH     UNIT         ?PR?PULSER_1INT?FIXEDPULSER
            CODE    5176H     007BH     UNIT         ?PR?PULSER_2INT?FIXEDPULSER
            CODE    51F1H     0070H     UNIT         ?PR?_LCD_PRINTNUM_F?LCD5510_V2
            CODE    5261H     006BH     UNIT         ?PR?DC_MOTOR_CONFIG?MOTOR
            CODE    52CCH     0065H     UNIT         ?PR?_SETSTEPMOTORWITHANGLE?STEP_MOTOR
            CODE    5331H     0062H     UNIT         ?PR?_LCD_PRINTNUM_I?LCD5510_V2
            CODE    5393H     0061H     UNIT         ?PR?_SET_PWM_PERIOD?STC15_PWM
            CODE    53F4H     005EH     UNIT         ?PR?_GET_ADC10BITRESULT?ADC
            CODE    5452H     005BH     UNIT         ?PR?INIT_MPU9250?MPU9250
            CODE    54ADH     0057H     UNIT         ?PR?BUTTONSCAN?BUTTON
            CODE    5504H     0055H     UNIT         ?PR?SPI_TRANSIVION?STC15_SPI
            CODE    5559H     0054H     UNIT         ?PR?_LCD_PRINTSL?LCD5510_V2
            CODE    55ADH     0054H     UNIT         ?PR?GETANGLE?ANGLE
            CODE    5601H     0054H     UNIT         ?PR?TIMERINIT?TIMER
            CODE    5655H     0053H     UNIT         ?PR?_ADC_INILIZE?ADC
            CODE    56A8H     0053H     UNIT         ?PR?_IIC_RDDATFROMADD?STC15_IIC
            CODE    56FBH     004AH     UNIT         ?PR?_GETJY901ACCELERATION?MPU9250_SBUF
            CODE    5745H     004AH     UNIT         ?PR?_GETJY901PALSTANCE?MPU9250_SBUF
            CODE    578FH     004AH     UNIT         ?PR?_GETJY901ANGLE?MPU9250_SBUF
            CODE    57D9H     0044H     UNIT         ?C?LDIV
            CODE    581DH     0043H     UNIT         ?PR?LCD5510_INIT?LCD5510_V2
            CODE    5860H     0040H     UNIT         ?PR?GETTM1638READ?TM1638
            CODE    58A0H     003FH     UNIT         ?PR?_EEPROM_READ_N?STC15_EEPROM
            CODE    58DFH     003FH     UNIT         ?PR?_EEPROM_WRITE_N?STC15_EEPROM
            CODE    591EH     003DH     UNIT         ?PR?_LCD_PRINTC?LCD5510_V2
            CODE    595BH     003DH     UNIT         ?PR?_I2C_MAG_READ?MPU9250
            CODE    5998H     003CH     UNIT         ?PR?_SETTM1638WRITE?TM1638
            CODE    59D4H     003CH     UNIT         ?PR?_INIT_MEMPOOL?INIT_MEM
            CODE    5A10H     003BH     UNIT         ?PR?_LCD_PRINTS?LCD5510_V2
            CODE    5A4BH     003AH     UNIT         ?PR?_I2C_MAG_WRITE?MPU9250
            CODE    5A85H     0039H     UNIT         ?PR?_SENDSCOPEDATA?DATASCOPE_DP
            CODE    5ABEH     0039H     UNIT         ?PR?_SETSTEPMOTORWITHROUND?STEP_MOTOR
            CODE    5AF7H     0036H     UNIT         ?PR?_GETJY901MAGNETIC?MPU9250_SBUF
            CODE    5B2DH     0036H     UNIT         ?PR?_IIC_WRDATTOADD?STC15_IIC
            CODE    5B63H     0035H     UNIT         ?PR?_UART1_INIT?SETUP
            CODE    5B98H     0031H     UNIT         ?PR?_INITJY901?MPU9250_SBUF
            CODE    5BC9H     002FH     UNIT         ?CO?SETUP
            CODE    5BF8H     002FH     UNIT         ?PR?INIT_TM1638?TM1638
            CODE    5C27H     002EH     UNIT         ?PR?_DELAY_US?DELAY
            CODE    5C55H     002DH     UNIT         ?PR?PULSERINIT?FIXEDPULSER
            CODE    5C82H     0028H     UNIT         ?PR?BOARD_LED_INIT?LED
            CODE    5CAAH     0028H     UNIT         ?PR?_OPEN_PWM_N?STC15_PWM
            CODE    5CD2H     0028H     UNIT         ?PR?_TX2_WRITE2BUFF?USART1
            CODE    5CFAH     0028H     UNIT         ?PR?_TX3_WRITE2BUFF?USART1
            CODE    5D22H     0028H     UNIT         ?PR?_TX4_WRITE2BUFF?USART1
            CODE    5D4AH     0027H     UNIT         ?PR?IIC_RDACK?STC15_IIC
            CODE    5D71H     0027H     UNIT         ?PR?SPI_TRIGTX?STC15_SPI
            CODE    5D98H     0027H     UNIT         ?PR?_TX1_WRITE2BUFF?USART1
            CODE    5DBFH     0027H     UNIT         ?PR?PUTCHAR?PUTCHAR
            CODE    5DE6H     0026H     UNIT         ?PR?_INPUTONEBYTE?STC15_IIC
            CODE    5E0CH     0025H     UNIT         ?PR?_SETSTEPMOTORWITHPULSE?STEP_MOTOR
            CODE    5E31H     0025H     UNIT         ?PR?_CLOSE_PWM_N?STC15_PWM
            CODE    5E56H     0025H     UNIT         ?PR?_SETTIMEOUT?TIMER
            CODE    5E7BH     0024H     UNIT         ?PR?SPI_SPI_READBYTETORXBUF?STC15_SPI
BL51 BANKED LINKER/LOCATER V6.00                                                      07/30/2017  21:36:07  PAGE 7


            CODE    5E9FH     0022H     UNIT         ?PR?_BLINK?LED
            CODE    5EC1H     0021H     UNIT         ?PR?_SETPARAMETERINFERIORLIMIT?PID
            CODE    5EE2H     0021H     UNIT         ?PR?_SETPARAMETERUPPERLIMIT?PID
            CODE    5F03H     0021H     UNIT         ?PR?_SETACTUALPARAMETER?PID
            CODE    5F24H     0021H     UNIT         ?PR?_SETKI?PID
            CODE    5F45H     0021H     UNIT         ?PR?_SETKP?PID
            CODE    5F66H     0021H     UNIT         ?PR?_SETKD?PID
            CODE    5F87H     0021H     UNIT         ?PR?_SETPARAMETER?PID
            CODE    5FA8H     0021H     UNIT         ?PR?LCD_CLR_SCR?LCD5510_V2
            CODE    5FC9H     0020H     UNIT         ?PR?SETUP?SETUP
            CODE    5FE9H     0020H     UNIT         ?PR?_LCD_WRITE_BYTE?LCD5510_V2
            CODE    6009H     0020H     UNIT         ?PR?_OPEN_STR?SERVO
            CODE    6029H     0020H     UNIT         ?PR?_EEPROM_SECTORERASE?STC15_EEPROM
            CODE    6049H     001FH     UNIT         ?PR?BUTTON_CONFIG?BUTTON
            CODE    6068H     001FH     UNIT         ?PR?_CLOSE_STR?SERVO
            CODE    6087H     001FH     UNIT         ?PR?_SETTM1638COM?TM1638
            CODE    60A6H     001FH     UNIT         ?PR?_PWM_SET_PERIOD?STC15_PWM
            CODE    60C5H     001FH     UNIT         ?PR?_SPI_WRITENBYTETOTXBUF?STC15_SPI
            CODE    60E4H     001FH     UNIT         ?PR?_ISEXPIREDTIMER?TIMER
            CODE    6103H     001FH     UNIT         ?PR?_ISSTOPPED?TIMER
            CODE    6122H     001EH     UNIT         ?PR?_OPEN_DC_MOTOR?MOTOR
            CODE    6140H     001EH     UNIT         ?PR?_OPENPULSER?FIXEDPULSER
            CODE    615EH     001EH     UNIT         ?PR?OUTPUTONEBYTE?STC15_IIC
            CODE    617CH     001DH     UNIT         ?PR?_GETBUTTONSTATE?BUTTON
            CODE    6199H     001DH     UNIT         ?PR?_CLOSE_DC_MOTOR?MOTOR
            CODE    61B6H     001DH     UNIT         ?PR?_CLOSE_STEPMOTOR?STEP_MOTOR
            CODE    61D3H     001DH     UNIT         ?PR?_CLOSEPULSER?FIXEDPULSER
            CODE    61F0H     001DH     UNIT         ?PR?_ISACTIVETIMER?TIMER
            CODE    620DH     001CH     UNIT         ?PR?_FREESTEPMOTOR?STEP_MOTOR
            CODE    6229H     001CH     UNIT         ?PR?_LOCKSTEPMOTOR?STEP_MOTOR
            CODE    6245H     001CH     UNIT         ?PR?_ADC_CONFIG?ANGLE
            CODE    6261H     001CH     UNIT         ?PR?_SETTIMERHERTZ?TIMER
            CODE    627DH     001BH     UNIT         ?PR?_SETSTEPMOTORDIVERSION?STEP_MOTOR
            CODE    6298H     001BH     UNIT         ?PR?_MPU9250_WRITE_REG?MPU9250
            CODE    62B3H     001BH     UNIT         ?PR?_SPI_SPI_READTHENBYTETORXBUF?STC15_SPI
            CODE    62CEH     001AH     UNIT         ?PR?_GETPARAMETER?PID
            CODE    62E8H     001AH     UNIT         ?PR?_GETERR?PID
            CODE    6302H     001AH     UNIT         ?PR?_GETERRLAST?PID
            CODE    631CH     001AH     UNIT         ?PR?_GETKP?PID
            CODE    6336H     001AH     UNIT         ?PR?_GETKI?PID
            CODE    6350H     001AH     UNIT         ?PR?_GETKD?PID
            CODE    636AH     001AH     UNIT         ?PR?_GETOUTPUT?PID
            CODE    6384H     001AH     UNIT         ?PR?_GETINTEGRAL?PID
            CODE    639EH     001AH     UNIT         ?PR?_READ_STR_ANGLE?SERVO
            CODE    63B8H     001AH     UNIT         ?PR?_GET_PWM_PERIOD?STC15_PWM
            CODE    63D2H     001AH     UNIT         ?PR?_GET_PWM_N_DUTY?STC15_PWM
            CODE    63ECH     001AH     UNIT         ?PR?_GETTIMEROUT?TIMER
            CODE    6406H     001AH     UNIT         ?PR?_GETTIMERHERTZ?TIMER
            CODE    6420H     0019H     UNIT         ?PR?_HC595_INIT?74HC595
            CODE    6439H     0019H     UNIT         ?PR?_IIC_WRDEVADDANDDATADD?STC15_IIC
            CODE    6452H     0017H     UNIT         ?PR?_PRINTSTRING1?USART1
            CODE    6469H     0014H     UNIT         ?PR?_LCD_POS_BYTE?LCD5510_V2
            CODE    647DH     0014H     UNIT         ?PR?_SPI_WRITEBYTETOTXBUF?STC15_SPI
            CODE    6491H     0014H     UNIT         ?PR?_RESTARTTIMER?TIMER
            CODE    64A5H     0013H     UNIT         ?PR?_LCD_CLR_ROW?LCD5510_V2
            CODE    64B8H     0013H     UNIT         ?PR?_OPEN_STEPMOTOR?STEP_MOTOR
            CODE    64CBH     0013H     UNIT         ?PR?_PRINTSTRING2?USART1
BL51 BANKED LINKER/LOCATER V6.00                                                      07/30/2017  21:36:07  PAGE 8


            CODE    64DEH     0013H     UNIT         ?PR?_PRINTSTRING3?USART1
            CODE    64F1H     0013H     UNIT         ?PR?_PRINTSTRING4?USART1
            CODE    6504H     0012H     UNIT         ?PR?_OPENPID?PID
            CODE    6516H     0012H     UNIT         ?PR?_GETPULSERSTATE?FIXEDPULSER
            CODE    6528H     0012H     UNIT         ?PR?_ENABLEJY901?MPU9250_SBUF
            CODE    653AH     0012H     UNIT         ?PR?_OPENJY901SBUFMODE?MPU9250_SBUF
            CODE    654CH     0012H     UNIT         ?CO?TM1638
            CODE    655EH     0012H     UNIT         ?PR?_GET_PWM_N_STATE?STC15_PWM
            CODE    6570H     0011H     UNIT         ?PR?_CLOSEPID?PID
            CODE    6581H     0011H     UNIT         ?PR?_GETSTEPMOTORSTATE?STEP_MOTOR
            CODE    6592H     0011H     UNIT         ?PR?_HC595SENDDATA?74HC595
            CODE    65A3H     0011H     UNIT         ?PR?_DISABLEJY901?MPU9250_SBUF
            CODE    65B4H     0011H     UNIT         ?PR?_CLOSEJY901SBUFMODE?MPU9250_SBUF
            CODE    65C5H     0011H     UNIT         ?PR?_SETPWM_DIV?STC15_PWM
            CODE    65D6H     0011H     UNIT         ?PR?_GETPWM_DIV?STC15_PWM
            CODE    65E7H     0010H     UNIT         ?PR?_GETDC_MOTORSTATE?MOTOR
            CODE    65F7H     0010H     UNIT         ?PR?_DELAY_MS?DELAY
            CODE    6607H     000FH     UNIT         ?PR?_SETSTEPMOTORSTATE?STEP_MOTOR
            CODE    6616H     000FH     UNIT         ?PR?_SETRELAY?RELAY
            CODE    6625H     000EH     UNIT         ?PR?_UNSETRELAY?RELAY
            CODE    6633H     000EH     UNIT         ?PR?DISABLEEEPROM?STC15_EEPROM
            CODE    6641H     000EH     UNIT         ?PR?_STOPTIMER?TIMER
            CODE    664FH     000EH     UNIT         ?PR?_ONRESTARTTIMER?TIMER
            CODE    665DH     000DH     UNIT         ?PR?TASKSTART?ABSTASK
            CODE    666AH     000DH     UNIT         ?PR?_MPU9250_READ_REG?MPU9250
            CODE    6677H     000DH     UNIT         ?PR?DELAY5US?STC15_IIC
            CODE    6684H     000DH     UNIT         ?PR?IIC_ACK?STC15_IIC
            CODE    6691H     000CH     UNIT         ?PR?_ADC_POWERCONTROL?ADC
            CODE    669DH     000BH     UNIT         ?PR?_SPI_SETMODE?STC15_SPI
            CODE    66A8H     000AH     UNIT         ?PR?_DIGITALREAD?BUTTON
            CODE    66B2H     000AH     UNIT         ?PR?IIC_START?STC15_IIC
            CODE    66BCH     000AH     UNIT         ?PR?IIC_NACK?STC15_IIC
            CODE    66C6H     000AH     UNIT         ?PR?OPEN_PWM_ALL?STC15_PWM
            CODE    66D0H     000AH     UNIT         ?PR?CLOSE_PWM_ALL?STC15_PWM
            CODE    66DAH     0009H     UNIT         ?PR?SETCARFORWARD?MT_1_L298N
            CODE    66E3H     0009H     UNIT         ?PR?SETCARBACK?MT_1_L298N
            CODE    66ECH     0009H     UNIT         ?PR?SETCARSTOP?MT_1_L298N
            CODE    66F5H     0009H     UNIT         ?PR?SETCARRIGHTFORWARD?MT_1_L298N
            CODE    66FEH     0009H     UNIT         ?PR?SETCARRIGHTBACK?MT_1_L298N
            CODE    6707H     0009H     UNIT         ?PR?SETCARRIGHTTURN?MT_1_L298N
            CODE    6710H     0009H     UNIT         ?PR?SETCARLEFTFORWARD?MT_1_L298N
            CODE    6719H     0009H     UNIT         ?PR?SETCARLEFTBACK?MT_1_L298N
            CODE    6722H     0009H     UNIT         ?PR?SETCARLEFTTURN?MT_1_L298N
            CODE    672BH     0009H     UNIT         ?PR?GETMICROS?TIMER
            CODE    6734H     0009H     UNIT         ?PR?GETMILLIS?TIMER
            CODE    673DH     0006H     UNIT         ?PR?_BOARD_LED_PWM?LED
            CODE    6743H     0006H     UNIT         ?PR?_SPI1_READWRITEBYTE?MPU9250
            CODE    6749H     0006H     UNIT         ?PR?IIC_STOP?STC15_IIC
            CODE    674FH     0006H     UNIT         ?PR?GETSECONDS?TIMER
            CODE    6755H     0006H     UNIT         ?PR?GETMINUTES?TIMER
            CODE    675BH     0006H     UNIT         ?PR?GETHOURS?TIMER
            CODE    6761H     0006H     UNIT         ?PR?GETDAYS?TIMER
            CODE    6767H     0005H     UNIT         ?PR?OPEN_BOARD_LED?LED
            CODE    676CH     0005H     UNIT         ?PR?CLOSE_BOARD_LED?LED
            CODE    6771H     0005H     UNIT         ?PR?CLOSETM1638DISPLAY?TM1638
            CODE    6776H     0004H     UNIT         ?PR?ADC_INT?ADC
            CODE    677AH     0003H     UNIT         ?PR?GETBOARD_LED_STATE?LED
BL51 BANKED LINKER/LOCATER V6.00                                                      07/30/2017  21:36:07  PAGE 9


            CODE    677DH     0003H     UNIT         ?PR?_SETPINSTATE?GPIO
            CODE    6780H     0002H     UNIT         ?RTX?TASKENT?S
            CODE    6782H     0001H     UNIT         ?PR?TEST?SETUP
            CODE    6783H     0001H     UNIT         ?PR?MODE1?MODE
            CODE    6784H     0001H     UNIT         ?PR?MODE2?MODE
            CODE    6785H     0001H     UNIT         ?PR?MODE3?MODE
            CODE    6786H     0001H     UNIT         ?PR?MODE4?MODE
            CODE    6787H     0001H     UNIT         ?PR?MODELAUNCHER?MODE
            CODE    6788H     0001H     UNIT         ?PR?SPI_INIT?MPU9250
            CODE    6789H     0001H     UNIT         ?PR?RELAY_INIT?RELAY
            CODE    678AH     0001H     UNIT         ?PR?EXT_INT0?STC15_EXTI
            CODE    678BH     0001H     UNIT         ?PR?EXT_INT1?STC15_EXTI
            CODE    678CH     0001H     UNIT         ?PR?EXT_INT2?STC15_EXTI
            CODE    678DH     0001H     UNIT         ?PR?EXT_INT3?STC15_EXTI
            CODE    678EH     0001H     UNIT         ?PR?EXT_INT4?STC15_EXTI



OVERLAY MAP OF MODULE:   电子大赛程序框架 (ABSTASK)


SEGMENT                                            XDATA_GROUP
  +--> CALLED SEGMENT                            START    LENGTH
----------------------------------------------------------------
?PR?TASKSTART?ABSTASK                            -----    -----
  +--> ?PR?SETUP?SETUP
  +--> ?PR?_BLINK?LED

?PR?SETUP?SETUP                                  -----    -----
  +--> ?PR?_UART1_INIT?SETUP
  +--> ?PR?TIMERINIT?TIMER
  +--> ?PR?BOARD_LED_INIT?LED
  +--> ?PR?LCD5510_INIT?LCD5510_V2
  +--> ?CO?SETUP
  +--> ?PR?_LCD_PRINTS?LCD5510_V2

?PR?_UART1_INIT?SETUP                            04EEH    000DH
  +--> ?PR?_USART_CONFIGURATION?USART1
  +--> ?CO?SETUP
  +--> ?PR?_PRINTSTRING1?USART1

?PR?_USART_CONFIGURATION?USART1                  04FBH    0009H

?PR?_PRINTSTRING1?USART1                         -----    -----
  +--> ?PR?_TX1_WRITE2BUFF?USART1

?PR?TIMERINIT?TIMER                              04EEH    0019H
  +--> ?PR?_TIMER_INILIZE?TIMER

?PR?BOARD_LED_INIT?LED                           04EEH    0002H
  +--> ?PR?_GPIO_INILIZE?GPIO
  +--> ?PR?OPEN_BOARD_LED?LED
  +--> ?PR?_DELAY_MS?DELAY
  +--> ?PR?CLOSE_BOARD_LED?LED

?PR?LCD5510_INIT?LCD5510_V2                      04EEH    0002H
  +--> ?PR?_GPIO_INILIZE?GPIO
BL51 BANKED LINKER/LOCATER V6.00                                                      07/30/2017  21:36:07  PAGE 10


  +--> ?PR?_LCD_WRITE_BYTE?LCD5510_V2
  +--> ?PR?LCD_CLR_SCR?LCD5510_V2

?PR?LCD_CLR_SCR?LCD5510_V2                       -----    -----
  +--> ?PR?_LCD_WRITE_BYTE?LCD5510_V2

?PR?_LCD_PRINTS?LCD5510_V2                       04EEH    0005H
  +--> ?PR?_LCD_PRINTC?LCD5510_V2

?PR?_LCD_PRINTC?LCD5510_V2                       -----    -----
  +--> ?PR?_LCD_POS_BYTE?LCD5510_V2
  +--> ?CO?LCD5510_V2
  +--> ?PR?_LCD_WRITE_BYTE?LCD5510_V2

?PR?_LCD_POS_BYTE?LCD5510_V2                     -----    -----
  +--> ?PR?_LCD_WRITE_BYTE?LCD5510_V2

?PR?_BLINK?LED                                   04EEH    0001H
  +--> ?PR?OPEN_BOARD_LED?LED
  +--> ?PR?_DELAY_MS?DELAY
  +--> ?PR?CLOSE_BOARD_LED?LED

*** NEW ROOT ***************************************************

?PR?PULSER_1INT?FIXEDPULSER                      -----    -----
  +--> ?PR?_CLOSEPULSER?FIXEDPULSER

*** NEW ROOT ***************************************************

?PR?PULSER_2INT?FIXEDPULSER                      -----    -----
  +--> ?PR?_CLOSEPULSER?FIXEDPULSER

*** NEW ROOT ***************************************************

?C_C51STARTUP                                    -----    -----
  +--> ?C_INITSEG



SYMBOL TABLE OF MODULE:  电子大赛程序框架 (ABSTASK)

  VALUE           TYPE          NAME
  ----------------------------------

  -------         MODULE        ABSTASK
  C:0000H         SYMBOL        _ICE_DUMMY_
  D:0080H         PUBLIC        P0
  D:0090H         PUBLIC        P1
  D:00A0H         PUBLIC        P2
  D:00B0H         PUBLIC        P3
  D:00C0H         PUBLIC        P4
  D:00C8H         PUBLIC        P5
  D:00E8H         PUBLIC        P6
  D:00F8H         PUBLIC        P7
  D:00A8H         PUBLIC        IE
  D:00B8H         PUBLIC        IP
  D:00D8H         PUBLIC        CCON
BL51 BANKED LINKER/LOCATER V6.00                                                      07/30/2017  21:36:07  PAGE 11


  D:0098H         PUBLIC        SCON
  D:0088H         PUBLIC        TCON
  D:00F0H         PUBLIC        B
  C:665DH         PUBLIC        taskStart
  D:00E0H         PUBLIC        ACC
  D:00D0H         PUBLIC        PSW
  -------         PROC          TASKSTART
  C:665DH         LINE#         3
  C:665DH         LINE#         5
  C:6660H         LINE#         6
  C:6665H         LINE#         8
  -------         ENDPROC       TASKSTART
  -------         ENDMOD        ABSTASK

  -------         MODULE        SETUP
  C:0000H         SYMBOL        _ICE_DUMMY_
  D:0080H         PUBLIC        P0
  D:0090H         PUBLIC        P1
  D:00A0H         PUBLIC        P2
  D:00B0H         PUBLIC        P3
  D:00C0H         PUBLIC        P4
  D:00C8H         PUBLIC        P5
  C:5B63H         PUBLIC        _UART1_init
  D:00E8H         PUBLIC        P6
  D:00F8H         PUBLIC        P7
  D:00A8H         PUBLIC        IE
  D:00B8H         PUBLIC        IP
  D:00D8H         PUBLIC        CCON
  C:5FC9H         PUBLIC        setup
  D:0098H         PUBLIC        SCON
  D:0088H         PUBLIC        TCON
  D:00F0H         PUBLIC        B
  C:6782H         PUBLIC        test
  D:00E0H         PUBLIC        ACC
  D:00D0H         PUBLIC        PSW
  -------         PROC          _UART1_INIT
  D:0004H         SYMBOL        BandRate
  -------         DO            
  X:04EEH         SYMBOL        COMx_InitStructure
  -------         ENDDO         
  C:5B63H         LINE#         24
  C:5B63H         LINE#         25
  C:5B63H         LINE#         27
  C:5B69H         LINE#         28
  C:5B6DH         LINE#         29
  C:5B71H         LINE#         30
  C:5B77H         LINE#         31
  C:5B7AH         LINE#         32
  C:5B7DH         LINE#         33
  C:5B7FH         LINE#         34
  C:5B82H         LINE#         35
  C:5B84H         LINE#         36
  C:5B8FH         LINE#         37
  -------         ENDPROC       _UART1_INIT
  -------         PROC          TEST
  C:6782H         LINE#         39
  C:6782H         LINE#         40
BL51 BANKED LINKER/LOCATER V6.00                                                      07/30/2017  21:36:07  PAGE 12


  C:6782H         LINE#         42
  -------         ENDPROC       TEST
  -------         PROC          SETUP
  C:5FC9H         LINE#         43
  C:5FC9H         LINE#         44
  C:5FC9H         LINE#         45
  C:5FD4H         LINE#         46
  C:5FD7H         LINE#         47
  C:5FDAH         LINE#         48
  C:5FDDH         LINE#         49
  -------         ENDPROC       SETUP
  -------         ENDMOD        SETUP

  -------         MODULE        MODE
  C:0000H         SYMBOL        _ICE_DUMMY_
  D:0080H         PUBLIC        P0
  D:0090H         PUBLIC        P1
  D:00A0H         PUBLIC        P2
  D:00B0H         PUBLIC        P3
  D:00C0H         PUBLIC        P4
  D:00C8H         PUBLIC        P5
  D:00E8H         PUBLIC        P6
  D:00F8H         PUBLIC        P7
  D:00A8H         PUBLIC        IE
  D:00B8H         PUBLIC        IP
  D:00D8H         PUBLIC        CCON
  D:0098H         PUBLIC        SCON
  D:0088H         PUBLIC        TCON
  D:00F0H         PUBLIC        B
  D:00E0H         PUBLIC        ACC
  C:6783H         PUBLIC        mode1
  C:6784H         PUBLIC        mode2
  C:6785H         PUBLIC        mode3
  C:6786H         PUBLIC        mode4
  C:6787H         PUBLIC        modeLauncher
  D:00D0H         PUBLIC        PSW
  -------         PROC          MODE1
  C:6783H         LINE#         2
  C:6783H         LINE#         3
  C:6783H         LINE#         5
  -------         ENDPROC       MODE1
  -------         PROC          MODE2
  C:6784H         LINE#         7
  C:6784H         LINE#         8
  C:6784H         LINE#         10
  -------         ENDPROC       MODE2
  -------         PROC          MODE3
  C:6785H         LINE#         13
  C:6785H         LINE#         14
  C:6785H         LINE#         16
  -------         ENDPROC       MODE3
  -------         PROC          MODE4
  C:6786H         LINE#         18
  C:6786H         LINE#         19
  C:6786H         LINE#         21
  -------         ENDPROC       MODE4
  -------         PROC          MODELAUNCHER
BL51 BANKED LINKER/LOCATER V6.00                                                      07/30/2017  21:36:07  PAGE 13


  C:6787H         LINE#         22
  C:6787H         LINE#         23
  C:6787H         LINE#         25
  -------         ENDPROC       MODELAUNCHER
  -------         ENDMOD        MODE

  -------         MODULE        FILTER
  C:0000H         SYMBOL        _ICE_DUMMY_
  D:0080H         PUBLIC        P0
  D:0090H         PUBLIC        P1
  D:00A0H         PUBLIC        P2
  D:00B0H         PUBLIC        P3
  D:00C0H         PUBLIC        P4
  D:00C8H         PUBLIC        P5
  D:00E8H         PUBLIC        P6
  D:00F8H         PUBLIC        P7
  C:3CD8H         PUBLIC        _filter
  D:00A8H         PUBLIC        IE
  D:00B8H         PUBLIC        IP
  D:00D8H         PUBLIC        CCON
  D:0098H         PUBLIC        SCON
  D:0088H         PUBLIC        TCON
  D:00F0H         PUBLIC        B
  C:37C5H         PUBLIC        _KalmanFilter
  D:00E0H         PUBLIC        ACC
  D:00D0H         PUBLIC        PSW
  -------         PROC          _FILTER
  D:0001H         SYMBOL        ary
  X:059FH         SYMBOL        num
  X:05A0H         SYMBOL        MaxValue
  X:05A2H         SYMBOL        MinValue
  -------         DO            
  X:05A4H         SYMBOL        angleDataloopTemp2
  X:05A6H         SYMBOL        finalData
  X:05A8H         SYMBOL        maxValue
  X:05AAH         SYMBOL        minValue
  -------         ENDDO         
  C:3CD8H         LINE#         2
  C:3CDDH         LINE#         3
  C:3CDDH         LINE#         5
  C:3CE4H         LINE#         6
  C:3CF3H         LINE#         7
  C:3D02H         LINE#         8
  C:3D24H         LINE#         9
  C:3D24H         LINE#         10
  C:3D40H         LINE#         11
  C:3D40H         LINE#         12
  C:3D5DH         LINE#         13
  C:3D5DH         LINE#         14
  C:3D7FH         LINE#         15
  C:3D7FH         LINE#         16
  C:3D9CH         LINE#         17
  C:3D9CH         LINE#         18
  C:3DBEH         LINE#         19
  C:3DD2H         LINE#         20
  C:3DF7H         LINE#         21
  C:3E0DH         LINE#         22
BL51 BANKED LINKER/LOCATER V6.00                                                      07/30/2017  21:36:07  PAGE 14


  C:3E0DH         LINE#         23
  -------         ENDPROC       _FILTER
  -------         PROC          _KALMANFILTER
  X:0489H         SYMBOL        ResrcData
  X:048DH         SYMBOL        ProcessNiose_Q
  X:0491H         SYMBOL        MeasureNoise_R
  X:0495H         SYMBOL        InitialPrediction
  -------         DO            
  X:0499H         SYMBOL        R
  X:049DH         SYMBOL        Q
  X:05F0H         SYMBOL        x_last
  X:04A1H         SYMBOL        x_mid
  X:04A5H         SYMBOL        x_now
  X:05F4H         SYMBOL        p_last
  X:04A9H         SYMBOL        p_mid
  D:0004H         SYMBOL        p_now
  X:04ADH         SYMBOL        kg
  -------         ENDDO         
  C:37C5H         LINE#         24
  C:37CBH         LINE#         26
  C:37CBH         LINE#         27
  C:37DFH         LINE#         28
  C:37F3H         LINE#         32
  C:3807H         LINE#         41
  C:381BH         LINE#         42
  C:3840H         LINE#         43
  C:387EH         LINE#         44
  C:38C5H         LINE#         46
  C:38EEH         LINE#         48
  C:38F4H         LINE#         49
  C:3908H         LINE#         51
  C:3916H         LINE#         52
  -------         ENDPROC       _KALMANFILTER
  -------         ENDMOD        FILTER

  -------         MODULE        PID
  C:0000H         SYMBOL        _ICE_DUMMY_
  D:0080H         PUBLIC        P0
  D:0090H         PUBLIC        P1
  D:00A0H         PUBLIC        P2
  C:5F24H         PUBLIC        _setKi
  D:00B0H         PUBLIC        P3
  C:6302H         PUBLIC        _getErrLast
  D:00C0H         PUBLIC        P4
  D:00C8H         PUBLIC        P5
  D:00E8H         PUBLIC        P6
  D:00F8H         PUBLIC        P7
  C:5EE2H         PUBLIC        _setParameterUpperLimit
  C:5F45H         PUBLIC        _setKp
  D:00A8H         PUBLIC        IE
  C:6504H         PUBLIC        _openPID
  D:00B8H         PUBLIC        IP
  D:00D8H         PUBLIC        CCON
  D:0098H         PUBLIC        SCON
  D:0088H         PUBLIC        TCON
  C:3627H         PUBLIC        _Incremental_PID
  C:3917H         PUBLIC        _PID_config
BL51 BANKED LINKER/LOCATER V6.00                                                      07/30/2017  21:36:07  PAGE 15


  C:5EC1H         PUBLIC        _setParameterInferiorLimit
  D:00F0H         PUBLIC        B
  D:00E0H         PUBLIC        ACC
  C:5F03H         PUBLIC        _setActualParameter
  C:636AH         PUBLIC        _getOutput
  C:2F16H         PUBLIC        _PID
  X:032FH         SYMBOL        g_pid_n_info
  C:62CEH         PUBLIC        _getParameter
  C:62E8H         PUBLIC        _getErr
  C:6350H         PUBLIC        _getKd
  C:5F87H         PUBLIC        _setParameter
  C:6336H         PUBLIC        _getKi
  C:6570H         PUBLIC        _closePID
  D:00D0H         PUBLIC        PSW
  C:6384H         PUBLIC        _getIntegral
  C:631CH         PUBLIC        _getKp
  C:5F66H         PUBLIC        _setKd
  -------         PROC          _PID_CONFIG
  D:0003H         SYMBOL        PID_N
  X:05BBH         SYMBOL        kp
  X:05BFH         SYMBOL        ki
  X:05C3H         SYMBOL        kd
  C:3917H         LINE#         51
  C:3919H         LINE#         52
  C:3919H         LINE#         53
  C:392EH         LINE#         54
  C:3943H         LINE#         55
  C:3958H         LINE#         56
  C:396DH         LINE#         57
  C:3982H         LINE#         58
  C:39A1H         LINE#         59
  C:39C0H         LINE#         60
  C:39DFH         LINE#         61
  C:3A09H         LINE#         62
  C:3A33H         LINE#         63
  -------         ENDPROC       _PID_CONFIG
  -------         PROC          _OPENPID
  D:0007H         SYMBOL        PID_N
  C:6504H         LINE#         73
  C:6504H         LINE#         74
  C:6504H         LINE#         75
  C:6515H         LINE#         77
  -------         ENDPROC       _OPENPID
  -------         PROC          _CLOSEPID
  D:0007H         SYMBOL        PID_N
  C:6570H         LINE#         86
  C:6570H         LINE#         87
  C:6570H         LINE#         88
  C:6580H         LINE#         91
  -------         ENDPROC       _CLOSEPID
  -------         PROC          _PID
  X:06C9H         SYMBOL        PID_N
  C:2F16H         LINE#         100
  C:2F1BH         LINE#         101
  C:2F1BH         LINE#         104
  C:2F2EH         LINE#         105
  C:2F2EH         LINE#         107
BL51 BANKED LINKER/LOCATER V6.00                                                      07/30/2017  21:36:07  PAGE 16


  C:2F7CH         LINE#         123
  C:2FBFH         LINE#         126
  C:30C4H         LINE#         129
  C:30EEH         LINE#         132
  C:30EFH         LINE#         133
  C:30EFH         LINE#         135
  -------         ENDPROC       _PID
  -------         PROC          _INCREMENTAL_PID
  X:06CAH         SYMBOL        PID_N
  C:3627H         LINE#         145
  C:362CH         LINE#         146
  C:362CH         LINE#         147
  C:363FH         LINE#         148
  C:363FH         LINE#         149
  C:368DH         LINE#         150
  C:376FH         LINE#         153
  C:3799H         LINE#         154
  C:37C3H         LINE#         155
  C:37C4H         LINE#         156
  C:37C4H         LINE#         157
  -------         ENDPROC       _INCREMENTAL_PID
  -------         PROC          _SETPARAMETERINFERIORLIMIT
  D:0003H         SYMBOL        PID_N
  X:0664H         SYMBOL        value
  C:5EC1H         LINE#         168
  C:5EC3H         LINE#         169
  C:5EC3H         LINE#         170
  -------         ENDPROC       _SETPARAMETERINFERIORLIMIT
  -------         PROC          _SETPARAMETERUPPERLIMIT
  D:0003H         SYMBOL        PID_N
  X:0669H         SYMBOL        value
  C:5EE2H         LINE#         182
  C:5EE4H         LINE#         183
  C:5EE4H         LINE#         184
  -------         ENDPROC       _SETPARAMETERUPPERLIMIT
  -------         PROC          _SETACTUALPARAMETER
  D:0003H         SYMBOL        PID_N
  X:066EH         SYMBOL        value
  C:5F03H         LINE#         197
  C:5F05H         LINE#         198
  C:5F05H         LINE#         199
  -------         ENDPROC       _SETACTUALPARAMETER
  -------         PROC          _SETKI
  D:0003H         SYMBOL        PID_N
  X:0673H         SYMBOL        value
  C:5F24H         LINE#         212
  C:5F26H         LINE#         213
  C:5F26H         LINE#         214
  -------         ENDPROC       _SETKI
  -------         PROC          _SETKP
  D:0003H         SYMBOL        PID_N
  X:0678H         SYMBOL        value
  C:5F45H         LINE#         226
  C:5F47H         LINE#         227
  C:5F47H         LINE#         228
  -------         ENDPROC       _SETKP
  -------         PROC          _SETKD
BL51 BANKED LINKER/LOCATER V6.00                                                      07/30/2017  21:36:07  PAGE 17


  D:0003H         SYMBOL        PID_N
  X:067DH         SYMBOL        value
  C:5F66H         LINE#         240
  C:5F68H         LINE#         241
  C:5F68H         LINE#         242
  -------         ENDPROC       _SETKD
  -------         PROC          _SETPARAMETER
  D:0003H         SYMBOL        PID_N
  X:0682H         SYMBOL        value
  C:5F87H         LINE#         254
  C:5F89H         LINE#         255
  C:5F89H         LINE#         256
  -------         ENDPROC       _SETPARAMETER
  -------         PROC          _GETPARAMETER
  D:0007H         SYMBOL        PID_N
  C:62CEH         LINE#         268
  C:62CEH         LINE#         269
  C:62CEH         LINE#         270
  C:62E7H         LINE#         271
  -------         ENDPROC       _GETPARAMETER
  -------         PROC          _GETERR
  D:0007H         SYMBOL        PID_N
  C:62E8H         LINE#         281
  C:62E8H         LINE#         282
  C:62E8H         LINE#         283
  C:6301H         LINE#         284
  -------         ENDPROC       _GETERR
  -------         PROC          _GETERRLAST
  D:0007H         SYMBOL        PID_N
  C:6302H         LINE#         294
  C:6302H         LINE#         295
  C:6302H         LINE#         296
  C:631BH         LINE#         297
  -------         ENDPROC       _GETERRLAST
  -------         PROC          _GETKP
  D:0007H         SYMBOL        PID_N
  C:631CH         LINE#         306
  C:631CH         LINE#         307
  C:631CH         LINE#         308
  C:6335H         LINE#         309
  -------         ENDPROC       _GETKP
  -------         PROC          _GETKI
  D:0007H         SYMBOL        PID_N
  C:6336H         LINE#         319
  C:6336H         LINE#         320
  C:6336H         LINE#         321
  C:634FH         LINE#         322
  -------         ENDPROC       _GETKI
  -------         PROC          _GETKD
  D:0007H         SYMBOL        PID_N
  C:6350H         LINE#         332
  C:6350H         LINE#         333
  C:6350H         LINE#         334
  C:6369H         LINE#         335
  -------         ENDPROC       _GETKD
  -------         PROC          _GETOUTPUT
  D:0007H         SYMBOL        PID_N
BL51 BANKED LINKER/LOCATER V6.00                                                      07/30/2017  21:36:07  PAGE 18


  C:636AH         LINE#         345
  C:636AH         LINE#         346
  C:636AH         LINE#         347
  C:6383H         LINE#         348
  -------         ENDPROC       _GETOUTPUT
  -------         PROC          _GETINTEGRAL
  D:0007H         SYMBOL        PID_N
  C:6384H         LINE#         358
  C:6384H         LINE#         359
  C:6384H         LINE#         360
  C:639DH         LINE#         361
  -------         ENDPROC       _GETINTEGRAL
  -------         ENDMOD        PID

  -------         MODULE        DATASCOPE_DP
  C:0000H         SYMBOL        _ICE_DUMMY_
  D:0080H         PUBLIC        P0
  D:0090H         PUBLIC        P1
  D:00A0H         PUBLIC        P2
  D:00B0H         PUBLIC        P3
  D:00C0H         PUBLIC        P4
  D:00C8H         PUBLIC        P5
  D:00E8H         PUBLIC        P6
  D:00F8H         PUBLIC        P7
  X:045FH         PUBLIC        DataScope_OutPut_Buffer
  D:00A8H         PUBLIC        IE
  D:00B8H         PUBLIC        IP
  D:00D8H         PUBLIC        CCON
  C:5A85H         PUBLIC        _sendScopeData
  D:0098H         PUBLIC        SCON
  D:0088H         PUBLIC        TCON
  D:00F0H         PUBLIC        B
  C:483DH         PUBLIC        _Float2Byte
  D:00E0H         PUBLIC        ACC
  C:4990H         PUBLIC        _DataScope_Data_Generate
  C:3E0EH         PUBLIC        _DataScope_Get_Channel_Data
  D:00D0H         PUBLIC        PSW
  -------         PROC          _FLOAT2BYTE
  D:0001H         SYMBOL        target
  X:05E0H         SYMBOL        buf
  X:05E3H         SYMBOL        beg
  -------         DO            
  X:05E4H         SYMBOL        point
  -------         ENDDO         
  C:483DH         LINE#         25
  C:483DH         LINE#         26
  C:483DH         LINE#         28
  C:4848H         LINE#         29
  C:4866H         LINE#         30
  C:4892H         LINE#         31
  C:48BEH         LINE#         32
  -------         ENDPROC       _FLOAT2BYTE
  -------         PROC          _SENDSCOPEDATA
  D:0004H         SYMBOL        Data
  X:0637H         SYMBOL        channel
  -------         DO            
  X:0638H         SYMBOL        a
BL51 BANKED LINKER/LOCATER V6.00                                                      07/30/2017  21:36:07  PAGE 19


  -------         ENDDO         
  C:5A85H         LINE#         42
  C:5A85H         LINE#         43
  C:5A85H         LINE#         46
  C:5A90H         LINE#         48
  C:5AA6H         LINE#         49
  C:5AA6H         LINE#         50
  C:5AB5H         LINE#         51
  C:5ABDH         LINE#         53
  -------         ENDPROC       _SENDSCOPEDATA
  -------         PROC          _DATASCOPE_GET_CHANNEL_DATA
  X:0686H         SYMBOL        Data
  X:068AH         SYMBOL        Channel
  C:3E0EH         LINE#         59
  C:3E14H         LINE#         60
  C:3E14H         LINE#         61
  C:3E27H         LINE#         62
  C:3E27H         LINE#         64
  C:3E27H         LINE#         66
  C:3E27H         LINE#         67
  C:3E5DH         LINE#         68
  C:3E5DH         LINE#         69
  C:3E5DH         LINE#         70
  C:3E70H         LINE#         71
  C:3E73H         LINE#         72
  C:3E73H         LINE#         73
  C:3E87H         LINE#         74
  C:3E8AH         LINE#         75
  C:3E8AH         LINE#         76
  C:3E9EH         LINE#         77
  C:3EA1H         LINE#         78
  C:3EA1H         LINE#         79
  C:3EB5H         LINE#         80
  C:3EB8H         LINE#         81
  C:3EB8H         LINE#         82
  C:3ECCH         LINE#         83
  C:3ECEH         LINE#         84
  C:3ECEH         LINE#         85
  C:3EE2H         LINE#         86
  C:3EE4H         LINE#         87
  C:3EE4H         LINE#         88
  C:3EF8H         LINE#         89
  C:3EFAH         LINE#         90
  C:3EFAH         LINE#         91
  C:3F0EH         LINE#         92
  C:3F10H         LINE#         93
  C:3F10H         LINE#         94
  C:3F24H         LINE#         95
  C:3F26H         LINE#         96
  C:3F26H         LINE#         97
  C:3F41H         LINE#         98
  C:3F41H         LINE#         99
  C:3F41H         LINE#         100
  C:3F41H         LINE#         101
  -------         ENDPROC       _DATASCOPE_GET_CHANNEL_DATA
  -------         PROC          _DATASCOPE_DATA_GENERATE
  D:0007H         SYMBOL        Channel_Number
BL51 BANKED LINKER/LOCATER V6.00                                                      07/30/2017  21:36:07  PAGE 20


  C:4990H         LINE#         106
  C:4990H         LINE#         107
  C:4990H         LINE#         108
  C:4999H         LINE#         109
  C:4999H         LINE#         110
  C:499CH         LINE#         111
  C:499CH         LINE#         113
  C:499CH         LINE#         114
  C:49A2H         LINE#         115
  C:49D8H         LINE#         116
  C:49D8H         LINE#         117
  C:49D8H         LINE#         118
  C:49DEH         LINE#         119
  C:49E1H         LINE#         120
  C:49E1H         LINE#         121
  C:49E1H         LINE#         122
  C:49E7H         LINE#         123
  C:49EAH         LINE#         124
  C:49EAH         LINE#         125
  C:49EAH         LINE#         126
  C:49F0H         LINE#         127
  C:49F3H         LINE#         128
  C:49F3H         LINE#         129
  C:49F3H         LINE#         130
  C:49F9H         LINE#         131
  C:49FCH         LINE#         132
  C:49FCH         LINE#         133
  C:49FCH         LINE#         134
  C:4A02H         LINE#         135
  C:4A05H         LINE#         136
  C:4A05H         LINE#         137
  C:4A05H         LINE#         138
  C:4A0BH         LINE#         139
  C:4A0EH         LINE#         140
  C:4A0EH         LINE#         141
  C:4A0EH         LINE#         142
  C:4A14H         LINE#         143
  C:4A17H         LINE#         144
  C:4A17H         LINE#         145
  C:4A17H         LINE#         146
  C:4A1DH         LINE#         147
  C:4A20H         LINE#         148
  C:4A20H         LINE#         149
  C:4A20H         LINE#         150
  C:4A26H         LINE#         151
  C:4A29H         LINE#         152
  C:4A29H         LINE#         153
  C:4A29H         LINE#         154
  C:4A2FH         LINE#         155
  C:4A32H         LINE#         156
  C:4A32H         LINE#         157
  C:4A32H         LINE#         158
  C:4A32H         LINE#         159
  C:4A34H         LINE#         160
  -------         ENDPROC       _DATASCOPE_DATA_GENERATE
  -------         ENDMOD        DATASCOPE_DP

BL51 BANKED LINKER/LOCATER V6.00                                                      07/30/2017  21:36:07  PAGE 21


  -------         MODULE        ?RTX51_TINY_KERNAL
  C:6780H         SEGMENT       ?RTX?TASKENT?S
  I:001DH         SEGMENT       ?RTX?TASKSP?S
  I:001BH         SEGMENT       ?RTX?TASKSTATE?S
  B:0022H.2       SEGMENT       ?RTX?BITS
  C:2D1BH         SEGMENT       ?RTX?CODE
  C:2D6AH         PUBLIC        ?RTX?SET_ISR
  D:000CH         PUBLIC        ?RTX_CURRENTTASK
  D:0007H         PUBLIC        ?RTX_NEXTID
  C:2DADH         PUBLIC        ?RTX_NEXTTASK
  N:00FFH         PUBLIC        ?RTX_RAMTOP
  C:6780H         PUBLIC        ?RTX_TASKENTRY
  C:2E8CH         PUBLIC        ?RTX_TASKIDX
  I:001DH         PUBLIC        ?RTX_TASKSP
  I:001BH         PUBLIC        ?RTX_TASKSTATUS
  C:2E50H         PUBLIC        MAIN
  C:2D96H         PUBLIC        OS_SWITCH_TASK
  C:2D9FH         SYMBOL        ?C0001
  C:2DA9H         SYMBOL        ?C0003
  C:2DAEH         SYMBOL        ?C0005
  C:2DC8H         SYMBOL        ?C0007
  C:2DCAH         SYMBOL        ?C0009
  C:2DD4H         SYMBOL        ?C0011
  C:2E01H         SYMBOL        ?C0012
  C:2DE7H         SYMBOL        ?C0013
  C:2DECH         SYMBOL        ?C0015
  C:2DF7H         SYMBOL        ?C0016
  N:0000H         SYMBOL        ?RTX51_TINY_KERNAL
  N:F63CH         SYMBOL        ?RTX_CLOCK
  N:0008H         SYMBOL        ?RTX_REGISTERBANK
  D:000DH         SYMBOL        ?RTX_ROBINTIME
  D:000AH         SYMBOL        ?RTX_SAVEACC
  D:000BH         SYMBOL        ?RTX_SAVEPSW
  C:2D1BH         SYMBOL        ?RTX_STACKERROR
  C:2D6EH         SYMBOL        ?RTX_TASKSWITCHING
  B:0022H.2       SYMBOL        ?RTX_TS_DELAY
  D:00E0H         SYMBOL        ACC
  D:00F0H         SYMBOL        B
  N:0005H         SYMBOL        B_ACTIVE
  N:0007H         SYMBOL        B_IVL
  N:0007H         SYMBOL        B_RDY
  N:0004H         SYMBOL        B_READY
  N:0006H         SYMBOL        B_ROBIN
  N:0002H         SYMBOL        B_SIGNAL
  N:0003H         SYMBOL        B_TIMEOUT
  N:0000H         SYMBOL        B_WAITSIG
  N:0001H         SYMBOL        B_WAITTIM
  C:2D6BH         SYMBOL        CHECKROBINTIME
  C:2D45H         SYMBOL        CHECKSTACK
  N:0000H         SYMBOL        CODE_BANKING
  N:0000H         SYMBOL        CPU_IDLE_CODE
  D:0083H         SYMBOL        DPH
  D:0082H         SYMBOL        DPL
  B:00A8H.7       SYMBOL        EA
  B:00A8H.4       SYMBOL        ES
  B:00A8H.1       SYMBOL        ET0
  B:00A8H.3       SYMBOL        ET1
BL51 BANKED LINKER/LOCATER V6.00                                                      07/30/2017  21:36:07  PAGE 22


  B:00A8H.0       SYMBOL        EX0
  B:00A8H.2       SYMBOL        EX1
  N:0014H         SYMBOL        FREE_STACK
  C:2D1FH         SYMBOL        HW_TIMER
  D:00A8H         SYMBOL        IE
  B:0088H.1       SYMBOL        IE0
  B:0088H.3       SYMBOL        IE1
  N:09C4H         SYMBOL        INT_CLOCK
  N:0001H         SYMBOL        INT_REGBANK
  B:0088H.0       SYMBOL        IT0
  B:0088H.2       SYMBOL        IT1
  N:0020H         SYMBOL        K_ACTIVE
  N:0080H         SYMBOL        K_IVL
  N:0080H         SYMBOL        K_RDY
  N:0010H         SYMBOL        K_READY
  N:0040H         SYMBOL        K_ROBIN
  N:0001H         SYMBOL        K_SIG
  N:0002H         SYMBOL        K_TMO
  N:0000H         SYMBOL        LONG_USR_INTR
  C:2E59H         SYMBOL        MAIN1
  C:2E63H         SYMBOL        MAIN1X
  C:2E5EH         SYMBOL        MAIN2
  C:2E24H         SYMBOL        NOEVENT
  C:2D6AH         SYMBOL        NOROBINTIMEOUT
  C:2D61H         SYMBOL        NOTIMEOUT
  C:2D5FH         SYMBOL        NOWAITTIMEOUT
  C:2D96H         SYMBOL        OS_SWITCH_TASK1
  D:0087H         SYMBOL        PCON
  D:00D0H         SYMBOL        PSW
  N:00FFH         SYMBOL        RAMTOP
  N:0080H         SYMBOL        RDY_EVENT
  C:2E30H         SYMBOL        ROBINON
  C:2E18H         SYMBOL        SIGNALOFF
  C:2E24H         SYMBOL        SIGNALON
  N:0004H         SYMBOL        SIG_EVENT
  D:0081H         SYMBOL        SP
  I:001CH         SYMBOL        TASKSTATE
  D:0088H         SYMBOL        TCON
  B:0088H.5       SYMBOL        TF0
  B:0088H.7       SYMBOL        TF1
  D:008CH         SYMBOL        TH0
  D:008DH         SYMBOL        TH1
  C:2E20H         SYMBOL        TIMEOUTON
  C:2D20H         SYMBOL        TIMERINT
  C:2D51H         SYMBOL        TIMERLOOP
  I:001BH         SYMBOL        TIMERVAL
  N:000AH         SYMBOL        TIMESHARING
  D:008AH         SYMBOL        TL0
  D:008BH         SYMBOL        TL1
  D:0089H         SYMBOL        TMOD
  N:0008H         SYMBOL        TMO_EVENT
  B:0088H.4       SYMBOL        TR0
  B:0088H.6       SYMBOL        TR1
  C:000BH         LINE#         271
  C:2D1BH         LINE#         279
  C:2D1FH         LINE#         282
  C:2D20H         LINE#         299
BL51 BANKED LINKER/LOCATER V6.00                                                      07/30/2017  21:36:07  PAGE 23


  C:2D23H         LINE#         301
  C:2D26H         LINE#         302
  C:2D29H         LINE#         303
  C:2D2BH         LINE#         305
  C:2D2DH         LINE#         306
  C:2D2FH         LINE#         307
  C:2D31H         LINE#         308
  C:2D33H         LINE#         309
  C:2D35H         LINE#         310
  C:2D37H         LINE#         311
  C:2D39H         LINE#         312
  C:2D3BH         LINE#         316
  C:2D3CH         LINE#         317
  C:2D3EH         LINE#         318
  C:2D3FH         LINE#         319
  C:2D40H         LINE#         320
  C:2D43H         LINE#         321
  C:2D45H         LINE#         322
  C:2D46H         LINE#         323
  C:2D48H         LINE#         324
  C:2D4BH         LINE#         325
  C:2D4DH         LINE#         329
  C:2D4FH         LINE#         330
  C:2D51H         LINE#         331
  C:2D52H         LINE#         332
  C:2D53H         LINE#         333
  C:2D54H         LINE#         334
  C:2D56H         LINE#         335
  C:2D58H         LINE#         336
  C:2D59H         LINE#         337
  C:2D5CH         LINE#         338
  C:2D5EH         LINE#         339
  C:2D5FH         LINE#         340
  C:2D61H         LINE#         341
  C:2D62H         LINE#         342
  C:2D64H         LINE#         344
  C:2D65H         LINE#         345
  C:2D67H         LINE#         360
  C:2D6AH         LINE#         366
  C:2D6BH         LINE#         367
  C:2D6EH         LINE#         370
  C:2D70H         LINE#         371
  C:2D72H         LINE#         372
  C:2D74H         LINE#         373
  C:2D76H         LINE#         374
  C:2D78H         LINE#         375
  C:2D7AH         LINE#         376
  C:2D7CH         LINE#         377
  C:2D7EH         LINE#         378
  C:2D80H         LINE#         379
  C:2D82H         LINE#         380
  C:2D84H         LINE#         381
  C:2D86H         LINE#         382
  C:2D88H         LINE#         387
  C:2D8AH         LINE#         388
  C:2D8BH         LINE#         389
  C:2D8DH         LINE#         390
BL51 BANKED LINKER/LOCATER V6.00                                                      07/30/2017  21:36:07  PAGE 24


  C:2D8EH         LINE#         391
  C:2D90H         LINE#         392
  C:2D92H         LINE#         393
  C:2D93H         LINE#         394
  C:2D94H         LINE#         395
  C:2D96H         LINE#         424
  C:2D98H         LINE#         426
  C:2D9AH         LINE#         427
  C:2D9BH         LINE#         429
  C:2D9CH         LINE#         430
  C:2D9EH         LINE#         431
  C:2D9FH         LINE#         434
  C:2DA0H         LINE#         435
  C:2DA1H         LINE#         436
  C:2DA2H         LINE#         444
  C:2DA5H         LINE#         445
  C:2DA7H         LINE#         446
  C:2DA9H         LINE#         449
  C:2DAAH         LINE#         450
  C:2DADH         LINE#         458
  C:2DAEH         LINE#         462
  C:2DB0H         LINE#         463
  C:2DB1H         LINE#         464
  C:2DB2H         LINE#         465
  C:2DB4H         LINE#         468
  C:2DB6H         LINE#         470
  C:2DB8H         LINE#         471
  C:2DBAH         LINE#         472
  C:2DBBH         LINE#         473
  C:2DBCH         LINE#         474
  C:2DBDH         LINE#         476
  C:2DBFH         LINE#         478
  C:2DC0H         LINE#         479
  C:2DC1H         LINE#         480
  C:2DC3H         LINE#         481
  C:2DC6H         LINE#         482
  C:2DC8H         LINE#         484
  C:2DC9H         LINE#         485
  C:2DCAH         LINE#         490
  C:2DCBH         LINE#         491
  C:2DCCH         LINE#         492
  C:2DCEH         LINE#         496
  C:2DCFH         LINE#         497
  C:2DD0H         LINE#         498
  C:2DD2H         LINE#         499
  C:2DD4H         LINE#         505
  C:2DD6H         LINE#         506
  C:2DD7H         LINE#         507
  C:2DD8H         LINE#         508
  C:2DDAH         LINE#         510
  C:2DDCH         LINE#         511
  C:2DDEH         LINE#         512
  C:2DDFH         LINE#         513
  C:2DE0H         LINE#         516
  C:2DE2H         LINE#         517
  C:2DE5H         LINE#         518
  C:2DE7H         LINE#         520
BL51 BANKED LINKER/LOCATER V6.00                                                      07/30/2017  21:36:07  PAGE 25


  C:2DE8H         LINE#         522
  C:2DE9H         LINE#         523
  C:2DEAH         LINE#         524
  C:2DEBH         LINE#         525
  C:2DECH         LINE#         529
  C:2DEEH         LINE#         530
  C:2DEFH         LINE#         531
  C:2DF1H         LINE#         535
  C:2DF3H         LINE#         536
  C:2DF4H         LINE#         537
  C:2DF5H         LINE#         539
  C:2DF7H         LINE#         543
  C:2DF9H         LINE#         544
  C:2DFBH         LINE#         545
  C:2DFCH         LINE#         546
  C:2DFDH         LINE#         548
  C:2DFFH         LINE#         549
  C:2E01H         LINE#         555
  C:2E04H         LINE#         559
  C:2E06H         LINE#         560
  C:2E07H         LINE#         561
  C:2E09H         LINE#         562
  C:2E0AH         LINE#         563
  C:2E0CH         LINE#         564
  C:2E0EH         LINE#         565
  C:2E0FH         LINE#         567
  C:2E12H         LINE#         571
  C:2E15H         LINE#         572
  C:2E18H         LINE#         576
  C:2E1AH         LINE#         577
  C:2E1DH         LINE#         578
  C:2E20H         LINE#         580
  C:2E22H         LINE#         581
  C:2E24H         LINE#         583
  C:2E26H         LINE#         584
  C:2E27H         LINE#         585
  C:2E29H         LINE#         587
  C:2E2BH         LINE#         588
  C:2E2DH         LINE#         594
  C:2E2FH         LINE#         595
  C:2E30H         LINE#         608
  C:2E31H         LINE#         609
  C:2E33H         LINE#         614
  C:2E35H         LINE#         615
  C:2E37H         LINE#         616
  C:2E39H         LINE#         617
  C:2E3BH         LINE#         618
  C:2E3DH         LINE#         619
  C:2E3FH         LINE#         620
  C:2E41H         LINE#         621
  C:2E43H         LINE#         622
  C:2E45H         LINE#         623
  C:2E47H         LINE#         624
  C:2E49H         LINE#         625
  C:2E4BH         LINE#         626
  C:2E4DH         LINE#         627
  C:2E4FH         LINE#         628
BL51 BANKED LINKER/LOCATER V6.00                                                      07/30/2017  21:36:07  PAGE 26


  C:2E50H         LINE#         642
  C:2E52H         LINE#         643
  C:2E54H         LINE#         644
  C:2E56H         LINE#         645
  C:2E58H         LINE#         646
  C:2E59H         LINE#         647
  C:2E5AH         LINE#         648
  C:2E5CH         LINE#         649
  C:2E5EH         LINE#         650
  C:2E60H         LINE#         651
  C:2E61H         LINE#         652
  C:2E63H         LINE#         653
  C:2E64H         LINE#         654
  C:2E65H         LINE#         655
  C:2E66H         LINE#         656
  C:2E67H         LINE#         657
  C:2E69H         LINE#         658
  C:2E6BH         LINE#         659
  C:2E6DH         LINE#         660
  C:2E70H         LINE#         661
  C:2E72H         LINE#         662
  C:2E73H         LINE#         663
  C:2E75H         LINE#         664
  C:2E76H         LINE#         665
  C:2E77H         LINE#         666
  C:2E79H         LINE#         668
  C:2E7CH         LINE#         670
  C:2E7FH         LINE#         671
  C:2E82H         LINE#         672
  C:2E85H         LINE#         673
  C:2E87H         LINE#         674
  C:2E89H         LINE#         675
  C:2E8BH         LINE#         676
  -------         ENDMOD        ?RTX51_TINY_KERNAL

  -------         MODULE        BUTTON
  C:0000H         SYMBOL        _ICE_DUMMY_
  D:0080H         PUBLIC        P0
  D:0090H         PUBLIC        P1
  D:00A0H         PUBLIC        P2
  D:00B0H         PUBLIC        P3
  D:00C0H         PUBLIC        P4
  D:00C8H         PUBLIC        P5
  D:00E8H         PUBLIC        P6
  D:00F8H         PUBLIC        P7
  D:00A8H         PUBLIC        IE
  D:00B8H         PUBLIC        IP
  D:00D8H         PUBLIC        CCON
  C:54ADH         PUBLIC        buttonScan
  B:0021H.1       SYMBOL        BUTTON1_bit
  B:0021H.2       SYMBOL        BUTTON2_bit
  B:0021H.3       SYMBOL        BUTTON3_bit
  B:0021H.4       SYMBOL        BUTTON4_bit
  D:0098H         PUBLIC        SCON
  B:00A0H.3       PUBLIC        P23
  D:0088H         PUBLIC        TCON
  B:00A0H.4       PUBLIC        P24
BL51 BANKED LINKER/LOCATER V6.00                                                      07/30/2017  21:36:07  PAGE 27


  B:00A0H.5       PUBLIC        P25
  B:00A0H.6       PUBLIC        P26
  D:00F0H         PUBLIC        B
  C:617CH         PUBLIC        _getButtonState
  D:00E0H         PUBLIC        ACC
  C:6049H         PUBLIC        Button_config
  C:66A8H         SYMBOL        _digitalRead
  D:00D0H         PUBLIC        PSW
  -------         PROC          BUTTON_CONFIG
  -------         DO            
  X:06B9H         SYMBOL        GPIO_InitStructure
  -------         ENDDO         
  C:6049H         LINE#         24
  C:6049H         LINE#         25
  C:6049H         LINE#         27
  C:604FH         LINE#         28
  C:6054H         LINE#         29
  C:605FH         LINE#         30
  C:6061H         LINE#         31
  C:6063H         LINE#         32
  C:6065H         LINE#         33
  C:6067H         LINE#         34
  -------         ENDPROC       BUTTON_CONFIG
  -------         PROC          _DIGITALREAD
  D:0006H         SYMBOL        pin
  C:66A8H         LINE#         42
  C:66A8H         LINE#         43
  C:66A8H         LINE#         44
  C:66ACH         LINE#         45
  C:66ACH         LINE#         46
  C:66B1H         LINE#         47
  C:66B1H         LINE#         48
  -------         ENDPROC       _DIGITALREAD
  -------         PROC          _GETBUTTONSTATE
  D:0007H         SYMBOL        BUTTON_data
  C:617CH         LINE#         60
  C:617CH         LINE#         61
  C:617CH         LINE#         62
  C:618DH         LINE#         63
  C:618DH         LINE#         64
  C:618DH         LINE#         65
  C:6190H         LINE#         66
  C:6190H         LINE#         67
  C:6190H         LINE#         68
  C:6193H         LINE#         69
  C:6193H         LINE#         70
  C:6193H         LINE#         71
  C:6196H         LINE#         72
  C:6196H         LINE#         73
  C:6196H         LINE#         74
  C:6198H         LINE#         75
  C:6198H         LINE#         76
  C:6198H         LINE#         77
  -------         ENDPROC       _GETBUTTONSTATE
  -------         PROC          BUTTONSCAN
  C:54ADH         LINE#         87
  C:54ADH         LINE#         88
BL51 BANKED LINKER/LOCATER V6.00                                                      07/30/2017  21:36:07  PAGE 28


  C:54ADH         LINE#         89
  C:54B8H         LINE#         90
  C:54B8H         LINE#         91
  C:54C2H         LINE#         92
  C:54C2H         LINE#         96
  C:54C4H         LINE#         97
  C:54C4H         LINE#         98
  C:54C6H         LINE#         100
  C:54C6H         LINE#         101
  C:54C8H         LINE#         102
  C:54C8H         LINE#         103
  C:54D3H         LINE#         104
  C:54D3H         LINE#         105
  C:54D6H         LINE#         106
  C:54D6H         LINE#         110
  C:54D8H         LINE#         111
  C:54D8H         LINE#         112
  C:54DAH         LINE#         114
  C:54DAH         LINE#         115
  C:54DCH         LINE#         116
  C:54DCH         LINE#         117
  C:54E7H         LINE#         118
  C:54E7H         LINE#         119
  C:54EAH         LINE#         120
  C:54EAH         LINE#         124
  C:54ECH         LINE#         126
  C:54ECH         LINE#         127
  C:54EEH         LINE#         129
  C:54EEH         LINE#         130
  C:54F0H         LINE#         131
  C:54F0H         LINE#         132
  C:54FBH         LINE#         133
  C:54FBH         LINE#         134
  C:54FEH         LINE#         135
  C:54FEH         LINE#         139
  C:5500H         LINE#         141
  C:5500H         LINE#         142
  C:5501H         LINE#         144
  C:5501H         LINE#         145
  C:5503H         LINE#         146
  C:5503H         LINE#         147
  -------         ENDPROC       BUTTONSCAN
  -------         ENDMOD        BUTTON

  -------         MODULE        LCD5510_V2
  C:0000H         SYMBOL        _ICE_DUMMY_
  D:0080H         PUBLIC        P0
  D:0090H         PUBLIC        P1
  D:00A0H         PUBLIC        P2
  D:00B0H         PUBLIC        P3
  D:00C0H         PUBLIC        P4
  D:00C8H         PUBLIC        P5
  D:00E8H         PUBLIC        P6
  D:00F8H         PUBLIC        P7
  D:00A8H         PUBLIC        IE
  B:00C8H.0       PUBLIC        LCD_CLK
  B:00C8H.1       PUBLIC        LCD_DIN
BL51 BANKED LINKER/LOCATER V6.00                                                      07/30/2017  21:36:07  PAGE 29


  C:286BH         PUBLIC        Font_code
  C:581DH         PUBLIC        LCD5510_Init
  D:00B8H         PUBLIC        IP
  C:6469H         PUBLIC        _LCD_pos_byte
  C:5FA8H         PUBLIC        LCD_clr_scr
  D:00D8H         PUBLIC        CCON
  B:00C8H.4       PUBLIC        LCD_RST
  C:64A5H         PUBLIC        _LCD_clr_row
  D:0098H         PUBLIC        SCON
  D:0088H         PUBLIC        TCON
  B:00C8H.2       PUBLIC        LCD_DC
  C:51F1H         PUBLIC        _LCD_printNum_F
  C:5331H         PUBLIC        _LCD_printNum_I
  D:00F0H         PUBLIC        B
  C:5562H         PUBLIC        _LCD_printsl
  D:00E0H         PUBLIC        ACC
  C:5925H         PUBLIC        _LCD_printc
  B:00C8H.3       PUBLIC        LCD_CS
  C:5A10H         PUBLIC        _LCD_prints
  C:5FE9H         PUBLIC        _LCD_write_byte
  D:00D0H         PUBLIC        PSW
  -------         PROC          _LCD_WRITE_BYTE
  D:0007H         SYMBOL        wbyte
  D:0005H         SYMBOL        dat_cmd
  -------         DO            
  D:0006H         SYMBOL        i
  -------         ENDDO         
  C:5FE9H         LINE#         111
  C:5FE9H         LINE#         112
  C:5FE9H         LINE#         115
  C:5FEBH         LINE#         116
  C:5FF0H         LINE#         118
  C:5FF2H         LINE#         119
  C:5FF2H         LINE#         120
  C:5FFAH         LINE#         121
  C:5FFCH         LINE#         123
  C:5FFEH         LINE#         124
  C:6002H         LINE#         125
  C:6004H         LINE#         126
  C:6006H         LINE#         128
  C:6008H         LINE#         129
  -------         ENDPROC       _LCD_WRITE_BYTE
  -------         PROC          LCD_CLR_SCR
  -------         DO            
  D:0002H         SYMBOL        i
  -------         ENDDO         
  C:5FA8H         LINE#         164
  C:5FA8H         LINE#         165
  C:5FA8H         LINE#         168
  C:5FAFH         LINE#         169
  C:5FB4H         LINE#         171
  C:5FC8H         LINE#         172
  -------         ENDPROC       LCD_CLR_SCR
  -------         PROC          _LCD_CLR_ROW
  D:0007H         SYMBOL        num
  -------         DO            
  D:0004H         SYMBOL        i
BL51 BANKED LINKER/LOCATER V6.00                                                      07/30/2017  21:36:07  PAGE 30


  -------         ENDDO         
  C:64A5H         LINE#         178
  C:64A5H         LINE#         179
  C:64A5H         LINE#         182
  C:64ACH         LINE#         183
  C:64B7H         LINE#         184
  -------         ENDPROC       _LCD_CLR_ROW
  -------         PROC          _LCD_POS_BYTE
  D:0007H         SYMBOL        x
  D:0004H         SYMBOL        y
  C:6469H         LINE#         192
  C:646BH         LINE#         193
  C:646BH         LINE#         194
  C:646FH         LINE#         195
  C:6473H         LINE#         196
  C:6478H         LINE#         197
  -------         ENDPROC       _LCD_POS_BYTE
  -------         PROC          L?0033
  -------         ENDPROC       L?0033
  -------         PROC          _LCD_PRINTC
  D:0007H         SYMBOL        x
  D:0005H         SYMBOL        y
  D:0003H         SYMBOL        c_dat
  -------         DO            
  D:0004H         SYMBOL        i
  -------         ENDDO         
  C:5925H         LINE#         205
  C:5925H         LINE#         206
  C:5925H         LINE#         209
  C:5929H         LINE#         210
  C:592FH         LINE#         212
  C:5932H         LINE#         213
  C:595AH         LINE#         214
  -------         ENDPROC       _LCD_PRINTC
  -------         PROC          _LCD_PRINTS
  X:04EEH         SYMBOL        x
  X:04EFH         SYMBOL        y
  X:04F0H         SYMBOL        s_dat
  C:5A10H         LINE#         221
  C:5A21H         LINE#         222
  C:5A21H         LINE#         223
  C:5A4AH         LINE#         224
[...]

  -------         MODULE        ?C?FCAST
  C:0B15H         PUBLIC        ?C?FCASTC
  C:0B10H         PUBLIC        ?C?FCASTI
  C:0B0BH         PUBLIC        ?C?FCASTL
  -------         ENDMOD        ?C?FCAST

  -------         MODULE        ?C?CASTF
  C:0B49H         PUBLIC        ?C?CASTF
  -------         ENDMOD        ?C?CASTF

  -------         MODULE        PRINTF
  X:042FH         PUBLIC        ?_PRINTF?BYTE
  X:042FH         PUBLIC        ?_SPRINTF?BYTE
  C:1D20H         PUBLIC        _PRINTF
  C:1D1AH         PUBLIC        _SPRINTF
  -------         ENDMOD        PRINTF

  -------         MODULE        ?C?FPROUND
  C:0BCAH         PUBLIC        ?C?FPROUND
  -------         ENDMOD        ?C?FPROUND

  -------         MODULE        ?C?FPCONVERT
  C:0C07H         PUBLIC        ?C?FPCONVERT
  -------         ENDMOD        ?C?FPCONVERT

  -------         MODULE        ?C?FTNPWR
  C:0D3CH         PUBLIC        ?C?FTNPWR
BL51 BANKED LINKER/LOCATER V6.00                                                      07/30/2017  21:36:07  PAGE 107


  -------         ENDMOD        ?C?FTNPWR

  -------         MODULE        ?C?CLDPTR
  C:0D7CH         PUBLIC        ?C?CLDPTR
  -------         ENDMOD        ?C?CLDPTR

  -------         MODULE        ?C?CLDOPTR
  C:0D95H         PUBLIC        ?C?CLDOPTR
  -------         ENDMOD        ?C?CLDOPTR

  -------         MODULE        ?C?CSTPTR
  C:0DC2H         PUBLIC        ?C?CSTPTR
  -------         ENDMOD        ?C?CSTPTR

  -------         MODULE        ?C?CSTOPTR
  C:0DD4H         PUBLIC        ?C?CSTOPTR
  -------         ENDMOD        ?C?CSTOPTR

  -------         MODULE        ?C?IMUL
  C:0DF6H         PUBLIC        ?C?IMUL
  -------         ENDMOD        ?C?IMUL

  -------         MODULE        ?C?UIDIV
  C:0E08H         PUBLIC        ?C?UIDIV
  -------         ENDMOD        ?C?UIDIV

  -------         MODULE        ?C?SIDIV
  C:0E5DH         PUBLIC        ?C?SIDIV
  -------         ENDMOD        ?C?SIDIV

  -------         MODULE        ?C?IILDX
  C:0E93H         PUBLIC        ?C?IILDX
  -------         ENDMOD        ?C?IILDX

  -------         MODULE        ?C?ILDIX
  C:0EA9H         PUBLIC        ?C?ILDIX
  -------         ENDMOD        ?C?ILDIX

  -------         MODULE        ?C?ILDOPTR
  C:0EBFH         PUBLIC        ?C?ILDOPTR
  -------         ENDMOD        ?C?ILDOPTR

  -------         MODULE        ?C?LMUL
  C:0EF7H         PUBLIC        ?C?LMUL
  -------         ENDMOD        ?C?LMUL

  -------         MODULE        ?C?ULDIV
  C:0F82H         PUBLIC        ?C?ULDIV
  -------         ENDMOD        ?C?ULDIV

  -------         MODULE        ?C?SLDIV
  C:57D9H         PUBLIC        ?C?SLDIV
  -------         ENDMOD        ?C?SLDIV

  -------         MODULE        ?C?LNEG
  C:1014H         PUBLIC        ?C?LNEG
  -------         ENDMOD        ?C?LNEG
BL51 BANKED LINKER/LOCATER V6.00                                                      07/30/2017  21:36:07  PAGE 108



  -------         MODULE        ?C?ULCMP
  C:1022H         PUBLIC        ?C?ULCMP
  -------         ENDMOD        ?C?ULCMP

  -------         MODULE        ?C?ULSHR
  C:1033H         PUBLIC        ?C?ULSHR
  -------         ENDMOD        ?C?ULSHR

  -------         MODULE        ?C?LLDOPTR0
  C:1046H         PUBLIC        ?C?LLDOPTR0
  -------         ENDMOD        ?C?LLDOPTR0

  -------         MODULE        ?C?LSTXDATA
  C:1076H         PUBLIC        ?C?LSTXDATA
  -------         ENDMOD        ?C?LSTXDATA

  -------         MODULE        ?C?LSTKXDATA
  C:1082H         PUBLIC        ?C?LSTKXDATA
  -------         ENDMOD        ?C?LSTKXDATA

  -------         MODULE        ?C?OFFXADD
  C:10B3H         PUBLIC        ?C?OFFXADD
  -------         ENDMOD        ?C?OFFXADD

  -------         MODULE        ?C?PLDIXDATA
  C:10BFH         PUBLIC        ?C?PLDIXDATA
  -------         ENDMOD        ?C?PLDIXDATA

  -------         MODULE        ?C?PSTXDATA
  C:10D6H         PUBLIC        ?C?PSTXDATA
  -------         ENDMOD        ?C?PSTXDATA

  -------         MODULE        ?C?CCASE
  C:10DFH         PUBLIC        ?C?CCASE
  -------         ENDMOD        ?C?CCASE

  -------         MODULE        PUTCHAR
  C:5DBFH         PUBLIC        _PUTCHAR
  -------         ENDMOD        PUTCHAR

  -------         MODULE        MALLOC
  C:4480H         PUBLIC        _malloc
  -------         ENDMOD        MALLOC

  -------         MODULE        FREE
  C:3A5DH         PUBLIC        _free
  -------         ENDMOD        FREE

  -------         MODULE        ?C?LLDIDATA0
  C:1105H         PUBLIC        ?C?LLDIDATA0
  -------         ENDMOD        ?C?LLDIDATA0

  -------         MODULE        ?C?LLDXDATA0
  C:1112H         PUBLIC        ?C?LLDXDATA0
  -------         ENDMOD        ?C?LLDXDATA0

BL51 BANKED LINKER/LOCATER V6.00                                                      07/30/2017  21:36:07  PAGE 109


  -------         MODULE        ?C?LLDPDATA0
  C:111EH         PUBLIC        ?C?LLDPDATA0
  -------         ENDMOD        ?C?LLDPDATA0

  -------         MODULE        ?C?LLDCODE0
  C:112BH         PUBLIC        ?C?LLDCODE0
  -------         ENDMOD        ?C?LLDCODE0

  -------         MODULE        INIT_MEM
  X:0608H         PUBLIC        __mem_avail__
  C:59D4H         PUBLIC        _init_mempool
  -------         ENDMOD        INIT_MEM

*** WARNING L16: UNCALLED SEGMENT, IGNORED FOR OVERLAY PROCESS
    SEGMENT: ?PR?TEST?SETUP

*** WARNING L16: UNCALLED SEGMENT, IGNORED FOR OVERLAY PROCESS
    SEGMENT: ?PR?MODE1?MODE

*** WARNING L16: UNCALLED SEGMENT, IGNORED FOR OVERLAY PROCESS
    SEGMENT: ?PR?MODE2?MODE

*** WARNING L16: UNCALLED SEGMENT, IGNORED FOR OVERLAY PROCESS
    SEGMENT: ?PR?MODE3?MODE

*** WARNING L16: UNCALLED SEGMENT, IGNORED FOR OVERLAY PROCESS
    SEGMENT: ?PR?MODE4?MODE

*** WARNING L16: UNCALLED SEGMENT, IGNORED FOR OVERLAY PROCESS
    SEGMENT: ?PR?MODELAUNCHER?MODE

*** WARNING L16: UNCALLED SEGMENT, IGNORED FOR OVERLAY PROCESS
    SEGMENT: ?PR?_FILTER?FILTER

*** WARNING L16: UNCALLED SEGMENT, IGNORED FOR OVERLAY PROCESS
    SEGMENT: ?PR?_KALMANFILTER?FILTER

*** WARNING L16: UNCALLED SEGMENT, IGNORED FOR OVERLAY PROCESS
    SEGMENT: ?PR?_PID_CONFIG?PID

*** WARNING L16: UNCALLED SEGMENT, IGNORED FOR OVERLAY PROCESS
    SEGMENT: ?PR?_OPENPID?PID

*** WARNING L16: UNCALLED SEGMENT, IGNORED FOR OVERLAY PROCESS
    SEGMENT: ?PR?_CLOSEPID?PID

*** WARNING L16: UNCALLED SEGMENT, IGNORED FOR OVERLAY PROCESS
    SEGMENT: ?PR?_PID?PID

*** WARNING L16: UNCALLED SEGMENT, IGNORED FOR OVERLAY PROCESS
    SEGMENT: ?PR?_INCREMENTAL_PID?PID

*** WARNING L16: UNCALLED SEGMENT, IGNORED FOR OVERLAY PROCESS
    SEGMENT: ?PR?_SETPARAMETERINFERIORLIMIT?PID

*** WARNING L16: UNCALLED SEGMENT, IGNORED FOR OVERLAY PROCESS
    SEGMENT: ?PR?_SETPARAMETERUPPERLIMIT?PID
BL51 BANKED LINKER/LOCATER V6.00                                                      07/30/2017  21:36:07  PAGE 110



*** WARNING L16: UNCALLED SEGMENT, IGNORED FOR OVERLAY PROCESS
    SEGMENT: ?PR?_SETACTUALPARAMETER?PID

*** WARNING L16: UNCALLED SEGMENT, IGNORED FOR OVERLAY PROCESS
    SEGMENT: ?PR?_SETKI?PID

*** WARNING L16: UNCALLED SEGMENT, IGNORED FOR OVERLAY PROCESS
    SEGMENT: ?PR?_SETKP?PID

*** WARNING L16: UNCALLED SEGMENT, IGNORED FOR OVERLAY PROCESS
    SEGMENT: ?PR?_SETKD?PID

*** WARNING L16: UNCALLED SEGMENT, IGNORED FOR OVERLAY PROCESS
    SEGMENT: ?PR?_SETPARAMETER?PID

*** WARNING L16: UNCALLED SEGMENT, IGNORED FOR OVERLAY PROCESS
    SEGMENT: ?PR?_GETPARAMETER?PID

*** WARNING L16: UNCALLED SEGMENT, IGNORED FOR OVERLAY PROCESS
    SEGMENT: ?PR?_GETERR?PID

*** WARNING L16: UNCALLED SEGMENT, IGNORED FOR OVERLAY PROCESS
    SEGMENT: ?PR?_GETERRLAST?PID

*** WARNING L16: UNCALLED SEGMENT, IGNORED FOR OVERLAY PROCESS
    SEGMENT: ?PR?_GETKP?PID

*** WARNING L16: UNCALLED SEGMENT, IGNORED FOR OVERLAY PROCESS
    SEGMENT: ?PR?_GETKI?PID

*** WARNING L16: UNCALLED SEGMENT, IGNORED FOR OVERLAY PROCESS
    SEGMENT: ?PR?_GETKD?PID

*** WARNING L16: UNCALLED SEGMENT, IGNORED FOR OVERLAY PROCESS
    SEGMENT: ?PR?_GETOUTPUT?PID

*** WARNING L16: UNCALLED SEGMENT, IGNORED FOR OVERLAY PROCESS
    SEGMENT: ?PR?_GETINTEGRAL?PID

*** WARNING L16: UNCALLED SEGMENT, IGNORED FOR OVERLAY PROCESS
    SEGMENT: ?PR?_SENDSCOPEDATA?DATASCOPE_DP

*** WARNING L16: UNCALLED SEGMENT, IGNORED FOR OVERLAY PROCESS
    SEGMENT: ?PR?BUTTON_CONFIG?BUTTON

*** WARNING L16: UNCALLED SEGMENT, IGNORED FOR OVERLAY PROCESS
    SEGMENT: ?PR?_GETBUTTONSTATE?BUTTON

*** WARNING L16: UNCALLED SEGMENT, IGNORED FOR OVERLAY PROCESS
    SEGMENT: ?PR?BUTTONSCAN?BUTTON

*** WARNING L16: UNCALLED SEGMENT, IGNORED FOR OVERLAY PROCESS
    SEGMENT: ?PR?_LCD_CLR_ROW?LCD5510_V2

*** WARNING L16: UNCALLED SEGMENT, IGNORED FOR OVERLAY PROCESS
    SEGMENT: ?PR?_LCD_PRINTNUM_I?LCD5510_V2
BL51 BANKED LINKER/LOCATER V6.00                                                      07/30/2017  21:36:07  PAGE 111



*** WARNING L16: UNCALLED SEGMENT, IGNORED FOR OVERLAY PROCESS
    SEGMENT: ?PR?_LCD_PRINTNUM_F?LCD5510_V2

*** WARNING L16: UNCALLED SEGMENT, IGNORED FOR OVERLAY PROCESS
    SEGMENT: ?PR?GETBOARD_LED_STATE?LED

*** WARNING L16: UNCALLED SEGMENT, IGNORED FOR OVERLAY PROCESS
    SEGMENT: ?PR?_BOARD_LED_PWM?LED

*** WARNING L16: UNCALLED SEGMENT, IGNORED FOR OVERLAY PROCESS
    SEGMENT: ?PR?_SETDC_MOTORSPEED?MOTOR

*** WARNING L16: UNCALLED SEGMENT, IGNORED FOR OVERLAY PROCESS
    SEGMENT: ?PR?_OPEN_DC_MOTOR?MOTOR

*** WARNING L16: UNCALLED SEGMENT, IGNORED FOR OVERLAY PROCESS
    SEGMENT: ?PR?_CLOSE_DC_MOTOR?MOTOR

*** WARNING L16: UNCALLED SEGMENT, IGNORED FOR OVERLAY PROCESS
    SEGMENT: ?PR?_GETDC_MOTORSTATE?MOTOR

*** WARNING L16: UNCALLED SEGMENT, IGNORED FOR OVERLAY PROCESS
    SEGMENT: ?PR?DC_MOTOR_CONFIG?MOTOR

*** WARNING L16: UNCALLED SEGMENT, IGNORED FOR OVERLAY PROCESS
    SEGMENT: ?PR?_INIT_STR_MOTOR?SERVO

*** WARNING L16: UNCALLED SEGMENT, IGNORED FOR OVERLAY PROCESS
    SEGMENT: ?PR?_SET_STR_ANGLE?SERVO

*** WARNING L16: UNCALLED SEGMENT, IGNORED FOR OVERLAY PROCESS
    SEGMENT: ?PR?_READ_STR_ANGLE?SERVO

*** WARNING L16: UNCALLED SEGMENT, IGNORED FOR OVERLAY PROCESS
    SEGMENT: ?PR?_OPEN_STR?SERVO

*** WARNING L16: UNCALLED SEGMENT, IGNORED FOR OVERLAY PROCESS
    SEGMENT: ?PR?_CLOSE_STR?SERVO

*** WARNING L16: UNCALLED SEGMENT, IGNORED FOR OVERLAY PROCESS
    SEGMENT: ?PR?_SETSTEPMOTORWITHDISTANCE?STEP_MOTOR

*** WARNING L16: UNCALLED SEGMENT, IGNORED FOR OVERLAY PROCESS
    SEGMENT: ?PR?_SETSTEPMOTORWITHROUND?STEP_MOTOR

*** WARNING L16: UNCALLED SEGMENT, IGNORED FOR OVERLAY PROCESS
    SEGMENT: ?PR?_SETSTEPMOTORSTATE?STEP_MOTOR

*** WARNING L16: UNCALLED SEGMENT, IGNORED FOR OVERLAY PROCESS
    SEGMENT: ?PR?_GETSTEPMOTORSTATE?STEP_MOTOR

*** WARNING L16: UNCALLED SEGMENT, IGNORED FOR OVERLAY PROCESS
    SEGMENT: ?PR?_SETSTEPMOTORDIVERSION?STEP_MOTOR

*** WARNING L16: UNCALLED SEGMENT, IGNORED FOR OVERLAY PROCESS
    SEGMENT: ?PR?_CLOSE_STEPMOTOR?STEP_MOTOR
BL51 BANKED LINKER/LOCATER V6.00                                                      07/30/2017  21:36:07  PAGE 112



*** WARNING L16: UNCALLED SEGMENT, IGNORED FOR OVERLAY PROCESS
    SEGMENT: ?PR?_OPEN_STEPMOTOR?STEP_MOTOR

*** WARNING L16: UNCALLED SEGMENT, IGNORED FOR OVERLAY PROCESS
    SEGMENT: ?PR?_FREESTEPMOTOR?STEP_MOTOR

*** WARNING L16: UNCALLED SEGMENT, IGNORED FOR OVERLAY PROCESS
    SEGMENT: ?PR?_LOCKSTEPMOTOR?STEP_MOTOR

*** WARNING L16: UNCALLED SEGMENT, IGNORED FOR OVERLAY PROCESS
    SEGMENT: ?PR?_STEPMOTOR_INIT?STEP_MOTOR

*** WARNING L16: UNCALLED SEGMENT, IGNORED FOR OVERLAY PROCESS
    SEGMENT: ?PR?_ADC_CONFIG?ANGLE

*** WARNING L16: UNCALLED SEGMENT, IGNORED FOR OVERLAY PROCESS
    SEGMENT: ?PR?GETANGLE?ANGLE

*** WARNING L16: UNCALLED SEGMENT, IGNORED FOR OVERLAY PROCESS
    SEGMENT: ?PR?_HC595_INIT?74HC595

*** WARNING L16: UNCALLED SEGMENT, IGNORED FOR OVERLAY PROCESS
    SEGMENT: ?PR?_HC595SENDDATA?74HC595

*** WARNING L16: UNCALLED SEGMENT, IGNORED FOR OVERLAY PROCESS
    SEGMENT: ?PR?_GETPULSERSTATE?FIXEDPULSER

*** WARNING L16: UNCALLED SEGMENT, IGNORED FOR OVERLAY PROCESS
    SEGMENT: ?PR?SETCARFORWARD?MT_1_L298N

*** WARNING L16: UNCALLED SEGMENT, IGNORED FOR OVERLAY PROCESS
    SEGMENT: ?PR?SETCARBACK?MT_1_L298N

*** WARNING L16: UNCALLED SEGMENT, IGNORED FOR OVERLAY PROCESS
    SEGMENT: ?PR?SETCARSTOP?MT_1_L298N

*** WARNING L16: UNCALLED SEGMENT, IGNORED FOR OVERLAY PROCESS
    SEGMENT: ?PR?SETCARRIGHTFORWARD?MT_1_L298N

*** WARNING L16: UNCALLED SEGMENT, IGNORED FOR OVERLAY PROCESS
    SEGMENT: ?PR?SETCARRIGHTBACK?MT_1_L298N

*** WARNING L16: UNCALLED SEGMENT, IGNORED FOR OVERLAY PROCESS
    SEGMENT: ?PR?SETCARRIGHTTURN?MT_1_L298N

*** WARNING L16: UNCALLED SEGMENT, IGNORED FOR OVERLAY PROCESS
    SEGMENT: ?PR?SETCARLEFTFORWARD?MT_1_L298N

*** WARNING L16: UNCALLED SEGMENT, IGNORED FOR OVERLAY PROCESS
    SEGMENT: ?PR?SETCARLEFTBACK?MT_1_L298N

*** WARNING L16: UNCALLED SEGMENT, IGNORED FOR OVERLAY PROCESS
    SEGMENT: ?PR?SETCARLEFTTURN?MT_1_L298N

*** WARNING L16: UNCALLED SEGMENT, IGNORED FOR OVERLAY PROCESS
    SEGMENT: ?PR?SPI_INIT?MPU9250
BL51 BANKED LINKER/LOCATER V6.00                                                      07/30/2017  21:36:07  PAGE 113



*** WARNING L16: UNCALLED SEGMENT, IGNORED FOR OVERLAY PROCESS
    SEGMENT: ?PR?INIT_MPU9250?MPU9250

*** WARNING L16: UNCALLED SEGMENT, IGNORED FOR OVERLAY PROCESS
    SEGMENT: ?PR?READ_MPU9250_ACCEL?MPU9250

*** WARNING L16: UNCALLED SEGMENT, IGNORED FOR OVERLAY PROCESS
    SEGMENT: ?PR?READ_MPU9250_GYRO?MPU9250

*** WARNING L16: UNCALLED SEGMENT, IGNORED FOR OVERLAY PROCESS
    SEGMENT: ?PR?READ_MPU9250_MAG?MPU9250

*** WARNING L16: UNCALLED SEGMENT, IGNORED FOR OVERLAY PROCESS
    SEGMENT: ?PR?_INITJY901?MPU9250_SBUF

*** WARNING L16: UNCALLED SEGMENT, IGNORED FOR OVERLAY PROCESS
    SEGMENT: ?PR?_ENABLEJY901?MPU9250_SBUF

*** WARNING L16: UNCALLED SEGMENT, IGNORED FOR OVERLAY PROCESS
    SEGMENT: ?PR?_DISABLEJY901?MPU9250_SBUF

*** WARNING L16: UNCALLED SEGMENT, IGNORED FOR OVERLAY PROCESS
    SEGMENT: ?PR?_OPENJY901SBUFMODE?MPU9250_SBUF

*** WARNING L16: UNCALLED SEGMENT, IGNORED FOR OVERLAY PROCESS
    SEGMENT: ?PR?_CLOSEJY901SBUFMODE?MPU9250_SBUF

*** WARNING L16: UNCALLED SEGMENT, IGNORED FOR OVERLAY PROCESS
    SEGMENT: ?PR?_GETJY901ACCELERATION?MPU9250_SBUF

*** WARNING L16: UNCALLED SEGMENT, IGNORED FOR OVERLAY PROCESS
    SEGMENT: ?PR?_GETJY901PALSTANCE?MPU9250_SBUF

*** WARNING L16: UNCALLED SEGMENT, IGNORED FOR OVERLAY PROCESS
    SEGMENT: ?PR?_GETJY901ANGLE?MPU9250_SBUF

*** WARNING L16: UNCALLED SEGMENT, IGNORED FOR OVERLAY PROCESS
    SEGMENT: ?PR?_GETJY901MAGNETIC?MPU9250_SBUF

*** WARNING L16: UNCALLED SEGMENT, IGNORED FOR OVERLAY PROCESS
    SEGMENT: ?PR?_COPESERIALDATA?MPU9250_SBUF

*** WARNING L16: UNCALLED SEGMENT, IGNORED FOR OVERLAY PROCESS
    SEGMENT: ?PR?_SETRELAY?RELAY

*** WARNING L16: UNCALLED SEGMENT, IGNORED FOR OVERLAY PROCESS
    SEGMENT: ?PR?_UNSETRELAY?RELAY

*** WARNING L16: UNCALLED SEGMENT, IGNORED FOR OVERLAY PROCESS
    SEGMENT: ?PR?RELAY_INIT?RELAY

*** WARNING L16: UNCALLED SEGMENT, IGNORED FOR OVERLAY PROCESS
    SEGMENT: ?PR?GETBUTTONNUM?TM1638

*** WARNING L16: UNCALLED SEGMENT, IGNORED FOR OVERLAY PROCESS
    SEGMENT: ?PR?INIT_TM1638?TM1638
BL51 BANKED LINKER/LOCATER V6.00                                                      07/30/2017  21:36:07  PAGE 114



*** WARNING L16: UNCALLED SEGMENT, IGNORED FOR OVERLAY PROCESS
    SEGMENT: ?PR?_TM1638LEDDISPLAY?TM1638

*** WARNING L16: UNCALLED SEGMENT, IGNORED FOR OVERLAY PROCESS
    SEGMENT: ?PR?CLOSETM1638DISPLAY?TM1638

*** WARNING L16: UNCALLED SEGMENT, IGNORED FOR OVERLAY PROCESS
    SEGMENT: ?PR?_ADC_POWERCONTROL?ADC

*** WARNING L16: UNCALLED SEGMENT, IGNORED FOR OVERLAY PROCESS
    SEGMENT: ?PR?_EEPROM_READ_N?STC15_EEPROM

*** WARNING L16: UNCALLED SEGMENT, IGNORED FOR OVERLAY PROCESS
    SEGMENT: ?PR?_EEPROM_SECTORERASE?STC15_EEPROM

*** WARNING L16: UNCALLED SEGMENT, IGNORED FOR OVERLAY PROCESS
    SEGMENT: ?PR?_EEPROM_WRITE_N?STC15_EEPROM

*** WARNING L16: UNCALLED SEGMENT, IGNORED FOR OVERLAY PROCESS
    SEGMENT: ?PR?_EXT_INILIZE?STC15_EXTI

*** WARNING L16: UNCALLED SEGMENT, IGNORED FOR OVERLAY PROCESS
    SEGMENT: ?PR?_SETPINSTATE?GPIO

*** WARNING L16: UNCALLED SEGMENT, IGNORED FOR OVERLAY PROCESS
    SEGMENT: ?PR?_IIC_WRDATTOADD?STC15_IIC

*** WARNING L16: UNCALLED SEGMENT, IGNORED FOR OVERLAY PROCESS
    SEGMENT: ?PR?_IIC_RDDATFROMADD?STC15_IIC

*** WARNING L16: UNCALLED SEGMENT, IGNORED FOR OVERLAY PROCESS
    SEGMENT: ?PR?_PWMN_UPDATE?PCA

*** WARNING L16: UNCALLED SEGMENT, IGNORED FOR OVERLAY PROCESS
    SEGMENT: ?PR?_PCA_INIT?PCA

*** WARNING L16: UNCALLED SEGMENT, IGNORED FOR OVERLAY PROCESS
    SEGMENT: ?PR?_PWMOUTPUT?PCA

*** WARNING L16: UNCALLED SEGMENT, IGNORED FOR OVERLAY PROCESS
    SEGMENT: ?PR?_GET_PWM_PERIOD?STC15_PWM

*** WARNING L16: UNCALLED SEGMENT, IGNORED FOR OVERLAY PROCESS
    SEGMENT: ?PR?_GET_PWM_N_DUTY?STC15_PWM

*** WARNING L16: UNCALLED SEGMENT, IGNORED FOR OVERLAY PROCESS
    SEGMENT: ?PR?_GETPWM_DIV?STC15_PWM

*** WARNING L16: UNCALLED SEGMENT, IGNORED FOR OVERLAY PROCESS
    SEGMENT: ?PR?OPEN_PWM_ALL?STC15_PWM

*** WARNING L16: UNCALLED SEGMENT, IGNORED FOR OVERLAY PROCESS
    SEGMENT: ?PR?CLOSE_PWM_ALL?STC15_PWM

*** WARNING L16: UNCALLED SEGMENT, IGNORED FOR OVERLAY PROCESS
    SEGMENT: ?PR?_GET_PWM_N_STATE?STC15_PWM
BL51 BANKED LINKER/LOCATER V6.00                                                      07/30/2017  21:36:07  PAGE 115



*** WARNING L16: UNCALLED SEGMENT, IGNORED FOR OVERLAY PROCESS
    SEGMENT: ?PR?_SPI_INIT?STC15_SPI

*** WARNING L16: UNCALLED SEGMENT, IGNORED FOR OVERLAY PROCESS
    SEGMENT: ?PR?_SPI_WRITENBYTETOTXBUF?STC15_SPI

*** WARNING L16: UNCALLED SEGMENT, IGNORED FOR OVERLAY PROCESS
    SEGMENT: ?PR?SPI_TRIGTX?STC15_SPI

*** WARNING L16: UNCALLED SEGMENT, IGNORED FOR OVERLAY PROCESS
    SEGMENT: ?PR?_SPI_SPI_READTHENBYTETORXBUF?STC15_SPI

*** WARNING L16: UNCALLED SEGMENT, IGNORED FOR OVERLAY PROCESS
    SEGMENT: ?PR?_SETTIMEOUT?TIMER

*** WARNING L16: UNCALLED SEGMENT, IGNORED FOR OVERLAY PROCESS
    SEGMENT: ?PR?_GETTIMEROUT?TIMER

*** WARNING L16: UNCALLED SEGMENT, IGNORED FOR OVERLAY PROCESS
    SEGMENT: ?PR?_SETTIMERHERTZ?TIMER

*** WARNING L16: UNCALLED SEGMENT, IGNORED FOR OVERLAY PROCESS
    SEGMENT: ?PR?_GETTIMERHERTZ?TIMER

*** WARNING L16: UNCALLED SEGMENT, IGNORED FOR OVERLAY PROCESS
    SEGMENT: ?PR?_STOPTIMER?TIMER

*** WARNING L16: UNCALLED SEGMENT, IGNORED FOR OVERLAY PROCESS
    SEGMENT: ?PR?_ISSTOPPED?TIMER

*** WARNING L16: UNCALLED SEGMENT, IGNORED FOR OVERLAY PROCESS
    SEGMENT: ?PR?_ONRESTARTTIMER?TIMER

*** WARNING L16: UNCALLED SEGMENT, IGNORED FOR OVERLAY PROCESS
    SEGMENT: ?PR?GETMICROS?TIMER

*** WARNING L16: UNCALLED SEGMENT, IGNORED FOR OVERLAY PROCESS
    SEGMENT: ?PR?GETMILLIS?TIMER

*** WARNING L16: UNCALLED SEGMENT, IGNORED FOR OVERLAY PROCESS
    SEGMENT: ?PR?GETSECONDS?TIMER

*** WARNING L16: UNCALLED SEGMENT, IGNORED FOR OVERLAY PROCESS
    SEGMENT: ?PR?GETMINUTES?TIMER

*** WARNING L16: UNCALLED SEGMENT, IGNORED FOR OVERLAY PROCESS
    SEGMENT: ?PR?GETHOURS?TIMER

*** WARNING L16: UNCALLED SEGMENT, IGNORED FOR OVERLAY PROCESS
    SEGMENT: ?PR?GETDAYS?TIMER

*** WARNING L16: UNCALLED SEGMENT, IGNORED FOR OVERLAY PROCESS
    SEGMENT: ?PR?_PRINTSTRING2?USART1

*** WARNING L16: UNCALLED SEGMENT, IGNORED FOR OVERLAY PROCESS
    SEGMENT: ?PR?_PRINTSTRING3?USART1
BL51 BANKED LINKER/LOCATER V6.00                                                      07/30/2017  21:36:07  PAGE 116



*** WARNING L16: UNCALLED SEGMENT, IGNORED FOR OVERLAY PROCESS
    SEGMENT: ?PR?_PRINTSTRING4?USART1

*** WARNING L16: UNCALLED SEGMENT, IGNORED FOR OVERLAY PROCESS
    SEGMENT: ?PR?_INIT_MEMPOOL?INIT_MEM

******************************************************************************
* RESTRICTED VERSION WITH FFFFH BYTE CODE SIZE LIMIT; USED: 4E25H BYTE (30%) *
******************************************************************************

Program Size: data=98.0 xdata=1750 code=24511
LINK/LOCATE RUN COMPLETE.  131 WARNING(S),  0 ERROR(S)
