BL51 BANKED LINKER/LOCATER V6.00                                                        07/17/2017  19:02:05  PAGE 1


BL51 BANKED LINKER/LOCATER V6.00, INVOKED BY:
C:\KEIL_V5\C51\BIN\BL51.EXE .\absTask.obj, .\task.obj, .\setup.obj, .\mode.obj, .\Conf_tny.obj, .\PID.obj, .\FILTER.obj,
>>  .\DataScope_DP.obj, .\storage.obj, .\BUTTON.obj, .\LED.obj, .\MOTOR.obj, .\SERVO.obj, .\STEP_MOTOR.obj, .\RELAY.obj,
>>  .\ANGLE.obj, .\LCD1602.obj, .\74HC595.obj, .\fixedPulser.obj, .\ADC.obj, .\delay.obj, .\GPIO.obj, .\PCA.obj, .\stc15
>> _pwm.obj, .\timer.obj, .\USART1.obj, .\stc15_eeprom.obj TO 电子大赛程序框架 RTX51TINY RAMSIZE (256)


MEMORY MODEL: LARGE WITH FLOATING POINT ARITHMETIC


INPUT MODULES INCLUDED:
  .\absTask.obj (ABSTASK)
  .\task.obj (TASK)
  .\setup.obj (SETUP)
  .\mode.obj (MODE)
  .\Conf_tny.obj (?RTX51_TINY_KERNAL)
  .\PID.obj (PID)
  .\FILTER.obj (FILTER)
  .\DataScope_DP.obj (DATASCOPE_DP)
  .\storage.obj (STORAGE)
  .\BUTTON.obj (BUTTON)
  .\LED.obj (LED)
  .\MOTOR.obj (MOTOR)
  .\SERVO.obj (SERVO)
  .\STEP_MOTOR.obj (STEP_MOTOR)
  .\RELAY.obj (RELAY)
  .\ANGLE.obj (ANGLE)
  .\LCD1602.obj (LCD1602)
  .\74HC595.obj (74HC595)
  .\fixedPulser.obj (FIXEDPULSER)
  .\ADC.obj (ADC)
  .\delay.obj (DELAY)
  .\GPIO.obj (GPIO)
  .\PCA.obj (PCA)
  .\stc15_pwm.obj (STC15_PWM)
  .\timer.obj (TIMER)
  .\USART1.obj (USART1)
  .\stc15_eeprom.obj (STC15_EEPROM)
  C:\KEIL_V5\C51\LIB\RTX51TNY.LIB (?RTX51_TINY_OS_CREATE)
  C:\KEIL_V5\C51\LIB\RTX51TNY.LIB (?RTX51_TINY_OS_DELETE)
  C:\KEIL_V5\C51\LIB\RTX51TNY.LIB (?RTX51_TINY_OS_WAIT)
  C:\KEIL_V5\C51\LIB\C51FPL.LIB (?C?FPADD)
  C:\KEIL_V5\C51\LIB\C51FPL.LIB (?C?FPMUL)
  C:\KEIL_V5\C51\LIB\C51FPL.LIB (?C?FPDIV)
  C:\KEIL_V5\C51\LIB\C51FPL.LIB (?C?FPCMP)
  C:\KEIL_V5\C51\LIB\C51FPL.LIB (?C?FCAST)
  C:\KEIL_V5\C51\LIB\C51FPL.LIB (?C?CASTF)
  C:\KEIL_V5\C51\LIB\C51FPL.LIB (?C?FPGETOPN)
  C:\KEIL_V5\C51\LIB\C51L.LIB (?C_STARTUP)
  C:\KEIL_V5\C51\LIB\C51L.LIB (?C?CLDPTR)
  C:\KEIL_V5\C51\LIB\C51L.LIB (?C?CLDOPTR)
  C:\KEIL_V5\C51\LIB\C51L.LIB (?C?CSTPTR)
  C:\KEIL_V5\C51\LIB\C51L.LIB (?C?CSTOPTR)
  C:\KEIL_V5\C51\LIB\C51L.LIB (?C?IMUL)
  C:\KEIL_V5\C51\LIB\C51L.LIB (?C?UIDIV)
  C:\KEIL_V5\C51\LIB\C51L.LIB (?C?IILDX)
  C:\KEIL_V5\C51\LIB\C51L.LIB (?C?ILDIX)
  C:\KEIL_V5\C51\LIB\C51L.LIB (?C?ILDOPTR)
BL51 BANKED LINKER/LOCATER V6.00                                                      07/17/2017  19:02:05  PAGE 2


  C:\KEIL_V5\C51\LIB\C51L.LIB (?C?LMUL)
  C:\KEIL_V5\C51\LIB\C51L.LIB (?C?ULDIV)
  C:\KEIL_V5\C51\LIB\C51L.LIB (?C?SLDIV)
  C:\KEIL_V5\C51\LIB\C51L.LIB (?C?LNEG)
  C:\KEIL_V5\C51\LIB\C51L.LIB (?C?ULCMP)
  C:\KEIL_V5\C51\LIB\C51L.LIB (?C?ULSHR)
  C:\KEIL_V5\C51\LIB\C51L.LIB (?C?LLDOPTR0)
  C:\KEIL_V5\C51\LIB\C51L.LIB (?C?LSTXDATA)
  C:\KEIL_V5\C51\LIB\C51L.LIB (?C?LSTKXDATA)
  C:\KEIL_V5\C51\LIB\C51L.LIB (?C_INIT)
  C:\KEIL_V5\C51\LIB\C51L.LIB (?C?LLDIDATA0)
  C:\KEIL_V5\C51\LIB\C51L.LIB (?C?LLDXDATA0)
  C:\KEIL_V5\C51\LIB\C51L.LIB (?C?LLDPDATA0)
  C:\KEIL_V5\C51\LIB\C51L.LIB (?C?LLDCODE0)


TASK TABLE OF MODULE:  电子大赛程序框架 (ABSTASK)

TASKID   PRIORITY   REG-BANK   SEGMENT NAME
-------------------------------------------
0        0          0          ?PR?TASKSTART?ABSTASK
1        0          0          ?PR?TASK1?ABSTASK
2        0          0          ?PR?TASK2?ABSTASK
3        0          0          ?PR?TASK3?ABSTASK
5        0          0          ?PR?TASK5?ABSTASK
7        0          0          ?PR?TASK7?ABSTASK
8        0          0          ?PR?TASK8?ABSTASK
9        0          0          ?PR?TASK9?ABSTASK



LINK MAP OF MODULE:  电子大赛程序框架 (ABSTASK)


            TYPE    BASE      LENGTH    RELOCATION   SEGMENT NAME
            -----------------------------------------------------

            * * * * * * *   D A T A   M E M O R Y   * * * * * * *
            REG     0000H     0008H     ABSOLUTE     "REG BANK 0"
            DATA    0008H     0006H     ABSOLUTE     
            IDATA   000EH     000AH     UNIT         ?RTX?TASKSP?S
                    0018H     0008H                  *** GAP ***
            BIT     0020H.0   0000H.4   UNIT         ?BI?BUTTON
            BIT     0020H.4   0000H.3   UNIT         ?BI?PCA
            BIT     0020H.7   0000H.2   UNIT         _BIT_GROUP_
            BIT     0021H.1   0000H.1   UNIT         ?RTX?BITS
            BIT     0021H.2   0000H.1   UNIT         ?BI?LED
            BIT     0021H.3   0000H.1   UNIT         ?BI?_SETPINSTATE?GPIO
                    0021H.4   0000H.4                *** GAP ***
            IDATA   0022H     0014H     UNIT         ?RTX?TASKSTATE?S
            IDATA   0036H     0001H     UNIT         ?STACK

            * * * * * * *  X D A T A   M E M O R Y  * * * * * * *
            XDATA   0000H     028CH     UNIT         ?XD?USART1
            XDATA   028CH     010CH     UNIT         _XDATA_GROUP_
            XDATA   0398H     0072H     UNIT         ?XD?PID
            XDATA   040AH     005DH     UNIT         ?XD?SERVO
BL51 BANKED LINKER/LOCATER V6.00                                                      07/17/2017  19:02:05  PAGE 3


            XDATA   0467H     003CH     UNIT         ?XD?STC15_PWM
            XDATA   04A3H     002AH     UNIT         ?XD?DATASCOPE_DP
            XDATA   04CDH     0021H     UNIT         ?XD?_INIT_STR_MOTOR?SERVO
            XDATA   04EEH     001AH     UNIT         ?XD?STEP_MOTOR
            XDATA   0508H     0016H     UNIT         ?XD?TIMER
            XDATA   051EH     0015H     UNIT         ?XD?PCA
            XDATA   0533H     0012H     UNIT         ?XD?DC_MOTOR_CONFIG?MOTOR
            XDATA   0545H     0011H     UNIT         ?XD?TIMERINIT?TIMER
            XDATA   0556H     000DH     UNIT         ?XD?_PID_CONFIG?PID
            XDATA   0563H     0009H     UNIT         ?XD?_SET_STR_ANGLE?SERVO
            XDATA   056CH     0008H     UNIT         ?XD?ANGLE
            XDATA   0574H     0007H     UNIT         ?XD?FIXEDPULSER
            XDATA   057BH     0007H     UNIT         ?XD?_EEPROM_READ_N?STC15_EEPROM
            XDATA   0582H     0007H     UNIT         ?XD?_EEPROM_WRITE_N?STC15_EEPROM
            XDATA   0589H     0005H     UNIT         ?XD?_SETPARAMETERINFERIORLIMIT?PID
            XDATA   058EH     0005H     UNIT         ?XD?_SETPARAMETERUPPERLIMIT?PID
            XDATA   0593H     0005H     UNIT         ?XD?_SETACTUALPARAMETER?PID
            XDATA   0598H     0005H     UNIT         ?XD?_SETKI?PID
            XDATA   059DH     0005H     UNIT         ?XD?_SETKP?PID
            XDATA   05A2H     0005H     UNIT         ?XD?_SETKD?PID
            XDATA   05A7H     0005H     UNIT         ?XD?_SETPARAMETER?PID
            XDATA   05ACH     0005H     UNIT         ?XD?_WRITEDATA?STORAGE
            XDATA   05B1H     0005H     UNIT         ?XD?_SETDC_MOTORSPEED?MOTOR
            XDATA   05B6H     0004H     UNIT         ?XD?ABSTASK
            XDATA   05BAH     0004H     UNIT         ?XD?MOTOR
            XDATA   05BEH     0004H     UNIT         ?XD?_HC595_INIT?74HC595
            XDATA   05C2H     0003H     UNIT         ?XD?RELAY
            XDATA   05C5H     0003H     UNIT         ?XD?_LCD1602_WRITE_WORD?LCD1602
            XDATA   05C8H     0003H     UNIT         ?XD?_PCA_INIT?PCA
            XDATA   05CBH     0003H     UNIT         ?XD?_PWMOUTPUT?PCA
            XDATA   05CEH     0001H     UNIT         ?XD?_PID?PID
            XDATA   05CFH     0001H     UNIT         ?XD?_BOARD_LED_PWM?LED
            XDATA   05D0H     0001H     UNIT         ?XD?_OPEN_DC_MOTOR?MOTOR
            XDATA   05D1H     0001H     UNIT         ?XD?_CLOSE_DC_MOTOR?MOTOR
            XDATA   05D2H     0001H     UNIT         ?XD?_OPEN_STR?SERVO
            XDATA   05D3H     0001H     UNIT         ?XD?_CLOSE_STR?SERVO
            XDATA   05D4H     0001H     UNIT         ?XD?_CLOSE_STEPMOTOR?STEP_MOTOR
            XDATA   05D5H     0001H     UNIT         ?XD?_LCD1602_WRITE_CHAR?LCD1602
            XDATA   05D6H     0001H     UNIT         ?XD?_HC595SENDDATA?74HC595
            XDATA   05D7H     0001H     UNIT         ?XD?_CLOSEPULSER?FIXEDPULSER

            * * * * * * *   C O D E   M E M O R Y   * * * * * * *
            CODE    0000H     0003H     ABSOLUTE     
                    0003H     0008H                  *** GAP ***
            CODE    000BH     0003H     ABSOLUTE     
                    000EH     000DH                  *** GAP ***
            CODE    001BH     0003H     ABSOLUTE     
                    001EH     0005H                  *** GAP ***
            CODE    0023H     0003H     ABSOLUTE     
                    0026H     0005H                  *** GAP ***
            CODE    002BH     0003H     ABSOLUTE     
                    002EH     000DH                  *** GAP ***
            CODE    003BH     0003H     ABSOLUTE     
                    003EH     0005H                  *** GAP ***
            CODE    0043H     0003H     ABSOLUTE     
                    0046H     0045H                  *** GAP ***
            CODE    008BH     0003H     ABSOLUTE     
BL51 BANKED LINKER/LOCATER V6.00                                                      07/17/2017  19:02:05  PAGE 4


                    008EH     0005H                  *** GAP ***
            CODE    0093H     0003H     ABSOLUTE     
                    0096H     0005H                  *** GAP ***
            CODE    009BH     0003H     ABSOLUTE     
                    009EH     0005H                  *** GAP ***
            CODE    00A3H     0003H     ABSOLUTE     
                    00A6H     000DH                  *** GAP ***
            CODE    00B3H     0003H     ABSOLUTE     
                    00B6H     074AH                  *** GAP ***
            CODE    0800H     0701H     UNIT         ?C?LIB_CODE
            CODE    0F01H     06E0H     UNIT         ?PR?_USART_CONFIGURATION?USART1
            CODE    15E1H     039AH     UNIT         ?PR?_PWM_INILIZE?STC15_PWM
            CODE    197BH     02E3H     UNIT         ?RTX?CODE
            CODE    1C5EH     0233H     UNIT         ?PR?_TIMER_INILIZE?TIMER
            CODE    1E91H     01DAH     UNIT         ?PR?_PID?PID
            CODE    206BH     01C4H     UNIT         ?PR?_GPIO_INILIZE?GPIO
            CODE    222FH     01BAH     UNIT         ?PR?_INIT_STR_MOTOR?SERVO
            CODE    23E9H     019FH     UNIT         ?PR?_PCA_INIT?PCA
            CODE    2588H     013DH     UNIT         ?PR?_PWMOUTPUT?PCA
            CODE    26C5H     0137H     UNIT         ?PR?_PWM_SET_T12_PERIOD?STC15_PWM
            CODE    27FCH     0136H     UNIT         ?PR?_FILTER?FILTER
            CODE    2932H     0134H     UNIT         ?PR?_DATASCOPE_GET_CHANNEL_DATA?DATASCOPE_DP
            CODE    2A66H     0131H     UNIT         ?PR?_PID_CONFIG?PID
            CODE    2B97H     00F4H     UNIT         ?PR?_SET_PWM_DUTY?STC15_PWM
            CODE    2C8BH     00D4H     UNIT         ?PR?_SET_STR_ANGLE?SERVO
            CODE    2D5FH     00B1H     UNIT         ?CO?TIMER
            CODE    2E10H     00AEH     UNIT         ?PR?_PWMN_UPDATE?PCA
            CODE    2EBEH     00AAH     UNIT         ?PR?_FLOAT2BYTE?DATASCOPE_DP
            CODE    2F68H     00A9H     UNIT         ?PR?TIMERINIT?TIMER
            CODE    3011H     00A5H     UNIT         ?PR?_DATASCOPE_DATA_GENERATE?DATASCOPE_DP
            CODE    30B6H     00A3H     UNIT         ?PR?PCA_HANDLER?PCA
            CODE    3159H     0099H     UNIT         ?PR?_SETSTEPMOTORWITHANGLE?STEP_MOTOR
            CODE    31F2H     0092H     UNIT         ?PR?_SETDC_MOTORSPEED?MOTOR
            CODE    3284H     008CH     UNIT         ?C_C51STARTUP
            CODE    3310H     008AH     UNIT         ?PR?TIMER4_INT?TIMER
            CODE    339AH     0085H     UNIT         ?PR?UART2_INT?USART1
            CODE    341FH     0085H     UNIT         ?PR?UART3_INT?USART1
            CODE    34A4H     0085H     UNIT         ?PR?UART4_INT?USART1
            CODE    3529H     0082H     UNIT         ?C_INITSEG
            CODE    35ABH     007FH     UNIT         ?PR?UART1_INT?USART1
            CODE    362AH     007AH     UNIT         ?PR?GETANGLE?ANGLE
            CODE    36A4H     006BH     UNIT         ?PR?DC_MOTOR_CONFIG?MOTOR
            CODE    370FH     0069H     UNIT         ?PR?PULSERINIT?FIXEDPULSER
            CODE    3778H     0064H     UNIT         ?PR?PWM_ROUTINE?FIXEDPULSER
            CODE    37DCH     0061H     UNIT         ?PR?_SET_PWM_PERIOD?STC15_PWM
            CODE    383DH     005EH     UNIT         ?PR?_GET_ADC10BITRESULT?ADC
            CODE    389BH     005AH     UNIT         ?PR?_SETPULSE?FIXEDPULSER
            CODE    38F5H     0057H     UNIT         ?PR?BUTTONSCAN?BUTTON
            CODE    394CH     0053H     UNIT         ?PR?_ADC_INILIZE?ADC
            CODE    399FH     0048H     UNIT         ?PR?TIMER3_INT?TIMER
            CODE    39E7H     0047H     UNIT         ?PR?TIMER1_ISR?TIMER
            CODE    3A2EH     0044H     UNIT         ?C?LDIV
            CODE    3A72H     003FH     UNIT         ?PR?_EEPROM_READ_N?STC15_EEPROM
            CODE    3AB1H     003FH     UNIT         ?PR?_EEPROM_WRITE_N?STC15_EEPROM
            CODE    3AF0H     0039H     UNIT         ?PR?_SENDSCOPEDATA?DATASCOPE_DP
            CODE    3B29H     002FH     UNIT         ?PR?_SETSTEPMOTORWITHROUND?STEP_MOTOR
            CODE    3B58H     002FH     UNIT         ?PR?_LCD1602_WRITE_WORD?LCD1602
BL51 BANKED LINKER/LOCATER V6.00                                                      07/17/2017  19:02:05  PAGE 5


            CODE    3B87H     002EH     UNIT         ?PR?SETUP?SETUP
            CODE    3BB5H     002CH     UNIT         ?PR?_UART1_INIT?SETUP
            CODE    3BE1H     002BH     UNIT         ?PR?TASKSTART?ABSTASK
            CODE    3C0CH     0028H     UNIT         ?PR?BOARD_LED_INIT?LED
            CODE    3C34H     0028H     UNIT         ?PR?_OPEN_PWM_N?STC15_PWM
            CODE    3C5CH     0028H     UNIT         ?PR?_TX2_WRITE2BUFF?USART1
            CODE    3C84H     0028H     UNIT         ?PR?_TX3_WRITE2BUFF?USART1
            CODE    3CACH     0028H     UNIT         ?PR?_TX4_WRITE2BUFF?USART1
            CODE    3CD4H     0027H     UNIT         ?PR?_TX1_WRITE2BUFF?USART1
            CODE    3CFBH     0025H     UNIT         ?PR?TASK8?ABSTASK
            CODE    3D20H     0025H     UNIT         ?PR?_CLOSE_PWM_N?STC15_PWM
            CODE    3D45H     0025H     UNIT         ?PR?_SETTIMEOUT?TIMER
            CODE    3D6AH     0022H     UNIT         ?PR?_BLINK?LED
            CODE    3D8CH     0021H     UNIT         ?PR?_SETPARAMETERINFERIORLIMIT?PID
            CODE    3DADH     0021H     UNIT         ?PR?_SETPARAMETERUPPERLIMIT?PID
            CODE    3DCEH     0021H     UNIT         ?PR?_SETACTUALPARAMETER?PID
            CODE    3DEFH     0021H     UNIT         ?PR?_SETKI?PID
            CODE    3E10H     0021H     UNIT         ?PR?_SETKP?PID
            CODE    3E31H     0021H     UNIT         ?PR?_SETKD?PID
            CODE    3E52H     0021H     UNIT         ?PR?_SETPARAMETER?PID
            CODE    3E73H     0020H     UNIT         ?PR?_OPEN_STR?SERVO
            CODE    3E93H     0020H     UNIT         ?PR?_OPENPULSER?FIXEDPULSER
            CODE    3EB3H     0020H     UNIT         ?PR?_CLOSEPULSER?FIXEDPULSER
            CODE    3ED3H     0020H     UNIT         ?PR?_RESTARTTIMER?TIMER
            CODE    3EF3H     0020H     UNIT         ?PR?_EEPROM_SECTORERASE?STC15_EEPROM
            CODE    3F13H     001FH     UNIT         ?PR?BUTTON_CONFIG?BUTTON
            CODE    3F32H     001FH     UNIT         ?PR?_CLOSE_STR?SERVO
            CODE    3F51H     001FH     UNIT         ?PR?_ISEXPIREDTIMER?TIMER
            CODE    3F70H     001FH     UNIT         ?PR?_ISSTOPPED?TIMER
            CODE    3F8FH     001EH     UNIT         ?PR?_OPEN_DC_MOTOR?MOTOR
            CODE    3FADH     001EH     UNIT         ?PR?LCD1602_GPIO_CONFIG?LCD1602
            CODE    3FCBH     001DH     UNIT         ?PR?_GETBUTTONSTATE?BUTTON
            CODE    3FE8H     001DH     UNIT         ?PR?_CLOSE_DC_MOTOR?MOTOR
            CODE    4005H     001DH     UNIT         ?PR?_OPEN_STEPMOTOR?STEP_MOTOR
            CODE    4022H     001DH     UNIT         ?PR?LCD1602_INIT?LCD1602
            CODE    403FH     001DH     UNIT         ?PR?_ISACTIVETIMER?TIMER
            CODE    405CH     001CH     UNIT         ?PR?_CLOSE_STEPMOTOR?STEP_MOTOR
            CODE    4078H     001CH     UNIT         ?PR?_ADC_CONFIG?ANGLE
            CODE    4094H     001CH     UNIT         ?PR?_LCD1602_WRITE_CHAR?LCD1602
            CODE    40B0H     001CH     UNIT         ?PR?_LCD1602_WRITE_COM?LCD1602
            CODE    40CCH     001CH     UNIT         ?PR?_SETTIMERHERTZ?TIMER
            CODE    40E8H     001BH     UNIT         ?PR?STEPMOTOR_INIT?STEP_MOTOR
            CODE    4103H     001AH     UNIT         ?PR?TASK9?ABSTASK
            CODE    411DH     001AH     UNIT         ?PR?_GETPARAMETER?PID
            CODE    4137H     001AH     UNIT         ?PR?_GETERR?PID
            CODE    4151H     001AH     UNIT         ?PR?_GETERRLAST?PID
            CODE    416BH     001AH     UNIT         ?PR?_GETKP?PID
            CODE    4185H     001AH     UNIT         ?PR?_GETKI?PID
            CODE    419FH     001AH     UNIT         ?PR?_GETKD?PID
            CODE    41B9H     001AH     UNIT         ?PR?_GETOUTPUT?PID
            CODE    41D3H     001AH     UNIT         ?PR?_GETINTEGRAL?PID
            CODE    41EDH     001AH     UNIT         ?PR?_READ_STR_ANGLE?SERVO
            CODE    4207H     001AH     UNIT         ?PR?_GET_PWM_PERIOD?STC15_PWM
            CODE    4221H     001AH     UNIT         ?PR?_GET_PWM_N_DUTY?STC15_PWM
            CODE    423BH     001AH     UNIT         ?PR?_GETTIMEROUT?TIMER
            CODE    4255H     001AH     UNIT         ?PR?_GETTIMERHERTZ?TIMER
            CODE    426FH     0019H     UNIT         ?PR?TASK5?ABSTASK
BL51 BANKED LINKER/LOCATER V6.00                                                      07/17/2017  19:02:05  PAGE 6


            CODE    4288H     0019H     UNIT         ?PR?_HC595_INIT?74HC595
            CODE    42A1H     0019H     UNIT         ?PR?_STOPTIMER?TIMER
            CODE    42BAH     0018H     UNIT         ?PR?TASK3?ABSTASK
            CODE    42D2H     0018H     UNIT         ?PR?_PWM_SET_PERIOD?STC15_PWM
            CODE    42EAH     0017H     UNIT         ?PR?_PRINTSTRING1?USART1
            CODE    4301H     0016H     UNIT         ?PR?TASK7?ABSTASK
            CODE    4317H     0014H     UNIT         ?RTX?TASKENT?S
            CODE    432BH     0013H     UNIT         ?PR?_PRINTSTRING2?USART1
            CODE    433EH     0013H     UNIT         ?PR?_PRINTSTRING3?USART1
            CODE    4351H     0013H     UNIT         ?PR?_PRINTSTRING4?USART1
            CODE    4364H     0012H     UNIT         ?PR?_OPENPID?PID
            CODE    4376H     0012H     UNIT         ?PR?_WRITEDATA?STORAGE
            CODE    4388H     0012H     UNIT         ?PR?_GETSTEPMOTORSTATE?STEP_MOTOR
            CODE    439AH     0012H     UNIT         ?PR?_GETPULSERSTATE?FIXEDPULSER
            CODE    43ACH     0012H     UNIT         ?PR?_GET_PWM_N_STATE?STC15_PWM
            CODE    43BEH     0011H     UNIT         ?PR?TASK1?ABSTASK
            CODE    43CFH     0011H     UNIT         ?PR?_CLOSEPID?PID
            CODE    43E0H     0011H     UNIT         ?PR?_HC595SENDDATA?74HC595
            CODE    43F1H     0011H     UNIT         ?PR?_SETPWM_DIV?STC15_PWM
            CODE    4402H     0011H     UNIT         ?PR?_GETPWM_DIV?STC15_PWM
            CODE    4413H     0010H     UNIT         ?PR?_GETDC_MOTORSTATE?MOTOR
            CODE    4423H     0010H     UNIT         ?PR?_DELAY_MS?DELAY
            CODE    4433H     000FH     UNIT         ?PR?_SETRELAY?RELAY
            CODE    4442H     000EH     UNIT         ?PR?_UNSETRELAY?RELAY
            CODE    4450H     000EH     UNIT         ?PR?_ONRESTARTTIMER?TIMER
            CODE    445EH     000EH     UNIT         ?PR?DISABLEEEPROM?STC15_EEPROM
            CODE    446CH     000CH     UNIT         ?PR?_ADC_POWERCONTROL?ADC
            CODE    4478H     000AH     UNIT         ?PR?_DIGITALREAD?BUTTON
            CODE    4482H     000AH     UNIT         ?PR?OPEN_PWM_ALL?STC15_PWM
            CODE    448CH     000AH     UNIT         ?PR?CLOSE_PWM_ALL?STC15_PWM
            CODE    4496H     0009H     UNIT         ?PR?GETMICROS?TIMER
            CODE    449FH     0009H     UNIT         ?PR?GETMILLIS?TIMER
            CODE    44A8H     0006H     UNIT         ?PR?_BOARD_LED_PWM?LED
            CODE    44AEH     0006H     UNIT         ?PR?GETSECONDS?TIMER
            CODE    44B4H     0006H     UNIT         ?PR?GETMINUTES?TIMER
            CODE    44BAH     0006H     UNIT         ?PR?GETHOURS?TIMER
            CODE    44C0H     0006H     UNIT         ?PR?GETDAYS?TIMER
            CODE    44C6H     0005H     UNIT         ?PR?OPEN_BOARD_LED?LED
            CODE    44CBH     0005H     UNIT         ?PR?CLOSE_BOARD_LED?LED
            CODE    44D0H     0004H     UNIT         ?PR?ADC_INT?ADC
            CODE    44D4H     0003H     UNIT         ?PR?GETBOARD_LED_STATE?LED
            CODE    44D7H     0003H     UNIT         ?PR?_SETPINSTATE?GPIO
            CODE    44DAH     0001H     UNIT         ?PR?TASK2?ABSTASK
            CODE    44DBH     0001H     UNIT         ?PR?MODE1?MODE
            CODE    44DCH     0001H     UNIT         ?PR?MODE2?MODE
            CODE    44DDH     0001H     UNIT         ?PR?MODE3?MODE
            CODE    44DEH     0001H     UNIT         ?PR?MODE4?MODE
            CODE    44DFH     0001H     UNIT         ?PR?MODELAUNCHER?MODE
            CODE    44E0H     0001H     UNIT         ?PR?RELAY_INIT?RELAY



OVERLAY MAP OF MODULE:   电子大赛程序框架 (ABSTASK)


SEGMENT                                             BIT_GROUP          XDATA_GROUP
  +--> CALLED SEGMENT                            START    LENGTH     START    LENGTH
BL51 BANKED LINKER/LOCATER V6.00                                                      07/17/2017  19:02:05  PAGE 7


------------------------------------------------------------------------------------
?PR?TASKSTART?ABSTASK                            -----    -----      -----    -----
  +--> ?PR?SETUP?SETUP
  +--> ?PR?_BLINK?LED

?PR?SETUP?SETUP                                  -----    -----      028CH    0012H
  +--> ?PR?_UART1_INIT?SETUP
  +--> ?PR?BOARD_LED_INIT?LED
  +--> ?PR?BUTTON_CONFIG?BUTTON
  +--> ?PR?_ADC_CONFIG?ANGLE
  +--> ?PR?LCD1602_INIT?LCD1602
  +--> ?PR?STEPMOTOR_INIT?STEP_MOTOR
  +--> ?PR?_SETSTEPMOTORWITHROUND?STEP_MOTOR
  +--> ?PR?_OPEN_STEPMOTOR?STEP_MOTOR

?PR?_UART1_INIT?SETUP                            -----    -----      029EH    000DH
  +--> ?PR?_USART_CONFIGURATION?USART1

?PR?_USART_CONFIGURATION?USART1                  -----    -----      02ABH    0009H

?PR?BOARD_LED_INIT?LED                           -----    -----      029EH    0002H
  +--> ?PR?_GPIO_INILIZE?GPIO
  +--> ?PR?OPEN_BOARD_LED?LED
  +--> ?PR?_DELAY_MS?DELAY
  +--> ?PR?CLOSE_BOARD_LED?LED

?PR?BUTTON_CONFIG?BUTTON                         -----    -----      029EH    0002H
  +--> ?PR?_GPIO_INILIZE?GPIO

?PR?_ADC_CONFIG?ANGLE                            -----    -----      029EH    0006H
  +--> ?PR?_ADC_INILIZE?ADC

?PR?LCD1602_INIT?LCD1602                         -----    -----      -----    -----
  +--> ?PR?LCD1602_GPIO_CONFIG?LCD1602
  +--> ?PR?_LCD1602_WRITE_COM?LCD1602

?PR?_LCD1602_WRITE_COM?LCD1602                   -----    -----      029EH    0001H
  +--> ?PR?_DELAY_MS?DELAY

?PR?STEPMOTOR_INIT?STEP_MOTOR                    -----    -----      -----    -----
  +--> ?PR?PULSERINIT?FIXEDPULSER

?PR?PULSERINIT?FIXEDPULSER                       -----    -----      029EH    0012H
  +--> ?PR?_GPIO_INILIZE?GPIO
  +--> ?PR?_SET_PWM_DUTY?STC15_PWM
  +--> ?PR?_PWM_INILIZE?STC15_PWM
  +--> ?PR?_SETPWM_DIV?STC15_PWM

?PR?_SET_PWM_DUTY?STC15_PWM                      -----    -----      02B0H    0005H
  +--> ?PR?_PWM_SET_T12_PERIOD?STC15_PWM

?PR?_PWM_SET_T12_PERIOD?STC15_PWM                -----    -----      02B5H    0007H

?PR?_PWM_INILIZE?STC15_PWM                       -----    -----      02B0H    0002H

?PR?_SETSTEPMOTORWITHROUND?STEP_MOTOR            -----    -----      029EH    0001H
  +--> ?PR?_SETSTEPMOTORWITHANGLE?STEP_MOTOR
BL51 BANKED LINKER/LOCATER V6.00                                                      07/17/2017  19:02:05  PAGE 8



?PR?_SETSTEPMOTORWITHANGLE?STEP_MOTOR            -----    -----      029FH    0006H
  +--> ?PR?_SETPULSE?FIXEDPULSER

?PR?_SETPULSE?FIXEDPULSER                        -----    -----      02A5H    0005H
  +--> ?PR?_SET_PWM_PERIOD?STC15_PWM

?PR?_SET_PWM_PERIOD?STC15_PWM                    -----    -----      02AAH    0002H
  +--> ?PR?_PWM_SET_PERIOD?STC15_PWM

?PR?_OPEN_STEPMOTOR?STEP_MOTOR                   -----    -----      029EH    0001H
  +--> ?PR?_OPENPULSER?FIXEDPULSER

?PR?_OPENPULSER?FIXEDPULSER                      -----    -----      029FH    0001H
  +--> ?PR?_OPEN_PWM_N?STC15_PWM

?PR?_BLINK?LED                                   -----    -----      028CH    0001H
  +--> ?PR?OPEN_BOARD_LED?LED
  +--> ?PR?_DELAY_MS?DELAY
  +--> ?PR?CLOSE_BOARD_LED?LED

*** NEW ROOT ***************************************************

?PR?TASK1?ABSTASK                                -----    -----      02BCH    0001H

*** NEW ROOT ***************************************************

?PR?TASK2?ABSTASK                                -----    -----      02BDH    0028H

*** NEW ROOT ***************************************************

?PR?TASK3?ABSTASK                                -----    -----      02E5H    0065H

*** NEW ROOT ***************************************************

?PR?TASK5?ABSTASK                                -----    -----      034AH    0004H
  +--> ?PR?BUTTONSCAN?BUTTON

?PR?BUTTONSCAN?BUTTON                            -----    -----      -----    -----
  +--> ?PR?_DIGITALREAD?BUTTON

*** NEW ROOT ***************************************************

?PR?TASK7?ABSTASK                                -----    -----      -----    -----
  +--> ?PR?_GETBUTTONSTATE?BUTTON
  +--> ?PR?OPEN_BOARD_LED?LED

*** NEW ROOT ***************************************************

?PR?TASK8?ABSTASK                                -----    -----      -----    -----
  +--> ?PR?GETANGLE?ANGLE
  +--> ?PR?OPEN_BOARD_LED?LED
  +--> ?PR?CLOSE_BOARD_LED?LED

?PR?GETANGLE?ANGLE                               0021H.0  0000H.1    0373H    0015H
  +--> ?PR?_GET_ADC10BITRESULT?ADC
  +--> ?PR?_FILTER?FILTER
BL51 BANKED LINKER/LOCATER V6.00                                                      07/17/2017  19:02:05  PAGE 9



?PR?_FILTER?FILTER                               -----    -----      0388H    0010H

*** NEW ROOT ***************************************************

?PR?TASK9?ABSTASK                                -----    -----      -----    -----
  +--> ?PR?GETANGLE?ANGLE
  +--> ?PR?_SENDSCOPEDATA?DATASCOPE_DP

?PR?_SENDSCOPEDATA?DATASCOPE_DP                  -----    -----      0373H    0006H
  +--> ?PR?_DATASCOPE_GET_CHANNEL_DATA?DATAS...
  +--> ?PR?_DATASCOPE_DATA_GENERATE?DATASCOP...
  +--> ?PR?_TX1_WRITE2BUFF?USART1

?PR?_DATASCOPE_GET_CHANNEL_DATA?DATAS...         -----    -----      0379H    0005H
  +--> ?PR?_FLOAT2BYTE?DATASCOPE_DP

?PR?_FLOAT2BYTE?DATASCOPE_DP                     -----    -----      037EH    000AH

*** NEW ROOT ***************************************************

?PR?PWM_ROUTINE?FIXEDPULSER                      -----    -----      -----    -----
  +--> ?PR?_CLOSE_PWM_N?STC15_PWM

*** NEW ROOT ***************************************************

?C_C51STARTUP                                    -----    -----      -----    -----
  +--> ?C_INITSEG



SYMBOL TABLE OF MODULE:  电子大赛程序框架 (ABSTASK)

  VALUE           TYPE          NAME
  ----------------------------------

  -------         MODULE        ABSTASK
  C:0000H         SYMBOL        _ICE_DUMMY_
  D:0080H         PUBLIC        P0
  D:0090H         PUBLIC        P1
  D:00A0H         PUBLIC        P2
  D:00B0H         PUBLIC        P3
  D:00C0H         PUBLIC        P4
  D:00C8H         PUBLIC        P5
  D:00E8H         PUBLIC        P6
  D:00F8H         PUBLIC        P7
  D:00A8H         PUBLIC        IE
  D:00B8H         PUBLIC        IP
  D:00D8H         PUBLIC        CCON
  D:0098H         PUBLIC        SCON
  D:0088H         PUBLIC        TCON
  D:00F0H         PUBLIC        B
  C:3BE1H         PUBLIC        taskStart
  D:00E0H         PUBLIC        ACC
  C:43BEH         PUBLIC        task1
  C:44DAH         PUBLIC        task2
  C:42BAH         PUBLIC        task3
BL51 BANKED LINKER/LOCATER V6.00                                                      07/17/2017  19:02:05  PAGE 10


  C:426FH         PUBLIC        task5
  C:4301H         PUBLIC        task7
  C:3CFBH         PUBLIC        task8
  C:4103H         PUBLIC        task9
  D:00D0H         PUBLIC        PSW
  -------         PROC          TASKSTART
  C:3BE1H         LINE#         13
  C:3BE1H         LINE#         15
  C:3BE4H         LINE#         16
  C:3BE9H         LINE#         17
  C:3BEEH         LINE#         19
  C:3BF3H         LINE#         20
  C:3BF8H         LINE#         22
  C:3BFDH         LINE#         23
  C:3C02H         LINE#         24
  C:3C07H         LINE#         25
  -------         ENDPROC       TASKSTART
  -------         PROC          TASK1
  -------         DO            
  X:02BCH         SYMBOL        i
  -------         ENDDO         
  C:43BEH         LINE#         27
  C:43BEH         LINE#         29
  C:43C3H         LINE#         30
  C:43C3H         LINE#         31
  C:43C3H         LINE#         33
  C:43CDH         LINE#         35
  -------         ENDPROC       TASK1
  -------         PROC          TASK2
  -------         DO            
  X:05B6H         SYMBOL        count
  X:02BDH         SYMBOL        test
  -------         ENDDO         
  C:44DAH         LINE#         37
  C:44DAH         LINE#         45
  -------         ENDPROC       TASK2
  -------         PROC          TASK3
  -------         DO            
  X:02E5H         SYMBOL        string
  X:05B8H         SYMBOL        count
  X:0349H         SYMBOL        i
  -------         ENDDO         
  C:42BAH         LINE#         46
  C:42BAH         LINE#         50
  C:42C0H         LINE#         51
  C:42C0H         LINE#         52
  C:42C6H         LINE#         54
  C:42D0H         LINE#         56
  -------         ENDPROC       TASK3
  -------         PROC          TASK5
  -------         DO            
  X:034AH         SYMBOL        count
  -------         ENDDO         
  C:426FH         LINE#         59
  C:426FH         LINE#         61
  C:4279H         LINE#         62
  C:4279H         LINE#         63
BL51 BANKED LINKER/LOCATER V6.00                                                      07/17/2017  19:02:05  PAGE 11


  C:4279H         LINE#         65
  C:427CH         LINE#         66
  C:4286H         LINE#         67
  -------         ENDPROC       TASK5
  -------         PROC          TASK7
  C:4301H         LINE#         70
  C:4301H         LINE#         72
  C:4301H         LINE#         73
  C:4301H         LINE#         74
  C:4308H         LINE#         75
  C:4308H         LINE#         76
  C:430BH         LINE#         77
  C:430BH         LINE#         79
  C:4315H         LINE#         80
  -------         ENDPROC       TASK7
  -------         PROC          TASK8
  C:3CFBH         LINE#         82
  C:3CFBH         LINE#         84
  C:3CFBH         LINE#         85
  C:3CFBH         LINE#         86
  C:3D0CH         LINE#         87
  C:3D0CH         LINE#         88
  C:3D0FH         LINE#         89
  C:3D11H         LINE#         91
  C:3D11H         LINE#         92
  C:3D14H         LINE#         93
  C:3D14H         LINE#         94
  C:3D1EH         LINE#         95
  -------         ENDPROC       TASK8
  -------         PROC          TASK9
  C:4103H         LINE#         97
  C:4103H         LINE#         99
  C:4103H         LINE#         100
  C:4103H         LINE#         101
  C:4111H         LINE#         102
  C:411BH         LINE#         104
  -------         ENDPROC       TASK9
  -------         ENDMOD        ABSTASK

  -------         MODULE        TASK
  C:0000H         SYMBOL        _ICE_DUMMY_
  D:0080H         PUBLIC        P0
  D:0090H         PUBLIC        P1
  D:00A0H         PUBLIC        P2
  D:00B0H         PUBLIC        P3
  D:00C0H         PUBLIC        P4
  D:00C8H         PUBLIC        P5
  D:00E8H         PUBLIC        P6
  D:00F8H         PUBLIC        P7
  D:00A8H         PUBLIC        IE
  D:00B8H         PUBLIC        IP
  D:00D8H         PUBLIC        CCON
  D:0098H         PUBLIC        SCON
  D:0088H         PUBLIC        TCON
  D:00F0H         PUBLIC        B
  D:00E0H         PUBLIC        ACC
  D:00D0H         PUBLIC        PSW
BL51 BANKED LINKER/LOCATER V6.00                                                      07/17/2017  19:02:05  PAGE 12


  -------         ENDMOD        TASK

  -------         MODULE        SETUP
  C:0000H         SYMBOL        _ICE_DUMMY_
  D:0080H         PUBLIC        P0
  D:0090H         PUBLIC        P1
  D:00A0H         PUBLIC        P2
  D:00B0H         PUBLIC        P3
  D:00C0H         PUBLIC        P4
  D:00C8H         PUBLIC        P5
  D:00E8H         PUBLIC        P6
  C:3BB5H         PUBLIC        _UART1_init
  D:00F8H         PUBLIC        P7
  D:00A8H         PUBLIC        IE
  D:00B8H         PUBLIC        IP
  D:00D8H         PUBLIC        CCON
  D:0098H         PUBLIC        SCON
  C:3B87H         PUBLIC        setup
  D:0088H         PUBLIC        TCON
  D:00F0H         PUBLIC        B
  D:00E0H         PUBLIC        ACC
  D:00D0H         PUBLIC        PSW
  -------         PROC          _UART1_INIT
  D:0004H         SYMBOL        BandRate
  -------         DO            
  X:029EH         SYMBOL        COMx_InitStructure
  -------         ENDDO         
  C:3BB5H         LINE#         27
  C:3BB5H         LINE#         28
  C:3BB5H         LINE#         30
  C:3BBBH         LINE#         31
  C:3BBFH         LINE#         32
  C:3BC3H         LINE#         33
  C:3BC9H         LINE#         34
  C:3BCCH         LINE#         35
  C:3BCFH         LINE#         36
  C:3BD1H         LINE#         37
  C:3BD4H         LINE#         38
  C:3BD6H         LINE#         39
  -------         ENDPROC       _UART1_INIT
  -------         PROC          SETUP
  -------         DO            
  X:028CH         SYMBOL        GPIO_InitStructure
  X:028EH         SYMBOL        PWM_InitStructure
  -------         ENDDO         
  C:3B87H         LINE#         42
  C:3B87H         LINE#         43
  C:3B87H         LINE#         47
  C:3B92H         LINE#         49
  C:3B95H         LINE#         50
  C:3B98H         LINE#         51
  C:3B9FH         LINE#         52
  C:3BA2H         LINE#         53
  C:3BA5H         LINE#         54
  C:3BB0H         LINE#         55
  -------         ENDPROC       SETUP
  -------         ENDMOD        SETUP
BL51 BANKED LINKER/LOCATER V6.00                                                      07/17/2017  19:02:05  PAGE 13



  -------         MODULE        MODE
  C:0000H         SYMBOL        _ICE_DUMMY_
  C:44DBH         PUBLIC        mode1
  C:44DCH         PUBLIC        mode2
  C:44DDH         PUBLIC        mode3
  C:44DEH         PUBLIC        mode4
  C:44DFH         PUBLIC        modeLauncher
  -------         PROC          MODE1
  C:44DBH         LINE#         2
  C:44DBH         LINE#         3
  C:44DBH         LINE#         5
  -------         ENDPROC       MODE1
  -------         PROC          MODE2
  C:44DCH         LINE#         7
  C:44DCH         LINE#         8
  C:44DCH         LINE#         10
  -------         ENDPROC       MODE2
  -------         PROC          MODE3
  C:44DDH         LINE#         13
  C:44DDH         LINE#         14
  C:44DDH         LINE#         16
  -------         ENDPROC       MODE3
  -------         PROC          MODE4
  C:44DEH         LINE#         18
  C:44DEH         LINE#         19
  C:44DEH         LINE#         21
  -------         ENDPROC       MODE4
  -------         PROC          MODELAUNCHER
  C:44DFH         LINE#         22
  C:44DFH         LINE#         23
  C:44DFH         LINE#         25
  -------         ENDPROC       MODELAUNCHER
  -------         ENDMOD        MODE

  -------         MODULE        ?RTX51_TINY_KERNAL
  C:4317H         SEGMENT       ?RTX?TASKENT?S
  I:000EH         SEGMENT       ?RTX?TASKSP?S
  I:0022H         SEGMENT       ?RTX?TASKSTATE?S
  B:0021H.1       SEGMENT       ?RTX?BITS
  C:197BH         SEGMENT       ?RTX?CODE
  C:19CAH         PUBLIC        ?RTX?SET_ISR
  D:000CH         PUBLIC        ?RTX_CURRENTTASK
  D:0007H         PUBLIC        ?RTX_NEXTID
  C:1A0DH         PUBLIC        ?RTX_NEXTTASK
  N:00FFH         PUBLIC        ?RTX_RAMTOP
  C:4317H         PUBLIC        ?RTX_TASKENTRY
  C:1AECH         PUBLIC        ?RTX_TASKIDX
  I:000EH         PUBLIC        ?RTX_TASKSP
  I:0022H         PUBLIC        ?RTX_TASKSTATUS
  C:1AB0H         PUBLIC        MAIN
  C:19F6H         PUBLIC        OS_SWITCH_TASK
  C:19FFH         SYMBOL        ?C0001
  C:1A09H         SYMBOL        ?C0003
  C:1A0EH         SYMBOL        ?C0005
  C:1A28H         SYMBOL        ?C0007
  C:1A2AH         SYMBOL        ?C0009
BL51 BANKED LINKER/LOCATER V6.00                                                      07/17/2017  19:02:05  PAGE 14


  C:1A34H         SYMBOL        ?C0011
  C:1A61H         SYMBOL        ?C0012
  C:1A47H         SYMBOL        ?C0013
  C:1A4CH         SYMBOL        ?C0015
  C:1A57H         SYMBOL        ?C0016
  N:0000H         SYMBOL        ?RTX51_TINY_KERNAL
  N:F63CH         SYMBOL        ?RTX_CLOCK
  N:0008H         SYMBOL        ?RTX_REGISTERBANK
  D:000DH         SYMBOL        ?RTX_ROBINTIME
  D:000AH         SYMBOL        ?RTX_SAVEACC
  D:000BH         SYMBOL        ?RTX_SAVEPSW
  C:197BH         SYMBOL        ?RTX_STACKERROR
  C:19CEH         SYMBOL        ?RTX_TASKSWITCHING
  B:0021H.1       SYMBOL        ?RTX_TS_DELAY
  D:00E0H         SYMBOL        ACC
  D:00F0H         SYMBOL        B
  N:0005H         SYMBOL        B_ACTIVE
  N:0007H         SYMBOL        B_IVL
  N:0007H         SYMBOL        B_RDY
  N:0004H         SYMBOL        B_READY
  N:0006H         SYMBOL        B_ROBIN
  N:0002H         SYMBOL        B_SIGNAL
  N:0003H         SYMBOL        B_TIMEOUT
  N:0000H         SYMBOL        B_WAITSIG
  N:0001H         SYMBOL        B_WAITTIM
  C:19CBH         SYMBOL        CHECKROBINTIME
  C:19A5H         SYMBOL        CHECKSTACK
  N:0000H         SYMBOL        CODE_BANKING
  N:0000H         SYMBOL        CPU_IDLE_CODE
  D:0083H         SYMBOL        DPH
  D:0082H         SYMBOL        DPL
  B:00A8H.7       SYMBOL        EA
  B:00A8H.4       SYMBOL        ES
  B:00A8H.1       SYMBOL        ET0
  B:00A8H.3       SYMBOL        ET1
  B:00A8H.0       SYMBOL        EX0
  B:00A8H.2       SYMBOL        EX1
  N:0014H         SYMBOL        FREE_STACK
  C:197FH         SYMBOL        HW_TIMER
  D:00A8H         SYMBOL        IE
  B:0088H.1       SYMBOL        IE0
  B:0088H.3       SYMBOL        IE1
  N:09C4H         SYMBOL        INT_CLOCK
  N:0001H         SYMBOL        INT_REGBANK
  B:0088H.0       SYMBOL        IT0
  B:0088H.2       SYMBOL        IT1
  N:0020H         SYMBOL        K_ACTIVE
  N:0080H         SYMBOL        K_IVL
  N:0080H         SYMBOL        K_RDY
  N:0010H         SYMBOL        K_READY
  N:0040H         SYMBOL        K_ROBIN
  N:0001H         SYMBOL        K_SIG
  N:0002H         SYMBOL        K_TMO
  N:0000H         SYMBOL        LONG_USR_INTR
  C:1AB9H         SYMBOL        MAIN1
  C:1AC3H         SYMBOL        MAIN1X
  C:1ABEH         SYMBOL        MAIN2
BL51 BANKED LINKER/LOCATER V6.00                                                      07/17/2017  19:02:05  PAGE 15


  C:1A84H         SYMBOL        NOEVENT
  C:19CAH         SYMBOL        NOROBINTIMEOUT
  C:19C1H         SYMBOL        NOTIMEOUT
  C:19BFH         SYMBOL        NOWAITTIMEOUT
  C:19F6H         SYMBOL        OS_SWITCH_TASK1
  D:0087H         SYMBOL        PCON
  D:00D0H         SYMBOL        PSW
  N:00FFH         SYMBOL        RAMTOP
  N:0080H         SYMBOL        RDY_EVENT
  C:1A90H         SYMBOL        ROBINON
  C:1A78H         SYMBOL        SIGNALOFF
  C:1A84H         SYMBOL        SIGNALON
  N:0004H         SYMBOL        SIG_EVENT
  D:0081H         SYMBOL        SP
  I:0023H         SYMBOL        TASKSTATE
  D:0088H         SYMBOL        TCON
  B:0088H.5       SYMBOL        TF0
  B:0088H.7       SYMBOL        TF1
  D:008CH         SYMBOL        TH0
  D:008DH         SYMBOL        TH1
  C:1A80H         SYMBOL        TIMEOUTON
  C:1980H         SYMBOL        TIMERINT
  C:19B1H         SYMBOL        TIMERLOOP
  I:0022H         SYMBOL        TIMERVAL
  N:000AH         SYMBOL        TIMESHARING
  D:008AH         SYMBOL        TL0
  D:008BH         SYMBOL        TL1
  D:0089H         SYMBOL        TMOD
  N:0008H         SYMBOL        TMO_EVENT
  B:0088H.4       SYMBOL        TR0
  B:0088H.6       SYMBOL        TR1
  C:000BH         LINE#         271
  C:197BH         LINE#         279
  C:197FH         LINE#         282
  C:1980H         LINE#         299
  C:1983H         LINE#         301
  C:1986H         LINE#         302
  C:1989H         LINE#         303
  C:198BH         LINE#         305
  C:198DH         LINE#         306
  C:198FH         LINE#         307
  C:1991H         LINE#         308
  C:1993H         LINE#         309
  C:1995H         LINE#         310
  C:1997H         LINE#         311
  C:1999H         LINE#         312
  C:199BH         LINE#         316
  C:199CH         LINE#         317
  C:199EH         LINE#         318
  C:199FH         LINE#         319
  C:19A0H         LINE#         320
  C:19A3H         LINE#         321
  C:19A5H         LINE#         322
  C:19A6H         LINE#         323
  C:19A8H         LINE#         324
  C:19ABH         LINE#         325
  C:19ADH         LINE#         329
BL51 BANKED LINKER/LOCATER V6.00                                                      07/17/2017  19:02:05  PAGE 16


  C:19AFH         LINE#         330
  C:19B1H         LINE#         331
  C:19B2H         LINE#         332
  C:19B3H         LINE#         333
  C:19B4H         LINE#         334
  C:19B6H         LINE#         335
  C:19B8H         LINE#         336
  C:19B9H         LINE#         337
  C:19BCH         LINE#         338
  C:19BEH         LINE#         339
  C:19BFH         LINE#         340
  C:19C1H         LINE#         341
  C:19C2H         LINE#         342
  C:19C4H         LINE#         344
  C:19C5H         LINE#         345
  C:19C7H         LINE#         360
  C:19CAH         LINE#         366
  C:19CBH         LINE#         367
  C:19CEH         LINE#         370
  C:19D0H         LINE#         371
  C:19D2H         LINE#         372
  C:19D4H         LINE#         373
  C:19D6H         LINE#         374
  C:19D8H         LINE#         375
  C:19DAH         LINE#         376
  C:19DCH         LINE#         377
  C:19DEH         LINE#         378
  C:19E0H         LINE#         379
  C:19E2H         LINE#         380
  C:19E4H         LINE#         381
  C:19E6H         LINE#         382
  C:19E8H         LINE#         387
  C:19EAH         LINE#         388
  C:19EBH         LINE#         389
  C:19EDH         LINE#         390
  C:19EEH         LINE#         391
  C:19F0H         LINE#         392
  C:19F2H         LINE#         393
  C:19F3H         LINE#         394
  C:19F4H         LINE#         395
  C:19F6H         LINE#         424
  C:19F8H         LINE#         426
  C:19FAH         LINE#         427
  C:19FBH         LINE#         429
  C:19FCH         LINE#         430
  C:19FEH         LINE#         431
  C:19FFH         LINE#         434
  C:1A00H         LINE#         435
  C:1A01H         LINE#         436
  C:1A02H         LINE#         444
  C:1A05H         LINE#         445
  C:1A07H         LINE#         446
  C:1A09H         LINE#         449
  C:1A0AH         LINE#         450
  C:1A0DH         LINE#         458
  C:1A0EH         LINE#         462
  C:1A10H         LINE#         463
BL51 BANKED LINKER/LOCATER V6.00                                                      07/17/2017  19:02:05  PAGE 17


  C:1A11H         LINE#         464
  C:1A12H         LINE#         465
  C:1A14H         LINE#         468
  C:1A16H         LINE#         470
  C:1A18H         LINE#         471
  C:1A1AH         LINE#         472
  C:1A1BH         LINE#         473
  C:1A1CH         LINE#         474
  C:1A1DH         LINE#         476
  C:1A1FH         LINE#         478
  C:1A20H         LINE#         479
  C:1A21H         LINE#         480
  C:1A23H         LINE#         481
  C:1A26H         LINE#         482
  C:1A28H         LINE#         484
  C:1A29H         LINE#         485
  C:1A2AH         LINE#         490
  C:1A2BH         LINE#         491
  C:1A2CH         LINE#         492
  C:1A2EH         LINE#         496
  C:1A2FH         LINE#         497
  C:1A30H         LINE#         498
  C:1A32H         LINE#         499
  C:1A34H         LINE#         505
  C:1A36H         LINE#         506
  C:1A37H         LINE#         507
  C:1A38H         LINE#         508
  C:1A3AH         LINE#         510
  C:1A3CH         LINE#         511
  C:1A3EH         LINE#         512
  C:1A3FH         LINE#         513
  C:1A40H         LINE#         516
  C:1A42H         LINE#         517
  C:1A45H         LINE#         518
  C:1A47H         LINE#         520
  C:1A48H         LINE#         522
  C:1A49H         LINE#         523
  C:1A4AH         LINE#         524
  C:1A4BH         LINE#         525
  C:1A4CH         LINE#         529
  C:1A4EH         LINE#         530
  C:1A4FH         LINE#         531
  C:1A51H         LINE#         535
  C:1A53H         LINE#         536
  C:1A54H         LINE#         537
  C:1A55H         LINE#         539
  C:1A57H         LINE#         543
  C:1A59H         LINE#         544
  C:1A5BH         LINE#         545
  C:1A5CH         LINE#         546
  C:1A5DH         LINE#         548
  C:1A5FH         LINE#         549
  C:1A61H         LINE#         555
  C:1A64H         LINE#         559
  C:1A66H         LINE#         560
  C:1A67H         LINE#         561
  C:1A69H         LINE#         562
BL51 BANKED LINKER/LOCATER V6.00                                                      07/17/2017  19:02:05  PAGE 18


  C:1A6AH         LINE#         563
  C:1A6CH         LINE#         564
  C:1A6EH         LINE#         565
  C:1A6FH         LINE#         567
  C:1A72H         LINE#         571
  C:1A75H         LINE#         572
  C:1A78H         LINE#         576
  C:1A7AH         LINE#         577
  C:1A7DH         LINE#         578
  C:1A80H         LINE#         580
  C:1A82H         LINE#         581
  C:1A84H         LINE#         583
  C:1A86H         LINE#         584
  C:1A87H         LINE#         585
  C:1A89H         LINE#         587
  C:1A8BH         LINE#         588
  C:1A8DH         LINE#         594
  C:1A8FH         LINE#         595
  C:1A90H         LINE#         608
  C:1A91H         LINE#         609
  C:1A93H         LINE#         614
  C:1A95H         LINE#         615
  C:1A97H         LINE#         616
  C:1A99H         LINE#         617
  C:1A9BH         LINE#         618
  C:1A9DH         LINE#         619
  C:1A9FH         LINE#         620
  C:1AA1H         LINE#         621
  C:1AA3H         LINE#         622
  C:1AA5H         LINE#         623
  C:1AA7H         LINE#         624
  C:1AA9H         LINE#         625
  C:1AABH         LINE#         626
  C:1AADH         LINE#         627
  C:1AAFH         LINE#         628
  C:1AB0H         LINE#         642
  C:1AB2H         LINE#         643
  C:1AB4H         LINE#         644
  C:1AB6H         LINE#         645
  C:1AB8H         LINE#         646
  C:1AB9H         LINE#         647
  C:1ABAH         LINE#         648
  C:1ABCH         LINE#         649
  C:1ABEH         LINE#         650
  C:1AC0H         LINE#         651
  C:1AC1H         LINE#         652
  C:1AC3H         LINE#         653
  C:1AC4H         LINE#         654
  C:1AC5H         LINE#         655
  C:1AC6H         LINE#         656
  C:1AC7H         LINE#         657
  C:1AC9H         LINE#         658
  C:1ACBH         LINE#         659
  C:1ACDH         LINE#         660
  C:1AD0H         LINE#         661
  C:1AD2H         LINE#         662
  C:1AD3H         LINE#         663
BL51 BANKED LINKER/LOCATER V6.00                                                      07/17/2017  19:02:05  PAGE 19


  C:1AD5H         LINE#         664
  C:1AD6H         LINE#         665
  C:1AD7H         LINE#         666
  C:1AD9H         LINE#         668
  C:1ADCH         LINE#         670
  C:1ADFH         LINE#         671
  C:1AE2H         LINE#         672
  C:1AE5H         LINE#         673
  C:1AE7H         LINE#         674
  C:1AE9H         LINE#         675
  C:1AEBH         LINE#         676
  -------         ENDMOD        ?RTX51_TINY_KERNAL

  -------         MODULE        PID
  C:0000H         SYMBOL        _ICE_DUMMY_
  D:0080H         PUBLIC        P0
  D:0090H         PUBLIC        P1
  D:00A0H         PUBLIC        P2
  C:3DEFH         PUBLIC        _setKi
  D:00B0H         PUBLIC        P3
  C:4151H         PUBLIC        _getErrLast
  D:00C0H         PUBLIC        P4
  D:00C8H         PUBLIC        P5
  D:00E8H         PUBLIC        P6
  D:00F8H         PUBLIC        P7
  C:3DADH         PUBLIC        _setParameterUpperLimit
  C:3E10H         PUBLIC        _setKp
  D:00A8H         PUBLIC        IE
  C:4364H         PUBLIC        _openPID
  D:00B8H         PUBLIC        IP
  D:00D8H         PUBLIC        CCON
  D:0098H         PUBLIC        SCON
  D:0088H         PUBLIC        TCON
  C:2A66H         PUBLIC        _PID_config
  C:3D8CH         PUBLIC        _setParameterInferiorLimit
  D:00F0H         PUBLIC        B
  D:00E0H         PUBLIC        ACC
  C:3DCEH         PUBLIC        _setActualParameter
  C:41B9H         PUBLIC        _getOutput
  C:1E91H         PUBLIC        _PID
  X:0398H         SYMBOL        g_pid_n_info
  C:411DH         PUBLIC        _getParameter
  C:4137H         PUBLIC        _getErr
  C:419FH         PUBLIC        _getKd
  C:3E52H         PUBLIC        _setParameter
  C:4185H         PUBLIC        _getKi
  C:43CFH         PUBLIC        _closePID
  D:00D0H         PUBLIC        PSW
  C:41D3H         PUBLIC        _getIntegral
  C:416BH         PUBLIC        _getKp
  C:3E31H         PUBLIC        _setKd
  -------         PROC          _PID_CONFIG
  D:0003H         SYMBOL        PID_N
  X:0557H         SYMBOL        kp
  X:055BH         SYMBOL        ki
  X:055FH         SYMBOL        kd
  C:2A66H         LINE#         49
BL51 BANKED LINKER/LOCATER V6.00                                                      07/17/2017  19:02:05  PAGE 20


  C:2A68H         LINE#         50
  C:2A68H         LINE#         51
  C:2A7DH         LINE#         52
  C:2A92H         LINE#         53
  C:2AA7H         LINE#         54
  C:2ABCH         LINE#         55
  C:2ADBH         LINE#         56
  C:2AFAH         LINE#         57
  C:2B19H         LINE#         58
  C:2B43H         LINE#         59
  C:2B6DH         LINE#         60
  -------         ENDPROC       _PID_CONFIG
  -------         PROC          _OPENPID
  D:0007H         SYMBOL        PID_N
  C:4364H         LINE#         70
  C:4364H         LINE#         71
  C:4364H         LINE#         72
  C:4375H         LINE#         74
  -------         ENDPROC       _OPENPID
  -------         PROC          _CLOSEPID
  D:0007H         SYMBOL        PID_N
  C:43CFH         LINE#         83
  C:43CFH         LINE#         84
  C:43CFH         LINE#         85
  C:43DFH         LINE#         88
  -------         ENDPROC       _CLOSEPID
  -------         PROC          _PID
  X:05CEH         SYMBOL        PID_N
  C:1E91H         LINE#         97
  C:1E96H         LINE#         98
  C:1E96H         LINE#         101
  C:1EA9H         LINE#         102
  C:1EA9H         LINE#         104
  C:1EF7H         LINE#         120
  C:1F3AH         LINE#         123
  C:203FH         LINE#         126
  C:2069H         LINE#         129
  C:206AH         LINE#         130
  C:206AH         LINE#         132
  -------         ENDPROC       _PID
  -------         PROC          _SETPARAMETERINFERIORLIMIT
  D:0003H         SYMBOL        PID_N
  X:058AH         SYMBOL        value
  C:3D8CH         LINE#         142
  C:3D8EH         LINE#         143
  C:3D8EH         LINE#         144
  -------         ENDPROC       _SETPARAMETERINFERIORLIMIT
  -------         PROC          _SETPARAMETERUPPERLIMIT
  D:0003H         SYMBOL        PID_N
  X:058FH         SYMBOL        value
  C:3DADH         LINE#         156
  C:3DAFH         LINE#         157
  C:3DAFH         LINE#         158
  -------         ENDPROC       _SETPARAMETERUPPERLIMIT
  -------         PROC          _SETACTUALPARAMETER
  D:0003H         SYMBOL        PID_N
  X:0594H         SYMBOL        value
BL51 BANKED LINKER/LOCATER V6.00                                                      07/17/2017  19:02:05  PAGE 21


  C:3DCEH         LINE#         171
  C:3DD0H         LINE#         172
  C:3DD0H         LINE#         173
  -------         ENDPROC       _SETACTUALPARAMETER
  -------         PROC          _SETKI
  D:0003H         SYMBOL        PID_N
  X:0599H         SYMBOL        value
  C:3DEFH         LINE#         186
  C:3DF1H         LINE#         187
  C:3DF1H         LINE#         188
  -------         ENDPROC       _SETKI
  -------         PROC          _SETKP
  D:0003H         SYMBOL        PID_N
  X:059EH         SYMBOL        value
  C:3E10H         LINE#         200
  C:3E12H         LINE#         201
  C:3E12H         LINE#         202
  -------         ENDPROC       _SETKP
  -------         PROC          _SETKD
  D:0003H         SYMBOL        PID_N
  X:05A3H         SYMBOL        value
  C:3E31H         LINE#         214
  C:3E33H         LINE#         215
  C:3E33H         LINE#         216
  -------         ENDPROC       _SETKD
  -------         PROC          _SETPARAMETER
  D:0003H         SYMBOL        PID_N
  X:05A8H         SYMBOL        value
  C:3E52H         LINE#         228
  C:3E54H         LINE#         229
  C:3E54H         LINE#         230
  -------         ENDPROC       _SETPARAMETER
  -------         PROC          _GETPARAMETER
  D:0007H         SYMBOL        PID_N
  C:411DH         LINE#         242
  C:411DH         LINE#         243
  C:411DH         LINE#         244
  C:4136H         LINE#         245
  -------         ENDPROC       _GETPARAMETER
  -------         PROC          _GETERR
  D:0007H         SYMBOL        PID_N
  C:4137H         LINE#         255
  C:4137H         LINE#         256
  C:4137H         LINE#         257
  C:4150H         LINE#         258
  -------         ENDPROC       _GETERR
  -------         PROC          _GETERRLAST
  D:0007H         SYMBOL        PID_N
  C:4151H         LINE#         268
  C:4151H         LINE#         269
  C:4151H         LINE#         270
  C:416AH         LINE#         271
  -------         ENDPROC       _GETERRLAST
  -------         PROC          _GETKP
  D:0007H         SYMBOL        PID_N
  C:416BH         LINE#         280
  C:416BH         LINE#         281
BL51 BANKED LINKER/LOCATER V6.00                                                      07/17/2017  19:02:05  PAGE 22


  C:416BH         LINE#         282
  C:4184H         LINE#         283
  -------         ENDPROC       _GETKP
  -------         PROC          _GETKI
  D:0007H         SYMBOL        PID_N
  C:4185H         LINE#         293
  C:4185H         LINE#         294
  C:4185H         LINE#         295
  C:419EH         LINE#         296
  -------         ENDPROC       _GETKI
  -------         PROC          _GETKD
  D:0007H         SYMBOL        PID_N
  C:419FH         LINE#         306
  C:419FH         LINE#         307
  C:419FH         LINE#         308
  C:41B8H         LINE#         309
  -------         ENDPROC       _GETKD
  -------         PROC          _GETOUTPUT
  D:0007H         SYMBOL        PID_N
  C:41B9H         LINE#         319
  C:41B9H         LINE#         320
  C:41B9H         LINE#         321
  C:41D2H         LINE#         322
  -------         ENDPROC       _GETOUTPUT
  -------         PROC          _GETINTEGRAL
  D:0007H         SYMBOL        PID_N
  C:41D3H         LINE#         332
  C:41D3H         LINE#         333
  C:41D3H         LINE#         334
  C:41ECH         LINE#         335
  -------         ENDPROC       _GETINTEGRAL
  -------         ENDMOD        PID

  -------         MODULE        FILTER
  C:0000H         SYMBOL        _ICE_DUMMY_
  D:0080H         PUBLIC        P0
  D:0090H         PUBLIC        P1
  D:00A0H         PUBLIC        P2
  D:00B0H         PUBLIC        P3
  D:00C0H         PUBLIC        P4
  D:00C8H         PUBLIC        P5
  D:00E8H         PUBLIC        P6
  D:00F8H         PUBLIC        P7
  C:27FCH         PUBLIC        _filter
  D:00A8H         PUBLIC        IE
  D:00B8H         PUBLIC        IP
  D:00D8H         PUBLIC        CCON
  D:0098H         PUBLIC        SCON
  D:0088H         PUBLIC        TCON
  D:00F0H         PUBLIC        B
  D:00E0H         PUBLIC        ACC
  D:00D0H         PUBLIC        PSW
  -------         PROC          _FILTER
  D:0001H         SYMBOL        ary
  X:038BH         SYMBOL        num
  X:038CH         SYMBOL        MaxValue
  X:038EH         SYMBOL        MinValue
BL51 BANKED LINKER/LOCATER V6.00                                                      07/17/2017  19:02:05  PAGE 23


  -------         DO            
  X:0390H         SYMBOL        angleDataloopTemp2
  X:0392H         SYMBOL        finalData
  X:0394H         SYMBOL        maxValue
  X:0396H         SYMBOL        minValue
  -------         ENDDO         
  C:27FCH         LINE#         2
  C:2801H         LINE#         3
  C:2801H         LINE#         5
  C:2808H         LINE#         6
  C:2817H         LINE#         7
  C:2826H         LINE#         8
  C:2848H         LINE#         9
  C:2848H         LINE#         10
  C:2864H         LINE#         11
  C:2864H         LINE#         12
  C:2881H         LINE#         13
  C:2881H         LINE#         14
  C:28A3H         LINE#         15
  C:28A3H         LINE#         16
  C:28C0H         LINE#         17
  C:28C0H         LINE#         18
  C:28E2H         LINE#         19
  C:28F6H         LINE#         20
  C:291BH         LINE#         21
  C:2931H         LINE#         22
  C:2931H         LINE#         23
  -------         ENDPROC       _FILTER
  -------         ENDMOD        FILTER

  -------         MODULE        DATASCOPE_DP
  C:0000H         SYMBOL        _ICE_DUMMY_
  D:0080H         PUBLIC        P0
  D:0090H         PUBLIC        P1
  D:00A0H         PUBLIC        P2
  D:00B0H         PUBLIC        P3
  D:00C0H         PUBLIC        P4
  D:00C8H         PUBLIC        P5
  D:00E8H         PUBLIC        P6
  D:00F8H         PUBLIC        P7
  X:04A3H         PUBLIC        DataScope_OutPut_Buffer
  D:00A8H         PUBLIC        IE
  D:00B8H         PUBLIC        IP
  D:00D8H         PUBLIC        CCON
  C:3AF0H         PUBLIC        _sendScopeData
  D:0098H         PUBLIC        SCON
  D:0088H         PUBLIC        TCON
  D:00F0H         PUBLIC        B
  C:2EBEH         PUBLIC        _Float2Byte
  D:00E0H         PUBLIC        ACC
  C:3011H         PUBLIC        _DataScope_Data_Generate
  C:2932H         PUBLIC        _DataScope_Get_Channel_Data
  D:00D0H         PUBLIC        PSW
  -------         PROC          _FLOAT2BYTE
  D:0001H         SYMBOL        target
  X:0381H         SYMBOL        buf
  X:0384H         SYMBOL        beg
BL51 BANKED LINKER/LOCATER V6.00                                                      07/17/2017  19:02:05  PAGE 24


  -------         DO            
  X:0385H         SYMBOL        point
  -------         ENDDO         
  C:2EBEH         LINE#         26
  C:2EBEH         LINE#         27
  C:2EBEH         LINE#         29
  C:2EC9H         LINE#         30
  C:2EE7H         LINE#         31
  C:2F13H         LINE#         32
  C:2F3FH         LINE#         33
  -------         ENDPROC       _FLOAT2BYTE
  -------         PROC          _SENDSCOPEDATA
  D:0004H         SYMBOL        Data
  X:0377H         SYMBOL        channel
  -------         DO            
  X:0378H         SYMBOL        a
  -------         ENDDO         
  C:3AF0H         LINE#         43
  C:3AF0H         LINE#         44
  C:3AF0H         LINE#         47
  C:3AFBH         LINE#         49
  C:3B11H         LINE#         50
  C:3B11H         LINE#         51
  C:3B20H         LINE#         52
  C:3B28H         LINE#         54
  -------         ENDPROC       _SENDSCOPEDATA
  -------         PROC          _DATASCOPE_GET_CHANNEL_DATA
  X:0379H         SYMBOL        Data
  X:037DH         SYMBOL        Channel
  C:2932H         LINE#         60
  C:2938H         LINE#         61
  C:2938H         LINE#         62
  C:294BH         LINE#         63
  C:294BH         LINE#         65
  C:294BH         LINE#         67
  C:294BH         LINE#         68
  C:2981H         LINE#         69
  C:2981H         LINE#         70
  C:2981H         LINE#         71
  C:2994H         LINE#         72
  C:2997H         LINE#         73
  C:2997H         LINE#         74
  C:29ABH         LINE#         75
  C:29AEH         LINE#         76
  C:29AEH         LINE#         77
  C:29C2H         LINE#         78
  C:29C5H         LINE#         79
  C:29C5H         LINE#         80
  C:29D9H         LINE#         81
  C:29DCH         LINE#         82
  C:29DCH         LINE#         83
  C:29F0H         LINE#         84
  C:29F2H         LINE#         85
  C:29F2H         LINE#         86
  C:2A06H         LINE#         87
  C:2A08H         LINE#         88
  C:2A08H         LINE#         89
BL51 BANKED LINKER/LOCATER V6.00                                                      07/17/2017  19:02:05  PAGE 25


  C:2A1CH         LINE#         90
  C:2A1EH         LINE#         91
  C:2A1EH         LINE#         92
  C:2A32H         LINE#         93
  C:2A34H         LINE#         94
  C:2A34H         LINE#         95
  C:2A48H         LINE#         96
  C:2A4AH         LINE#         97
  C:2A4AH         LINE#         98
  C:2A65H         LINE#         99
  C:2A65H         LINE#         100
  C:2A65H         LINE#         101
  C:2A65H         LINE#         102
  -------         ENDPROC       _DATASCOPE_GET_CHANNEL_DATA
  -------         PROC          _DATASCOPE_DATA_GENERATE
  D:0007H         SYMBOL        Channel_Number
  C:3011H         LINE#         107
  C:3011H         LINE#         108
  C:3011H         LINE#         109
  C:301AH         LINE#         110
  C:301AH         LINE#         111
  C:301DH         LINE#         112
  C:301DH         LINE#         114
  C:301DH         LINE#         115
  C:3023H         LINE#         116
  C:3059H         LINE#         117
  C:3059H         LINE#         118
  C:3059H         LINE#         119
  C:305FH         LINE#         120
  C:3062H         LINE#         121
  C:3062H         LINE#         122
  C:3062H         LINE#         123
  C:3068H         LINE#         124
  C:306BH         LINE#         125
  C:306BH         LINE#         126
  C:306BH         LINE#         127
  C:3071H         LINE#         128
  C:3074H         LINE#         129
  C:3074H         LINE#         130
  C:3074H         LINE#         131
  C:307AH         LINE#         132
  C:307DH         LINE#         133
  C:307DH         LINE#         134
  C:307DH         LINE#         135
  C:3083H         LINE#         136
  C:3086H         LINE#         137
  C:3086H         LINE#         138
  C:3086H         LINE#         139
  C:308CH         LINE#         140
  C:308FH         LINE#         141
  C:308FH         LINE#         142
  C:308FH         LINE#         143
  C:3095H         LINE#         144
  C:3098H         LINE#         145
  C:3098H         LINE#         146
  C:3098H         LINE#         147
  C:309EH         LINE#         148
BL51 BANKED LINKER/LOCATER V6.00                                                      07/17/2017  19:02:05  PAGE 26


  C:30A1H         LINE#         149
  C:30A1H         LINE#         150
  C:30A1H         LINE#         151
  C:30A7H         LINE#         152
  C:30AAH         LINE#         153
  C:30AAH         LINE#         154
  C:30AAH         LINE#         155
  C:30B0H         LINE#         156
  C:30B3H         LINE#         157
  C:30B3H         LINE#         158
  C:30B3H         LINE#         159
  C:30B3H         LINE#         160
  C:30B5H         LINE#         161
  -------         ENDPROC       _DATASCOPE_DATA_GENERATE
  -------         ENDMOD        DATASCOPE_DP

  -------         MODULE        STORAGE
  C:0000H         SYMBOL        _ICE_DUMMY_
  D:0080H         PUBLIC        P0
  D:0090H         PUBLIC        P1
  D:00A0H         PUBLIC        P2
  D:00B0H         PUBLIC        P3
  D:00C0H         PUBLIC        P4
  D:00C8H         PUBLIC        P5
  D:00E8H         PUBLIC        P6
  D:00F8H         PUBLIC        P7
  D:00A8H         PUBLIC        IE
  D:00B8H         PUBLIC        IP
  D:00D8H         PUBLIC        CCON
  C:4376H         PUBLIC        _writeData
  D:0098H         PUBLIC        SCON
  D:0088H         PUBLIC        TCON
  D:00F0H         PUBLIC        B
  D:00E0H         PUBLIC        ACC
  D:00D0H         PUBLIC        PSW
  -------         PROC          _WRITEDATA
  X:05ACH         SYMBOL        add
  X:05AEH         SYMBOL        Data
  C:4376H         LINE#         3
  C:4387H         LINE#         4
  C:4387H         LINE#         6
  -------         ENDPROC       _WRITEDATA
  -------         ENDMOD        STORAGE

  -------         MODULE        BUTTON
  C:0000H         SYMBOL        _ICE_DUMMY_
  D:0080H         PUBLIC        P0
  D:0090H         PUBLIC        P1
  D:00A0H         PUBLIC        P2
  D:00B0H         PUBLIC        P3
  D:00C0H         PUBLIC        P4
  D:00C8H         PUBLIC        P5
  D:00E8H         PUBLIC        P6
  D:00F8H         PUBLIC        P7
  D:00A8H         PUBLIC        IE
  D:00B8H         PUBLIC        IP
  D:00D8H         PUBLIC        CCON
BL51 BANKED LINKER/LOCATER V6.00                                                      07/17/2017  19:02:05  PAGE 27


  C:38F5H         PUBLIC        buttonScan
  B:0020H.0       SYMBOL        BUTTON1_bit
  B:0020H.1       SYMBOL        BUTTON2_bit
  B:0020H.2       SYMBOL        BUTTON3_bit
  B:0020H.3       SYMBOL        BUTTON4_bit
  D:0098H         PUBLIC        SCON
  B:00A0H.3       PUBLIC        P23
  D:0088H         PUBLIC        TCON
  B:00A0H.4       PUBLIC        P24
  B:00A0H.5       PUBLIC        P25
  B:00A0H.6       PUBLIC        P26
  D:00F0H         PUBLIC        B
  C:3FCBH         PUBLIC        _getButtonState
  D:00E0H         PUBLIC        ACC
  C:3F13H         PUBLIC        Button_config
  C:4478H         SYMBOL        _digitalRead
  D:00D0H         PUBLIC        PSW
  -------         PROC          BUTTON_CONFIG
  -------         DO            
  X:029EH         SYMBOL        GPIO_InitStructure
  -------         ENDDO         
  C:3F13H         LINE#         25
  C:3F13H         LINE#         26
  C:3F13H         LINE#         28
  C:3F19H         LINE#         29
  C:3F1EH         LINE#         30
  C:3F29H         LINE#         31
  C:3F2BH         LINE#         32
  C:3F2DH         LINE#         33
  C:3F2FH         LINE#         34
  C:3F31H         LINE#         35
  -------         ENDPROC       BUTTON_CONFIG
  -------         PROC          _DIGITALREAD
  D:0006H         SYMBOL        pin
  C:4478H         LINE#         43
  C:4478H         LINE#         44
  C:4478H         LINE#         45
  C:447CH         LINE#         46
  C:447CH         LINE#         47
  C:4481H         LINE#         48
  C:4481H         LINE#         49
  -------         ENDPROC       _DIGITALREAD
  -------         PROC          _GETBUTTONSTATE
  D:0007H         SYMBOL        BUTTON_data
  C:3FCBH         LINE#         61
  C:3FCBH         LINE#         62
  C:3FCBH         LINE#         63
  C:3FDCH         LINE#         64
  C:3FDCH         LINE#         65
  C:3FDCH         LINE#         66
  C:3FDFH         LINE#         67
  C:3FDFH         LINE#         68
  C:3FDFH         LINE#         69
  C:3FE2H         LINE#         70
  C:3FE2H         LINE#         71
  C:3FE2H         LINE#         72
  C:3FE5H         LINE#         73
BL51 BANKED LINKER/LOCATER V6.00                                                      07/17/2017  19:02:05  PAGE 28


  C:3FE5H         LINE#         74
  C:3FE5H         LINE#         75
  C:3FE7H         LINE#         76
  C:3FE7H         LINE#         77
  C:3FE7H         LINE#         78
  -------         ENDPROC       _GETBUTTONSTATE
  -------         PROC          BUTTONSCAN
  C:38F5H         LINE#         88
  C:38F5H         LINE#         89
  C:38F5H         LINE#         90
  C:3900H         LINE#         91
  C:3900H         LINE#         92
  C:390AH         LINE#         93
  C:390AH         LINE#         97
  C:390CH         LINE#         98
  C:390CH         LINE#         99
  C:390EH         LINE#         101
  C:390EH         LINE#         102
  C:3910H         LINE#         103
  C:3910H         LINE#         104
  C:391BH         LINE#         105
  C:391BH         LINE#         106
  C:391EH         LINE#         107
  C:391EH         LINE#         111
  C:3920H         LINE#         112
  C:3920H         LINE#         113
  C:3922H         LINE#         115
  C:3922H         LINE#         116
  C:3924H         LINE#         117
  C:3924H         LINE#         118
  C:392FH         LINE#         119
  C:392FH         LINE#         120
  C:3932H         LINE#         121
  C:3932H         LINE#         125
  C:3934H         LINE#         127
  C:3934H         LINE#         128
  C:3936H         LINE#         130
  C:3936H         LINE#         131
  C:3938H         LINE#         132
  C:3938H         LINE#         133
  C:3943H         LINE#         134
  C:3943H         LINE#         135
  C:3946H         LINE#         136
  C:3946H         LINE#         140
  C:3948H         LINE#         142
  C:3948H         LINE#         143
  C:3949H         LINE#         145
  C:3949H         LINE#         146
  C:394BH         LINE#         147
  C:394BH         LINE#         148
  -------         ENDPROC       BUTTONSCAN
  -------         ENDMOD        BUTTON

  -------         MODULE        LED
  C:0000H         SYMBOL        _ICE_DUMMY_
  D:0080H         PUBLIC        P0
  D:0090H         PUBLIC        P1
BL51 BANKED LINKER/LOCATER V6.00                                                      07/17/2017  19:02:05  PAGE 29


  D:00A0H         PUBLIC        P2
  D:00B0H         PUBLIC        P3
  D:00C0H         PUBLIC        P4
  D:00C8H         PUBLIC        P5
  B:0021H.2       SYMBOL        Board_LED_State
  D:00E8H         PUBLIC        P6
  D:00F8H         PUBLIC        P7
  D:00A8H         PUBLIC        IE
  C:3D6AH         PUBLIC        _blink
  C:3C0CH         PUBLIC        Board_LED_Init
  D:00B8H         PUBLIC        IP
  C:44CBH         PUBLIC        close_Board_LED
  D:00D8H         PUBLIC        CCON
  D:0098H         PUBLIC        SCON
  D:0088H         PUBLIC        TCON
  C:44C6H         PUBLIC        open_Board_LED
  B:00C8H.5       PUBLIC        P55
  D:00F0H         PUBLIC        B
  D:00E0H         PUBLIC        ACC
  C:44D4H         PUBLIC        getBoard_LED_State
  C:44A8H         PUBLIC        _Board_LED_PWM
  D:00D0H         PUBLIC        PSW
  -------         PROC          BOARD_LED_INIT
  -------         DO            
  X:029EH         SYMBOL        GPIO_InitStructure
  -------         ENDDO         
  C:3C0CH         LINE#         8
  C:3C0CH         LINE#         9
  C:3C0CH         LINE#         11
  C:3C12H         LINE#         12
  C:3C17H         LINE#         13
  C:3C22H         LINE#         14
  C:3C25H         LINE#         15
  C:3C2AH         LINE#         16
  C:3C2DH         LINE#         17
  C:3C32H         LINE#         18
  C:3C33H         LINE#         19
  -------         ENDPROC       BOARD_LED_INIT
  -------         PROC          OPEN_BOARD_LED
  C:44C6H         LINE#         20
  C:44C6H         LINE#         21
  C:44C6H         LINE#         22
  C:44C8H         LINE#         23
  C:44CAH         LINE#         24
  -------         ENDPROC       OPEN_BOARD_LED
  -------         PROC          CLOSE_BOARD_LED
  C:44CBH         LINE#         25
  C:44CBH         LINE#         26
  C:44CBH         LINE#         27
  C:44CDH         LINE#         28
  C:44CFH         LINE#         30
  -------         ENDPROC       CLOSE_BOARD_LED
  -------         PROC          _BLINK
  X:028CH         SYMBOL        time
  C:3D6AH         LINE#         31
  C:3D6FH         LINE#         32
  C:3D6FH         LINE#         33
BL51 BANKED LINKER/LOCATER V6.00                                                      07/17/2017  19:02:05  PAGE 30


  C:3D79H         LINE#         34
  C:3D79H         LINE#         35
  C:3D7CH         LINE#         36
  C:3D81H         LINE#         37
  C:3D84H         LINE#         38
  C:3D89H         LINE#         40
  C:3D8BH         LINE#         41
  -------         ENDPROC       _BLINK
  -------         PROC          GETBOARD_LED_STATE
  C:44D4H         LINE#         42
  C:44D4H         LINE#         43
  C:44D4H         LINE#         44
  C:44D6H         LINE#         45
  -------         ENDPROC       GETBOARD_LED_STATE
  -------         PROC          _BOARD_LED_PWM
  X:05CFH         SYMBOL        luminance
  C:44A8H         LINE#         46
  C:44ADH         LINE#         47
  C:44ADH         LINE#         48
  C:44ADH         LINE#         49
  C:44ADH         LINE#         52
  C:44ADH         LINE#         54
  -------         ENDPROC       _BOARD_LED_PWM
  -------         ENDMOD        LED

  -------         MODULE        MOTOR
  C:0000H         SYMBOL        _ICE_DUMMY_
  D:0080H         PUBLIC        P0
  D:0090H         PUBLIC        P1
  D:00A0H         PUBLIC        P2
  D:00B0H         PUBLIC        P3
  D:00C0H         PUBLIC        P4
  D:00C8H         PUBLIC        P5
  D:00E8H         PUBLIC        P6
  D:00F8H         PUBLIC        P7
  D:00BAH         PUBLIC        P_SW2
  D:00A8H         PUBLIC        IE
  C:3F8FH         PUBLIC        _open_DC_Motor
  D:00B8H         PUBLIC        IP
  D:00D8H         PUBLIC        CCON
  B:00A0H.2       PUBLIC        P22
  D:0098H         PUBLIC        SCON
  B:00A0H.3       PUBLIC        P23
  D:0088H         PUBLIC        TCON
  C:31F2H         PUBLIC        _setDC_MotorSpeed
  D:00F0H         PUBLIC        B
  X:05BAH         SYMBOL        g_DC_Motor
  C:4413H         PUBLIC        _getDC_MotorState
  D:00E0H         PUBLIC        ACC
  C:36A4H         PUBLIC        DC_MOTOR_config
  C:3FE8H         PUBLIC        _close_DC_Motor
  D:00D0H         PUBLIC        PSW
  -------         PROC          _SETDC_MOTORSPEED
  X:05B1H         SYMBOL        motor
  X:05B2H         SYMBOL        speed
  C:31F2H         LINE#         38
  C:31F7H         LINE#         39
BL51 BANKED LINKER/LOCATER V6.00                                                      07/17/2017  19:02:05  PAGE 31


  C:31F7H         LINE#         41
  C:3212H         LINE#         42
  C:3212H         LINE#         43
  C:321CH         LINE#         44
  C:321CH         LINE#         45
  C:3237H         LINE#         46
  C:3237H         LINE#         48
  C:3241H         LINE#         49
  C:3241H         LINE#         52
  C:3261H         LINE#         53
  C:3283H         LINE#         54
  -------         ENDPROC       _SETDC_MOTORSPEED
  -------         PROC          _OPEN_DC_MOTOR
  X:05D0H         SYMBOL        motor
  C:3F8FH         LINE#         55
  C:3F94H         LINE#         56
  C:3F94H         LINE#         57
  C:3F9AH         LINE#         58
  C:3FACH         LINE#         59
  -------         ENDPROC       _OPEN_DC_MOTOR
  -------         PROC          _CLOSE_DC_MOTOR
  X:05D1H         SYMBOL        motor
  C:3FE8H         LINE#         60
  C:3FEDH         LINE#         61
  C:3FEDH         LINE#         62
  C:3FF3H         LINE#         63
  C:4004H         LINE#         67
  -------         ENDPROC       _CLOSE_DC_MOTOR
  -------         PROC          _GETDC_MOTORSTATE
  D:0007H         SYMBOL        motor
  C:4413H         LINE#         68
  C:4413H         LINE#         69
  C:4413H         LINE#         70
  C:4422H         LINE#         72
  -------         ENDPROC       _GETDC_MOTORSTATE
  -------         PROC          DC_MOTOR_CONFIG
  -------         DO            
  X:0533H         SYMBOL        GPIO_InitStructure
  X:0535H         SYMBOL        PWM_InitStructure
  -------         ENDDO         
  C:36A4H         LINE#         80
  C:36A4H         LINE#         81
  C:36A4H         LINE#         85
  C:36A9H         LINE#         88
  C:36ADH         LINE#         89
  C:36B8H         LINE#         93
  C:36BEH         LINE#         94
  C:36C9H         LINE#         95
  C:36CBH         LINE#         96
  C:36CDH         LINE#         99
  C:36D0H         LINE#         100
  C:36D5H         LINE#         101
  C:36D7H         LINE#         102
  C:36D9H         LINE#         103
  C:36DCH         LINE#         104
  C:36DFH         LINE#         105
  C:36E1H         LINE#         106
BL51 BANKED LINKER/LOCATER V6.00                                                      07/17/2017  19:02:05  PAGE 32


  C:36E3H         LINE#         107
  C:36E5H         LINE#         108
  C:36E7H         LINE#         109
  C:36E9H         LINE#         110
  C:36EBH         LINE#         111
  C:36EDH         LINE#         112
  C:36EFH         LINE#         113
  C:36F1H         LINE#         114
  C:36F3H         LINE#         115
  C:36F5H         LINE#         116
  C:3700H         LINE#         117
  C:370BH         LINE#         119
  C:370EH         LINE#         122
  -------         ENDPROC       DC_MOTOR_CONFIG
  -------         ENDMOD        MOTOR

  -------         MODULE        SERVO
  C:0000H         SYMBOL        _ICE_DUMMY_
  D:0080H         PUBLIC        P0
  D:0090H         PUBLIC        P1
  D:00A0H         PUBLIC        P2
  D:00B0H         PUBLIC        P3
  D:00C0H         PUBLIC        P4
  D:00C8H         PUBLIC        P5
  D:00E8H         PUBLIC        P6
  D:00F8H         PUBLIC        P7
  D:00BAH         PUBLIC        P_SW2
  D:00A8H         PUBLIC        IE
  C:3E73H         PUBLIC        _open_STR
  C:2C8BH         PUBLIC        _set_STR_angle
  D:00B8H         PUBLIC        IP
  D:00D8H         PUBLIC        CCON
  C:222FH         PUBLIC        _Init_Str_Motor
  D:0098H         PUBLIC        SCON
  D:0088H         PUBLIC        TCON
  B:00B0H.7       PUBLIC        P37
  D:00F0H         PUBLIC        B
  D:00E0H         PUBLIC        ACC
  C:41EDH         PUBLIC        _read_STR_angle
  X:040AH         SYMBOL        str_motor
  C:3F32H         PUBLIC        _close_STR
  D:00D0H         PUBLIC        PSW
  -------         PROC          _INIT_STR_MOTOR
  X:04CDH         SYMBOL        MOTOR
  X:04CEH         SYMBOL        pl
  X:04D2H         SYMBOL        ph
  X:04D6H         SYMBOL        ma
  X:04DAH         SYMBOL        n
  -------         DO            
  X:04DCH         SYMBOL        GPIO_InitStructure
  X:04DEH         SYMBOL        PWM_InitStructure
  -------         ENDDO         
  C:222FH         LINE#         42
  C:2234H         LINE#         43
  C:2234H         LINE#         46
  C:2239H         LINE#         48
  C:223DH         LINE#         49
[...]
  C:35FCH         LINE#         342
  C:35FCH         LINE#         343
  C:3609H         LINE#         344
  C:3616H         LINE#         345
  C:3618H         LINE#         346
  C:361DH         LINE#         347
  C:361DH         LINE#         348
  -------         ENDPROC       UART1_INT
  -------         PROC          UART2_INT
  C:339AH         LINE#         351
  C:33A9H         LINE#         353
  C:33AEH         LINE#         354
  C:33AEH         LINE#         355
  C:33B1H         LINE#         356
  C:33B7H         LINE#         357
  C:33B7H         LINE#         358
  C:33C2H         LINE#         359
  C:33D6H         LINE#         360
  C:33DCH         LINE#         361
  C:33DCH         LINE#         362
  C:33DCH         LINE#         364
  C:33E1H         LINE#         365
  C:33E1H         LINE#         366
  C:33E4H         LINE#         367
  C:33F1H         LINE#         368
  C:33F1H         LINE#         369
BL51 BANKED LINKER/LOCATER V6.00                                                      07/17/2017  19:02:05  PAGE 78


  C:33FEH         LINE#         370
  C:340BH         LINE#         371
  C:340DH         LINE#         372
  C:3412H         LINE#         373
  C:3412H         LINE#         375
  -------         ENDPROC       UART2_INT
  -------         PROC          UART3_INT
  C:341FH         LINE#         379
  C:342EH         LINE#         381
  C:3433H         LINE#         382
  C:3433H         LINE#         383
  C:3436H         LINE#         384
  C:343CH         LINE#         385
  C:343CH         LINE#         386
  C:3447H         LINE#         387
  C:345BH         LINE#         388
  C:3461H         LINE#         389
  C:3461H         LINE#         390
  C:3461H         LINE#         392
  C:3466H         LINE#         393
  C:3466H         LINE#         394
  C:3469H         LINE#         395
  C:3476H         LINE#         396
  C:3476H         LINE#         397
  C:3483H         LINE#         398
  C:3490H         LINE#         399
  C:3492H         LINE#         400
  C:3497H         LINE#         401
  C:3497H         LINE#         403
  -------         ENDPROC       UART3_INT
  -------         PROC          UART4_INT
  C:34A4H         LINE#         407
  C:34B3H         LINE#         409
  C:34B8H         LINE#         410
  C:34B8H         LINE#         411
  C:34BBH         LINE#         412
  C:34C1H         LINE#         413
  C:34C1H         LINE#         414
  C:34CCH         LINE#         415
  C:34E0H         LINE#         416
  C:34E6H         LINE#         417
  C:34E6H         LINE#         418
  C:34E6H         LINE#         420
  C:34EBH         LINE#         421
  C:34EBH         LINE#         422
  C:34EEH         LINE#         423
  C:34FBH         LINE#         424
  C:34FBH         LINE#         425
  C:3508H         LINE#         426
  C:3515H         LINE#         427
  C:3517H         LINE#         428
  C:351CH         LINE#         429
  C:351CH         LINE#         431
  -------         ENDPROC       UART4_INT
  -------         ENDMOD        USART1

  -------         MODULE        STC15_EEPROM
BL51 BANKED LINKER/LOCATER V6.00                                                      07/17/2017  19:02:05  PAGE 79


  C:0000H         SYMBOL        _ICE_DUMMY_
  D:0080H         PUBLIC        P0
  D:0090H         PUBLIC        P1
  D:00A0H         PUBLIC        P2
  D:00B0H         PUBLIC        P3
  C:445EH         PUBLIC        DisableEEPROM
  D:00C0H         PUBLIC        P4
  D:00C8H         PUBLIC        P5
  D:00C6H         PUBLIC        ISP_TRIG
  B:00A8H.7       PUBLIC        EA
  D:00E8H         PUBLIC        P6
  D:00F8H         PUBLIC        P7
  D:00A8H         PUBLIC        IE
  C:3EF3H         PUBLIC        _EEPROM_SectorErase
  C:3A72H         PUBLIC        _EEPROM_read_n
  D:00B8H         PUBLIC        IP
  D:00C5H         PUBLIC        ISP_CMD
  D:00D8H         PUBLIC        CCON
  C:3AB1H         PUBLIC        _EEPROM_write_n
  D:00C3H         PUBLIC        ISP_ADDRH
  D:0098H         PUBLIC        SCON
  D:0088H         PUBLIC        TCON
  D:00C4H         PUBLIC        ISP_ADDRL
  D:00F0H         PUBLIC        B
  D:00E0H         PUBLIC        ACC
  D:00C7H         PUBLIC        ISP_CONTR
  D:00C2H         PUBLIC        ISP_DATA
  D:00D0H         PUBLIC        PSW
  -------         PROC          DISABLEEEPROM
  C:445EH         LINE#         30
  C:445EH         LINE#         31
  C:445EH         LINE#         32
  C:4461H         LINE#         33
  C:4463H         LINE#         34
  C:4465H         LINE#         35
  C:4468H         LINE#         36
  C:446BH         LINE#         37
  -------         ENDPROC       DISABLEEEPROM
  -------         PROC          _EEPROM_READ_N
  D:0004H         SYMBOL        EE_address
  D:0001H         SYMBOL        DataAddress
  X:0580H         SYMBOL        number
  C:3A72H         LINE#         49
  C:3A76H         LINE#         50
  C:3A76H         LINE#         51
  C:3A78H         LINE#         52
  C:3A7BH         LINE#         53
  C:3A7EH         LINE#         55
  C:3A7EH         LINE#         56
  C:3A81H         LINE#         57
  C:3A85H         LINE#         58
  C:3A8BH         LINE#         61
  C:3A8CH         LINE#         62
  C:3A91H         LINE#         63
  C:3A96H         LINE#         64
  C:3A9DH         LINE#         65
  C:3AABH         LINE#         67
BL51 BANKED LINKER/LOCATER V6.00                                                      07/17/2017  19:02:05  PAGE 80


  C:3AAEH         LINE#         68
  C:3AB0H         LINE#         69
  -------         ENDPROC       _EEPROM_READ_N
  -------         PROC          _EEPROM_SECTORERASE
  D:0004H         SYMBOL        EE_address
  C:3EF3H         LINE#         80
  C:3EF7H         LINE#         81
  C:3EF7H         LINE#         82
  C:3EF9H         LINE#         85
  C:3EFCH         LINE#         86
  C:3F00H         LINE#         87
  C:3F03H         LINE#         88
  C:3F06H         LINE#         89
  C:3F0CH         LINE#         90
  C:3F0DH         LINE#         91
  C:3F10H         LINE#         92
  C:3F12H         LINE#         93
  -------         ENDPROC       _EEPROM_SECTORERASE
  -------         PROC          _EEPROM_WRITE_N
  D:0004H         SYMBOL        EE_address
  D:0001H         SYMBOL        DataAddress
  X:0587H         SYMBOL        number
  C:3AB1H         LINE#         104
  C:3AB5H         LINE#         105
  C:3AB5H         LINE#         106
  C:3AB7H         LINE#         108
  C:3ABAH         LINE#         109
  C:3ABDH         LINE#         111
  C:3ABDH         LINE#         112
  C:3AC0H         LINE#         113
  C:3AC4H         LINE#         114
  C:3AC9H         LINE#         115
  C:3ACFH         LINE#         116
  C:3AD0H         LINE#         117
  C:3AD5H         LINE#         118
  C:3ADCH         LINE#         119
  C:3AEAH         LINE#         121
  C:3AEDH         LINE#         122
  C:3AEFH         LINE#         123
  -------         ENDPROC       _EEPROM_WRITE_N
  -------         ENDMOD        STC15_EEPROM

  -------         MODULE        ?C?FPADD
  C:0807H         PUBLIC        ?C?FPADD
  C:0803H         PUBLIC        ?C?FPSUB
  -------         ENDMOD        ?C?FPADD

  -------         MODULE        ?C?FPMUL
  C:08F8H         PUBLIC        ?C?FPMUL
  -------         ENDMOD        ?C?FPMUL

  -------         MODULE        ?C?FPDIV
  C:0A01H         PUBLIC        ?C?FPDIV
  -------         ENDMOD        ?C?FPDIV

  -------         MODULE        ?C?FPCMP
  C:0AA0H         PUBLIC        ?C?FPCMP
BL51 BANKED LINKER/LOCATER V6.00                                                      07/17/2017  19:02:05  PAGE 81


  C:0A9EH         PUBLIC        ?C?FPCMP3
  -------         ENDMOD        ?C?FPCMP

  -------         MODULE        ?C?FCAST
  C:0B15H         PUBLIC        ?C?FCASTC
  C:0B10H         PUBLIC        ?C?FCASTI
  C:0B0BH         PUBLIC        ?C?FCASTL
  -------         ENDMOD        ?C?FCAST

  -------         MODULE        ?C?CASTF
  C:0B49H         PUBLIC        ?C?CASTF
  -------         ENDMOD        ?C?CASTF

  -------         MODULE        ?C?CLDPTR
  C:0BCAH         PUBLIC        ?C?CLDPTR
  -------         ENDMOD        ?C?CLDPTR

  -------         MODULE        ?C?CLDOPTR
  C:0BE3H         PUBLIC        ?C?CLDOPTR
  -------         ENDMOD        ?C?CLDOPTR

  -------         MODULE        ?C?CSTPTR
  C:0C10H         PUBLIC        ?C?CSTPTR
  -------         ENDMOD        ?C?CSTPTR

  -------         MODULE        ?C?CSTOPTR
  C:0C22H         PUBLIC        ?C?CSTOPTR
  -------         ENDMOD        ?C?CSTOPTR

  -------         MODULE        ?C?IMUL
  C:0C44H         PUBLIC        ?C?IMUL
  -------         ENDMOD        ?C?IMUL

  -------         MODULE        ?C?UIDIV
  C:0C56H         PUBLIC        ?C?UIDIV
  -------         ENDMOD        ?C?UIDIV

  -------         MODULE        ?C?IILDX
  C:0CABH         PUBLIC        ?C?IILDX
  -------         ENDMOD        ?C?IILDX

  -------         MODULE        ?C?ILDIX
  C:0CC1H         PUBLIC        ?C?ILDIX
  -------         ENDMOD        ?C?ILDIX

  -------         MODULE        ?C?ILDOPTR
  C:0CD7H         PUBLIC        ?C?ILDOPTR
  -------         ENDMOD        ?C?ILDOPTR

  -------         MODULE        ?C?LMUL
  C:0D0FH         PUBLIC        ?C?LMUL
  -------         ENDMOD        ?C?LMUL

  -------         MODULE        ?C?ULDIV
  C:0D9AH         PUBLIC        ?C?ULDIV
  -------         ENDMOD        ?C?ULDIV

BL51 BANKED LINKER/LOCATER V6.00                                                      07/17/2017  19:02:05  PAGE 82


  -------         MODULE        ?C?SLDIV
  C:3A2EH         PUBLIC        ?C?SLDIV
  -------         ENDMOD        ?C?SLDIV

  -------         MODULE        ?C?LNEG
  C:0E2CH         PUBLIC        ?C?LNEG
  -------         ENDMOD        ?C?LNEG

  -------         MODULE        ?C?ULCMP
  C:0E3AH         PUBLIC        ?C?ULCMP
  -------         ENDMOD        ?C?ULCMP

  -------         MODULE        ?C?ULSHR
  C:0E4BH         PUBLIC        ?C?ULSHR
  -------         ENDMOD        ?C?ULSHR

  -------         MODULE        ?C?LLDOPTR0
  C:0E5EH         PUBLIC        ?C?LLDOPTR0
  -------         ENDMOD        ?C?LLDOPTR0

  -------         MODULE        ?C?LSTXDATA
  C:0E8EH         PUBLIC        ?C?LSTXDATA
  -------         ENDMOD        ?C?LSTXDATA

  -------         MODULE        ?C?LSTKXDATA
  C:0E9AH         PUBLIC        ?C?LSTKXDATA
  -------         ENDMOD        ?C?LSTKXDATA

  -------         MODULE        ?C?LLDIDATA0
  C:0ECBH         PUBLIC        ?C?LLDIDATA0
  -------         ENDMOD        ?C?LLDIDATA0

  -------         MODULE        ?C?LLDXDATA0
  C:0ED8H         PUBLIC        ?C?LLDXDATA0
  -------         ENDMOD        ?C?LLDXDATA0

  -------         MODULE        ?C?LLDPDATA0
  C:0EE4H         PUBLIC        ?C?LLDPDATA0
  -------         ENDMOD        ?C?LLDPDATA0

  -------         MODULE        ?C?LLDCODE0
  C:0EF1H         PUBLIC        ?C?LLDCODE0
  -------         ENDMOD        ?C?LLDCODE0

*** WARNING L16: UNCALLED SEGMENT, IGNORED FOR OVERLAY PROCESS
    SEGMENT: ?PR?MODE1?MODE

*** WARNING L16: UNCALLED SEGMENT, IGNORED FOR OVERLAY PROCESS
    SEGMENT: ?PR?MODE2?MODE

*** WARNING L16: UNCALLED SEGMENT, IGNORED FOR OVERLAY PROCESS
    SEGMENT: ?PR?MODE3?MODE

*** WARNING L16: UNCALLED SEGMENT, IGNORED FOR OVERLAY PROCESS
    SEGMENT: ?PR?MODE4?MODE

*** WARNING L16: UNCALLED SEGMENT, IGNORED FOR OVERLAY PROCESS
BL51 BANKED LINKER/LOCATER V6.00                                                      07/17/2017  19:02:05  PAGE 83


    SEGMENT: ?PR?MODELAUNCHER?MODE

*** WARNING L16: UNCALLED SEGMENT, IGNORED FOR OVERLAY PROCESS
    SEGMENT: ?PR?_PID_CONFIG?PID

*** WARNING L16: UNCALLED SEGMENT, IGNORED FOR OVERLAY PROCESS
    SEGMENT: ?PR?_OPENPID?PID

*** WARNING L16: UNCALLED SEGMENT, IGNORED FOR OVERLAY PROCESS
    SEGMENT: ?PR?_CLOSEPID?PID

*** WARNING L16: UNCALLED SEGMENT, IGNORED FOR OVERLAY PROCESS
    SEGMENT: ?PR?_PID?PID

*** WARNING L16: UNCALLED SEGMENT, IGNORED FOR OVERLAY PROCESS
    SEGMENT: ?PR?_SETPARAMETERINFERIORLIMIT?PID

*** WARNING L16: UNCALLED SEGMENT, IGNORED FOR OVERLAY PROCESS
    SEGMENT: ?PR?_SETPARAMETERUPPERLIMIT?PID

*** WARNING L16: UNCALLED SEGMENT, IGNORED FOR OVERLAY PROCESS
    SEGMENT: ?PR?_SETACTUALPARAMETER?PID

*** WARNING L16: UNCALLED SEGMENT, IGNORED FOR OVERLAY PROCESS
    SEGMENT: ?PR?_SETKI?PID

*** WARNING L16: UNCALLED SEGMENT, IGNORED FOR OVERLAY PROCESS
    SEGMENT: ?PR?_SETKP?PID

*** WARNING L16: UNCALLED SEGMENT, IGNORED FOR OVERLAY PROCESS
    SEGMENT: ?PR?_SETKD?PID

*** WARNING L16: UNCALLED SEGMENT, IGNORED FOR OVERLAY PROCESS
    SEGMENT: ?PR?_SETPARAMETER?PID

*** WARNING L16: UNCALLED SEGMENT, IGNORED FOR OVERLAY PROCESS
    SEGMENT: ?PR?_GETPARAMETER?PID

*** WARNING L16: UNCALLED SEGMENT, IGNORED FOR OVERLAY PROCESS
    SEGMENT: ?PR?_GETERR?PID

*** WARNING L16: UNCALLED SEGMENT, IGNORED FOR OVERLAY PROCESS
    SEGMENT: ?PR?_GETERRLAST?PID

*** WARNING L16: UNCALLED SEGMENT, IGNORED FOR OVERLAY PROCESS
    SEGMENT: ?PR?_GETKP?PID

*** WARNING L16: UNCALLED SEGMENT, IGNORED FOR OVERLAY PROCESS
    SEGMENT: ?PR?_GETKI?PID

*** WARNING L16: UNCALLED SEGMENT, IGNORED FOR OVERLAY PROCESS
    SEGMENT: ?PR?_GETKD?PID

*** WARNING L16: UNCALLED SEGMENT, IGNORED FOR OVERLAY PROCESS
    SEGMENT: ?PR?_GETOUTPUT?PID

*** WARNING L16: UNCALLED SEGMENT, IGNORED FOR OVERLAY PROCESS
BL51 BANKED LINKER/LOCATER V6.00                                                      07/17/2017  19:02:05  PAGE 84


    SEGMENT: ?PR?_GETINTEGRAL?PID

*** WARNING L16: UNCALLED SEGMENT, IGNORED FOR OVERLAY PROCESS
    SEGMENT: ?PR?_WRITEDATA?STORAGE

*** WARNING L16: UNCALLED SEGMENT, IGNORED FOR OVERLAY PROCESS
    SEGMENT: ?PR?GETBOARD_LED_STATE?LED

*** WARNING L16: UNCALLED SEGMENT, IGNORED FOR OVERLAY PROCESS
    SEGMENT: ?PR?_BOARD_LED_PWM?LED

*** WARNING L16: UNCALLED SEGMENT, IGNORED FOR OVERLAY PROCESS
    SEGMENT: ?PR?_SETDC_MOTORSPEED?MOTOR

*** WARNING L16: UNCALLED SEGMENT, IGNORED FOR OVERLAY PROCESS
    SEGMENT: ?PR?_OPEN_DC_MOTOR?MOTOR

*** WARNING L16: UNCALLED SEGMENT, IGNORED FOR OVERLAY PROCESS
    SEGMENT: ?PR?_CLOSE_DC_MOTOR?MOTOR

*** WARNING L16: UNCALLED SEGMENT, IGNORED FOR OVERLAY PROCESS
    SEGMENT: ?PR?_GETDC_MOTORSTATE?MOTOR

*** WARNING L16: UNCALLED SEGMENT, IGNORED FOR OVERLAY PROCESS
    SEGMENT: ?PR?DC_MOTOR_CONFIG?MOTOR

*** WARNING L16: UNCALLED SEGMENT, IGNORED FOR OVERLAY PROCESS
    SEGMENT: ?PR?_INIT_STR_MOTOR?SERVO

*** WARNING L16: UNCALLED SEGMENT, IGNORED FOR OVERLAY PROCESS
    SEGMENT: ?PR?_SET_STR_ANGLE?SERVO

*** WARNING L16: UNCALLED SEGMENT, IGNORED FOR OVERLAY PROCESS
    SEGMENT: ?PR?_READ_STR_ANGLE?SERVO

*** WARNING L16: UNCALLED SEGMENT, IGNORED FOR OVERLAY PROCESS
    SEGMENT: ?PR?_OPEN_STR?SERVO

*** WARNING L16: UNCALLED SEGMENT, IGNORED FOR OVERLAY PROCESS
    SEGMENT: ?PR?_CLOSE_STR?SERVO

*** WARNING L16: UNCALLED SEGMENT, IGNORED FOR OVERLAY PROCESS
    SEGMENT: ?PR?_GETSTEPMOTORSTATE?STEP_MOTOR

*** WARNING L16: UNCALLED SEGMENT, IGNORED FOR OVERLAY PROCESS
    SEGMENT: ?PR?_CLOSE_STEPMOTOR?STEP_MOTOR

*** WARNING L16: UNCALLED SEGMENT, IGNORED FOR OVERLAY PROCESS
    SEGMENT: ?PR?_SETRELAY?RELAY

*** WARNING L16: UNCALLED SEGMENT, IGNORED FOR OVERLAY PROCESS
    SEGMENT: ?PR?_UNSETRELAY?RELAY

*** WARNING L16: UNCALLED SEGMENT, IGNORED FOR OVERLAY PROCESS
    SEGMENT: ?PR?RELAY_INIT?RELAY

*** WARNING L16: UNCALLED SEGMENT, IGNORED FOR OVERLAY PROCESS
BL51 BANKED LINKER/LOCATER V6.00                                                      07/17/2017  19:02:05  PAGE 85


    SEGMENT: ?PR?_LCD1602_WRITE_WORD?LCD1602

*** WARNING L16: UNCALLED SEGMENT, IGNORED FOR OVERLAY PROCESS
    SEGMENT: ?PR?_HC595_INIT?74HC595

*** WARNING L16: UNCALLED SEGMENT, IGNORED FOR OVERLAY PROCESS
    SEGMENT: ?PR?_HC595SENDDATA?74HC595

*** WARNING L16: UNCALLED SEGMENT, IGNORED FOR OVERLAY PROCESS
    SEGMENT: ?PR?_GETPULSERSTATE?FIXEDPULSER

*** WARNING L16: UNCALLED SEGMENT, IGNORED FOR OVERLAY PROCESS
    SEGMENT: ?PR?_ADC_POWERCONTROL?ADC

*** WARNING L16: UNCALLED SEGMENT, IGNORED FOR OVERLAY PROCESS
    SEGMENT: ?PR?_SETPINSTATE?GPIO

*** WARNING L16: UNCALLED SEGMENT, IGNORED FOR OVERLAY PROCESS
    SEGMENT: ?PR?_PWMN_UPDATE?PCA

*** WARNING L16: UNCALLED SEGMENT, IGNORED FOR OVERLAY PROCESS
    SEGMENT: ?PR?_PCA_INIT?PCA

*** WARNING L16: UNCALLED SEGMENT, IGNORED FOR OVERLAY PROCESS
    SEGMENT: ?PR?_PWMOUTPUT?PCA

*** WARNING L16: UNCALLED SEGMENT, IGNORED FOR OVERLAY PROCESS
    SEGMENT: ?PR?_GET_PWM_PERIOD?STC15_PWM

*** WARNING L16: UNCALLED SEGMENT, IGNORED FOR OVERLAY PROCESS
    SEGMENT: ?PR?_GET_PWM_N_DUTY?STC15_PWM

*** WARNING L16: UNCALLED SEGMENT, IGNORED FOR OVERLAY PROCESS
    SEGMENT: ?PR?_GETPWM_DIV?STC15_PWM

*** WARNING L16: UNCALLED SEGMENT, IGNORED FOR OVERLAY PROCESS
    SEGMENT: ?PR?OPEN_PWM_ALL?STC15_PWM

*** WARNING L16: UNCALLED SEGMENT, IGNORED FOR OVERLAY PROCESS
    SEGMENT: ?PR?CLOSE_PWM_ALL?STC15_PWM

*** WARNING L16: UNCALLED SEGMENT, IGNORED FOR OVERLAY PROCESS
    SEGMENT: ?PR?_GET_PWM_N_STATE?STC15_PWM

*** WARNING L16: UNCALLED SEGMENT, IGNORED FOR OVERLAY PROCESS
    SEGMENT: ?PR?TIMERINIT?TIMER

*** WARNING L16: UNCALLED SEGMENT, IGNORED FOR OVERLAY PROCESS
    SEGMENT: ?PR?_SETTIMEOUT?TIMER

*** WARNING L16: UNCALLED SEGMENT, IGNORED FOR OVERLAY PROCESS
    SEGMENT: ?PR?_GETTIMEROUT?TIMER

*** WARNING L16: UNCALLED SEGMENT, IGNORED FOR OVERLAY PROCESS
    SEGMENT: ?PR?_SETTIMERHERTZ?TIMER

*** WARNING L16: UNCALLED SEGMENT, IGNORED FOR OVERLAY PROCESS
BL51 BANKED LINKER/LOCATER V6.00                                                      07/17/2017  19:02:05  PAGE 86


    SEGMENT: ?PR?_GETTIMERHERTZ?TIMER

*** WARNING L16: UNCALLED SEGMENT, IGNORED FOR OVERLAY PROCESS
    SEGMENT: ?PR?_STOPTIMER?TIMER

*** WARNING L16: UNCALLED SEGMENT, IGNORED FOR OVERLAY PROCESS
    SEGMENT: ?PR?_ISSTOPPED?TIMER

*** WARNING L16: UNCALLED SEGMENT, IGNORED FOR OVERLAY PROCESS
    SEGMENT: ?PR?_ONRESTARTTIMER?TIMER

*** WARNING L16: UNCALLED SEGMENT, IGNORED FOR OVERLAY PROCESS
    SEGMENT: ?PR?GETMICROS?TIMER

*** WARNING L16: UNCALLED SEGMENT, IGNORED FOR OVERLAY PROCESS
    SEGMENT: ?PR?GETMILLIS?TIMER

*** WARNING L16: UNCALLED SEGMENT, IGNORED FOR OVERLAY PROCESS
    SEGMENT: ?PR?GETSECONDS?TIMER

*** WARNING L16: UNCALLED SEGMENT, IGNORED FOR OVERLAY PROCESS
    SEGMENT: ?PR?GETMINUTES?TIMER

*** WARNING L16: UNCALLED SEGMENT, IGNORED FOR OVERLAY PROCESS
    SEGMENT: ?PR?GETHOURS?TIMER

*** WARNING L16: UNCALLED SEGMENT, IGNORED FOR OVERLAY PROCESS
    SEGMENT: ?PR?GETDAYS?TIMER

*** WARNING L16: UNCALLED SEGMENT, IGNORED FOR OVERLAY PROCESS
    SEGMENT: ?PR?_PRINTSTRING2?USART1

*** WARNING L16: UNCALLED SEGMENT, IGNORED FOR OVERLAY PROCESS
    SEGMENT: ?PR?_PRINTSTRING3?USART1

*** WARNING L16: UNCALLED SEGMENT, IGNORED FOR OVERLAY PROCESS
    SEGMENT: ?PR?_PRINTSTRING4?USART1

*** WARNING L16: UNCALLED SEGMENT, IGNORED FOR OVERLAY PROCESS
    SEGMENT: ?PR?_EEPROM_READ_N?STC15_EEPROM

*** WARNING L16: UNCALLED SEGMENT, IGNORED FOR OVERLAY PROCESS
    SEGMENT: ?PR?_EEPROM_SECTORERASE?STC15_EEPROM

*** WARNING L16: UNCALLED SEGMENT, IGNORED FOR OVERLAY PROCESS
    SEGMENT: ?PR?_EEPROM_WRITE_N?STC15_EEPROM

*** WARNING L15: MULTIPLE CALL TO SEGMENT
    SEGMENT: ?PR?GETANGLE?ANGLE
    CALLER1: ?PR?TASK8?ABSTASK
    CALLER2: ?PR?TASK9?ABSTASK

*** WARNING L15: MULTIPLE CALL TO SEGMENT
    SEGMENT: ?PR?_FILTER?FILTER
    CALLER1: ?PR?TASK8?ABSTASK
    CALLER2: ?PR?TASK9?ABSTASK

BL51 BANKED LINKER/LOCATER V6.00                                                      07/17/2017  19:02:05  PAGE 87


******************************************************************************
* RESTRICTED VERSION WITH FFFFH BYTE CODE SIZE LIMIT; USED: 33ABH BYTE (20%) *
******************************************************************************

Program Size: data=46.4 xdata=1496 code=15621
LINK/LOCATE RUN COMPLETE.  79 WARNING(S),  0 ERROR(S)
