BL51 BANKED LINKER/LOCATER V6.00                                                        08/01/2017  18:09:01  PAGE 1


BL51 BANKED LINKER/LOCATER V6.00, INVOKED BY:
C:\KEIL_V5\C51\BIN\BL51.EXE .\absTask.obj, .\setup.obj, .\mode.obj, .\FILTER.obj, .\PID.obj, .\DataScope_DP.obj, .\Conf_
>> tny.obj, .\BUTTON.obj, .\LCD5510_V2.obj, .\LED.obj, .\MOTOR.obj, .\SERVO.obj, .\STEP_MOTOR.obj, .\ANGLE.obj, .\74HC59
>> 5.obj, .\fixedPulser.obj, .\MT_1_L298N.obj, .\MPU6050.obj, .\MPU9250.obj, .\MPU9250_SBUF.obj, .\RELAY.obj, .\TM1638.o
>> bj, .\ADC.obj, .\delay.obj, .\stc15_eeprom.obj, .\stc15_exti.obj, .\GPIO.obj, .\stc15_iic.obj, .\PCA.obj, .\stc15_pwm
>> .obj, .\stc15_spi.obj, .\timer.obj, .\USART1.obj TO 电子大赛程序框架 RTX51TINY RAMSIZE (256)


MEMORY MODEL: LARGE WITH FLOATING POINT ARITHMETIC


INPUT MODULES INCLUDED:
  .\absTask.obj (ABSTASK)
  .\setup.obj (SETUP)
  .\mode.obj (MODE)
  .\FILTER.obj (FILTER)
  .\PID.obj (PID)
  .\DataScope_DP.obj (DATASCOPE_DP)
  .\Conf_tny.obj (?RTX51_TINY_KERNAL)
  .\BUTTON.obj (BUTTON)
  .\LCD5510_V2.obj (LCD5510_V2)
  .\LED.obj (LED)
  .\MOTOR.obj (MOTOR)
  .\SERVO.obj (SERVO)
  .\STEP_MOTOR.obj (STEP_MOTOR)
  .\ANGLE.obj (ANGLE)
  .\74HC595.obj (74HC595)
  .\fixedPulser.obj (FIXEDPULSER)
  .\MT_1_L298N.obj (MT_1_L298N)
  .\MPU6050.obj (MPU6050)
  .\MPU9250.obj (MPU9250)
  .\MPU9250_SBUF.obj (MPU9250_SBUF)
  .\RELAY.obj (RELAY)
  .\TM1638.obj (TM1638)
  .\ADC.obj (ADC)
  .\delay.obj (DELAY)
  .\stc15_eeprom.obj (STC15_EEPROM)
  .\stc15_exti.obj (STC15_EXTI)
  .\GPIO.obj (GPIO)
  .\stc15_iic.obj (STC15_IIC)
  .\PCA.obj (PCA)
  .\stc15_pwm.obj (STC15_PWM)
  .\stc15_spi.obj (STC15_SPI)
  .\timer.obj (TIMER)
  .\USART1.obj (USART1)
  C:\KEIL_V5\C51\LIB\RTX51TNY.LIB (?RTX51_TINY_OS_CREATE)
  C:\KEIL_V5\C51\LIB\RTX51TNY.LIB (?RTX51_TINY_OS_DELETE)
  C:\KEIL_V5\C51\LIB\RTX51TNY.LIB (?RTX51_TINY_OS_WAIT)
  C:\KEIL_V5\C51\LIB\C51FPL.LIB (?C?FPADD)
  C:\KEIL_V5\C51\LIB\C51FPL.LIB (?C?FPMUL)
  C:\KEIL_V5\C51\LIB\C51FPL.LIB (?C?FPDIV)
  C:\KEIL_V5\C51\LIB\C51FPL.LIB (?C?FPCMP)
  C:\KEIL_V5\C51\LIB\C51FPL.LIB (?C?FCAST)
  C:\KEIL_V5\C51\LIB\C51FPL.LIB (?C?CASTF)
  C:\KEIL_V5\C51\LIB\C51FPL.LIB (PRINTF)
  C:\KEIL_V5\C51\LIB\C51FPL.LIB (?C?FPGETOPN)
  C:\KEIL_V5\C51\LIB\C51FPL.LIB (?C?FPROUND)
  C:\KEIL_V5\C51\LIB\C51FPL.LIB (?C?FPCONVERT)
BL51 BANKED LINKER/LOCATER V6.00                                                      08/01/2017  18:09:01  PAGE 2


  C:\KEIL_V5\C51\LIB\C51FPL.LIB (?C?FTNPWR)
  C:\KEIL_V5\C51\LIB\C51L.LIB (?C_STARTUP)
  C:\KEIL_V5\C51\LIB\C51L.LIB (?C?CLDPTR)
  C:\KEIL_V5\C51\LIB\C51L.LIB (?C?CLDOPTR)
  C:\KEIL_V5\C51\LIB\C51L.LIB (?C?CSTPTR)
  C:\KEIL_V5\C51\LIB\C51L.LIB (?C?CSTOPTR)
  C:\KEIL_V5\C51\LIB\C51L.LIB (?C?IMUL)
  C:\KEIL_V5\C51\LIB\C51L.LIB (?C?UIDIV)
  C:\KEIL_V5\C51\LIB\C51L.LIB (?C?SIDIV)
  C:\KEIL_V5\C51\LIB\C51L.LIB (?C?IILDX)
  C:\KEIL_V5\C51\LIB\C51L.LIB (?C?ILDIX)
  C:\KEIL_V5\C51\LIB\C51L.LIB (?C?ILDOPTR)
  C:\KEIL_V5\C51\LIB\C51L.LIB (?C?LMUL)
  C:\KEIL_V5\C51\LIB\C51L.LIB (?C?ULDIV)
  C:\KEIL_V5\C51\LIB\C51L.LIB (?C?SLDIV)
  C:\KEIL_V5\C51\LIB\C51L.LIB (?C?LNEG)
  C:\KEIL_V5\C51\LIB\C51L.LIB (?C?ULCMP)
  C:\KEIL_V5\C51\LIB\C51L.LIB (?C?ULSHR)
  C:\KEIL_V5\C51\LIB\C51L.LIB (?C?LLDOPTR0)
  C:\KEIL_V5\C51\LIB\C51L.LIB (?C?LSTXDATA)
  C:\KEIL_V5\C51\LIB\C51L.LIB (?C?LSTKXDATA)
  C:\KEIL_V5\C51\LIB\C51L.LIB (?C?OFFXADD)
  C:\KEIL_V5\C51\LIB\C51L.LIB (?C?PLDIXDATA)
  C:\KEIL_V5\C51\LIB\C51L.LIB (?C?PSTXDATA)
  C:\KEIL_V5\C51\LIB\C51L.LIB (?C?CCASE)
  C:\KEIL_V5\C51\LIB\C51L.LIB (?C?ICALL)
  C:\KEIL_V5\C51\LIB\C51L.LIB (PUTCHAR)
  C:\KEIL_V5\C51\LIB\C51L.LIB (?C_INIT)
  C:\KEIL_V5\C51\LIB\C51L.LIB (?C?LLDIDATA0)
  C:\KEIL_V5\C51\LIB\C51L.LIB (?C?LLDXDATA0)
  C:\KEIL_V5\C51\LIB\C51L.LIB (?C?LLDPDATA0)
  C:\KEIL_V5\C51\LIB\C51L.LIB (?C?LLDCODE0)


TASK TABLE OF MODULE:  电子大赛程序框架 (ABSTASK)

TASKID   PRIORITY   REG-BANK   SEGMENT NAME
-------------------------------------------
0        0          0          ?PR?TASKSTART?ABSTASK
1        0          0          ?PR?PRINTANGLEDATA?ABSTASK
2        0          0          ?PR?DATAUPDATE?ABSTASK



LINK MAP OF MODULE:  电子大赛程序框架 (ABSTASK)


            TYPE    BASE      LENGTH    RELOCATION   SEGMENT NAME
            -----------------------------------------------------

            * * * * * * *   D A T A   M E M O R Y   * * * * * * *
            REG     0000H     0008H     ABSOLUTE     "REG BANK 0"
            DATA    0008H     0005H     ABSOLUTE     
            DATA    000DH     0008H     UNIT         ?DT?TM1638
            DATA    0015H     0005H     UNIT         _DATA_GROUP_
            IDATA   001AH     0006H     UNIT         ?RTX?TASKSTATE?S
            BIT     0020H.0   0001H.1   UNIT         _BIT_GROUP_
BL51 BANKED LINKER/LOCATER V6.00                                                      08/01/2017  18:09:01  PAGE 3


            BIT     0021H.1   0000H.4   UNIT         ?BI?BUTTON
            BIT     0021H.5   0000H.3   UNIT         ?BI?PCA
            BIT     0022H.0   0000H.2   UNIT         ?BI?FIXEDPULSER
            BIT     0022H.2   0000H.1   UNIT         ?BI?LED
            BIT     0022H.3   0000H.1   UNIT         ?BI?_SETSTEPMOTORDIVERSION?STEP_MOTOR
            BIT     0022H.4   0000H.1   UNIT         ?BI?GETANGLE?ANGLE
            BIT     0022H.5   0000H.1   UNIT         ?BI?_SETPINSTATE?GPIO
            BIT     0022H.6   0000H.1   UNIT         ?BI?IIC_RDACK?STC15_IIC
                    0022H.7   0000H.1                *** GAP ***
            IDATA   0023H     0040H     UNIT         ?ID?STC15_SPI
            IDATA   0063H     0003H     UNIT         ?RTX?TASKSP?S
            IDATA   0066H     0001H     UNIT         ?STACK

            * * * * * * *  X D A T A   M E M O R Y  * * * * * * *
            XDATA   0000H     0290H     UNIT         ?XD?USART1
            XDATA   0290H     00A3H     UNIT         ?XD?MPU9250_SBUF
            XDATA   0333H     007FH     UNIT         _XDATA_GROUP_
            XDATA   03B2H     007AH     UNIT         ?XD?PID
            XDATA   042CH     004AH     UNIT         ?XD?SERVO
            XDATA   0476H     003CH     UNIT         ?XD?STC15_PWM
            XDATA   04B2H     002AH     UNIT         ?XD?DATASCOPE_DP
            XDATA   04DCH     0028H     UNIT         ?XD?_KALMANFILTER?FILTER
            XDATA   0504H     0021H     UNIT         ?XD?_INIT_STR_MOTOR?SERVO
            XDATA   0525H     001CH     UNIT         ?XD?STEP_MOTOR
            XDATA   0541H     0018H     UNIT         ?XD?FIXEDPULSER
            XDATA   0559H     0018H     UNIT         ?XD?MPU9250
            XDATA   0571H     0016H     UNIT         ?XD?TIMER
            XDATA   0587H     0015H     UNIT         ?XD?GETANGLE?ANGLE
            XDATA   059CH     0015H     UNIT         ?XD?PCA
            XDATA   05B1H     0013H     UNIT         ?XD?_TM1638LEDDISPLAY?TM1638
            XDATA   05C4H     0012H     UNIT         ?XD?DC_MOTOR_CONFIG?MOTOR
            XDATA   05D6H     0010H     UNIT         ?XD?_FILTER?FILTER
            XDATA   05E6H     000FH     UNIT         ?XD?_LCD_PRINTNUM_F?LCD5510_V2
            XDATA   05F5H     000EH     UNIT         ?XD?_STEPMOTOR_INIT?STEP_MOTOR
            XDATA   0603H     000DH     UNIT         ?XD?_PID_CONFIG?PID
            XDATA   0610H     000BH     UNIT         ?XD?_SETPULSE?FIXEDPULSER
            XDATA   061BH     0009H     UNIT         ?XD?_SET_STR_ANGLE?SERVO
            XDATA   0624H     0008H     UNIT         ?XD?FILTER
            XDATA   062CH     0008H     UNIT         ?XD?ANGLE
            XDATA   0634H     0007H     UNIT         ?XD?_SETSTEPMOTORWITHPULSE?STEP_MOTOR
            XDATA   063BH     0007H     UNIT         ?XD?_SETSTEPMOTORWITHDISTANCE?STEP_MOTOR
            XDATA   0642H     0007H     UNIT         ?XD?_SETSTEPMOTORWITHANGLE?STEP_MOTOR
            XDATA   0649H     0007H     UNIT         ?XD?_EEPROM_READ_N?STC15_EEPROM
            XDATA   0650H     0007H     UNIT         ?XD?_EEPROM_WRITE_N?STC15_EEPROM
            XDATA   0657H     0006H     UNIT         ?XD?_ADC_CONFIG?ANGLE
            XDATA   065DH     0006H     UNIT         ?XD?GETBUTTONNUM?TM1638
            XDATA   0663H     0006H     UNIT         ?XD?_IIC_WRDATTOADD?STC15_IIC
            XDATA   0669H     0006H     UNIT         ?XD?_IIC_RDDATFROMADD?STC15_IIC
            XDATA   066FH     0005H     UNIT         ?XD?_SETPARAMETERINFERIORLIMIT?PID
            XDATA   0674H     0005H     UNIT         ?XD?_SETPARAMETERUPPERLIMIT?PID
            XDATA   0679H     0005H     UNIT         ?XD?_SETACTUALPARAMETER?PID
            XDATA   067EH     0005H     UNIT         ?XD?_SETKI?PID
            XDATA   0683H     0005H     UNIT         ?XD?_SETKP?PID
            XDATA   0688H     0005H     UNIT         ?XD?_SETKD?PID
            XDATA   068DH     0005H     UNIT         ?XD?_SETPARAMETER?PID
            XDATA   0692H     0005H     UNIT         ?XD?_LCD_PRINTS?LCD5510_V2
            XDATA   0697H     0005H     UNIT         ?XD?_SETDC_MOTORSPEED?MOTOR
BL51 BANKED LINKER/LOCATER V6.00                                                      08/01/2017  18:09:01  PAGE 4


            XDATA   069CH     0005H     UNIT         ?XD?_SET_PWM_DUTY?STC15_PWM
            XDATA   06A1H     0004H     UNIT         ?XD?MOTOR
            XDATA   06A5H     0004H     UNIT         ?XD?_HC595_INIT?74HC595
            XDATA   06A9H     0004H     UNIT         ?XD?_I2C_MAG_WRITE?MPU9250
            XDATA   06ADH     0004H     UNIT         ?XD?STC15_SPI
            XDATA   06B1H     0003H     UNIT         ?XD?READ_MPU9250_MAG?MPU9250
            XDATA   06B4H     0003H     UNIT         ?XD?_I2C_MAG_READ?MPU9250
            XDATA   06B7H     0003H     UNIT         ?XD?RELAY
            XDATA   06BAH     0003H     UNIT         ?XD?_PCA_INIT?PCA
            XDATA   06BDH     0003H     UNIT         ?XD?_PWMOUTPUT?PCA
            XDATA   06C0H     0002H     UNIT         ?XD?BUTTON_CONFIG?BUTTON
            XDATA   06C2H     0002H     UNIT         ?XD?_SETSTEPMOTORWITHROUND?STEP_MOTOR
            XDATA   06C4H     0002H     UNIT         ?XD?PULSERINIT?FIXEDPULSER
            XDATA   06C6H     0002H     UNIT         ?XD?_MPU9250_WRITE_REG?MPU9250
            XDATA   06C8H     0002H     UNIT         ?XD?_SETTM1638WRITE?TM1638
            XDATA   06CAH     0002H     UNIT         ?XD?GETTM1638READ?TM1638
            XDATA   06CCH     0002H     UNIT         ?XD?_SET_PWM_PERIOD?STC15_PWM
            XDATA   06CEH     0002H     UNIT         ?XD?_PWM_INILIZE?STC15_PWM
            XDATA   06D0H     0001H     UNIT         ?XD?_PID?PID
            XDATA   06D1H     0001H     UNIT         ?XD?_INCREMENTAL_PID?PID
            XDATA   06D2H     0001H     UNIT         ?XD?_BOARD_LED_PWM?LED
            XDATA   06D3H     0001H     UNIT         ?XD?_OPEN_DC_MOTOR?MOTOR
            XDATA   06D4H     0001H     UNIT         ?XD?_CLOSE_DC_MOTOR?MOTOR
            XDATA   06D5H     0001H     UNIT         ?XD?_OPEN_STR?SERVO
            XDATA   06D6H     0001H     UNIT         ?XD?_CLOSE_STR?SERVO
            XDATA   06D7H     0001H     UNIT         ?XD?_CLOSE_STEPMOTOR?STEP_MOTOR
            XDATA   06D8H     0001H     UNIT         ?XD?_HC595SENDDATA?74HC595
            XDATA   06D9H     0001H     UNIT         ?XD?_SPI1_READWRITEBYTE?MPU9250
            XDATA   06DAH     0001H     UNIT         ?XD?_SETTM1638COM?TM1638
            XDATA   06DBH     0001H     UNIT         ?XD?INIT_TM1638?TM1638

            * * * * * * *   C O D E   M E M O R Y   * * * * * * *
            CODE    0000H     0003H     ABSOLUTE     
            CODE    0003H     0003H     ABSOLUTE     
                    0006H     0005H                  *** GAP ***
            CODE    000BH     0003H     ABSOLUTE     
                    000EH     0005H                  *** GAP ***
            CODE    0013H     0003H     ABSOLUTE     
                    0016H     000DH                  *** GAP ***
            CODE    0023H     0003H     ABSOLUTE     
                    0026H     0005H                  *** GAP ***
            CODE    002BH     0003H     ABSOLUTE     
                    002EH     000DH                  *** GAP ***
            CODE    003BH     0003H     ABSOLUTE     
                    003EH     0005H                  *** GAP ***
            CODE    0043H     0003H     ABSOLUTE     
                    0046H     0005H                  *** GAP ***
            CODE    004BH     0003H     ABSOLUTE     
                    004EH     0005H                  *** GAP ***
            CODE    0053H     0003H     ABSOLUTE     
                    0056H     0005H                  *** GAP ***
            CODE    005BH     0003H     ABSOLUTE     
                    005EH     0005H                  *** GAP ***
            CODE    0063H     0003H     ABSOLUTE     
                    0066H     001DH                  *** GAP ***
            CODE    0083H     0003H     ABSOLUTE     
                    0086H     0005H                  *** GAP ***
BL51 BANKED LINKER/LOCATER V6.00                                                      08/01/2017  18:09:01  PAGE 5


            CODE    008BH     0003H     ABSOLUTE     
                    008EH     0005H                  *** GAP ***
            CODE    0093H     0003H     ABSOLUTE     
                    0096H     0005H                  *** GAP ***
            CODE    009BH     0003H     ABSOLUTE     
                    009EH     0005H                  *** GAP ***
            CODE    00A3H     0003H     ABSOLUTE     
                    00A6H     075AH                  *** GAP ***
            CODE    0800H     0941H     UNIT         ?C?LIB_CODE
            CODE    1141H     06E0H     UNIT         ?PR?_USART_CONFIGURATION?USART1
            CODE    1821H     049AH     UNIT         ?PR?_COPESERIALDATA?MPU9250_SBUF
            CODE    1CBBH     0483H     UNIT         ?PR?PRINTF?PRINTF
            CODE    213EH     039AH     UNIT         ?PR?_PWM_INILIZE?STC15_PWM
            CODE    24D8H     0393H     UNIT         ?PR?_TM1638LEDDISPLAY?TM1638
            CODE    286BH     0288H     UNIT         ?RTX?CODE
            CODE    2AF3H     026AH     UNIT         ?CO?LCD5510_V2
            CODE    2D5DH     0252H     UNIT         ?PR?_TIMER_INILIZE?TIMER
            CODE    2FAFH     01DAH     UNIT         ?PR?_PID?PID
            CODE    3189H     01D4H     UNIT         ?PR?_INIT_STR_MOTOR?SERVO
            CODE    335DH     01C4H     UNIT         ?PR?_GPIO_INILIZE?GPIO
            CODE    3521H     019FH     UNIT         ?PR?_PCA_INIT?PCA
            CODE    36C0H     019EH     UNIT         ?PR?_INCREMENTAL_PID?PID
            CODE    385EH     0152H     UNIT         ?PR?_KALMANFILTER?FILTER
            CODE    39B0H     0146H     UNIT         ?PR?_PID_CONFIG?PID
            CODE    3AF6H     013DH     UNIT         ?PR?_PWMOUTPUT?PCA
            CODE    3C33H     0136H     UNIT         ?PR?_FILTER?FILTER
            CODE    3D69H     0134H     UNIT         ?PR?_DATASCOPE_GET_CHANNEL_DATA?DATASCOPE_DP
            CODE    3E9DH     012DH     UNIT         ?PR?READ_MPU9250_MAG?MPU9250
            CODE    3FCAH     012BH     UNIT         ?PR?GETBUTTONNUM?TM1638
            CODE    40F5H     0116H     UNIT         ?PR?_SET_STR_ANGLE?SERVO
            CODE    420BH     00ECH     UNIT         ?PR?_SETPULSE?FIXEDPULSER
            CODE    42F7H     00E4H     UNIT         ?PR?_SET_PWM_DUTY?STC15_PWM
            CODE    43DBH     00C7H     UNIT         ?PR?_SETSTEPMOTORWITHDISTANCE?STEP_MOTOR
            CODE    44A2H     00C1H     UNIT         ?PR?READ_MPU9250_GYRO?MPU9250
            CODE    4563H     00B6H     UNIT         ?PR?_EXT_INILIZE?STC15_EXTI
            CODE    4619H     00AFH     UNIT         ?PR?UART1_INT?USART1
            CODE    46C8H     00AEH     UNIT         ?PR?_PWMN_UPDATE?PCA
            CODE    4776H     00AAH     UNIT         ?PR?_FLOAT2BYTE?DATASCOPE_DP
            CODE    4820H     00A5H     UNIT         ?PR?_DATASCOPE_DATA_GENERATE?DATASCOPE_DP
            CODE    48C5H     00A3H     UNIT         ?PR?PCA_HANDLER?PCA
            CODE    4968H     009FH     UNIT         ?PR?_STEPMOTOR_INIT?STEP_MOTOR
            CODE    4A07H     009EH     UNIT         ?C_INITSEG
            CODE    4AA5H     009AH     UNIT         ?PR?READ_MPU9250_ACCEL?MPU9250
            CODE    4B3FH     009AH     UNIT         ?PR?_PWM_SET_T12_PERIOD?STC15_PWM
            CODE    4BD9H     0093H     UNIT         ?PR?_CHARTOLONG?MPU9250_SBUF
            CODE    4C6CH     0092H     UNIT         ?PR?_SETDC_MOTORSPEED?MOTOR
            CODE    4CFEH     0091H     UNIT         ?PR?_SPI_INIT?STC15_SPI
            CODE    4D8FH     008CH     UNIT         ?C_C51STARTUP
            CODE    4E1BH     0085H     UNIT         ?PR?UART2_INT?USART1
            CODE    4EA0H     0085H     UNIT         ?PR?UART3_INT?USART1
            CODE    4F25H     0085H     UNIT         ?PR?UART4_INT?USART1
            CODE    4FAAH     007BH     UNIT         ?PR?PULSER_1INT?FIXEDPULSER
            CODE    5025H     007BH     UNIT         ?PR?PULSER_2INT?FIXEDPULSER
            CODE    50A0H     006BH     UNIT         ?PR?DC_MOTOR_CONFIG?MOTOR
            CODE    510BH     0065H     UNIT         ?PR?_SETSTEPMOTORWITHANGLE?STEP_MOTOR
            CODE    5170H     0061H     UNIT         ?PR?_SET_PWM_PERIOD?STC15_PWM
            CODE    51D1H     0061H     UNIT         ?PR?TIMERINIT?TIMER
BL51 BANKED LINKER/LOCATER V6.00                                                      08/01/2017  18:09:01  PAGE 6


            CODE    5232H     005EH     UNIT         ?PR?_GET_ADC10BITRESULT?ADC
            CODE    5290H     005BH     UNIT         ?PR?DATAUPDATE?ABSTASK
            CODE    52EBH     005BH     UNIT         ?PR?INIT_MPU9250?MPU9250
            CODE    5346H     0057H     UNIT         ?PR?BUTTONSCAN?BUTTON
            CODE    539DH     0055H     UNIT         ?PR?SPI_TRANSIVION?STC15_SPI
            CODE    53F2H     0054H     UNIT         ?PR?GETANGLE?ANGLE
            CODE    5446H     0053H     UNIT         ?PR?_ADC_INILIZE?ADC
            CODE    5499H     0053H     UNIT         ?PR?_IIC_RDDATFROMADD?STC15_IIC
            CODE    54ECH     004BH     UNIT         ?PR?_LCD_PRINTSL?LCD5510_V2
            CODE    5537H     004AH     UNIT         ?PR?_GETJY901ACCELERATION?MPU9250_SBUF
            CODE    5581H     004AH     UNIT         ?PR?_GETJY901PALSTANCE?MPU9250_SBUF
            CODE    55CBH     0048H     UNIT         ?PR?TIMER4_INT?TIMER
            CODE    5613H     0044H     UNIT         ?PR?_LCD_PRINTNUM_F?LCD5510_V2
            CODE    5657H     0044H     UNIT         ?C?LDIV
            CODE    569BH     0043H     UNIT         ?PR?LCD5510_INIT?LCD5510_V2
            CODE    56DEH     0040H     UNIT         ?PR?PRINTANGLEDATA?ABSTASK
            CODE    571EH     0040H     UNIT         ?PR?GETTM1638READ?TM1638
            CODE    575EH     003FH     UNIT         ?PR?_EEPROM_READ_N?STC15_EEPROM
            CODE    579DH     003FH     UNIT         ?PR?_EEPROM_WRITE_N?STC15_EEPROM
            CODE    57DCH     003DH     UNIT         ?PR?_LCD_PRINTC?LCD5510_V2
            CODE    5819H     003DH     UNIT         ?PR?_I2C_MAG_READ?MPU9250
            CODE    5856H     003CH     UNIT         ?PR?_SETTM1638WRITE?TM1638
            CODE    5892H     003BH     UNIT         ?PR?_LCD_PRINTS?LCD5510_V2
            CODE    58CDH     003BH     UNIT         ?PR?_INITJY901?MPU9250_SBUF
            CODE    5908H     003AH     UNIT         ?PR?_LCD_PRINTNUM_I?LCD5510_V2
            CODE    5942H     003AH     UNIT         ?PR?_I2C_MAG_WRITE?MPU9250
            CODE    597CH     0039H     UNIT         ?PR?_SETSTEPMOTORWITHROUND?STEP_MOTOR
            CODE    59B5H     0036H     UNIT         ?PR?_GETJY901MAGNETIC?MPU9250_SBUF
            CODE    59EBH     0036H     UNIT         ?PR?_IIC_WRDATTOADD?STC15_IIC
            CODE    5A21H     0035H     UNIT         ?PR?_UART1_INIT?SETUP
            CODE    5A56H     0035H     UNIT         ?PR?TEST?SETUP
            CODE    5A8BH     0032H     UNIT         ?PR?_GETJY901ANGLE?MPU9250_SBUF
            CODE    5ABDH     0031H     UNIT         ?PR?_SENDSCOPEDATA?DATASCOPE_DP
            CODE    5AEEH     002FH     UNIT         ?PR?INIT_TM1638?TM1638
            CODE    5B1DH     002EH     UNIT         ?PR?_DELAY_US?DELAY
            CODE    5B4BH     002DH     UNIT         ?PR?PULSERINIT?FIXEDPULSER
            CODE    5B78H     002AH     UNIT         ?CO?SETUP
            CODE    5BA2H     0029H     UNIT         ?PR?_SETTIMEOUT?TIMER
            CODE    5BCBH     0028H     UNIT         ?PR?BOARD_LED_INIT?LED
            CODE    5BF3H     0028H     UNIT         ?PR?_OPEN_PWM_N?STC15_PWM
            CODE    5C1BH     0028H     UNIT         ?PR?_TX2_WRITE2BUFF?USART1
            CODE    5C43H     0028H     UNIT         ?PR?_TX3_WRITE2BUFF?USART1
            CODE    5C6BH     0028H     UNIT         ?PR?_TX4_WRITE2BUFF?USART1
            CODE    5C93H     0027H     UNIT         ?PR?IIC_RDACK?STC15_IIC
            CODE    5CBAH     0027H     UNIT         ?PR?SPI_TRIGTX?STC15_SPI
            CODE    5CE1H     0027H     UNIT         ?PR?_TX1_WRITE2BUFF?USART1
            CODE    5D08H     0027H     UNIT         ?PR?PUTCHAR?PUTCHAR
            CODE    5D2FH     0026H     UNIT         ?PR?SETUP?SETUP
            CODE    5D55H     0026H     UNIT         ?PR?_INPUTONEBYTE?STC15_IIC
            CODE    5D7BH     0025H     UNIT         ?PR?_SETSTEPMOTORWITHPULSE?STEP_MOTOR
            CODE    5DA0H     0025H     UNIT         ?PR?_CLOSE_PWM_N?STC15_PWM
            CODE    5DC5H     0024H     UNIT         ?PR?SPI_SPI_READBYTETORXBUF?STC15_SPI
            CODE    5DE9H     0022H     UNIT         ?PR?_BLINK?LED
            CODE    5E0BH     0021H     UNIT         ?PR?_SETPARAMETERINFERIORLIMIT?PID
            CODE    5E2CH     0021H     UNIT         ?PR?_SETPARAMETERUPPERLIMIT?PID
            CODE    5E4DH     0021H     UNIT         ?PR?_SETACTUALPARAMETER?PID
            CODE    5E6EH     0021H     UNIT         ?PR?_SETKI?PID
BL51 BANKED LINKER/LOCATER V6.00                                                      08/01/2017  18:09:01  PAGE 7


            CODE    5E8FH     0021H     UNIT         ?PR?_SETKP?PID
            CODE    5EB0H     0021H     UNIT         ?PR?_SETKD?PID
            CODE    5ED1H     0021H     UNIT         ?PR?_SETPARAMETER?PID
            CODE    5EF2H     0021H     UNIT         ?PR?LCD_CLR_SCR?LCD5510_V2
            CODE    5F13H     0020H     UNIT         ?PR?_LCD_WRITE_BYTE?LCD5510_V2
            CODE    5F33H     0020H     UNIT         ?PR?_OPEN_STR?SERVO
            CODE    5F53H     0020H     UNIT         ?PR?_EEPROM_SECTORERASE?STC15_EEPROM
            CODE    5F73H     001FH     UNIT         ?PR?BUTTON_CONFIG?BUTTON
            CODE    5F92H     001FH     UNIT         ?PR?_CLOSE_STR?SERVO
            CODE    5FB1H     001FH     UNIT         ?PR?_SETTM1638COM?TM1638
            CODE    5FD0H     001FH     UNIT         ?PR?_PWM_SET_PERIOD?STC15_PWM
            CODE    5FEFH     001FH     UNIT         ?PR?_SPI_WRITENBYTETOTXBUF?STC15_SPI
            CODE    600EH     001FH     UNIT         ?PR?_ISACTIVETIMER?TIMER
            CODE    602DH     001FH     UNIT         ?PR?_ISEXPIREDTIMER?TIMER
            CODE    604CH     001EH     UNIT         ?PR?_OPEN_DC_MOTOR?MOTOR
            CODE    606AH     001EH     UNIT         ?PR?_OPENPULSER?FIXEDPULSER
            CODE    6088H     001EH     UNIT         ?PR?OUTPUTONEBYTE?STC15_IIC
            CODE    60A6H     001DH     UNIT         ?PR?_GETBUTTONSTATE?BUTTON
            CODE    60C3H     001DH     UNIT         ?PR?_CLOSE_DC_MOTOR?MOTOR
            CODE    60E0H     001DH     UNIT         ?PR?_CLOSE_STEPMOTOR?STEP_MOTOR
            CODE    60FDH     001DH     UNIT         ?PR?_CLOSEPULSER?FIXEDPULSER
            CODE    611AH     001DH     UNIT         ?PR?_ISSTOPPED?TIMER
            CODE    6137H     001CH     UNIT         ?PR?_FREESTEPMOTOR?STEP_MOTOR
            CODE    6153H     001CH     UNIT         ?PR?_LOCKSTEPMOTOR?STEP_MOTOR
            CODE    616FH     001CH     UNIT         ?PR?_ADC_CONFIG?ANGLE
            CODE    618BH     001CH     UNIT         ?PR?_SETTIMERHERTZ?TIMER
            CODE    61A7H     001BH     UNIT         ?PR?_SETSTEPMOTORDIVERSION?STEP_MOTOR
            CODE    61C2H     001BH     UNIT         ?PR?_MPU9250_WRITE_REG?MPU9250
            CODE    61DDH     001BH     UNIT         ?PR?_SPI_SPI_READTHENBYTETORXBUF?STC15_SPI
            CODE    61F8H     001AH     UNIT         ?PR?_GETPARAMETER?PID
            CODE    6212H     001AH     UNIT         ?PR?_GETERR?PID
            CODE    622CH     001AH     UNIT         ?PR?_GETERRLAST?PID
            CODE    6246H     001AH     UNIT         ?PR?_GETKP?PID
            CODE    6260H     001AH     UNIT         ?PR?_GETKI?PID
            CODE    627AH     001AH     UNIT         ?PR?_GETKD?PID
            CODE    6294H     001AH     UNIT         ?PR?_GETOUTPUT?PID
            CODE    62AEH     001AH     UNIT         ?PR?_GETINTEGRAL?PID
            CODE    62C8H     001AH     UNIT         ?PR?_READ_STR_ANGLE?SERVO
            CODE    62E2H     001AH     UNIT         ?PR?_GET_PWM_PERIOD?STC15_PWM
            CODE    62FCH     001AH     UNIT         ?PR?_GET_PWM_N_DUTY?STC15_PWM
            CODE    6316H     001AH     UNIT         ?PR?_GETTIMEROUT?TIMER
            CODE    6330H     001AH     UNIT         ?PR?_GETTIMERHERTZ?TIMER
            CODE    634AH     0019H     UNIT         ?PR?_HC595_INIT?74HC595
            CODE    6363H     0019H     UNIT         ?PR?_IIC_WRDEVADDANDDATADD?STC15_IIC
            CODE    637CH     0017H     UNIT         ?PR?TASKSTART?ABSTASK
            CODE    6393H     0017H     UNIT         ?PR?_PRINTSTRING1?USART1
            CODE    63AAH     0015H     UNIT         ?PR?_RESTARTTIMER?TIMER
            CODE    63BFH     0014H     UNIT         ?PR?_LCD_POS_BYTE?LCD5510_V2
            CODE    63D3H     0014H     UNIT         ?PR?_SPI_WRITEBYTETOTXBUF?STC15_SPI
            CODE    63E7H     0013H     UNIT         ?PR?_LCD_CLR_ROW?LCD5510_V2
            CODE    63FAH     0013H     UNIT         ?PR?_OPEN_STEPMOTOR?STEP_MOTOR
            CODE    640DH     0013H     UNIT         ?PR?_PRINTSTRING2?USART1
            CODE    6420H     0013H     UNIT         ?PR?_PRINTSTRING3?USART1
            CODE    6433H     0013H     UNIT         ?PR?_PRINTSTRING4?USART1
            CODE    6446H     0012H     UNIT         ?PR?_OPENPID?PID
            CODE    6458H     0012H     UNIT         ?PR?_GETPULSERSTATE?FIXEDPULSER
            CODE    646AH     0012H     UNIT         ?PR?_ENABLEJY901?MPU9250_SBUF
BL51 BANKED LINKER/LOCATER V6.00                                                      08/01/2017  18:09:01  PAGE 8


            CODE    647CH     0012H     UNIT         ?PR?_OPENJY901SBUFMODE?MPU9250_SBUF
            CODE    648EH     0012H     UNIT         ?CO?TM1638
            CODE    64A0H     0012H     UNIT         ?PR?_GET_PWM_N_STATE?STC15_PWM
            CODE    64B2H     0011H     UNIT         ?PR?_CLOSEPID?PID
            CODE    64C3H     0011H     UNIT         ?PR?_GETSTEPMOTORSTATE?STEP_MOTOR
            CODE    64D4H     0011H     UNIT         ?PR?_HC595SENDDATA?74HC595
            CODE    64E5H     0011H     UNIT         ?PR?_DISABLEJY901?MPU9250_SBUF
            CODE    64F6H     0011H     UNIT         ?PR?_CLOSEJY901SBUFMODE?MPU9250_SBUF
            CODE    6507H     0011H     UNIT         ?PR?_SETPWM_DIV?STC15_PWM
            CODE    6518H     0011H     UNIT         ?PR?_GETPWM_DIV?STC15_PWM
            CODE    6529H     0011H     UNIT         ?PR?_SETUART1INTERRUPT?USART1
            CODE    653AH     0010H     UNIT         ?PR?_GETDC_MOTORSTATE?MOTOR
            CODE    654AH     0010H     UNIT         ?PR?_DELAY_MS?DELAY
            CODE    655AH     000FH     UNIT         ?PR?_SETSTEPMOTORSTATE?STEP_MOTOR
            CODE    6569H     000FH     UNIT         ?PR?_SETRELAY?RELAY
            CODE    6578H     000EH     UNIT         ?PR?_UNSETRELAY?RELAY
            CODE    6586H     000EH     UNIT         ?PR?DISABLEEEPROM?STC15_EEPROM
            CODE    6594H     000EH     UNIT         ?PR?_ONRESTARTTIMER?TIMER
            CODE    65A2H     000DH     UNIT         ?PR?_MPU9250_READ_REG?MPU9250
            CODE    65AFH     000DH     UNIT         ?PR?DELAY5US?STC15_IIC
            CODE    65BCH     000DH     UNIT         ?PR?IIC_ACK?STC15_IIC
            CODE    65C9H     000DH     UNIT         ?PR?_STOPTIMER?TIMER
            CODE    65D6H     000CH     UNIT         ?PR?_ADC_POWERCONTROL?ADC
            CODE    65E2H     000BH     UNIT         ?PR?_SPI_SETMODE?STC15_SPI
            CODE    65EDH     000AH     UNIT         ?PR?_DIGITALREAD?BUTTON
            CODE    65F7H     000AH     UNIT         ?PR?IIC_START?STC15_IIC
            CODE    6601H     000AH     UNIT         ?PR?IIC_NACK?STC15_IIC
            CODE    660BH     000AH     UNIT         ?PR?OPEN_PWM_ALL?STC15_PWM
            CODE    6615H     000AH     UNIT         ?PR?CLOSE_PWM_ALL?STC15_PWM
            CODE    661FH     0009H     UNIT         ?PR?SETCARFORWARD?MT_1_L298N
            CODE    6628H     0009H     UNIT         ?PR?SETCARBACK?MT_1_L298N
            CODE    6631H     0009H     UNIT         ?PR?SETCARSTOP?MT_1_L298N
            CODE    663AH     0009H     UNIT         ?PR?SETCARRIGHTFORWARD?MT_1_L298N
            CODE    6643H     0009H     UNIT         ?PR?SETCARRIGHTBACK?MT_1_L298N
            CODE    664CH     0009H     UNIT         ?PR?SETCARRIGHTTURN?MT_1_L298N
            CODE    6655H     0009H     UNIT         ?PR?SETCARLEFTFORWARD?MT_1_L298N
            CODE    665EH     0009H     UNIT         ?PR?SETCARLEFTBACK?MT_1_L298N
            CODE    6667H     0009H     UNIT         ?PR?SETCARLEFTTURN?MT_1_L298N
            CODE    6670H     0009H     UNIT         ?PR?GETMICROS?TIMER
            CODE    6679H     0009H     UNIT         ?PR?GETMILLIS?TIMER
            CODE    6682H     0006H     UNIT         ?RTX?TASKENT?S
            CODE    6688H     0006H     UNIT         ?PR?_BOARD_LED_PWM?LED
            CODE    668EH     0006H     UNIT         ?PR?_SPI1_READWRITEBYTE?MPU9250
            CODE    6694H     0006H     UNIT         ?PR?IIC_STOP?STC15_IIC
            CODE    669AH     0006H     UNIT         ?PR?GETSECONDS?TIMER
            CODE    66A0H     0006H     UNIT         ?PR?GETMINUTES?TIMER
            CODE    66A6H     0006H     UNIT         ?PR?GETHOURS?TIMER
            CODE    66ACH     0006H     UNIT         ?PR?GETDAYS?TIMER
            CODE    66B2H     0005H     UNIT         ?PR?OPEN_BOARD_LED?LED
            CODE    66B7H     0005H     UNIT         ?PR?CLOSE_BOARD_LED?LED
            CODE    66BCH     0005H     UNIT         ?PR?CLOSETM1638DISPLAY?TM1638
            CODE    66C1H     0004H     UNIT         ?PR?ADC_INT?ADC
            CODE    66C5H     0003H     UNIT         ?PR?GETBOARD_LED_STATE?LED
            CODE    66C8H     0003H     UNIT         ?PR?_SETPINSTATE?GPIO
            CODE    66CBH     0001H     UNIT         ?PR?MODE1?MODE
            CODE    66CCH     0001H     UNIT         ?PR?MODE2?MODE
            CODE    66CDH     0001H     UNIT         ?PR?MODE3?MODE
BL51 BANKED LINKER/LOCATER V6.00                                                      08/01/2017  18:09:01  PAGE 9


            CODE    66CEH     0001H     UNIT         ?PR?MODE4?MODE
            CODE    66CFH     0001H     UNIT         ?PR?MODELAUNCHER?MODE
            CODE    66D0H     0001H     UNIT         ?PR?SPI_INIT?MPU9250
            CODE    66D1H     0001H     UNIT         ?PR?RELAY_INIT?RELAY
            CODE    66D2H     0001H     UNIT         ?PR?EXT_INT0?STC15_EXTI
            CODE    66D3H     0001H     UNIT         ?PR?EXT_INT1?STC15_EXTI
            CODE    66D4H     0001H     UNIT         ?PR?EXT_INT2?STC15_EXTI
            CODE    66D5H     0001H     UNIT         ?PR?EXT_INT3?STC15_EXTI
            CODE    66D6H     0001H     UNIT         ?PR?EXT_INT4?STC15_EXTI



OVERLAY MAP OF MODULE:   电子大赛程序框架 (ABSTASK)


SEGMENT                                             BIT_GROUP          DATA_GROUP          XDATA_GROUP
  +--> CALLED SEGMENT                            START    LENGTH     START    LENGTH     START    LENGTH
--------------------------------------------------------------------------------------------------------
?PR?TASKSTART?ABSTASK                            -----    -----      -----    -----      -----    -----
  +--> ?PR?SETUP?SETUP
  +--> ?PR?_BLINK?LED

?PR?SETUP?SETUP                                  -----    -----      -----    -----      -----    -----
  +--> ?PR?_UART1_INIT?SETUP
  +--> ?PR?TIMERINIT?TIMER
  +--> ?PR?BOARD_LED_INIT?LED
  +--> ?PR?LCD5510_INIT?LCD5510_V2
  +--> ?PR?_INITJY901?MPU9250_SBUF
  +--> ?PR?_ENABLEJY901?MPU9250_SBUF
  +--> ?PR?_OPENJY901SBUFMODE?MPU9250_SBUF
  +--> ?PR?TEST?SETUP

?PR?_UART1_INIT?SETUP                            -----    -----      -----    -----      0333H    000DH
  +--> ?PR?_USART_CONFIGURATION?USART1
  +--> ?CO?SETUP
  +--> ?PR?_PRINTSTRING1?USART1

?PR?_USART_CONFIGURATION?USART1                  -----    -----      -----    -----      0340H    0009H

?PR?_PRINTSTRING1?USART1                         -----    -----      -----    -----      -----    -----
  +--> ?PR?_TX1_WRITE2BUFF?USART1

?PR?TIMERINIT?TIMER                              -----    -----      -----    -----      0333H    0019H
  +--> ?PR?_TIMER_INILIZE?TIMER

?PR?BOARD_LED_INIT?LED                           -----    -----      -----    -----      0333H    0002H
  +--> ?PR?_GPIO_INILIZE?GPIO
  +--> ?PR?OPEN_BOARD_LED?LED
  +--> ?PR?_DELAY_MS?DELAY
  +--> ?PR?CLOSE_BOARD_LED?LED

?PR?LCD5510_INIT?LCD5510_V2                      -----    -----      -----    -----      0333H    0002H
  +--> ?PR?_GPIO_INILIZE?GPIO
  +--> ?PR?_LCD_WRITE_BYTE?LCD5510_V2
  +--> ?PR?LCD_CLR_SCR?LCD5510_V2

?PR?LCD_CLR_SCR?LCD5510_V2                       -----    -----      -----    -----      -----    -----
BL51 BANKED LINKER/LOCATER V6.00                                                      08/01/2017  18:09:01  PAGE 10


  +--> ?PR?_LCD_WRITE_BYTE?LCD5510_V2

?PR?_INITJY901?MPU9250_SBUF                      -----    -----      -----    -----      -----    -----
  +--> ?PR?_COPESERIALDATA?MPU9250_SBUF
  +--> ?PR?_SETUART1INTERRUPT?USART1

?PR?_COPESERIALDATA?MPU9250_SBUF                 -----    -----      -----    -----      0333H    002EH
  +--> ?PR?_CHARTOLONG?MPU9250_SBUF

?PR?_CHARTOLONG?MPU9250_SBUF                     -----    -----      -----    -----      0361H    0006H

?PR?TEST?SETUP                                   -----    -----      -----    -----      -----    -----
  +--> ?PR?_SETTIMEOUT?TIMER
  +--> ?PR?_RESTARTTIMER?TIMER
  +--> ?PR?_ISACTIVETIMER?TIMER
  +--> ?PR?_STOPTIMER?TIMER
  +--> ?CO?SETUP
  +--> ?PR?_PRINTSTRING1?USART1
  +--> ?PR?_DELAY_MS?DELAY

?PR?_RESTARTTIMER?TIMER                          -----    -----      -----    -----      -----    -----
  +--> ?PR?_ISACTIVETIMER?TIMER

?PR?_BLINK?LED                                   -----    -----      -----    -----      0333H    0001H
  +--> ?PR?OPEN_BOARD_LED?LED
  +--> ?PR?_DELAY_MS?DELAY
  +--> ?PR?CLOSE_BOARD_LED?LED

*** NEW ROOT ***************************************************

?PR?PRINTANGLEDATA?ABSTASK                       -----    -----      -----    -----      -----    -----
  +--> ?PR?_GETJY901ANGLE?MPU9250_SBUF
  +--> ?PR?_DATASCOPE_GET_CHANNEL_DATA?DATAS...
  +--> ?PR?_SENDSCOPEDATA?DATASCOPE_DP

?PR?_DATASCOPE_GET_CHANNEL_DATA?DATAS...         -----    -----      -----    -----      0367H    0005H
  +--> ?PR?_FLOAT2BYTE?DATASCOPE_DP

?PR?_FLOAT2BYTE?DATASCOPE_DP                     -----    -----      -----    -----      036CH    000AH

?PR?_SENDSCOPEDATA?DATASCOPE_DP                  -----    -----      -----    -----      0367H    0002H
  +--> ?PR?_DATASCOPE_DATA_GENERATE?DATASCOP...
  +--> ?PR?_TX1_WRITE2BUFF?USART1

*** NEW ROOT ***************************************************

?PR?DATAUPDATE?ABSTASK                           -----    -----      -----    -----      -----    -----
  +--> ?PR?_GETJY901ANGLE?MPU9250_SBUF
  +--> ?PR?_LCD_PRINTNUM_I?LCD5510_V2

?PR?_LCD_PRINTNUM_I?LCD5510_V2                   -----    -----      -----    -----      0376H    000CH
  +--> ?CO?LCD5510_V2
  +--> ?PR?PRINTF?PRINTF
  +--> ?PR?_LCD_PRINTSL?LCD5510_V2

?PR?PRINTF?PRINTF                                0020H.0  0001H.1    0015H    0005H      0382H    0030H
  +--> ?PR?PUTCHAR?PUTCHAR
BL51 BANKED LINKER/LOCATER V6.00                                                      08/01/2017  18:09:01  PAGE 11



?PR?_LCD_PRINTSL?LCD5510_V2                      -----    -----      -----    -----      0382H    0005H
  +--> ?PR?_LCD_PRINTC?LCD5510_V2

?PR?_LCD_PRINTC?LCD5510_V2                       -----    -----      -----    -----      -----    -----
  +--> ?PR?_LCD_POS_BYTE?LCD5510_V2
  +--> ?CO?LCD5510_V2
  +--> ?PR?_LCD_WRITE_BYTE?LCD5510_V2

?PR?_LCD_POS_BYTE?LCD5510_V2                     -----    -----      -----    -----      -----    -----
  +--> ?PR?_LCD_WRITE_BYTE?LCD5510_V2

*** NEW ROOT ***************************************************

?PR?PULSER_1INT?FIXEDPULSER                      -----    -----      -----    -----      -----    -----
  +--> ?PR?_CLOSEPULSER?FIXEDPULSER

*** NEW ROOT ***************************************************

?PR?PULSER_2INT?FIXEDPULSER                      -----    -----      -----    -----      -----    -----
  +--> ?PR?_CLOSEPULSER?FIXEDPULSER

*** NEW ROOT ***************************************************

?C_C51STARTUP                                    -----    -----      -----    -----      -----    -----
  +--> ?C_INITSEG



SYMBOL TABLE OF MODULE:  电子大赛程序框架 (ABSTASK)

  VALUE           TYPE          NAME
  ----------------------------------

  -------         MODULE        ABSTASK
  C:0000H         SYMBOL        _ICE_DUMMY_
  D:0080H         PUBLIC        P0
  D:0090H         PUBLIC        P1
  D:00A0H         PUBLIC        P2
  D:00B0H         PUBLIC        P3
  C:5290H         PUBLIC        dataUpdate
  D:00C0H         PUBLIC        P4
  D:00C8H         PUBLIC        P5
  D:00E8H         PUBLIC        P6
  D:00F8H         PUBLIC        P7
  D:00A8H         PUBLIC        IE
  C:56DEH         PUBLIC        printAngleData
  D:00B8H         PUBLIC        IP
  D:00D8H         PUBLIC        CCON
  D:0098H         PUBLIC        SCON
  D:0088H         PUBLIC        TCON
  D:00F0H         PUBLIC        B
  C:637CH         PUBLIC        taskStart
  D:00E0H         PUBLIC        ACC
  D:00D0H         PUBLIC        PSW
  -------         PROC          TASKSTART
  C:637CH         LINE#         3
BL51 BANKED LINKER/LOCATER V6.00                                                      08/01/2017  18:09:01  PAGE 12


  C:637CH         LINE#         5
  C:637FH         LINE#         6
  C:6384H         LINE#         7
  C:6389H         LINE#         8
  C:638EH         LINE#         9
  -------         ENDPROC       TASKSTART
  -------         PROC          PRINTANGLEDATA
  C:56DEH         LINE#         12
  C:56DEH         LINE#         14
  C:56DEH         LINE#         15
  C:56DEH         LINE#         16
  C:56EDH         LINE#         17
  C:56FDH         LINE#         18
  C:570DH         LINE#         20
  C:5712H         LINE#         21
  C:571CH         LINE#         22
  -------         ENDPROC       PRINTANGLEDATA
  -------         PROC          DATAUPDATE
  C:5290H         LINE#         24
  C:5290H         LINE#         26
  C:5290H         LINE#         27
  C:5290H         LINE#         28
  C:52A9H         LINE#         29
  C:52C4H         LINE#         30
  C:52DFH         LINE#         31
  C:52E9H         LINE#         33
  -------         ENDPROC       DATAUPDATE
  -------         ENDMOD        ABSTASK

  -------         MODULE        SETUP
  C:0000H         SYMBOL        _ICE_DUMMY_
  D:0080H         PUBLIC        P0
  D:0090H         PUBLIC        P1
  D:00A0H         PUBLIC        P2
  D:00B0H         PUBLIC        P3
  D:00C0H         PUBLIC        P4
  D:00C8H         PUBLIC        P5
  C:5A21H         PUBLIC        _UART1_init
  D:00E8H         PUBLIC        P6
  D:00F8H         PUBLIC        P7
  D:00A8H         PUBLIC        IE
  D:00B8H         PUBLIC        IP
  D:00D8H         PUBLIC        CCON
  C:5D2FH         PUBLIC        setup
  D:0098H         PUBLIC        SCON
  D:0088H         PUBLIC        TCON
  D:00F0H         PUBLIC        B
  C:5A56H         PUBLIC        test
  D:00E0H         PUBLIC        ACC
  D:00D0H         PUBLIC        PSW
  -------         PROC          _UART1_INIT
  D:0004H         SYMBOL        BandRate
  -------         DO            
  X:0333H         SYMBOL        COMx_InitStructure
  -------         ENDDO         
  C:5A21H         LINE#         24
  C:5A21H         LINE#         25
BL51 BANKED LINKER/LOCATER V6.00                                                      08/01/2017  18:09:01  PAGE 13


  C:5A21H         LINE#         27
  C:5A27H         LINE#         28
  C:5A2BH         LINE#         29
  C:5A2FH         LINE#         30
  C:5A35H         LINE#         31
  C:5A38H         LINE#         32
  C:5A3BH         LINE#         33
  C:5A3DH         LINE#         34
  C:5A40H         LINE#         35
  C:5A42H         LINE#         36
  C:5A4DH         LINE#         37
  -------         ENDPROC       _UART1_INIT
  -------         PROC          TEST
  C:5A56H         LINE#         39
  C:5A56H         LINE#         40
  C:5A56H         LINE#         41
  C:5A5FH         LINE#         42
  C:5A64H         LINE#         44
  C:5A64H         LINE#         45
  C:5A64H         LINE#         46
  C:5A6BH         LINE#         47
  C:5A6BH         LINE#         48
  C:5A70H         LINE#         49
  C:5A79H         LINE#         51
  C:5A7BH         LINE#         53
  C:5A7BH         LINE#         55
  C:5A84H         LINE#         57
  C:5A89H         LINE#         58
  C:5A89H         LINE#         59
  -------         ENDPROC       TEST
  -------         PROC          SETUP
  C:5D2FH         LINE#         61
  C:5D2FH         LINE#         62
  C:5D2FH         LINE#         63
  C:5D3AH         LINE#         64
  C:5D3DH         LINE#         65
  C:5D40H         LINE#         66
  C:5D43H         LINE#         69
  C:5D48H         LINE#         70
  C:5D4DH         LINE#         71
  C:5D52H         LINE#         74
  -------         ENDPROC       SETUP
  -------         ENDMOD        SETUP

  -------         MODULE        MODE
  C:0000H         SYMBOL        _ICE_DUMMY_
  D:0080H         PUBLIC        P0
  D:0090H         PUBLIC        P1
  D:00A0H         PUBLIC        P2
  D:00B0H         PUBLIC        P3
  D:00C0H         PUBLIC        P4
  D:00C8H         PUBLIC        P5
  D:00E8H         PUBLIC        P6
  D:00F8H         PUBLIC        P7
  D:00A8H         PUBLIC        IE
  D:00B8H         PUBLIC        IP
  D:00D8H         PUBLIC        CCON
BL51 BANKED LINKER/LOCATER V6.00                                                      08/01/2017  18:09:01  PAGE 14


  D:0098H         PUBLIC        SCON
  D:0088H         PUBLIC        TCON
  D:00F0H         PUBLIC        B
  D:00E0H         PUBLIC        ACC
  C:66CBH         PUBLIC        mode1
  C:66CCH         PUBLIC        mode2
  C:66CDH         PUBLIC        mode3
  C:66CEH         PUBLIC        mode4
  C:66CFH         PUBLIC        modeLauncher
  D:00D0H         PUBLIC        PSW
  -------         PROC          MODE1
  C:66CBH         LINE#         2
  C:66CBH         LINE#         3
  C:66CBH         LINE#         5
  -------         ENDPROC       MODE1
  -------         PROC          MODE2
  C:66CCH         LINE#         7
  C:66CCH         LINE#         8
  C:66CCH         LINE#         10
  -------         ENDPROC       MODE2
  -------         PROC          MODE3
  C:66CDH         LINE#         13
  C:66CDH         LINE#         14
  C:66CDH         LINE#         16
  -------         ENDPROC       MODE3
  -------         PROC          MODE4
  C:66CEH         LINE#         18
  C:66CEH         LINE#         19
  C:66CEH         LINE#         21
  -------         ENDPROC       MODE4
  -------         PROC          MODELAUNCHER
  C:66CFH         LINE#         22
  C:66CFH         LINE#         23
  C:66CFH         LINE#         25
  -------         ENDPROC       MODELAUNCHER
  -------         ENDMOD        MODE

  -------         MODULE        FILTER
  C:0000H         SYMBOL        _ICE_DUMMY_
  D:0080H         PUBLIC        P0
  D:0090H         PUBLIC        P1
  D:00A0H         PUBLIC        P2
  D:00B0H         PUBLIC        P3
  D:00C0H         PUBLIC        P4
  D:00C8H         PUBLIC        P5
  D:00E8H         PUBLIC        P6
  D:00F8H         PUBLIC        P7
  C:3C33H         PUBLIC        _filter
  D:00A8H         PUBLIC        IE
  D:00B8H         PUBLIC        IP
  D:00D8H         PUBLIC        CCON
  D:0098H         PUBLIC        SCON
  D:0088H         PUBLIC        TCON
  D:00F0H         PUBLIC        B
  C:385EH         PUBLIC        _KalmanFilter
  D:00E0H         PUBLIC        ACC
  D:00D0H         PUBLIC        PSW
BL51 BANKED LINKER/LOCATER V6.00                                                      08/01/2017  18:09:01  PAGE 15


  -------         PROC          _FILTER
  D:0001H         SYMBOL        ary
  X:05D9H         SYMBOL        num
  X:05DAH         SYMBOL        MaxValue
  X:05DCH         SYMBOL        MinValue
  -------         DO            
  X:05DEH         SYMBOL        angleDataloopTemp2
  X:05E0H         SYMBOL        finalData
  X:05E2H         SYMBOL        maxValue
  X:05E4H         SYMBOL        minValue
  -------         ENDDO         
  C:3C33H         LINE#         2
  C:3C38H         LINE#         3
  C:3C38H         LINE#         5
  C:3C3FH         LINE#         6
  C:3C4EH         LINE#         7
  C:3C5DH         LINE#         8
  C:3C7FH         LINE#         9
  C:3C7FH         LINE#         10
  C:3C9BH         LINE#         11
  C:3C9BH         LINE#         12
  C:3CB8H         LINE#         13
  C:3CB8H         LINE#         14
  C:3CDAH         LINE#         15
  C:3CDAH         LINE#         16
  C:3CF7H         LINE#         17
  C:3CF7H         LINE#         18
  C:3D19H         LINE#         19
  C:3D2DH         LINE#         20
  C:3D52H         LINE#         21
  C:3D68H         LINE#         22
  C:3D68H         LINE#         23
  -------         ENDPROC       _FILTER
  -------         PROC          _KALMANFILTER
  X:04DCH         SYMBOL        ResrcData
  X:04E0H         SYMBOL        ProcessNiose_Q
  X:04E4H         SYMBOL        MeasureNoise_R
  X:04E8H         SYMBOL        InitialPrediction
  -------         DO            
  X:04ECH         SYMBOL        R
  X:04F0H         SYMBOL        Q
  X:0624H         SYMBOL        x_last
  X:04F4H         SYMBOL        x_mid
  X:04F8H         SYMBOL        x_now
  X:0628H         SYMBOL        p_last
  X:04FCH         SYMBOL        p_mid
  D:0004H         SYMBOL        p_now
  X:0500H         SYMBOL        kg
  -------         ENDDO         
  C:385EH         LINE#         24
  C:3864H         LINE#         26
  C:3864H         LINE#         27
  C:3878H         LINE#         28
  C:388CH         LINE#         32
  C:38A0H         LINE#         41
  C:38B4H         LINE#         42
  C:38D9H         LINE#         43
BL51 BANKED LINKER/LOCATER V6.00                                                      08/01/2017  18:09:01  PAGE 16


  C:3917H         LINE#         44
  C:395EH         LINE#         46
  C:3987H         LINE#         48
  C:398DH         LINE#         49
  C:39A1H         LINE#         51
  C:39AFH         LINE#         52
  -------         ENDPROC       _KALMANFILTER
  -------         ENDMOD        FILTER

  -------         MODULE        PID
  C:0000H         SYMBOL        _ICE_DUMMY_
  D:0080H         PUBLIC        P0
  D:0090H         PUBLIC        P1
  D:00A0H         PUBLIC        P2
  C:5E6EH         PUBLIC        _setKi
  D:00B0H         PUBLIC        P3
  C:622CH         PUBLIC        _getErrLast
  D:00C0H         PUBLIC        P4
  D:00C8H         PUBLIC        P5
  D:00E8H         PUBLIC        P6
  D:00F8H         PUBLIC        P7
  C:5E2CH         PUBLIC        _setParameterUpperLimit
  C:5E8FH         PUBLIC        _setKp
  D:00A8H         PUBLIC        IE
  C:6446H         PUBLIC        _openPID
  D:00B8H         PUBLIC        IP
  D:00D8H         PUBLIC        CCON
  D:0098H         PUBLIC        SCON
  D:0088H         PUBLIC        TCON
  C:36C0H         PUBLIC        _Incremental_PID
  C:39B0H         PUBLIC        _PID_config
  C:5E0BH         PUBLIC        _setParameterInferiorLimit
  D:00F0H         PUBLIC        B
  D:00E0H         PUBLIC        ACC
  C:5E4DH         PUBLIC        _setActualParameter
  C:6294H         PUBLIC        _getOutput
  C:2FAFH         PUBLIC        _PID
  X:03B2H         SYMBOL        g_pid_n_info
  C:61F8H         PUBLIC        _getParameter
  C:6212H         PUBLIC        _getErr
  C:627AH         PUBLIC        _getKd
  C:5ED1H         PUBLIC        _setParameter
  C:6260H         PUBLIC        _getKi
  C:64B2H         PUBLIC        _closePID
  D:00D0H         PUBLIC        PSW
  C:62AEH         PUBLIC        _getIntegral
  C:6246H         PUBLIC        _getKp
  C:5EB0H         PUBLIC        _setKd
  -------         PROC          _PID_CONFIG
  D:0003H         SYMBOL        PID_N
  X:0604H         SYMBOL        kp
  X:0608H         SYMBOL        ki
  X:060CH         SYMBOL        kd
  C:39B0H         LINE#         51
  C:39B2H         LINE#         52
  C:39B2H         LINE#         53
  C:39C7H         LINE#         54
BL51 BANKED LINKER/LOCATER V6.00                                                      08/01/2017  18:09:01  PAGE 17


  C:39DCH         LINE#         55
  C:39F1H         LINE#         56
  C:3A06H         LINE#         57
  C:3A1BH         LINE#         58
  C:3A3AH         LINE#         59
  C:3A59H         LINE#         60
  C:3A78H         LINE#         61
  C:3AA2H         LINE#         62
  C:3ACCH         LINE#         63
  -------         ENDPROC       _PID_CONFIG
  -------         PROC          _OPENPID
  D:0007H         SYMBOL        PID_N
  C:6446H         LINE#         73
  C:6446H         LINE#         74
  C:6446H         LINE#         75
  C:6457H         LINE#         77
  -------         ENDPROC       _OPENPID
  -------         PROC          _CLOSEPID
  D:0007H         SYMBOL        PID_N
  C:64B2H         LINE#         86
  C:64B2H         LINE#         87
  C:64B2H         LINE#         88
  C:64C2H         LINE#         91
  -------         ENDPROC       _CLOSEPID
  -------         PROC          _PID
  X:06D0H         SYMBOL        PID_N
  C:2FAFH         LINE#         100
  C:2FB4H         LINE#         101
  C:2FB4H         LINE#         104
  C:2FC7H         LINE#         105
  C:2FC7H         LINE#         107
  C:3015H         LINE#         123
  C:3058H         LINE#         126
  C:315DH         LINE#         129
  C:3187H         LINE#         132
  C:3188H         LINE#         133
  C:3188H         LINE#         135
  -------         ENDPROC       _PID
  -------         PROC          _INCREMENTAL_PID
  X:06D1H         SYMBOL        PID_N
  C:36C0H         LINE#         145
  C:36C5H         LINE#         146
  C:36C5H         LINE#         147
  C:36D8H         LINE#         148
  C:36D8H         LINE#         149
  C:3726H         LINE#         150
  C:3808H         LINE#         153
  C:3832H         LINE#         154
  C:385CH         LINE#         155
  C:385DH         LINE#         156
  C:385DH         LINE#         157
  -------         ENDPROC       _INCREMENTAL_PID
  -------         PROC          _SETPARAMETERINFERIORLIMIT
  D:0003H         SYMBOL        PID_N
  X:0670H         SYMBOL        value
  C:5E0BH         LINE#         168
  C:5E0DH         LINE#         169
BL51 BANKED LINKER/LOCATER V6.00                                                      08/01/2017  18:09:01  PAGE 18


  C:5E0DH         LINE#         170
  -------         ENDPROC       _SETPARAMETERINFERIORLIMIT
  -------         PROC          _SETPARAMETERUPPERLIMIT
  D:0003H         SYMBOL        PID_N
  X:0675H         SYMBOL        value
  C:5E2CH         LINE#         182
  C:5E2EH         LINE#         183
  C:5E2EH         LINE#         184
  -------         ENDPROC       _SETPARAMETERUPPERLIMIT
  -------         PROC          _SETACTUALPARAMETER
  D:0003H         SYMBOL        PID_N
  X:067AH         SYMBOL        value
  C:5E4DH         LINE#         197
  C:5E4FH         LINE#         198
  C:5E4FH         LINE#         199
  -------         ENDPROC       _SETACTUALPARAMETER
  -------         PROC          _SETKI
  D:0003H         SYMBOL        PID_N
  X:067FH         SYMBOL        value
  C:5E6EH         LINE#         212
  C:5E70H         LINE#         213
  C:5E70H         LINE#         214
  -------         ENDPROC       _SETKI
  -------         PROC          _SETKP
  D:0003H         SYMBOL        PID_N
  X:0684H         SYMBOL        value
  C:5E8FH         LINE#         226
  C:5E91H         LINE#         227
  C:5E91H         LINE#         228
  -------         ENDPROC       _SETKP
  -------         PROC          _SETKD
  D:0003H         SYMBOL        PID_N
  X:0689H         SYMBOL        value
  C:5EB0H         LINE#         240
  C:5EB2H         LINE#         241
  C:5EB2H         LINE#         242
  -------         ENDPROC       _SETKD
  -------         PROC          _SETPARAMETER
  D:0003H         SYMBOL        PID_N
  X:068EH         SYMBOL        value
  C:5ED1H         LINE#         254
  C:5ED3H         LINE#         255
  C:5ED3H         LINE#         256
  -------         ENDPROC       _SETPARAMETER
  -------         PROC          _GETPARAMETER
  D:0007H         SYMBOL        PID_N
  C:61F8H         LINE#         268
  C:61F8H         LINE#         269
  C:61F8H         LINE#         270
  C:6211H         LINE#         271
  -------         ENDPROC       _GETPARAMETER
  -------         PROC          _GETERR
  D:0007H         SYMBOL        PID_N
  C:6212H         LINE#         281
  C:6212H         LINE#         282
  C:6212H         LINE#         283
  C:622BH         LINE#         284
BL51 BANKED LINKER/LOCATER V6.00                                                      08/01/2017  18:09:01  PAGE 19


  -------         ENDPROC       _GETERR
  -------         PROC          _GETERRLAST
  D:0007H         SYMBOL        PID_N
  C:622CH         LINE#         294
  C:622CH         LINE#         295
  C:622CH         LINE#         296
  C:6245H         LINE#         297
  -------         ENDPROC       _GETERRLAST
  -------         PROC          _GETKP
  D:0007H         SYMBOL        PID_N
  C:6246H         LINE#         306
  C:6246H         LINE#         307
  C:6246H         LINE#         308
  C:625FH         LINE#         309
  -------         ENDPROC       _GETKP
  -------         PROC          _GETKI
  D:0007H         SYMBOL        PID_N
  C:6260H         LINE#         319
  C:6260H         LINE#         320
  C:6260H         LINE#         321
  C:6279H         LINE#         322
  -------         ENDPROC       _GETKI
  -------         PROC          _GETKD
  D:0007H         SYMBOL        PID_N
  C:627AH         LINE#         332
  C:627AH         LINE#         333
  C:627AH         LINE#         334
  C:6293H         LINE#         335
  -------         ENDPROC       _GETKD
  -------         PROC          _GETOUTPUT
  D:0007H         SYMBOL        PID_N
  C:6294H         LINE#         345
  C:6294H         LINE#         346
  C:6294H         LINE#         347
  C:62ADH         LINE#         348
  -------         ENDPROC       _GETOUTPUT
  -------         PROC          _GETINTEGRAL
  D:0007H         SYMBOL        PID_N
  C:62AEH         LINE#         358
  C:62AEH         LINE#         359
  C:62AEH         LINE#         360
  C:62C7H         LINE#         361
  -------         ENDPROC       _GETINTEGRAL
  -------         ENDMOD        PID

  -------         MODULE        DATASCOPE_DP
  C:0000H         SYMBOL        _ICE_DUMMY_
  D:0080H         PUBLIC        P0
  D:0090H         PUBLIC        P1
  D:00A0H         PUBLIC        P2
  D:00B0H         PUBLIC        P3
  D:00C0H         PUBLIC        P4
  D:00C8H         PUBLIC        P5
  D:00E8H         PUBLIC        P6
  D:00F8H         PUBLIC        P7
  X:04B2H         PUBLIC        DataScope_OutPut_Buffer
  D:00A8H         PUBLIC        IE
BL51 BANKED LINKER/LOCATER V6.00                                                      08/01/2017  18:09:01  PAGE 20


  D:00B8H         PUBLIC        IP
  D:00D8H         PUBLIC        CCON
  C:5ABDH         PUBLIC        _sendScopeData
  D:0098H         PUBLIC        SCON
  D:0088H         PUBLIC        TCON
  D:00F0H         PUBLIC        B
  C:4776H         PUBLIC        _Float2Byte
  D:00E0H         PUBLIC        ACC
  C:4820H         PUBLIC        _DataScope_Data_Generate
  C:3D69H         PUBLIC        _DataScope_Get_Channel_Data
  D:00D0H         PUBLIC        PSW
  -------         PROC          _FLOAT2BYTE
  D:0001H         SYMBOL        target
  X:036FH         SYMBOL        buf
  X:0372H         SYMBOL        beg
  -------         DO            
  X:0373H         SYMBOL        point
  -------         ENDDO         
  C:4776H         LINE#         26
  C:4776H         LINE#         27
  C:4776H         LINE#         29
  C:4781H         LINE#         30
  C:479FH         LINE#         31
  C:47CBH         LINE#         32
  C:47F7H         LINE#         33
  -------         ENDPROC       _FLOAT2BYTE
  -------         PROC          _SENDSCOPEDATA
  X:0367H         SYMBOL        channe_num
  -------         DO            
  X:0368H         SYMBOL        a
  -------         ENDDO         
  C:5ABDH         LINE#         43
  C:5AC2H         LINE#         44
  C:5AC2H         LINE#         48
  C:5AD6H         LINE#         49
  C:5AD6H         LINE#         50
  C:5AE5H         LINE#         51
  C:5AEDH         LINE#         53
  -------         ENDPROC       _SENDSCOPEDATA
  -------         PROC          _DATASCOPE_GET_CHANNEL_DATA
  X:0367H         SYMBOL        Data
  X:036BH         SYMBOL        Channel
  C:3D69H         LINE#         59
  C:3D6FH         LINE#         60
  C:3D6FH         LINE#         61
  C:3D82H         LINE#         62
  C:3D82H         LINE#         64
  C:3D82H         LINE#         66
  C:3D82H         LINE#         67
  C:3DB8H         LINE#         68
  C:3DB8H         LINE#         69
  C:3DB8H         LINE#         70
  C:3DCBH         LINE#         71
  C:3DCEH         LINE#         72
  C:3DCEH         LINE#         73
  C:3DE2H         LINE#         74
  C:3DE5H         LINE#         75
BL51 BANKED LINKER/LOCATER V6.00                                                      08/01/2017  18:09:01  PAGE 21


  C:3DE5H         LINE#         76
  C:3DF9H         LINE#         77
  C:3DFCH         LINE#         78
  C:3DFCH         LINE#         79
  C:3E10H         LINE#         80
  C:3E13H         LINE#         81
  C:3E13H         LINE#         82
  C:3E27H         LINE#         83
  C:3E29H         LINE#         84
  C:3E29H         LINE#         85
  C:3E3DH         LINE#         86
  C:3E3FH         LINE#         87
  C:3E3FH         LINE#         88
  C:3E53H         LINE#         89
  C:3E55H         LINE#         90
  C:3E55H         LINE#         91
  C:3E69H         LINE#         92
  C:3E6BH         LINE#         93
  C:3E6BH         LINE#         94
  C:3E7FH         LINE#         95
  C:3E81H         LINE#         96
  C:3E81H         LINE#         97
  C:3E9CH         LINE#         98
  C:3E9CH         LINE#         99
  C:3E9CH         LINE#         100
  C:3E9CH         LINE#         101
  -------         ENDPROC       _DATASCOPE_GET_CHANNEL_DATA
  -------         PROC          _DATASCOPE_DATA_GENERATE
  D:0007H         SYMBOL        Channel_Number
  C:4820H         LINE#         106
  C:4820H         LINE#         107
  C:4820H         LINE#         108
  C:4829H         LINE#         109
  C:4829H         LINE#         110
  C:482CH         LINE#         111
  C:482CH         LINE#         113
  C:482CH         LINE#         114
  C:4832H         LINE#         115
  C:4868H         LINE#         116
  C:4868H         LINE#         117
  C:4868H         LINE#         118
  C:486EH         LINE#         119
  C:4871H         LINE#         120
  C:4871H         LINE#         121
  C:4871H         LINE#         122
  C:4877H         LINE#         123
  C:487AH         LINE#         124
  C:487AH         LINE#         125
  C:487AH         LINE#         126
  C:4880H         LINE#         127
  C:4883H         LINE#         128
  C:4883H         LINE#         129
  C:4883H         LINE#         130
  C:4889H         LINE#         131
  C:488CH         LINE#         132
  C:488CH         LINE#         133
  C:488CH         LINE#         134
BL51 BANKED LINKER/LOCATER V6.00                                                      08/01/2017  18:09:01  PAGE 22


  C:4892H         LINE#         135
  C:4895H         LINE#         136
  C:4895H         LINE#         137
  C:4895H         LINE#         138
  C:489BH         LINE#         139
  C:489EH         LINE#         140
  C:489EH         LINE#         141
  C:489EH         LINE#         142
  C:48A4H         LINE#         143
  C:48A7H         LINE#         144
  C:48A7H         LINE#         145
  C:48A7H         LINE#         146
  C:48ADH         LINE#         147
  C:48B0H         LINE#         148
  C:48B0H         LINE#         149
  C:48B0H         LINE#         150
  C:48B6H         LINE#         151
  C:48B9H         LINE#         152
  C:48B9H         LINE#         153
  C:48B9H         LINE#         154
  C:48BFH         LINE#         155
  C:48C2H         LINE#         156
  C:48C2H         LINE#         157
  C:48C2H         LINE#         158
  C:48C2H         LINE#         159
  C:48C4H         LINE#         160
  -------         ENDPROC       _DATASCOPE_DATA_GENERATE
  -------         ENDMOD        DATASCOPE_DP

  -------         MODULE        ?RTX51_TINY_KERNAL
  C:6682H         SEGMENT       ?RTX?TASKENT?S
  I:0063H         SEGMENT       ?RTX?TASKSP?S
  I:001AH         SEGMENT       ?RTX?TASKSTATE?S
  C:286BH         SEGMENT       ?RTX?CODE
  C:28B7H         PUBLIC        ?RTX?SET_ISR
  D:000CH         PUBLIC        ?RTX_CURRENTTASK
  D:0007H         PUBLIC        ?RTX_NEXTID
  C:28CDH         PUBLIC        ?RTX_NEXTTASK
  N:00FFH         PUBLIC        ?RTX_RAMTOP
  C:6682H         PUBLIC        ?RTX_TASKENTRY
  C:2981H         PUBLIC        ?RTX_TASKIDX
  I:0063H         PUBLIC        ?RTX_TASKSP
  I:001AH         PUBLIC        ?RTX_TASKSTATUS
  C:2948H         PUBLIC        MAIN
  C:28B8H         PUBLIC        OS_SWITCH_TASK
  C:28BFH         SYMBOL        ?C0001
  C:28C9H         SYMBOL        ?C0003
  C:28CEH         SYMBOL        ?C0005
  C:28E8H         SYMBOL        ?C0007
  C:28EAH         SYMBOL        ?C0009
  C:28F4H         SYMBOL        ?C0011
  C:2921H         SYMBOL        ?C0012
  C:2907H         SYMBOL        ?C0013
  C:290CH         SYMBOL        ?C0015
  C:2917H         SYMBOL        ?C0016
  N:0000H         SYMBOL        ?RTX51_TINY_KERNAL
  N:F63CH         SYMBOL        ?RTX_CLOCK
BL51 BANKED LINKER/LOCATER V6.00                                                      08/01/2017  18:09:01  PAGE 23


  N:0008H         SYMBOL        ?RTX_REGISTERBANK
  D:000AH         SYMBOL        ?RTX_SAVEACC
  D:000BH         SYMBOL        ?RTX_SAVEPSW
  C:286BH         SYMBOL        ?RTX_STACKERROR
  D:00E0H         SYMBOL        ACC
  D:00F0H         SYMBOL        B
  N:0005H         SYMBOL        B_ACTIVE
  N:0007H         SYMBOL        B_IVL
  N:0007H         SYMBOL        B_RDY
  N:0004H         SYMBOL        B_READY
  N:0006H         SYMBOL        B_ROBIN
  N:0002H         SYMBOL        B_SIGNAL
  N:0003H         SYMBOL        B_TIMEOUT
  N:0000H         SYMBOL        B_WAITSIG
  N:0001H         SYMBOL        B_WAITTIM
  C:2895H         SYMBOL        CHECKSTACK
  N:0000H         SYMBOL        CODE_BANKING
  N:0000H         SYMBOL        CPU_IDLE_CODE
  D:0083H         SYMBOL        DPH
  D:0082H         SYMBOL        DPL
  B:00A8H.7       SYMBOL        EA
  B:00A8H.4       SYMBOL        ES
  B:00A8H.1       SYMBOL        ET0
  B:00A8H.3       SYMBOL        ET1
  B:00A8H.0       SYMBOL        EX0
  B:00A8H.2       SYMBOL        EX1
  N:0014H         SYMBOL        FREE_STACK
  C:286FH         SYMBOL        HW_TIMER
  D:00A8H         SYMBOL        IE
  B:0088H.1       SYMBOL        IE0
  B:0088H.3       SYMBOL        IE1
  N:09C4H         SYMBOL        INT_CLOCK
  N:0001H         SYMBOL        INT_REGBANK
  B:0088H.0       SYMBOL        IT0
  B:0088H.2       SYMBOL        IT1
  N:0020H         SYMBOL        K_ACTIVE
  N:0080H         SYMBOL        K_IVL
  N:0080H         SYMBOL        K_RDY
  N:0010H         SYMBOL        K_READY
  N:0040H         SYMBOL        K_ROBIN
  N:0001H         SYMBOL        K_SIG
  N:0002H         SYMBOL        K_TMO
  N:0000H         SYMBOL        LONG_USR_INTR
  C:2951H         SYMBOL        MAIN1
  C:295BH         SYMBOL        MAIN1X
  C:2956H         SYMBOL        MAIN2
  C:293EH         SYMBOL        NOEVENT
  C:28B1H         SYMBOL        NOTIMEOUT
  C:28AFH         SYMBOL        NOWAITTIMEOUT
  C:28B8H         SYMBOL        OS_SWITCH_TASK1
  D:0087H         SYMBOL        PCON
  D:00D0H         SYMBOL        PSW
  N:00FFH         SYMBOL        RAMTOP
  N:0080H         SYMBOL        RDY_EVENT
  C:2932H         SYMBOL        SIGNALOFF
  C:293EH         SYMBOL        SIGNALON
  N:0004H         SYMBOL        SIG_EVENT
BL51 BANKED LINKER/LOCATER V6.00                                                      08/01/2017  18:09:01  PAGE 24


  D:0081H         SYMBOL        SP
  I:001BH         SYMBOL        TASKSTATE
  D:0088H         SYMBOL        TCON
  B:0088H.5       SYMBOL        TF0
  B:0088H.7       SYMBOL        TF1
  D:008CH         SYMBOL        TH0
  D:008DH         SYMBOL        TH1
  C:293AH         SYMBOL        TIMEOUTON
  C:2870H         SYMBOL        TIMERINT
  C:28A1H         SYMBOL        TIMERLOOP
  I:001AH         SYMBOL        TIMERVAL
  N:0000H         SYMBOL        TIMESHARING
  D:008AH         SYMBOL        TL0
  D:008BH         SYMBOL        TL1
  D:0089H         SYMBOL        TMOD
  N:0008H         SYMBOL        TMO_EVENT
  B:0088H.4       SYMBOL        TR0
  B:0088H.6       SYMBOL        TR1
  C:000BH         LINE#         271
  C:286BH         LINE#         279
  C:286FH         LINE#         282
  C:2870H         LINE#         299
  C:2873H         LINE#         301
  C:2876H         LINE#         302
  C:2879H         LINE#         303
  C:287BH         LINE#         305
  C:287DH         LINE#         306
  C:287FH         LINE#         307
  C:2881H         LINE#         308
  C:2883H         LINE#         309
  C:2885H         LINE#         310
  C:2887H         LINE#         311
  C:2889H         LINE#         312
  C:288BH         LINE#         316
  C:288CH         LINE#         317
  C:288EH         LINE#         318
  C:288FH         LINE#         319
  C:2890H         LINE#         320
  C:2893H         LINE#         321
  C:2895H         LINE#         322
  C:2896H         LINE#         323
  C:2898H         LINE#         324
  C:289BH         LINE#         325
  C:289DH         LINE#         329
  C:289FH         LINE#         330
  C:28A1H         LINE#         331
  C:28A2H         LINE#         332
  C:28A3H         LINE#         333
  C:28A4H         LINE#         334
  C:28A6H         LINE#         335
  C:28A8H         LINE#         336
  C:28A9H         LINE#         337
  C:28ACH         LINE#         338
  C:28AEH         LINE#         339
  C:28AFH         LINE#         340
  C:28B1H         LINE#         341
  C:28B2H         LINE#         342
BL51 BANKED LINKER/LOCATER V6.00                                                      08/01/2017  18:09:01  PAGE 25


  C:28B4H         LINE#         344
  C:28B5H         LINE#         345
  C:28B7H         LINE#         354
  C:28B8H         LINE#         426
  C:28BAH         LINE#         427
  C:28BBH         LINE#         429
  C:28BCH         LINE#         430
  C:28BEH         LINE#         431
  C:28BFH         LINE#         434
  C:28C0H         LINE#         435
  C:28C1H         LINE#         436
  C:28C2H         LINE#         444
  C:28C5H         LINE#         445
  C:28C7H         LINE#         446
  C:28C9H         LINE#         449
  C:28CAH         LINE#         450
  C:28CDH         LINE#         458
  C:28CEH         LINE#         462
  C:28D0H         LINE#         463
  C:28D1H         LINE#         464
  C:28D2H         LINE#         465
  C:28D4H         LINE#         468
  C:28D6H         LINE#         470
  C:28D8H         LINE#         471
  C:28DAH         LINE#         472
  C:28DBH         LINE#         473
  C:28DCH         LINE#         474
  C:28DDH         LINE#         476
  C:28DFH         LINE#         478
  C:28E0H         LINE#         479
  C:28E1H         LINE#         480
  C:28E3H         LINE#         481
  C:28E6H         LINE#         482
  C:28E8H         LINE#         484
  C:28E9H         LINE#         485
  C:28EAH         LINE#         490
  C:28EBH         LINE#         491
  C:28ECH         LINE#         492
  C:28EEH         LINE#         496
  C:28EFH         LINE#         497
  C:28F0H         LINE#         498
  C:28F2H         LINE#         499
  C:28F4H         LINE#         505
  C:28F6H         LINE#         506
  C:28F7H         LINE#         507
  C:28F8H         LINE#         508
  C:28FAH         LINE#         510
  C:28FCH         LINE#         511
  C:28FEH         LINE#         512
  C:28FFH         LINE#         513
  C:2900H         LINE#         516
  C:2902H         LINE#         517
  C:2905H         LINE#         518
  C:2907H         LINE#         520
  C:2908H         LINE#         522
  C:2909H         LINE#         523
  C:290AH         LINE#         524
BL51 BANKED LINKER/LOCATER V6.00                                                      08/01/2017  18:09:01  PAGE 26


  C:290BH         LINE#         525
  C:290CH         LINE#         529
  C:290EH         LINE#         530
  C:290FH         LINE#         531
  C:2911H         LINE#         535
  C:2913H         LINE#         536
  C:2914H         LINE#         537
  C:2915H         LINE#         539
  C:2917H         LINE#         543
  C:2919H         LINE#         544
  C:291BH         LINE#         545
  C:291CH         LINE#         546
  C:291DH         LINE#         548
  C:291FH         LINE#         549
  C:2921H         LINE#         559
  C:2923H         LINE#         560
  C:2924H         LINE#         561
  C:2926H         LINE#         562
  C:2927H         LINE#         563
  C:2929H         LINE#         564
  C:292BH         LINE#         565
  C:292CH         LINE#         571
  C:292FH         LINE#         572
  C:2932H         LINE#         576
  C:2934H         LINE#         577
  C:2937H         LINE#         578
  C:293AH         LINE#         580
  C:293CH         LINE#         581
  C:293EH         LINE#         583
  C:2940H         LINE#         584
  C:2941H         LINE#         585
  C:2943H         LINE#         587
  C:2945H         LINE#         588
  C:2947H         LINE#         601
  C:2948H         LINE#         642
  C:294AH         LINE#         643
  C:294CH         LINE#         644
  C:294EH         LINE#         645
  C:2950H         LINE#         646
  C:2951H         LINE#         647
  C:2952H         LINE#         648
  C:2954H         LINE#         649
  C:2956H         LINE#         650
  C:2958H         LINE#         651
  C:2959H         LINE#         652
  C:295BH         LINE#         653
  C:295CH         LINE#         654
  C:295DH         LINE#         655
  C:295EH         LINE#         656
  C:295FH         LINE#         657
  C:2961H         LINE#         658
  C:2963H         LINE#         659
  C:2965H         LINE#         660
  C:2968H         LINE#         661
  C:296AH         LINE#         662
  C:296BH         LINE#         663
  C:296DH         LINE#         664
BL51 BANKED LINKER/LOCATER V6.00                                                      08/01/2017  18:09:01  PAGE 27


  C:296EH         LINE#         665
  C:296FH         LINE#         666
  C:2971H         LINE#         670
  C:2974H         LINE#         671
  C:2977H         LINE#         672
  C:297AH         LINE#         673
  C:297CH         LINE#         674
  C:297EH         LINE#         675
  C:2980H         LINE#         676
  -------         ENDMOD        ?RTX51_TINY_KERNAL

  -------         MODULE        BUTTON
  C:0000H         SYMBOL        _ICE_DUMMY_
  D:0080H         PUBLIC        P0
  D:0090H         PUBLIC        P1
  D:00A0H         PUBLIC        P2
  D:00B0H         PUBLIC        P3
  D:00C0H         PUBLIC        P4
  D:00C8H         PUBLIC        P5
  D:00E8H         PUBLIC        P6
  D:00F8H         PUBLIC        P7
  D:00A8H         PUBLIC        IE
  D:00B8H         PUBLIC        IP
  D:00D8H         PUBLIC        CCON
  C:5346H         PUBLIC        buttonScan
  B:0021H.1       SYMBOL        BUTTON1_bit
  B:0021H.2       SYMBOL        BUTTON2_bit
  B:0021H.3       SYMBOL        BUTTON3_bit
  B:0021H.4       SYMBOL        BUTTON4_bit
  D:0098H         PUBLIC        SCON
  B:00A0H.3       PUBLIC        P23
  D:0088H         PUBLIC        TCON
  B:00A0H.4       PUBLIC        P24
  B:00A0H.5       PUBLIC        P25
  B:00A0H.6       PUBLIC        P26
  D:00F0H         PUBLIC        B
  C:60A6H         PUBLIC        _getButtonState
  D:00E0H         PUBLIC        ACC
  C:5F73H         PUBLIC        Button_config
  C:65EDH         SYMBOL        _digitalRead
  D:00D0H         PUBLIC        PSW
  -------         PROC          BUTTON_CONFIG
  -------         DO            
  X:06C0H         SYMBOL        GPIO_InitStructure
  -------         ENDDO         
  C:5F73H         LINE#         24
  C:5F73H         LINE#         25
  C:5F73H         LINE#         27
  C:5F79H         LINE#         28
  C:5F7EH         LINE#         29
  C:5F89H         LINE#         30
  C:5F8BH         LINE#         31
  C:5F8DH         LINE#         32
  C:5F8FH         LINE#         33
  C:5F91H         LINE#         34
  -------         ENDPROC       BUTTON_CONFIG
  -------         PROC          _DIGITALREAD
BL51 BANKED LINKER/LOCATER V6.00                                                      08/01/2017  18:09:01  PAGE 28


  D:0006H         SYMBOL        pin
  C:65EDH         LINE#         42
  C:65EDH         LINE#         43
  C:65EDH         LINE#         44
  C:65F1H         LINE#         45
  C:65F1H         LINE#         46
  C:65F6H         LINE#         47
  C:65F6H         LINE#         48
  -------         ENDPROC       _DIGITALREAD
  -------         PROC          _GETBUTTONSTATE
  D:0007H         SYMBOL        BUTTON_data
  C:60A6H         LINE#         60
  C:60A6H         LINE#         61
  C:60A6H         LINE#         62
  C:60B7H         LINE#         63
  C:60B7H         LINE#         64
  C:60B7H         LINE#         65
  C:60BAH         LINE#         66
  C:60BAH         LINE#         67
  C:60BAH         LINE#         68
  C:60BDH         LINE#         69
  C:60BDH         LINE#         70
  C:60BDH         LINE#         71
  C:60C0H         LINE#         72
  C:60C0H         LINE#         73
  C:60C0H         LINE#         74
  C:60C2H         LINE#         75
  C:60C2H         LINE#         76
  C:60C2H         LINE#         77
  -------         ENDPROC       _GETBUTTONSTATE
  -------         PROC          BUTTONSCAN
  C:5346H         LINE#         87
  C:5346H         LINE#         88
  C:5346H         LINE#         89
  C:5351H         LINE#         90
  C:5351H         LINE#         91
  C:535BH         LINE#         92
  C:535BH         LINE#         96
  C:535DH         LINE#         97
  C:535DH         LINE#         98
  C:535FH         LINE#         100
  C:535FH         LINE#         101
  C:5361H         LINE#         102
  C:5361H         LINE#         103
  C:536CH         LINE#         104
  C:536CH         LINE#         105
  C:536FH         LINE#         106
  C:536FH         LINE#         110
  C:5371H         LINE#         111
  C:5371H         LINE#         112
  C:5373H         LINE#         114
  C:5373H         LINE#         115
  C:5375H         LINE#         116
  C:5375H         LINE#         117
  C:5380H         LINE#         118
  C:5380H         LINE#         119
  C:5383H         LINE#         120
BL51 BANKED LINKER/LOCATER V6.00                                                      08/01/2017  18:09:01  PAGE 29


  C:5383H         LINE#         124
  C:5385H         LINE#         126
  C:5385H         LINE#         127
  C:5387H         LINE#         129
  C:5387H         LINE#         130
  C:5389H         LINE#         131
  C:5389H         LINE#         132
  C:5394H         LINE#         133
  C:5394H         LINE#         134
  C:5397H         LINE#         135
  C:5397H         LINE#         139
  C:5399H         LINE#         141
  C:5399H         LINE#         142
  C:539AH         LINE#         144
  C:539AH         LINE#         145
  C:539CH         LINE#         146
  C:539CH         LINE#         147
  -------         ENDPROC       BUTTONSCAN
  -------         ENDMOD        BUTTON

  -------         MODULE        LCD5510_V2
  C:0000H         SYMBOL        _ICE_DUMMY_
  D:0080H         PUBLIC        P0
  D:0090H         PUBLIC        P1
  D:00A0H         PUBLIC        P2
  D:00B0H         PUBLIC        P3
  D:00C0H         PUBLIC        P4
  D:00C8H         PUBLIC        P5
  D:00E8H         PUBLIC        P6
  D:00F8H         PUBLIC        P7
  D:00A8H         PUBLIC        IE
  B:00C8H.0       PUBLIC        LCD_CLK
  B:00C8H.1       PUBLIC        LCD_DIN
  C:2AFFH         PUBLIC        Font_code
  C:569BH         PUBLIC        LCD5510_Init
  D:00B8H         PUBLIC        IP
  C:63BFH         PUBLIC        _LCD_pos_byte
  C:5EF2H         PUBLIC        LCD_clr_scr
  D:00D8H         PUBLIC        CCON
  B:00C8H.4       PUBLIC        LCD_RST
  C:63E7H         PUBLIC        _LCD_clr_row
  D:0098H         PUBLIC        SCON
  D:0088H         PUBLIC        TCON
  B:00C8H.2       PUBLIC        LCD_DC
  C:5613H         PUBLIC        _LCD_printNum_F
  C:5908H         PUBLIC        _LCD_printNum_I
  D:00F0H         PUBLIC        B
  C:54ECH         PUBLIC        _LCD_printsl
  D:00E0H         PUBLIC        ACC
  C:57E3H         PUBLIC        _LCD_printc
  B:00C8H.3       PUBLIC        LCD_CS
  C:5892H         PUBLIC        _LCD_prints
  C:5F13H         PUBLIC        _LCD_write_byte
  D:00D0H         PUBLIC        PSW
  -------         PROC          _LCD_WRITE_BYTE
  D:0007H         SYMBOL        wbyte
  D:0005H         SYMBOL        dat_cmd
BL51 BANKED LINKER/LOCATER V6.00                                                      08/01/2017  18:09:01  PAGE 30


  -------         DO            
  D:0006H         SYMBOL        i
  -------         ENDDO         
  C:5F13H         LINE#         111
  C:5F13H         LINE#         112
  C:5F13H         LINE#         115
  C:5F15H         LINE#         116
  C:5F1AH         LINE#         118
  C:5F1CH         LINE#         119
  C:5F1CH         LINE#         120
  C:5F24H         LINE#         121
  C:5F26H         LINE#         123
  C:5F28H         LINE#         124
  C:5F2CH         LINE#         125
  C:5F2EH         LINE#         126
  C:5F30H         LINE#         128
  C:5F32H         LINE#         129
  -------         ENDPROC       _LCD_WRITE_BYTE
  -------         PROC          LCD_CLR_SCR
  -------         DO            
  D:0002H         SYMBOL        i
  -------         ENDDO         
[...]
  C:4F42H         LINE#         420
  C:4F42H         LINE#         421
  C:4F4DH         LINE#         422
  C:4F61H         LINE#         423
  C:4F67H         LINE#         424
  C:4F67H         LINE#         425
  C:4F67H         LINE#         427
  C:4F6CH         LINE#         428
  C:4F6CH         LINE#         429
  C:4F6FH         LINE#         430
  C:4F7CH         LINE#         431
  C:4F7CH         LINE#         432
BL51 BANKED LINKER/LOCATER V6.00                                                      08/01/2017  18:09:01  PAGE 107


  C:4F89H         LINE#         433
  C:4F96H         LINE#         434
  C:4F98H         LINE#         435
  C:4F9DH         LINE#         436
  C:4F9DH         LINE#         438
  -------         ENDPROC       UART4_INT
  -------         ENDMOD        USART1

  -------         MODULE        ?C?FPADD
  C:0807H         PUBLIC        ?C?FPADD
  C:0803H         PUBLIC        ?C?FPSUB
  -------         ENDMOD        ?C?FPADD

  -------         MODULE        ?C?FPMUL
  C:08F8H         PUBLIC        ?C?FPMUL
  -------         ENDMOD        ?C?FPMUL

  -------         MODULE        ?C?FPDIV
  C:0A01H         PUBLIC        ?C?FPDIV
  -------         ENDMOD        ?C?FPDIV

  -------         MODULE        ?C?FPCMP
  C:0AA0H         PUBLIC        ?C?FPCMP
  C:0A9EH         PUBLIC        ?C?FPCMP3
  -------         ENDMOD        ?C?FPCMP

  -------         MODULE        ?C?FCAST
  C:0B15H         PUBLIC        ?C?FCASTC
  C:0B10H         PUBLIC        ?C?FCASTI
  C:0B0BH         PUBLIC        ?C?FCASTL
  -------         ENDMOD        ?C?FCAST

  -------         MODULE        ?C?CASTF
  C:0B49H         PUBLIC        ?C?CASTF
  -------         ENDMOD        ?C?CASTF

  -------         MODULE        PRINTF
  X:0382H         PUBLIC        ?_PRINTF?BYTE
  X:0382H         PUBLIC        ?_SPRINTF?BYTE
  C:1D26H         PUBLIC        _PRINTF
  C:1D20H         PUBLIC        _SPRINTF
  -------         ENDMOD        PRINTF

  -------         MODULE        ?C?FPROUND
  C:0BCAH         PUBLIC        ?C?FPROUND
  -------         ENDMOD        ?C?FPROUND

  -------         MODULE        ?C?FPCONVERT
  C:0C07H         PUBLIC        ?C?FPCONVERT
  -------         ENDMOD        ?C?FPCONVERT

  -------         MODULE        ?C?FTNPWR
  C:0D3CH         PUBLIC        ?C?FTNPWR
  -------         ENDMOD        ?C?FTNPWR

  -------         MODULE        ?C?CLDPTR
  C:0D7CH         PUBLIC        ?C?CLDPTR
BL51 BANKED LINKER/LOCATER V6.00                                                      08/01/2017  18:09:01  PAGE 108


  -------         ENDMOD        ?C?CLDPTR

  -------         MODULE        ?C?CLDOPTR
  C:0D95H         PUBLIC        ?C?CLDOPTR
  -------         ENDMOD        ?C?CLDOPTR

  -------         MODULE        ?C?CSTPTR
  C:0DC2H         PUBLIC        ?C?CSTPTR
  -------         ENDMOD        ?C?CSTPTR

  -------         MODULE        ?C?CSTOPTR
  C:0DD4H         PUBLIC        ?C?CSTOPTR
  -------         ENDMOD        ?C?CSTOPTR

  -------         MODULE        ?C?IMUL
  C:0DF6H         PUBLIC        ?C?IMUL
  -------         ENDMOD        ?C?IMUL

  -------         MODULE        ?C?UIDIV
  C:0E08H         PUBLIC        ?C?UIDIV
  -------         ENDMOD        ?C?UIDIV

  -------         MODULE        ?C?SIDIV
  C:0E5DH         PUBLIC        ?C?SIDIV
  -------         ENDMOD        ?C?SIDIV

  -------         MODULE        ?C?IILDX
  C:0E93H         PUBLIC        ?C?IILDX
  -------         ENDMOD        ?C?IILDX

  -------         MODULE        ?C?ILDIX
  C:0EA9H         PUBLIC        ?C?ILDIX
  -------         ENDMOD        ?C?ILDIX

  -------         MODULE        ?C?ILDOPTR
  C:0EBFH         PUBLIC        ?C?ILDOPTR
  -------         ENDMOD        ?C?ILDOPTR

  -------         MODULE        ?C?LMUL
  C:0EF7H         PUBLIC        ?C?LMUL
  -------         ENDMOD        ?C?LMUL

  -------         MODULE        ?C?ULDIV
  C:0F82H         PUBLIC        ?C?ULDIV
  -------         ENDMOD        ?C?ULDIV

  -------         MODULE        ?C?SLDIV
  C:5657H         PUBLIC        ?C?SLDIV
  -------         ENDMOD        ?C?SLDIV

  -------         MODULE        ?C?LNEG
  C:1014H         PUBLIC        ?C?LNEG
  -------         ENDMOD        ?C?LNEG

  -------         MODULE        ?C?ULCMP
  C:1022H         PUBLIC        ?C?ULCMP
  -------         ENDMOD        ?C?ULCMP
BL51 BANKED LINKER/LOCATER V6.00                                                      08/01/2017  18:09:01  PAGE 109



  -------         MODULE        ?C?ULSHR
  C:1033H         PUBLIC        ?C?ULSHR
  -------         ENDMOD        ?C?ULSHR

  -------         MODULE        ?C?LLDOPTR0
  C:1046H         PUBLIC        ?C?LLDOPTR0
  -------         ENDMOD        ?C?LLDOPTR0

  -------         MODULE        ?C?LSTXDATA
  C:1076H         PUBLIC        ?C?LSTXDATA
  -------         ENDMOD        ?C?LSTXDATA

  -------         MODULE        ?C?LSTKXDATA
  C:1082H         PUBLIC        ?C?LSTKXDATA
  -------         ENDMOD        ?C?LSTKXDATA

  -------         MODULE        ?C?OFFXADD
  C:10B3H         PUBLIC        ?C?OFFXADD
  -------         ENDMOD        ?C?OFFXADD

  -------         MODULE        ?C?PLDIXDATA
  C:10BFH         PUBLIC        ?C?PLDIXDATA
  -------         ENDMOD        ?C?PLDIXDATA

  -------         MODULE        ?C?PSTXDATA
  C:10D6H         PUBLIC        ?C?PSTXDATA
  -------         ENDMOD        ?C?PSTXDATA

  -------         MODULE        ?C?CCASE
  C:10DFH         PUBLIC        ?C?CCASE
  -------         ENDMOD        ?C?CCASE

  -------         MODULE        ?C?ICALL
  C:1105H         PUBLIC        ?C?ICALL
  C:1109H         PUBLIC        ?C?ICALL2
  -------         ENDMOD        ?C?ICALL

  -------         MODULE        PUTCHAR
  C:5D08H         PUBLIC        _PUTCHAR
  -------         ENDMOD        PUTCHAR

  -------         MODULE        ?C?LLDIDATA0
  C:110BH         PUBLIC        ?C?LLDIDATA0
  -------         ENDMOD        ?C?LLDIDATA0

  -------         MODULE        ?C?LLDXDATA0
  C:1118H         PUBLIC        ?C?LLDXDATA0
  -------         ENDMOD        ?C?LLDXDATA0

  -------         MODULE        ?C?LLDPDATA0
  C:1124H         PUBLIC        ?C?LLDPDATA0
  -------         ENDMOD        ?C?LLDPDATA0

  -------         MODULE        ?C?LLDCODE0
  C:1131H         PUBLIC        ?C?LLDCODE0
  -------         ENDMOD        ?C?LLDCODE0
BL51 BANKED LINKER/LOCATER V6.00                                                      08/01/2017  18:09:01  PAGE 110



*** WARNING L16: UNCALLED SEGMENT, IGNORED FOR OVERLAY PROCESS
    SEGMENT: ?PR?MODE1?MODE

*** WARNING L16: UNCALLED SEGMENT, IGNORED FOR OVERLAY PROCESS
    SEGMENT: ?PR?MODE2?MODE

*** WARNING L16: UNCALLED SEGMENT, IGNORED FOR OVERLAY PROCESS
    SEGMENT: ?PR?MODE3?MODE

*** WARNING L16: UNCALLED SEGMENT, IGNORED FOR OVERLAY PROCESS
    SEGMENT: ?PR?MODE4?MODE

*** WARNING L16: UNCALLED SEGMENT, IGNORED FOR OVERLAY PROCESS
    SEGMENT: ?PR?MODELAUNCHER?MODE

*** WARNING L16: UNCALLED SEGMENT, IGNORED FOR OVERLAY PROCESS
    SEGMENT: ?PR?_FILTER?FILTER

*** WARNING L16: UNCALLED SEGMENT, IGNORED FOR OVERLAY PROCESS
    SEGMENT: ?PR?_KALMANFILTER?FILTER

*** WARNING L16: UNCALLED SEGMENT, IGNORED FOR OVERLAY PROCESS
    SEGMENT: ?PR?_PID_CONFIG?PID

*** WARNING L16: UNCALLED SEGMENT, IGNORED FOR OVERLAY PROCESS
    SEGMENT: ?PR?_OPENPID?PID

*** WARNING L16: UNCALLED SEGMENT, IGNORED FOR OVERLAY PROCESS
    SEGMENT: ?PR?_CLOSEPID?PID

*** WARNING L16: UNCALLED SEGMENT, IGNORED FOR OVERLAY PROCESS
    SEGMENT: ?PR?_PID?PID

*** WARNING L16: UNCALLED SEGMENT, IGNORED FOR OVERLAY PROCESS
    SEGMENT: ?PR?_INCREMENTAL_PID?PID

*** WARNING L16: UNCALLED SEGMENT, IGNORED FOR OVERLAY PROCESS
    SEGMENT: ?PR?_SETPARAMETERINFERIORLIMIT?PID

*** WARNING L16: UNCALLED SEGMENT, IGNORED FOR OVERLAY PROCESS
    SEGMENT: ?PR?_SETPARAMETERUPPERLIMIT?PID

*** WARNING L16: UNCALLED SEGMENT, IGNORED FOR OVERLAY PROCESS
    SEGMENT: ?PR?_SETACTUALPARAMETER?PID

*** WARNING L16: UNCALLED SEGMENT, IGNORED FOR OVERLAY PROCESS
    SEGMENT: ?PR?_SETKI?PID

*** WARNING L16: UNCALLED SEGMENT, IGNORED FOR OVERLAY PROCESS
    SEGMENT: ?PR?_SETKP?PID

*** WARNING L16: UNCALLED SEGMENT, IGNORED FOR OVERLAY PROCESS
    SEGMENT: ?PR?_SETKD?PID

*** WARNING L16: UNCALLED SEGMENT, IGNORED FOR OVERLAY PROCESS
    SEGMENT: ?PR?_SETPARAMETER?PID
BL51 BANKED LINKER/LOCATER V6.00                                                      08/01/2017  18:09:01  PAGE 111



*** WARNING L16: UNCALLED SEGMENT, IGNORED FOR OVERLAY PROCESS
    SEGMENT: ?PR?_GETPARAMETER?PID

*** WARNING L16: UNCALLED SEGMENT, IGNORED FOR OVERLAY PROCESS
    SEGMENT: ?PR?_GETERR?PID

*** WARNING L16: UNCALLED SEGMENT, IGNORED FOR OVERLAY PROCESS
    SEGMENT: ?PR?_GETERRLAST?PID

*** WARNING L16: UNCALLED SEGMENT, IGNORED FOR OVERLAY PROCESS
    SEGMENT: ?PR?_GETKP?PID

*** WARNING L16: UNCALLED SEGMENT, IGNORED FOR OVERLAY PROCESS
    SEGMENT: ?PR?_GETKI?PID

*** WARNING L16: UNCALLED SEGMENT, IGNORED FOR OVERLAY PROCESS
    SEGMENT: ?PR?_GETKD?PID

*** WARNING L16: UNCALLED SEGMENT, IGNORED FOR OVERLAY PROCESS
    SEGMENT: ?PR?_GETOUTPUT?PID

*** WARNING L16: UNCALLED SEGMENT, IGNORED FOR OVERLAY PROCESS
    SEGMENT: ?PR?_GETINTEGRAL?PID

*** WARNING L16: UNCALLED SEGMENT, IGNORED FOR OVERLAY PROCESS
    SEGMENT: ?PR?BUTTON_CONFIG?BUTTON

*** WARNING L16: UNCALLED SEGMENT, IGNORED FOR OVERLAY PROCESS
    SEGMENT: ?PR?_GETBUTTONSTATE?BUTTON

*** WARNING L16: UNCALLED SEGMENT, IGNORED FOR OVERLAY PROCESS
    SEGMENT: ?PR?BUTTONSCAN?BUTTON

*** WARNING L16: UNCALLED SEGMENT, IGNORED FOR OVERLAY PROCESS
    SEGMENT: ?PR?_LCD_CLR_ROW?LCD5510_V2

*** WARNING L16: UNCALLED SEGMENT, IGNORED FOR OVERLAY PROCESS
    SEGMENT: ?PR?_LCD_PRINTS?LCD5510_V2

*** WARNING L16: UNCALLED SEGMENT, IGNORED FOR OVERLAY PROCESS
    SEGMENT: ?PR?_LCD_PRINTNUM_F?LCD5510_V2

*** WARNING L16: UNCALLED SEGMENT, IGNORED FOR OVERLAY PROCESS
    SEGMENT: ?PR?GETBOARD_LED_STATE?LED

*** WARNING L16: UNCALLED SEGMENT, IGNORED FOR OVERLAY PROCESS
    SEGMENT: ?PR?_BOARD_LED_PWM?LED

*** WARNING L16: UNCALLED SEGMENT, IGNORED FOR OVERLAY PROCESS
    SEGMENT: ?PR?_SETDC_MOTORSPEED?MOTOR

*** WARNING L16: UNCALLED SEGMENT, IGNORED FOR OVERLAY PROCESS
    SEGMENT: ?PR?_OPEN_DC_MOTOR?MOTOR

*** WARNING L16: UNCALLED SEGMENT, IGNORED FOR OVERLAY PROCESS
    SEGMENT: ?PR?_CLOSE_DC_MOTOR?MOTOR
BL51 BANKED LINKER/LOCATER V6.00                                                      08/01/2017  18:09:01  PAGE 112



*** WARNING L16: UNCALLED SEGMENT, IGNORED FOR OVERLAY PROCESS
    SEGMENT: ?PR?_GETDC_MOTORSTATE?MOTOR

*** WARNING L16: UNCALLED SEGMENT, IGNORED FOR OVERLAY PROCESS
    SEGMENT: ?PR?DC_MOTOR_CONFIG?MOTOR

*** WARNING L16: UNCALLED SEGMENT, IGNORED FOR OVERLAY PROCESS
    SEGMENT: ?PR?_INIT_STR_MOTOR?SERVO

*** WARNING L16: UNCALLED SEGMENT, IGNORED FOR OVERLAY PROCESS
    SEGMENT: ?PR?_SET_STR_ANGLE?SERVO

*** WARNING L16: UNCALLED SEGMENT, IGNORED FOR OVERLAY PROCESS
    SEGMENT: ?PR?_READ_STR_ANGLE?SERVO

*** WARNING L16: UNCALLED SEGMENT, IGNORED FOR OVERLAY PROCESS
    SEGMENT: ?PR?_OPEN_STR?SERVO

*** WARNING L16: UNCALLED SEGMENT, IGNORED FOR OVERLAY PROCESS
    SEGMENT: ?PR?_CLOSE_STR?SERVO

*** WARNING L16: UNCALLED SEGMENT, IGNORED FOR OVERLAY PROCESS
    SEGMENT: ?PR?_SETSTEPMOTORWITHDISTANCE?STEP_MOTOR

*** WARNING L16: UNCALLED SEGMENT, IGNORED FOR OVERLAY PROCESS
    SEGMENT: ?PR?_SETSTEPMOTORWITHROUND?STEP_MOTOR

*** WARNING L16: UNCALLED SEGMENT, IGNORED FOR OVERLAY PROCESS
    SEGMENT: ?PR?_SETSTEPMOTORSTATE?STEP_MOTOR

*** WARNING L16: UNCALLED SEGMENT, IGNORED FOR OVERLAY PROCESS
    SEGMENT: ?PR?_GETSTEPMOTORSTATE?STEP_MOTOR

*** WARNING L16: UNCALLED SEGMENT, IGNORED FOR OVERLAY PROCESS
    SEGMENT: ?PR?_SETSTEPMOTORDIVERSION?STEP_MOTOR

*** WARNING L16: UNCALLED SEGMENT, IGNORED FOR OVERLAY PROCESS
    SEGMENT: ?PR?_CLOSE_STEPMOTOR?STEP_MOTOR

*** WARNING L16: UNCALLED SEGMENT, IGNORED FOR OVERLAY PROCESS
    SEGMENT: ?PR?_OPEN_STEPMOTOR?STEP_MOTOR

*** WARNING L16: UNCALLED SEGMENT, IGNORED FOR OVERLAY PROCESS
    SEGMENT: ?PR?_FREESTEPMOTOR?STEP_MOTOR

*** WARNING L16: UNCALLED SEGMENT, IGNORED FOR OVERLAY PROCESS
    SEGMENT: ?PR?_LOCKSTEPMOTOR?STEP_MOTOR

*** WARNING L16: UNCALLED SEGMENT, IGNORED FOR OVERLAY PROCESS
    SEGMENT: ?PR?_STEPMOTOR_INIT?STEP_MOTOR

*** WARNING L16: UNCALLED SEGMENT, IGNORED FOR OVERLAY PROCESS
    SEGMENT: ?PR?_ADC_CONFIG?ANGLE

*** WARNING L16: UNCALLED SEGMENT, IGNORED FOR OVERLAY PROCESS
    SEGMENT: ?PR?GETANGLE?ANGLE
BL51 BANKED LINKER/LOCATER V6.00                                                      08/01/2017  18:09:01  PAGE 113



*** WARNING L16: UNCALLED SEGMENT, IGNORED FOR OVERLAY PROCESS
    SEGMENT: ?PR?_HC595_INIT?74HC595

*** WARNING L16: UNCALLED SEGMENT, IGNORED FOR OVERLAY PROCESS
    SEGMENT: ?PR?_HC595SENDDATA?74HC595

*** WARNING L16: UNCALLED SEGMENT, IGNORED FOR OVERLAY PROCESS
    SEGMENT: ?PR?_GETPULSERSTATE?FIXEDPULSER

*** WARNING L16: UNCALLED SEGMENT, IGNORED FOR OVERLAY PROCESS
    SEGMENT: ?PR?SETCARFORWARD?MT_1_L298N

*** WARNING L16: UNCALLED SEGMENT, IGNORED FOR OVERLAY PROCESS
    SEGMENT: ?PR?SETCARBACK?MT_1_L298N

*** WARNING L16: UNCALLED SEGMENT, IGNORED FOR OVERLAY PROCESS
    SEGMENT: ?PR?SETCARSTOP?MT_1_L298N

*** WARNING L16: UNCALLED SEGMENT, IGNORED FOR OVERLAY PROCESS
    SEGMENT: ?PR?SETCARRIGHTFORWARD?MT_1_L298N

*** WARNING L16: UNCALLED SEGMENT, IGNORED FOR OVERLAY PROCESS
    SEGMENT: ?PR?SETCARRIGHTBACK?MT_1_L298N

*** WARNING L16: UNCALLED SEGMENT, IGNORED FOR OVERLAY PROCESS
    SEGMENT: ?PR?SETCARRIGHTTURN?MT_1_L298N

*** WARNING L16: UNCALLED SEGMENT, IGNORED FOR OVERLAY PROCESS
    SEGMENT: ?PR?SETCARLEFTFORWARD?MT_1_L298N

*** WARNING L16: UNCALLED SEGMENT, IGNORED FOR OVERLAY PROCESS
    SEGMENT: ?PR?SETCARLEFTBACK?MT_1_L298N

*** WARNING L16: UNCALLED SEGMENT, IGNORED FOR OVERLAY PROCESS
    SEGMENT: ?PR?SETCARLEFTTURN?MT_1_L298N

*** WARNING L16: UNCALLED SEGMENT, IGNORED FOR OVERLAY PROCESS
    SEGMENT: ?PR?SPI_INIT?MPU9250

*** WARNING L16: UNCALLED SEGMENT, IGNORED FOR OVERLAY PROCESS
    SEGMENT: ?PR?INIT_MPU9250?MPU9250

*** WARNING L16: UNCALLED SEGMENT, IGNORED FOR OVERLAY PROCESS
    SEGMENT: ?PR?READ_MPU9250_ACCEL?MPU9250

*** WARNING L16: UNCALLED SEGMENT, IGNORED FOR OVERLAY PROCESS
    SEGMENT: ?PR?READ_MPU9250_GYRO?MPU9250

*** WARNING L16: UNCALLED SEGMENT, IGNORED FOR OVERLAY PROCESS
    SEGMENT: ?PR?READ_MPU9250_MAG?MPU9250

*** WARNING L16: UNCALLED SEGMENT, IGNORED FOR OVERLAY PROCESS
    SEGMENT: ?PR?_DISABLEJY901?MPU9250_SBUF

*** WARNING L16: UNCALLED SEGMENT, IGNORED FOR OVERLAY PROCESS
    SEGMENT: ?PR?_CLOSEJY901SBUFMODE?MPU9250_SBUF
BL51 BANKED LINKER/LOCATER V6.00                                                      08/01/2017  18:09:01  PAGE 114



*** WARNING L16: UNCALLED SEGMENT, IGNORED FOR OVERLAY PROCESS
    SEGMENT: ?PR?_GETJY901ACCELERATION?MPU9250_SBUF

*** WARNING L16: UNCALLED SEGMENT, IGNORED FOR OVERLAY PROCESS
    SEGMENT: ?PR?_GETJY901PALSTANCE?MPU9250_SBUF

*** WARNING L16: UNCALLED SEGMENT, IGNORED FOR OVERLAY PROCESS
    SEGMENT: ?PR?_GETJY901MAGNETIC?MPU9250_SBUF

*** WARNING L16: UNCALLED SEGMENT, IGNORED FOR OVERLAY PROCESS
    SEGMENT: ?PR?_SETRELAY?RELAY

*** WARNING L16: UNCALLED SEGMENT, IGNORED FOR OVERLAY PROCESS
    SEGMENT: ?PR?_UNSETRELAY?RELAY

*** WARNING L16: UNCALLED SEGMENT, IGNORED FOR OVERLAY PROCESS
    SEGMENT: ?PR?RELAY_INIT?RELAY

*** WARNING L16: UNCALLED SEGMENT, IGNORED FOR OVERLAY PROCESS
    SEGMENT: ?PR?GETBUTTONNUM?TM1638

*** WARNING L16: UNCALLED SEGMENT, IGNORED FOR OVERLAY PROCESS
    SEGMENT: ?PR?INIT_TM1638?TM1638

*** WARNING L16: UNCALLED SEGMENT, IGNORED FOR OVERLAY PROCESS
    SEGMENT: ?PR?_TM1638LEDDISPLAY?TM1638

*** WARNING L16: UNCALLED SEGMENT, IGNORED FOR OVERLAY PROCESS
    SEGMENT: ?PR?CLOSETM1638DISPLAY?TM1638

*** WARNING L16: UNCALLED SEGMENT, IGNORED FOR OVERLAY PROCESS
    SEGMENT: ?PR?_ADC_POWERCONTROL?ADC

*** WARNING L16: UNCALLED SEGMENT, IGNORED FOR OVERLAY PROCESS
    SEGMENT: ?PR?_EEPROM_READ_N?STC15_EEPROM

*** WARNING L16: UNCALLED SEGMENT, IGNORED FOR OVERLAY PROCESS
    SEGMENT: ?PR?_EEPROM_SECTORERASE?STC15_EEPROM

*** WARNING L16: UNCALLED SEGMENT, IGNORED FOR OVERLAY PROCESS
    SEGMENT: ?PR?_EEPROM_WRITE_N?STC15_EEPROM

*** WARNING L16: UNCALLED SEGMENT, IGNORED FOR OVERLAY PROCESS
    SEGMENT: ?PR?_EXT_INILIZE?STC15_EXTI

*** WARNING L16: UNCALLED SEGMENT, IGNORED FOR OVERLAY PROCESS
    SEGMENT: ?PR?_SETPINSTATE?GPIO

*** WARNING L16: UNCALLED SEGMENT, IGNORED FOR OVERLAY PROCESS
    SEGMENT: ?PR?_IIC_WRDATTOADD?STC15_IIC

*** WARNING L16: UNCALLED SEGMENT, IGNORED FOR OVERLAY PROCESS
    SEGMENT: ?PR?_IIC_RDDATFROMADD?STC15_IIC

*** WARNING L16: UNCALLED SEGMENT, IGNORED FOR OVERLAY PROCESS
    SEGMENT: ?PR?_PWMN_UPDATE?PCA
BL51 BANKED LINKER/LOCATER V6.00                                                      08/01/2017  18:09:01  PAGE 115



*** WARNING L16: UNCALLED SEGMENT, IGNORED FOR OVERLAY PROCESS
    SEGMENT: ?PR?_PCA_INIT?PCA

*** WARNING L16: UNCALLED SEGMENT, IGNORED FOR OVERLAY PROCESS
    SEGMENT: ?PR?_PWMOUTPUT?PCA

*** WARNING L16: UNCALLED SEGMENT, IGNORED FOR OVERLAY PROCESS
    SEGMENT: ?PR?_GET_PWM_PERIOD?STC15_PWM

*** WARNING L16: UNCALLED SEGMENT, IGNORED FOR OVERLAY PROCESS
    SEGMENT: ?PR?_GET_PWM_N_DUTY?STC15_PWM

*** WARNING L16: UNCALLED SEGMENT, IGNORED FOR OVERLAY PROCESS
    SEGMENT: ?PR?_GETPWM_DIV?STC15_PWM

*** WARNING L16: UNCALLED SEGMENT, IGNORED FOR OVERLAY PROCESS
    SEGMENT: ?PR?OPEN_PWM_ALL?STC15_PWM

*** WARNING L16: UNCALLED SEGMENT, IGNORED FOR OVERLAY PROCESS
    SEGMENT: ?PR?CLOSE_PWM_ALL?STC15_PWM

*** WARNING L16: UNCALLED SEGMENT, IGNORED FOR OVERLAY PROCESS
    SEGMENT: ?PR?_GET_PWM_N_STATE?STC15_PWM

*** WARNING L16: UNCALLED SEGMENT, IGNORED FOR OVERLAY PROCESS
    SEGMENT: ?PR?_SPI_INIT?STC15_SPI

*** WARNING L16: UNCALLED SEGMENT, IGNORED FOR OVERLAY PROCESS
    SEGMENT: ?PR?_SPI_WRITENBYTETOTXBUF?STC15_SPI

*** WARNING L16: UNCALLED SEGMENT, IGNORED FOR OVERLAY PROCESS
    SEGMENT: ?PR?SPI_TRIGTX?STC15_SPI

*** WARNING L16: UNCALLED SEGMENT, IGNORED FOR OVERLAY PROCESS
    SEGMENT: ?PR?_SPI_SPI_READTHENBYTETORXBUF?STC15_SPI

*** WARNING L16: UNCALLED SEGMENT, IGNORED FOR OVERLAY PROCESS
    SEGMENT: ?PR?_GETTIMEROUT?TIMER

*** WARNING L16: UNCALLED SEGMENT, IGNORED FOR OVERLAY PROCESS
    SEGMENT: ?PR?_SETTIMERHERTZ?TIMER

*** WARNING L16: UNCALLED SEGMENT, IGNORED FOR OVERLAY PROCESS
    SEGMENT: ?PR?_GETTIMERHERTZ?TIMER

*** WARNING L16: UNCALLED SEGMENT, IGNORED FOR OVERLAY PROCESS
    SEGMENT: ?PR?_ISSTOPPED?TIMER

*** WARNING L16: UNCALLED SEGMENT, IGNORED FOR OVERLAY PROCESS
    SEGMENT: ?PR?_ONRESTARTTIMER?TIMER

*** WARNING L16: UNCALLED SEGMENT, IGNORED FOR OVERLAY PROCESS
    SEGMENT: ?PR?GETMICROS?TIMER

*** WARNING L16: UNCALLED SEGMENT, IGNORED FOR OVERLAY PROCESS
    SEGMENT: ?PR?GETMILLIS?TIMER
BL51 BANKED LINKER/LOCATER V6.00                                                      08/01/2017  18:09:01  PAGE 116



*** WARNING L16: UNCALLED SEGMENT, IGNORED FOR OVERLAY PROCESS
    SEGMENT: ?PR?GETSECONDS?TIMER

*** WARNING L16: UNCALLED SEGMENT, IGNORED FOR OVERLAY PROCESS
    SEGMENT: ?PR?GETMINUTES?TIMER

*** WARNING L16: UNCALLED SEGMENT, IGNORED FOR OVERLAY PROCESS
    SEGMENT: ?PR?GETHOURS?TIMER

*** WARNING L16: UNCALLED SEGMENT, IGNORED FOR OVERLAY PROCESS
    SEGMENT: ?PR?GETDAYS?TIMER

*** WARNING L16: UNCALLED SEGMENT, IGNORED FOR OVERLAY PROCESS
    SEGMENT: ?PR?_PRINTSTRING2?USART1

*** WARNING L16: UNCALLED SEGMENT, IGNORED FOR OVERLAY PROCESS
    SEGMENT: ?PR?_PRINTSTRING3?USART1

*** WARNING L16: UNCALLED SEGMENT, IGNORED FOR OVERLAY PROCESS
    SEGMENT: ?PR?_PRINTSTRING4?USART1

******************************************************************************
* RESTRICTED VERSION WITH FFFFH BYTE CODE SIZE LIMIT; USED: 4ED4H BYTE (30%) *
******************************************************************************

Program Size: data=102.7 xdata=1756 code=24330
LINK/LOCATE RUN COMPLETE.  121 WARNING(S),  0 ERROR(S)
