BL51 BANKED LINKER/LOCATER V6.00                                                        06/28/2017  22:36:34  PAGE 1


BL51 BANKED LINKER/LOCATER V6.00, INVOKED BY:
C:\KEIL_V5\C51\BIN\BL51.EXE .\absTask.obj, .\task.obj, .\setup.obj, .\mode.obj, .\Conf_tny.obj, .\DataScope_DP.obj, .\BU
>> TTON.obj, .\MOTOR.obj, .\STEP_MOTOR.obj, .\ADC.obj, .\delay.obj, .\GPIO.obj, .\PCA.obj, .\stc15_pwm.obj, .\stc15_spi.
>> obj, .\timer.obj, .\USART1.obj, .\fixedPulser.obj TO 电子大赛程序框架 RTX51TINY RAMSIZE (256)


MEMORY MODEL: LARGE WITH FLOATING POINT ARITHMETIC


INPUT MODULES INCLUDED:
  .\absTask.obj (ABSTASK)
  .\task.obj (TASK)
  .\setup.obj (SETUP)
  .\mode.obj (MODE)
  .\Conf_tny.obj (?RTX51_TINY_KERNAL)
  .\DataScope_DP.obj (DATASCOPE_DP)
  .\BUTTON.obj (BUTTON)
  .\MOTOR.obj (MOTOR)
  .\STEP_MOTOR.obj (STEP_MOTOR)
  .\ADC.obj (ADC)
  .\delay.obj (DELAY)
  .\GPIO.obj (GPIO)
  .\PCA.obj (PCA)
  .\stc15_pwm.obj (STC15_PWM)
  .\stc15_spi.obj (STC15_SPI)
  .\timer.obj (TIMER)
  .\USART1.obj (USART1)
  .\fixedPulser.obj (FIXEDPULSER)
  C:\KEIL_V5\C51\LIB\RTX51TNY.LIB (?RTX51_TINY_OS_CREATE)
  C:\KEIL_V5\C51\LIB\RTX51TNY.LIB (?RTX51_TINY_OS_DELETE)
  C:\KEIL_V5\C51\LIB\RTX51TNY.LIB (?RTX51_TINY_OS_WAIT)
  C:\KEIL_V5\C51\LIB\C51FPL.LIB (?C?FPMUL)
  C:\KEIL_V5\C51\LIB\C51FPL.LIB (?C?FPCMP)
  C:\KEIL_V5\C51\LIB\C51FPL.LIB (?C?FCAST)
  C:\KEIL_V5\C51\LIB\C51FPL.LIB (?C?CASTF)
  C:\KEIL_V5\C51\LIB\C51FPL.LIB (?C?FPGETOPN)
  C:\KEIL_V5\C51\LIB\C51L.LIB (?C_STARTUP)
  C:\KEIL_V5\C51\LIB\C51L.LIB (?C?CLDPTR)
  C:\KEIL_V5\C51\LIB\C51L.LIB (?C?CLDOPTR)
  C:\KEIL_V5\C51\LIB\C51L.LIB (?C?CSTPTR)
  C:\KEIL_V5\C51\LIB\C51L.LIB (?C?CSTOPTR)
  C:\KEIL_V5\C51\LIB\C51L.LIB (?C?IMUL)
  C:\KEIL_V5\C51\LIB\C51L.LIB (?C?UIDIV)
  C:\KEIL_V5\C51\LIB\C51L.LIB (?C?IILDX)
  C:\KEIL_V5\C51\LIB\C51L.LIB (?C?ILDOPTR)
  C:\KEIL_V5\C51\LIB\C51L.LIB (?C?ULDIV)
  C:\KEIL_V5\C51\LIB\C51L.LIB (?C?SLDIV)
  C:\KEIL_V5\C51\LIB\C51L.LIB (?C?LNEG)
  C:\KEIL_V5\C51\LIB\C51L.LIB (?C?ULCMP)
  C:\KEIL_V5\C51\LIB\C51L.LIB (?C?ULSHR)
  C:\KEIL_V5\C51\LIB\C51L.LIB (?C?LLDOPTR0)
  C:\KEIL_V5\C51\LIB\C51L.LIB (?C?LSTXDATA)
  C:\KEIL_V5\C51\LIB\C51L.LIB (?C?LSTKXDATA)
  C:\KEIL_V5\C51\LIB\C51L.LIB (?C_INIT)
  C:\KEIL_V5\C51\LIB\C51L.LIB (?C?LLDIDATA0)
  C:\KEIL_V5\C51\LIB\C51L.LIB (?C?LLDXDATA0)
  C:\KEIL_V5\C51\LIB\C51L.LIB (?C?LLDPDATA0)
  C:\KEIL_V5\C51\LIB\C51L.LIB (?C?LLDCODE0)
BL51 BANKED LINKER/LOCATER V6.00                                                      06/28/2017  22:36:34  PAGE 2




TASK TABLE OF MODULE:  电子大赛程序框架 (ABSTASK)

TASKID   PRIORITY   REG-BANK   SEGMENT NAME
-------------------------------------------
0        0          0          ?PR?TASKSTART?ABSTASK
1        0          0          ?PR?TASK1?ABSTASK
2        0          0          ?PR?TASK2?ABSTASK
3        0          0          ?PR?TASK3?ABSTASK



LINK MAP OF MODULE:  电子大赛程序框架 (ABSTASK)


            TYPE    BASE      LENGTH    RELOCATION   SEGMENT NAME
            -----------------------------------------------------

            * * * * * * *   D A T A   M E M O R Y   * * * * * * *
            REG     0000H     0008H     ABSOLUTE     "REG BANK 0"
            DATA    0008H     0006H     ABSOLUTE     
            IDATA   000EH     0008H     UNIT         ?RTX?TASKSTATE?S
            IDATA   0016H     0004H     UNIT         ?RTX?TASKSP?S
                    001AH     0006H                  *** GAP ***
            BIT     0020H.0   0000H.4   UNIT         ?BI?BUTTON
            BIT     0020H.4   0000H.3   UNIT         ?BI?PCA
            BIT     0020H.7   0000H.1   UNIT         ?RTX?BITS
            BIT     0021H.0   0000H.1   UNIT         ?BI?_SETPINSTATE?GPIO
            BIT     0021H.1   0000H.1   UNIT         ?BI?STC15_PWM
                    0021H.2   0000H.6                *** GAP ***
            IDATA   0022H     0040H     UNIT         ?ID?STC15_SPI
            IDATA   0062H     0001H     UNIT         ?STACK

            * * * * * * *  X D A T A   M E M O R Y  * * * * * * *
            XDATA   0000H     028CH     UNIT         ?XD?USART1
            XDATA   028CH     002AH     UNIT         ?XD?DATASCOPE_DP
            XDATA   02B6H     0029H     UNIT         _XDATA_GROUP_
            XDATA   02DFH     001CH     UNIT         ?XD?STC15_PWM
            XDATA   02FBH     0016H     UNIT         ?XD?TIMER
            XDATA   0311H     0015H     UNIT         ?XD?PCA
            XDATA   0326H     0013H     UNIT         ?XD?_PWM_CONFIG?STC15_PWM
            XDATA   0339H     0009H     UNIT         ?XD?_PWM_DUTY?STC15_PWM
            XDATA   0342H     0007H     UNIT         ?XD?_PWM_SET_T12_PERIOD?STC15_PWM
            XDATA   0349H     0004H     UNIT         ?XD?STC15_SPI
            XDATA   034DH     0003H     UNIT         ?XD?_PCA_INIT?PCA
            XDATA   0350H     0003H     UNIT         ?XD?_PWMOUTPUT?PCA
            XDATA   0353H     0003H     UNIT         ?XD?_MAKEPULSE?FIXEDPULSER
            XDATA   0356H     0002H     UNIT         ?XD?BUTTON_CONFIG?BUTTON
            XDATA   0358H     0001H     UNIT         ?XD?_GETSTEPMOTORSTATE?STEP_MOTOR
            XDATA   0359H     0001H     UNIT         ?XD?_STOPSTEPMOTOR?STEP_MOTOR
            XDATA   035AH     0001H     UNIT         ?XD?_STARTSTEPMOTOR?STEP_MOTOR
            XDATA   035BH     0001H     UNIT         ?XD?_OPENPULSER?FIXEDPULSER
            XDATA   035CH     0001H     UNIT         ?XD?_CLOSEPULSER?FIXEDPULSER
            XDATA   035DH     0001H     UNIT         ?XD?_GETPULSERSTATE?FIXEDPULSER

            * * * * * * *   C O D E   M E M O R Y   * * * * * * *
BL51 BANKED LINKER/LOCATER V6.00                                                      06/28/2017  22:36:34  PAGE 3


            CODE    0000H     0003H     ABSOLUTE     
                    0003H     0008H                  *** GAP ***
            CODE    000BH     0003H     ABSOLUTE     
                    000EH     000DH                  *** GAP ***
            CODE    001BH     0003H     ABSOLUTE     
                    001EH     0005H                  *** GAP ***
            CODE    0023H     0003H     ABSOLUTE     
                    0026H     0005H                  *** GAP ***
            CODE    002BH     0003H     ABSOLUTE     
                    002EH     000DH                  *** GAP ***
            CODE    003BH     0003H     ABSOLUTE     
                    003EH     0005H                  *** GAP ***
            CODE    0043H     0003H     ABSOLUTE     
                    0046H     0005H                  *** GAP ***
            CODE    004BH     0003H     ABSOLUTE     
                    004EH     003DH                  *** GAP ***
            CODE    008BH     0003H     ABSOLUTE     
                    008EH     0005H                  *** GAP ***
            CODE    0093H     0003H     ABSOLUTE     
                    0096H     0005H                  *** GAP ***
            CODE    009BH     0003H     ABSOLUTE     
                    009EH     0005H                  *** GAP ***
            CODE    00A3H     0003H     ABSOLUTE     
                    00A6H     075AH                  *** GAP ***
            CODE    0800H     06E0H     UNIT         ?PR?_USART_CONFIGURATION?USART1
            CODE    0EE0H     0504H     UNIT         ?C?LIB_CODE
            CODE    13E4H     0317H     UNIT         ?PR?_PWM_INILIZE?STC15_PWM
            CODE    16FBH     02E3H     UNIT         ?RTX?CODE
            CODE    19DEH     0233H     UNIT         ?PR?_TIMER_INILIZE?TIMER
            CODE    1C11H     01C4H     UNIT         ?PR?_GPIO_INILIZE?GPIO
            CODE    1DD5H     01B2H     UNIT         ?PR?_PWM_DUTY?STC15_PWM
            CODE    1F87H     019FH     UNIT         ?PR?_PCA_INIT?PCA
            CODE    2126H     013DH     UNIT         ?PR?_PWMOUTPUT?PCA
            CODE    2263H     0137H     UNIT         ?PR?_PWM_SET_T12_PERIOD?STC15_PWM
            CODE    239AH     0134H     UNIT         ?PR?_DATASCOPE_GET_CHANNEL_DATA?DATASCOPE_DP
            CODE    24CEH     00F3H     UNIT         ?PR?_PWM_CONFIG?STC15_PWM
            CODE    25C1H     00B2H     UNIT         ?PR?TIMER4_INT?TIMER
            CODE    2673H     00AEH     UNIT         ?PR?_PWMN_UPDATE?PCA
            CODE    2721H     00AAH     UNIT         ?PR?_FLOAT2BYTE?DATASCOPE_DP
            CODE    27CBH     00A5H     UNIT         ?PR?_DATASCOPE_DATA_GENERATE?DATASCOPE_DP
            CODE    2870H     00A3H     UNIT         ?PR?PCA_HANDLER?PCA
            CODE    2913H     0091H     UNIT         ?PR?_SPI_INIT?STC15_SPI
            CODE    29A4H     008CH     UNIT         ?C_C51STARTUP
            CODE    2A30H     0085H     UNIT         ?PR?UART2_INT?USART1
            CODE    2AB5H     0085H     UNIT         ?PR?UART3_INT?USART1
            CODE    2B3AH     0085H     UNIT         ?PR?UART4_INT?USART1
            CODE    2BBFH     007FH     UNIT         ?PR?UART1_INT?USART1
            CODE    2C3EH     0067H     UNIT         ?C_INITSEG
            CODE    2CA5H     005EH     UNIT         ?PR?_GET_ADC10BITRESULT?ADC
            CODE    2D03H     0057H     UNIT         ?PR?SENDSCOPEDATA?TASK
            CODE    2D5AH     0055H     UNIT         ?PR?SPI_TRANSIVION?STC15_SPI
            CODE    2DAFH     0053H     UNIT         ?PR?_ADC_INILIZE?ADC
            CODE    2E02H     0050H     UNIT         ?PR?BUTTONSCAN?BUTTON
            CODE    2E52H     0050H     UNIT         ?PR?TIMERINIT?TIMER
            CODE    2EA2H     0046H     UNIT         ?PR?TIMER3_INT?TIMER
            CODE    2EE8H     0045H     UNIT         ?PR?TIMER1_ISR?TIMER
            CODE    2F2DH     0044H     UNIT         ?C?LDIV
BL51 BANKED LINKER/LOCATER V6.00                                                      06/28/2017  22:36:34  PAGE 4


            CODE    2F71H     003CH     UNIT         ?PR?_GETPWM_N_DUTY?STC15_PWM
            CODE    2FADH     002FH     UNIT         ?PR?_PWM_PERIOD?STC15_PWM
            CODE    2FDCH     002CH     UNIT         ?PR?_UART1_INIT?SETUP
            CODE    3008H     0028H     UNIT         ?PR?_TX2_WRITE2BUFF?USART1
            CODE    3030H     0028H     UNIT         ?PR?_TX3_WRITE2BUFF?USART1
            CODE    3058H     0028H     UNIT         ?PR?_TX4_WRITE2BUFF?USART1
            CODE    3080H     0027H     UNIT         ?PR?SPI_TRIGTX?STC15_SPI
            CODE    30A7H     0027H     UNIT         ?PR?_TX1_WRITE2BUFF?USART1
            CODE    30CEH     0025H     UNIT         ?PR?_SETTIMEOUT?TIMER
            CODE    30F3H     0024H     UNIT         ?CO?ABSTASK
            CODE    3117H     0024H     UNIT         ?PR?SPI_SPI_READBYTETORXBUF?STC15_SPI
            CODE    313BH     0020H     UNIT         ?PR?_RESTARTTIMER?TIMER
            CODE    315BH     001FH     UNIT         ?PR?BUTTON_CONFIG?BUTTON
            CODE    317AH     001FH     UNIT         ?PR?_SPI_WRITENBYTETOTXBUF?STC15_SPI
            CODE    3199H     001FH     UNIT         ?PR?_ISEXPIREDTIMER?TIMER
            CODE    31B8H     001FH     UNIT         ?PR?_ISSTOPPED?TIMER
            CODE    31D7H     001DH     UNIT         ?PR?_GETBUTTONSTATE?BUTTON
            CODE    31F4H     001DH     UNIT         ?PR?_ISACTIVETIMER?TIMER
            CODE    3211H     001CH     UNIT         ?PR?_SETTIMERHERTZ?TIMER
            CODE    322DH     001BH     UNIT         ?PR?_SPI_SPI_READTHENBYTETORXBUF?STC15_SPI
            CODE    3248H     001AH     UNIT         ?PR?_GETTIMERHERTZ?TIMER
            CODE    3262H     001AH     UNIT         ?PR?_GETTIMEROUT?TIMER
            CODE    327CH     0019H     UNIT         ?PR?_STOPTIMER?TIMER
            CODE    3295H     0018H     UNIT         ?PR?_PWM_SET_PERIOD?STC15_PWM
            CODE    32ADH     0017H     UNIT         ?PR?TASKSTART?ABSTASK
            CODE    32C4H     0016H     UNIT         ?PR?TASK3?ABSTASK
            CODE    32DAH     0015H     UNIT         ?PR?TASK1?ABSTASK
            CODE    32EFH     0015H     UNIT         ?PR?TASK2?ABSTASK
            CODE    3304H     0014H     UNIT         ?PR?_SPI_WRITEBYTETOTXBUF?STC15_SPI
            CODE    3318H     0013H     UNIT         ?PR?_PRINTSTRING1?USART1
            CODE    332BH     0013H     UNIT         ?PR?_PRINTSTRING2?USART1
            CODE    333EH     0013H     UNIT         ?PR?_PRINTSTRING3?USART1
            CODE    3351H     0013H     UNIT         ?PR?_PRINTSTRING4?USART1
            CODE    3364H     0010H     UNIT         ?PR?_DELAY_MS?DELAY
            CODE    3374H     000FH     UNIT         ?PR?GETPWM_PERIOD?STC15_PWM
            CODE    3383H     000FH     UNIT         ?PR?GETMICROS?TIMER
            CODE    3392H     000FH     UNIT         ?PR?GETMILLIS?TIMER
            CODE    33A1H     000EH     UNIT         ?PR?SETUP?SETUP
            CODE    33AFH     000EH     UNIT         ?PR?_ONRESTARTTIMER?TIMER
            CODE    33BDH     000DH     UNIT         ?PR?_MAKEPULSE?FIXEDPULSER
            CODE    33CAH     000CH     UNIT         ?PR?_ADC_POWERCONTROL?ADC
            CODE    33D6H     000CH     UNIT         ?PR?OPEN_PWM?STC15_PWM
            CODE    33E2H     000CH     UNIT         ?PR?CLOSE_PWM?STC15_PWM
            CODE    33EEH     000BH     UNIT         ?PR?_SPI_SETMODE?STC15_SPI
            CODE    33F9H     000AH     UNIT         ?PR?_DIGITALREAD?BUTTON
            CODE    3403H     0008H     UNIT         ?RTX?TASKENT?S
            CODE    340BH     0007H     UNIT         ?PR?_OPENPULSER?FIXEDPULSER
            CODE    3412H     0007H     UNIT         ?PR?_CLOSEPULSER?FIXEDPULSER
            CODE    3419H     0007H     UNIT         ?PR?_GETPULSERSTATE?FIXEDPULSER
            CODE    3420H     0006H     UNIT         ?PR?_GETSTEPMOTORSTATE?STEP_MOTOR
            CODE    3426H     0006H     UNIT         ?PR?_STOPSTEPMOTOR?STEP_MOTOR
            CODE    342CH     0006H     UNIT         ?PR?_STARTSTEPMOTOR?STEP_MOTOR
            CODE    3432H     0004H     UNIT         ?PR?ADC_INT?ADC
            CODE    3436H     0003H     UNIT         ?PR?_SETPINSTATE?GPIO
            CODE    3439H     0003H     UNIT         ?PR?GETPWM_STATE?STC15_PWM
            CODE    343CH     0001H     UNIT         ?PR?MODE1?MODE
            CODE    343DH     0001H     UNIT         ?PR?MODE2?MODE
BL51 BANKED LINKER/LOCATER V6.00                                                      06/28/2017  22:36:34  PAGE 5


            CODE    343EH     0001H     UNIT         ?PR?MODE3?MODE
            CODE    343FH     0001H     UNIT         ?PR?MODE4?MODE
            CODE    3440H     0001H     UNIT         ?PR?MODELAUNCHER?MODE
            CODE    3441H     0001H     UNIT         ?PR?PULSERINIT?FIXEDPULSER



OVERLAY MAP OF MODULE:   电子大赛程序框架 (ABSTASK)


SEGMENT                                            XDATA_GROUP
  +--> CALLED SEGMENT                            START    LENGTH
----------------------------------------------------------------
?PR?TASKSTART?ABSTASK                            -----    -----
  +--> ?PR?SETUP?SETUP

?PR?SETUP?SETUP                                  -----    -----
  +--> ?PR?_UART1_INIT?SETUP
  +--> ?PR?TIMERINIT?TIMER

?PR?_UART1_INIT?SETUP                            02B6H    000DH
  +--> ?PR?_USART_CONFIGURATION?USART1

?PR?_USART_CONFIGURATION?USART1                  02C3H    0009H

?PR?TIMERINIT?TIMER                              02B6H    0010H
  +--> ?PR?_TIMER_INILIZE?TIMER

*** NEW ROOT ***************************************************

?PR?TASK1?ABSTASK                                -----    -----
  +--> ?CO?ABSTASK
  +--> ?PR?_PRINTSTRING1?USART1

?PR?_PRINTSTRING1?USART1                         -----    -----
  +--> ?PR?_TX1_WRITE2BUFF?USART1

*** NEW ROOT ***************************************************

?PR?TASK2?ABSTASK                                -----    -----
  +--> ?CO?ABSTASK
  +--> ?PR?_PRINTSTRING1?USART1

*** NEW ROOT ***************************************************

?PR?TASK3?ABSTASK                                02CCH    0002H
  +--> ?PR?SENDSCOPEDATA?TASK

?PR?SENDSCOPEDATA?TASK                           02CEH    0002H
  +--> ?PR?_DATASCOPE_GET_CHANNEL_DATA?DATAS...
  +--> ?PR?_DATASCOPE_DATA_GENERATE?DATASCOP...
  +--> ?PR?_TX1_WRITE2BUFF?USART1

?PR?_DATASCOPE_GET_CHANNEL_DATA?DATAS...         02D0H    0005H
  +--> ?PR?_FLOAT2BYTE?DATASCOPE_DP

?PR?_FLOAT2BYTE?DATASCOPE_DP                     02D5H    000AH
BL51 BANKED LINKER/LOCATER V6.00                                                      06/28/2017  22:36:34  PAGE 6



*** NEW ROOT ***************************************************

?C_C51STARTUP                                    -----    -----
  +--> ?C_INITSEG



SYMBOL TABLE OF MODULE:  电子大赛程序框架 (ABSTASK)

  VALUE           TYPE          NAME
  ----------------------------------

  -------         MODULE        ABSTASK
  C:0000H         SYMBOL        _ICE_DUMMY_
  D:0080H         PUBLIC        P0
  D:0090H         PUBLIC        P1
  D:00A0H         PUBLIC        P2
  D:00B0H         PUBLIC        P3
  D:00C0H         PUBLIC        P4
  D:00C8H         PUBLIC        P5
  D:00E8H         PUBLIC        P6
  D:00F8H         PUBLIC        P7
  D:00A8H         PUBLIC        IE
  D:00B8H         PUBLIC        IP
  D:00D8H         PUBLIC        CCON
  D:0098H         PUBLIC        SCON
  D:0088H         PUBLIC        TCON
  D:00F0H         PUBLIC        B
  C:32ADH         PUBLIC        taskStart
  D:00E0H         PUBLIC        ACC
  C:32DAH         PUBLIC        task1
  C:32EFH         PUBLIC        task2
  C:32C4H         PUBLIC        task3
  D:00D0H         PUBLIC        PSW
  -------         PROC          TASKSTART
  C:32ADH         LINE#         6
  C:32ADH         LINE#         8
  C:32B0H         LINE#         9
  C:32B5H         LINE#         10
  C:32BAH         LINE#         11
  C:32BFH         LINE#         13
  -------         ENDPROC       TASKSTART
  -------         PROC          TASK1
  C:32DAH         LINE#         15
  C:32DAH         LINE#         17
  C:32DAH         LINE#         18
  C:32DAH         LINE#         19
  C:32E3H         LINE#         20
  C:32EDH         LINE#         21
  -------         ENDPROC       TASK1
  -------         PROC          TASK2
  C:32EFH         LINE#         23
  C:32EFH         LINE#         25
  C:32EFH         LINE#         26
  C:32EFH         LINE#         27
  C:32F8H         LINE#         29
BL51 BANKED LINKER/LOCATER V6.00                                                      06/28/2017  22:36:34  PAGE 7


  C:3302H         LINE#         31
  -------         ENDPROC       TASK2
  -------         PROC          TASK3
  -------         DO            
  X:02CCH         SYMBOL        i
  -------         ENDDO         
  C:32C4H         LINE#         34
  C:32C4H         LINE#         36
  C:32CBH         LINE#         37
  C:32CBH         LINE#         38
  C:32CBH         LINE#         39
  C:32CEH         LINE#         42
  C:32D8H         LINE#         44
  -------         ENDPROC       TASK3
  -------         ENDMOD        ABSTASK

  -------         MODULE        TASK
  C:0000H         SYMBOL        _ICE_DUMMY_
  D:0080H         PUBLIC        P0
  D:0090H         PUBLIC        P1
  D:00A0H         PUBLIC        P2
  D:00B0H         PUBLIC        P3
  D:00C0H         PUBLIC        P4
  D:00C8H         PUBLIC        P5
  D:00E8H         PUBLIC        P6
  D:00F8H         PUBLIC        P7
  D:00A8H         PUBLIC        IE
  D:00B8H         PUBLIC        IP
  D:00D8H         PUBLIC        CCON
  C:2D03H         PUBLIC        sendScopeData
  D:0098H         PUBLIC        SCON
  D:0088H         PUBLIC        TCON
  D:00F0H         PUBLIC        B
  D:00E0H         PUBLIC        ACC
  D:00D0H         PUBLIC        PSW
  -------         PROC          SENDSCOPEDATA
  -------         DO            
  X:02CEH         SYMBOL        a
  X:02CFH         SYMBOL        Send_Count
  -------         ENDDO         
  C:2D03H         LINE#         4
  C:2D03H         LINE#         5
  C:2D03H         LINE#         9
  C:2D14H         LINE#         11
  C:2D25H         LINE#         18
  C:2D2FH         LINE#         19
  C:2D42H         LINE#         20
  C:2D42H         LINE#         21
  C:2D51H         LINE#         22
  C:2D59H         LINE#         24
  -------         ENDPROC       SENDSCOPEDATA
  -------         ENDMOD        TASK

  -------         MODULE        SETUP
  C:0000H         SYMBOL        _ICE_DUMMY_
  D:0080H         PUBLIC        P0
  D:0090H         PUBLIC        P1
BL51 BANKED LINKER/LOCATER V6.00                                                      06/28/2017  22:36:34  PAGE 8


  D:00A0H         PUBLIC        P2
  D:00B0H         PUBLIC        P3
  D:00C0H         PUBLIC        P4
  D:00C8H         PUBLIC        P5
  C:2FDCH         PUBLIC        _UART1_init
  D:00E8H         PUBLIC        P6
  D:00F8H         PUBLIC        P7
  D:00A8H         PUBLIC        IE
  D:00B8H         PUBLIC        IP
  D:00D8H         PUBLIC        CCON
  C:33A1H         PUBLIC        setup
  D:0098H         PUBLIC        SCON
  D:0088H         PUBLIC        TCON
  D:00F0H         PUBLIC        B
  D:00E0H         PUBLIC        ACC
  D:00D0H         PUBLIC        PSW
  -------         PROC          _UART1_INIT
  D:0004H         SYMBOL        BandRate
  -------         DO            
  X:02B6H         SYMBOL        COMx_InitStructure
  -------         ENDDO         
  C:2FDCH         LINE#         11
  C:2FDCH         LINE#         12
  C:2FDCH         LINE#         14
  C:2FE2H         LINE#         15
  C:2FE6H         LINE#         16
  C:2FEAH         LINE#         17
  C:2FF0H         LINE#         18
  C:2FF3H         LINE#         19
  C:2FF6H         LINE#         20
  C:2FF8H         LINE#         21
  C:2FFBH         LINE#         22
  C:2FFDH         LINE#         23
  -------         ENDPROC       _UART1_INIT
  -------         PROC          SETUP
  C:33A1H         LINE#         26
  C:33A1H         LINE#         27
  C:33A1H         LINE#         28
  C:33ACH         LINE#         30
  -------         ENDPROC       SETUP
  -------         ENDMOD        SETUP

  -------         MODULE        MODE
  C:0000H         SYMBOL        _ICE_DUMMY_
  C:343CH         PUBLIC        mode1
  C:343DH         PUBLIC        mode2
  C:343EH         PUBLIC        mode3
  C:343FH         PUBLIC        mode4
  C:3440H         PUBLIC        modeLauncher
  -------         PROC          MODE1
  C:343CH         LINE#         2
  C:343CH         LINE#         3
  C:343CH         LINE#         5
  -------         ENDPROC       MODE1
  -------         PROC          MODE2
  C:343DH         LINE#         7
  C:343DH         LINE#         8
BL51 BANKED LINKER/LOCATER V6.00                                                      06/28/2017  22:36:34  PAGE 9


  C:343DH         LINE#         10
  -------         ENDPROC       MODE2
  -------         PROC          MODE3
  C:343EH         LINE#         13
  C:343EH         LINE#         14
  C:343EH         LINE#         16
  -------         ENDPROC       MODE3
  -------         PROC          MODE4
  C:343FH         LINE#         18
  C:343FH         LINE#         19
  C:343FH         LINE#         21
  -------         ENDPROC       MODE4
  -------         PROC          MODELAUNCHER
  C:3440H         LINE#         22
  C:3440H         LINE#         23
  C:3440H         LINE#         25
  -------         ENDPROC       MODELAUNCHER
  -------         ENDMOD        MODE

  -------         MODULE        ?RTX51_TINY_KERNAL
  C:3403H         SEGMENT       ?RTX?TASKENT?S
  I:0016H         SEGMENT       ?RTX?TASKSP?S
  I:000EH         SEGMENT       ?RTX?TASKSTATE?S
  B:0020H.7       SEGMENT       ?RTX?BITS
  C:16FBH         SEGMENT       ?RTX?CODE
  C:174AH         PUBLIC        ?RTX?SET_ISR
  D:000CH         PUBLIC        ?RTX_CURRENTTASK
  D:0007H         PUBLIC        ?RTX_NEXTID
  C:178DH         PUBLIC        ?RTX_NEXTTASK
  N:00FFH         PUBLIC        ?RTX_RAMTOP
  C:3403H         PUBLIC        ?RTX_TASKENTRY
  C:186CH         PUBLIC        ?RTX_TASKIDX
  I:0016H         PUBLIC        ?RTX_TASKSP
  I:000EH         PUBLIC        ?RTX_TASKSTATUS
  C:1830H         PUBLIC        MAIN
  C:1776H         PUBLIC        OS_SWITCH_TASK
  C:177FH         SYMBOL        ?C0001
  C:1789H         SYMBOL        ?C0003
  C:178EH         SYMBOL        ?C0005
  C:17A8H         SYMBOL        ?C0007
  C:17AAH         SYMBOL        ?C0009
  C:17B4H         SYMBOL        ?C0011
  C:17E1H         SYMBOL        ?C0012
  C:17C7H         SYMBOL        ?C0013
  C:17CCH         SYMBOL        ?C0015
  C:17D7H         SYMBOL        ?C0016
  N:0000H         SYMBOL        ?RTX51_TINY_KERNAL
  N:D8F0H         SYMBOL        ?RTX_CLOCK
  N:0008H         SYMBOL        ?RTX_REGISTERBANK
  D:000DH         SYMBOL        ?RTX_ROBINTIME
  D:000AH         SYMBOL        ?RTX_SAVEACC
  D:000BH         SYMBOL        ?RTX_SAVEPSW
  C:16FBH         SYMBOL        ?RTX_STACKERROR
  C:174EH         SYMBOL        ?RTX_TASKSWITCHING
  B:0020H.7       SYMBOL        ?RTX_TS_DELAY
  D:00E0H         SYMBOL        ACC
  D:00F0H         SYMBOL        B
BL51 BANKED LINKER/LOCATER V6.00                                                      06/28/2017  22:36:34  PAGE 10


  N:0005H         SYMBOL        B_ACTIVE
  N:0007H         SYMBOL        B_IVL
  N:0007H         SYMBOL        B_RDY
  N:0004H         SYMBOL        B_READY
  N:0006H         SYMBOL        B_ROBIN
  N:0002H         SYMBOL        B_SIGNAL
  N:0003H         SYMBOL        B_TIMEOUT
  N:0000H         SYMBOL        B_WAITSIG
  N:0001H         SYMBOL        B_WAITTIM
  C:174BH         SYMBOL        CHECKROBINTIME
  C:1725H         SYMBOL        CHECKSTACK
  N:0000H         SYMBOL        CODE_BANKING
  N:0000H         SYMBOL        CPU_IDLE_CODE
  D:0083H         SYMBOL        DPH
  D:0082H         SYMBOL        DPL
  B:00A8H.7       SYMBOL        EA
  B:00A8H.4       SYMBOL        ES
  B:00A8H.1       SYMBOL        ET0
  B:00A8H.3       SYMBOL        ET1
  B:00A8H.0       SYMBOL        EX0
  B:00A8H.2       SYMBOL        EX1
  N:0014H         SYMBOL        FREE_STACK
  C:16FFH         SYMBOL        HW_TIMER
  D:00A8H         SYMBOL        IE
  B:0088H.1       SYMBOL        IE0
  B:0088H.3       SYMBOL        IE1
  N:2710H         SYMBOL        INT_CLOCK
  N:0001H         SYMBOL        INT_REGBANK
  B:0088H.0       SYMBOL        IT0
  B:0088H.2       SYMBOL        IT1
  N:0020H         SYMBOL        K_ACTIVE
  N:0080H         SYMBOL        K_IVL
  N:0080H         SYMBOL        K_RDY
  N:0010H         SYMBOL        K_READY
  N:0040H         SYMBOL        K_ROBIN
  N:0001H         SYMBOL        K_SIG
  N:0002H         SYMBOL        K_TMO
  N:0000H         SYMBOL        LONG_USR_INTR
  C:1839H         SYMBOL        MAIN1
  C:1843H         SYMBOL        MAIN1X
  C:183EH         SYMBOL        MAIN2
  C:1804H         SYMBOL        NOEVENT
  C:174AH         SYMBOL        NOROBINTIMEOUT
  C:1741H         SYMBOL        NOTIMEOUT
  C:173FH         SYMBOL        NOWAITTIMEOUT
  C:1776H         SYMBOL        OS_SWITCH_TASK1
  D:0087H         SYMBOL        PCON
  D:00D0H         SYMBOL        PSW
  N:00FFH         SYMBOL        RAMTOP
  N:0080H         SYMBOL        RDY_EVENT
  C:1810H         SYMBOL        ROBINON
  C:17F8H         SYMBOL        SIGNALOFF
  C:1804H         SYMBOL        SIGNALON
  N:0004H         SYMBOL        SIG_EVENT
  D:0081H         SYMBOL        SP
  I:000FH         SYMBOL        TASKSTATE
  D:0088H         SYMBOL        TCON
BL51 BANKED LINKER/LOCATER V6.00                                                      06/28/2017  22:36:34  PAGE 11


  B:0088H.5       SYMBOL        TF0
  B:0088H.7       SYMBOL        TF1
  D:008CH         SYMBOL        TH0
  D:008DH         SYMBOL        TH1
  C:1800H         SYMBOL        TIMEOUTON
  C:1700H         SYMBOL        TIMERINT
  C:1731H         SYMBOL        TIMERLOOP
  I:000EH         SYMBOL        TIMERVAL
  N:0005H         SYMBOL        TIMESHARING
  D:008AH         SYMBOL        TL0
  D:008BH         SYMBOL        TL1
  D:0089H         SYMBOL        TMOD
  N:0008H         SYMBOL        TMO_EVENT
  B:0088H.4       SYMBOL        TR0
  B:0088H.6       SYMBOL        TR1
  C:000BH         LINE#         271
  C:16FBH         LINE#         279
  C:16FFH         LINE#         282
  C:1700H         LINE#         299
  C:1703H         LINE#         301
  C:1706H         LINE#         302
  C:1709H         LINE#         303
  C:170BH         LINE#         305
  C:170DH         LINE#         306
  C:170FH         LINE#         307
  C:1711H         LINE#         308
  C:1713H         LINE#         309
  C:1715H         LINE#         310
  C:1717H         LINE#         311
  C:1719H         LINE#         312
  C:171BH         LINE#         316
  C:171CH         LINE#         317
  C:171EH         LINE#         318
  C:171FH         LINE#         319
  C:1720H         LINE#         320
  C:1723H         LINE#         321
  C:1725H         LINE#         322
  C:1726H         LINE#         323
  C:1728H         LINE#         324
  C:172BH         LINE#         325
  C:172DH         LINE#         329
  C:172FH         LINE#         330
  C:1731H         LINE#         331
  C:1732H         LINE#         332
  C:1733H         LINE#         333
  C:1734H         LINE#         334
  C:1736H         LINE#         335
  C:1738H         LINE#         336
  C:1739H         LINE#         337
  C:173CH         LINE#         338
  C:173EH         LINE#         339
  C:173FH         LINE#         340
  C:1741H         LINE#         341
  C:1742H         LINE#         342
  C:1744H         LINE#         344
  C:1745H         LINE#         345
  C:1747H         LINE#         360
BL51 BANKED LINKER/LOCATER V6.00                                                      06/28/2017  22:36:34  PAGE 12


  C:174AH         LINE#         366
  C:174BH         LINE#         367
  C:174EH         LINE#         370
  C:1750H         LINE#         371
  C:1752H         LINE#         372
  C:1754H         LINE#         373
  C:1756H         LINE#         374
  C:1758H         LINE#         375
  C:175AH         LINE#         376
  C:175CH         LINE#         377
  C:175EH         LINE#         378
  C:1760H         LINE#         379
  C:1762H         LINE#         380
  C:1764H         LINE#         381
  C:1766H         LINE#         382
  C:1768H         LINE#         387
  C:176AH         LINE#         388
  C:176BH         LINE#         389
  C:176DH         LINE#         390
  C:176EH         LINE#         391
  C:1770H         LINE#         392
  C:1772H         LINE#         393
  C:1773H         LINE#         394
  C:1774H         LINE#         395
  C:1776H         LINE#         424
  C:1778H         LINE#         426
  C:177AH         LINE#         427
  C:177BH         LINE#         429
  C:177CH         LINE#         430
  C:177EH         LINE#         431
  C:177FH         LINE#         434
  C:1780H         LINE#         435
  C:1781H         LINE#         436
  C:1782H         LINE#         444
  C:1785H         LINE#         445
  C:1787H         LINE#         446
  C:1789H         LINE#         449
  C:178AH         LINE#         450
  C:178DH         LINE#         458
  C:178EH         LINE#         462
  C:1790H         LINE#         463
  C:1791H         LINE#         464
  C:1792H         LINE#         465
  C:1794H         LINE#         468
  C:1796H         LINE#         470
  C:1798H         LINE#         471
  C:179AH         LINE#         472
  C:179BH         LINE#         473
  C:179CH         LINE#         474
  C:179DH         LINE#         476
  C:179FH         LINE#         478
  C:17A0H         LINE#         479
  C:17A1H         LINE#         480
  C:17A3H         LINE#         481
  C:17A6H         LINE#         482
  C:17A8H         LINE#         484
  C:17A9H         LINE#         485
BL51 BANKED LINKER/LOCATER V6.00                                                      06/28/2017  22:36:34  PAGE 13


  C:17AAH         LINE#         490
  C:17ABH         LINE#         491
  C:17ACH         LINE#         492
  C:17AEH         LINE#         496
  C:17AFH         LINE#         497
  C:17B0H         LINE#         498
  C:17B2H         LINE#         499
  C:17B4H         LINE#         505
  C:17B6H         LINE#         506
  C:17B7H         LINE#         507
  C:17B8H         LINE#         508
  C:17BAH         LINE#         510
  C:17BCH         LINE#         511
  C:17BEH         LINE#         512
  C:17BFH         LINE#         513
  C:17C0H         LINE#         516
  C:17C2H         LINE#         517
  C:17C5H         LINE#         518
  C:17C7H         LINE#         520
  C:17C8H         LINE#         522
  C:17C9H         LINE#         523
  C:17CAH         LINE#         524
  C:17CBH         LINE#         525
  C:17CCH         LINE#         529
  C:17CEH         LINE#         530
  C:17CFH         LINE#         531
  C:17D1H         LINE#         535
  C:17D3H         LINE#         536
  C:17D4H         LINE#         537
  C:17D5H         LINE#         539
  C:17D7H         LINE#         543
  C:17D9H         LINE#         544
  C:17DBH         LINE#         545
  C:17DCH         LINE#         546
  C:17DDH         LINE#         548
  C:17DFH         LINE#         549
  C:17E1H         LINE#         555
  C:17E4H         LINE#         559
  C:17E6H         LINE#         560
  C:17E7H         LINE#         561
  C:17E9H         LINE#         562
  C:17EAH         LINE#         563
  C:17ECH         LINE#         564
  C:17EEH         LINE#         565
  C:17EFH         LINE#         567
  C:17F2H         LINE#         571
  C:17F5H         LINE#         572
  C:17F8H         LINE#         576
  C:17FAH         LINE#         577
  C:17FDH         LINE#         578
  C:1800H         LINE#         580
  C:1802H         LINE#         581
  C:1804H         LINE#         583
  C:1806H         LINE#         584
  C:1807H         LINE#         585
  C:1809H         LINE#         587
  C:180BH         LINE#         588
BL51 BANKED LINKER/LOCATER V6.00                                                      06/28/2017  22:36:34  PAGE 14


  C:180DH         LINE#         594
  C:180FH         LINE#         595
  C:1810H         LINE#         608
  C:1811H         LINE#         609
  C:1813H         LINE#         614
  C:1815H         LINE#         615
  C:1817H         LINE#         616
  C:1819H         LINE#         617
  C:181BH         LINE#         618
  C:181DH         LINE#         619
  C:181FH         LINE#         620
  C:1821H         LINE#         621
  C:1823H         LINE#         622
  C:1825H         LINE#         623
  C:1827H         LINE#         624
  C:1829H         LINE#         625
  C:182BH         LINE#         626
  C:182DH         LINE#         627
  C:182FH         LINE#         628
  C:1830H         LINE#         642
  C:1832H         LINE#         643
  C:1834H         LINE#         644
  C:1836H         LINE#         645
  C:1838H         LINE#         646
  C:1839H         LINE#         647
  C:183AH         LINE#         648
  C:183CH         LINE#         649
  C:183EH         LINE#         650
  C:1840H         LINE#         651
  C:1841H         LINE#         652
  C:1843H         LINE#         653
  C:1844H         LINE#         654
  C:1845H         LINE#         655
  C:1846H         LINE#         656
  C:1847H         LINE#         657
  C:1849H         LINE#         658
  C:184BH         LINE#         659
  C:184DH         LINE#         660
  C:1850H         LINE#         661
  C:1852H         LINE#         662
  C:1853H         LINE#         663
  C:1855H         LINE#         664
  C:1856H         LINE#         665
  C:1857H         LINE#         666
  C:1859H         LINE#         668
  C:185CH         LINE#         670
  C:185FH         LINE#         671
  C:1862H         LINE#         672
  C:1865H         LINE#         673
  C:1867H         LINE#         674
  C:1869H         LINE#         675
  C:186BH         LINE#         676
  -------         ENDMOD        ?RTX51_TINY_KERNAL

  -------         MODULE        DATASCOPE_DP
  C:0000H         SYMBOL        _ICE_DUMMY_
  X:028CH         PUBLIC        DataScope_OutPut_Buffer
BL51 BANKED LINKER/LOCATER V6.00                                                      06/28/2017  22:36:34  PAGE 15


  C:2721H         PUBLIC        _Float2Byte
  C:27CBH         PUBLIC        _DataScope_Data_Generate
  C:239AH         PUBLIC        _DataScope_Get_Channel_Data
  -------         PROC          _FLOAT2BYTE
  D:0001H         SYMBOL        target
  X:02D8H         SYMBOL        buf
  X:02DBH         SYMBOL        beg
  -------         DO            
  X:02DCH         SYMBOL        point
  -------         ENDDO         
  C:2721H         LINE#         25
  C:2721H         LINE#         26
  C:2721H         LINE#         28
  C:272CH         LINE#         29
  C:274AH         LINE#         30
  C:2776H         LINE#         31
  C:27A2H         LINE#         32
  -------         ENDPROC       _FLOAT2BYTE
  -------         PROC          _DATASCOPE_GET_CHANNEL_DATA
  X:02D0H         SYMBOL        Data
  X:02D4H         SYMBOL        Channel
  C:239AH         LINE#         38
  C:23A0H         LINE#         39
  C:23A0H         LINE#         40
  C:23B3H         LINE#         41
  C:23B3H         LINE#         43
  C:23B3H         LINE#         45
  C:23B3H         LINE#         46
  C:23E9H         LINE#         47
  C:23E9H         LINE#         48
  C:23E9H         LINE#         49
  C:23FCH         LINE#         50
  C:23FFH         LINE#         51
  C:23FFH         LINE#         52
  C:2413H         LINE#         53
  C:2416H         LINE#         54
  C:2416H         LINE#         55
  C:242AH         LINE#         56
  C:242DH         LINE#         57
  C:242DH         LINE#         58
  C:2441H         LINE#         59
  C:2444H         LINE#         60
  C:2444H         LINE#         61
  C:2458H         LINE#         62
  C:245AH         LINE#         63
  C:245AH         LINE#         64
  C:246EH         LINE#         65
  C:2470H         LINE#         66
  C:2470H         LINE#         67
  C:2484H         LINE#         68
  C:2486H         LINE#         69
  C:2486H         LINE#         70
  C:249AH         LINE#         71
  C:249CH         LINE#         72
  C:249CH         LINE#         73
  C:24B0H         LINE#         74
  C:24B2H         LINE#         75
BL51 BANKED LINKER/LOCATER V6.00                                                      06/28/2017  22:36:34  PAGE 16


  C:24B2H         LINE#         76
  C:24CDH         LINE#         77
  C:24CDH         LINE#         78
  C:24CDH         LINE#         79
  C:24CDH         LINE#         80
  -------         ENDPROC       _DATASCOPE_GET_CHANNEL_DATA
  -------         PROC          _DATASCOPE_DATA_GENERATE
  D:0007H         SYMBOL        Channel_Number
  C:27CBH         LINE#         85
  C:27CBH         LINE#         86
  C:27CBH         LINE#         87
  C:27D4H         LINE#         88
  C:27D4H         LINE#         89
  C:27D7H         LINE#         90
  C:27D7H         LINE#         92
  C:27D7H         LINE#         93
  C:27DDH         LINE#         94
  C:2813H         LINE#         95
  C:2813H         LINE#         96
  C:2813H         LINE#         97
  C:2819H         LINE#         98
  C:281CH         LINE#         99
  C:281CH         LINE#         100
  C:281CH         LINE#         101
  C:2822H         LINE#         102
  C:2825H         LINE#         103
  C:2825H         LINE#         104
  C:2825H         LINE#         105
  C:282BH         LINE#         106
  C:282EH         LINE#         107
  C:282EH         LINE#         108
  C:282EH         LINE#         109
  C:2834H         LINE#         110
  C:2837H         LINE#         111
  C:2837H         LINE#         112
  C:2837H         LINE#         113
  C:283DH         LINE#         114
  C:2840H         LINE#         115
  C:2840H         LINE#         116
  C:2840H         LINE#         117
  C:2846H         LINE#         118
  C:2849H         LINE#         119
  C:2849H         LINE#         120
  C:2849H         LINE#         121
  C:284FH         LINE#         122
  C:2852H         LINE#         123
  C:2852H         LINE#         124
  C:2852H         LINE#         125
  C:2858H         LINE#         126
  C:285BH         LINE#         127
  C:285BH         LINE#         128
  C:285BH         LINE#         129
  C:2861H         LINE#         130
  C:2864H         LINE#         131
  C:2864H         LINE#         132
  C:2864H         LINE#         133
  C:286AH         LINE#         134
BL51 BANKED LINKER/LOCATER V6.00                                                      06/28/2017  22:36:34  PAGE 17


  C:286DH         LINE#         135
  C:286DH         LINE#         136
  C:286DH         LINE#         137
  C:286DH         LINE#         138
  C:286FH         LINE#         139
  -------         ENDPROC       _DATASCOPE_DATA_GENERATE
  -------         ENDMOD        DATASCOPE_DP

  -------         MODULE        BUTTON
  C:0000H         SYMBOL        _ICE_DUMMY_
  D:0080H         PUBLIC        P0
  D:0090H         PUBLIC        P1
  D:00A0H         PUBLIC        P2
  D:00B0H         PUBLIC        P3
  D:00C0H         PUBLIC        P4
  D:00C8H         PUBLIC        P5
  D:00E8H         PUBLIC        P6
  D:00F8H         PUBLIC        P7
  D:00A8H         PUBLIC        IE
  D:00B8H         PUBLIC        IP
  D:00D8H         PUBLIC        CCON
  C:2E02H         PUBLIC        buttonScan
  B:0020H.0       SYMBOL        BUTTON1_bit
  B:0020H.1       SYMBOL        BUTTON2_bit
  B:0020H.2       SYMBOL        BUTTON3_bit
  B:0020H.3       SYMBOL        BUTTON4_bit
  D:0098H         PUBLIC        SCON
  B:00A0H.3       PUBLIC        P23
  D:0088H         PUBLIC        TCON
  B:00A0H.4       PUBLIC        P24
  B:00A0H.5       PUBLIC        P25
  B:00A0H.6       PUBLIC        P26
  D:00F0H         PUBLIC        B
  C:31D7H         PUBLIC        _getButtonState
  D:00E0H         PUBLIC        ACC
  C:315BH         PUBLIC        Button_config
  C:33F9H         SYMBOL        _digitalRead
  D:00D0H         PUBLIC        PSW
  -------         PROC          BUTTON_CONFIG
  -------         DO            
  X:0356H         SYMBOL        GPIO_InitStructure
  -------         ENDDO         
  C:315BH         LINE#         23
  C:315BH         LINE#         24
  C:315BH         LINE#         26
  C:3161H         LINE#         27
  C:3166H         LINE#         28
  C:3171H         LINE#         29
  C:3173H         LINE#         30
  C:3175H         LINE#         31
  C:3177H         LINE#         32
  C:3179H         LINE#         33
  -------         ENDPROC       BUTTON_CONFIG
  -------         PROC          _DIGITALREAD
  D:0006H         SYMBOL        pin
  C:33F9H         LINE#         41
  C:33F9H         LINE#         42
BL51 BANKED LINKER/LOCATER V6.00                                                      06/28/2017  22:36:34  PAGE 18


  C:33F9H         LINE#         43
  C:33FDH         LINE#         44
  C:33FDH         LINE#         45
  C:3402H         LINE#         46
  C:3402H         LINE#         47
  -------         ENDPROC       _DIGITALREAD
  -------         PROC          _GETBUTTONSTATE
  D:0007H         SYMBOL        BUTTON_data
  C:31D7H         LINE#         59
  C:31D7H         LINE#         60
  C:31D7H         LINE#         61
  C:31E8H         LINE#         62
  C:31E8H         LINE#         63
  C:31E8H         LINE#         64
  C:31EBH         LINE#         65
  C:31EBH         LINE#         66
  C:31EBH         LINE#         67
  C:31EEH         LINE#         68
  C:31EEH         LINE#         69
  C:31EEH         LINE#         70
  C:31F1H         LINE#         71
  C:31F1H         LINE#         72
  C:31F1H         LINE#         73
  C:31F3H         LINE#         74
  C:31F3H         LINE#         75
  C:31F3H         LINE#         76
  -------         ENDPROC       _GETBUTTONSTATE
  -------         PROC          BUTTONSCAN
  C:2E02H         LINE#         86
  C:2E02H         LINE#         87
  C:2E02H         LINE#         88
  C:2E0DH         LINE#         89
  C:2E0DH         LINE#         90
  C:2E10H         LINE#         91
  C:2E10H         LINE#         95
  C:2E12H         LINE#         96
  C:2E12H         LINE#         97
  C:2E14H         LINE#         99
  C:2E14H         LINE#         100
  C:2E16H         LINE#         101
  C:2E16H         LINE#         102
  C:2E21H         LINE#         103
  C:2E21H         LINE#         104
  C:2E24H         LINE#         105
  C:2E24H         LINE#         109
  C:2E26H         LINE#         110
  C:2E26H         LINE#         111
  C:2E28H         LINE#         113
  C:2E28H         LINE#         114
  C:2E2AH         LINE#         115
  C:2E2AH         LINE#         116
  C:2E35H         LINE#         117
  C:2E35H         LINE#         118
  C:2E38H         LINE#         119
  C:2E38H         LINE#         123
  C:2E3AH         LINE#         125
  C:2E3AH         LINE#         126
BL51 BANKED LINKER/LOCATER V6.00                                                      06/28/2017  22:36:34  PAGE 19


  C:2E3CH         LINE#         128
  C:2E3CH         LINE#         129
  C:2E3EH         LINE#         130
  C:2E3EH         LINE#         131
  C:2E49H         LINE#         132
  C:2E49H         LINE#         133
  C:2E4CH         LINE#         134
  C:2E4CH         LINE#         138
  C:2E4EH         LINE#         140
  C:2E4EH         LINE#         141
  C:2E4FH         LINE#         143
  C:2E4FH         LINE#         144
  C:2E51H         LINE#         145
  C:2E51H         LINE#         146
  -------         ENDPROC       BUTTONSCAN
  -------         ENDMOD        BUTTON

  -------         MODULE        MOTOR
  C:0000H         SYMBOL        _ICE_DUMMY_
  D:0080H         PUBLIC        P0
  D:0090H         PUBLIC        P1
  D:00A0H         PUBLIC        P2
  D:00B0H         PUBLIC        P3
  D:00C0H         PUBLIC        P4
  D:00C8H         PUBLIC        P5
  D:00E8H         PUBLIC        P6
  D:00F8H         PUBLIC        P7
  D:00A8H         PUBLIC        IE
  D:00B8H         PUBLIC        IP
  D:00D8H         PUBLIC        CCON
  D:0098H         PUBLIC        SCON
  D:0088H         PUBLIC        TCON
  D:00F0H         PUBLIC        B
  D:00E0H         PUBLIC        ACC
  D:00D0H         PUBLIC        PSW
  -------         ENDMOD        MOTOR

  -------         MODULE        STEP_MOTOR
  C:0000H         SYMBOL        _ICE_DUMMY_
  D:0080H         PUBLIC        P0
  D:0090H         PUBLIC        P1
  D:00A0H         PUBLIC        P2
  D:00B0H         PUBLIC        P3
  D:00C0H         PUBLIC        P4
  D:00C8H         PUBLIC        P5
  D:00E8H         PUBLIC        P6
  D:00F8H         PUBLIC        P7
  D:00A8H         PUBLIC        IE
  D:00B8H         PUBLIC        IP
  D:00D8H         PUBLIC        CCON
  D:0098H         PUBLIC        SCON
  D:0088H         PUBLIC        TCON
  D:00F0H         PUBLIC        B
  D:00E0H         PUBLIC        ACC
  C:342CH         PUBLIC        _startStepMotor
  C:3420H         PUBLIC        _getStepMotorState
  D:00D0H         PUBLIC        PSW
BL51 BANKED LINKER/LOCATER V6.00                                                      06/28/2017  22:36:34  PAGE 20


  C:3426H         PUBLIC        _stopStepMotor
  -------         PROC          _GETSTEPMOTORSTATE
  X:0358H         SYMBOL        motor
  C:3420H         LINE#         2
  C:3425H         LINE#         3
  C:3425H         LINE#         5
  -------         ENDPROC       _GETSTEPMOTORSTATE
  -------         PROC          _STOPSTEPMOTOR
  X:0359H         SYMBOL        motor
  C:3426H         LINE#         6
  C:342BH         LINE#         7
  C:342BH         LINE#         10
  -------         ENDPROC       _STOPSTEPMOTOR
  -------         PROC          _STARTSTEPMOTOR
  X:035AH         SYMBOL        motor
  C:342CH         LINE#         11
  C:3431H         LINE#         12
  C:3431H         LINE#         13
  -------         ENDPROC       _STARTSTEPMOTOR
  -------         ENDMOD        STEP_MOTOR

  -------         MODULE        ADC
  C:0000H         SYMBOL        _ICE_DUMMY_
  D:0080H         PUBLIC        P0
  D:0090H         PUBLIC        P1
  C:2DAFH         PUBLIC        _ADC_Inilize
  D:00A0H         PUBLIC        P2
  D:00B0H         PUBLIC        P3
  D:00C0H         PUBLIC        P4
  D:00C8H         PUBLIC        P5
  D:00E8H         PUBLIC        P6
  D:00F8H         PUBLIC        P7
  B:00A8H.5       PUBLIC        EADC
  D:00A8H         PUBLIC        IE
  D:00BDH         PUBLIC        ADC_RES
  B:00B8H.5       PUBLIC        PADC
  D:00B8H         PUBLIC        IP
  C:33CAH         PUBLIC        _ADC_PowerControl
  D:00D8H         PUBLIC        CCON
  D:00BCH         PUBLIC        ADC_CONTR
  D:0098H         PUBLIC        SCON
  D:0088H         PUBLIC        TCON
  D:00F0H         PUBLIC        B
  D:00E0H         PUBLIC        ACC
  D:009DH         PUBLIC        P1ASF
  D:00BEH         PUBLIC        ADC_RESL
  D:0097H         PUBLIC        PCON2
  C:2CA5H         PUBLIC        _Get_ADC10bitResult
  C:3432H         PUBLIC        ADC_int
  D:00D0H         PUBLIC        PSW
  -------         PROC          _ADC_INILIZE
  D:0001H         SYMBOL        ADCx
  C:2DAFH         LINE#         22
  C:2DAFH         LINE#         23
  C:2DAFH         LINE#         24
  C:2DB4H         LINE#         25
  C:2DC2H         LINE#         26
BL51 BANKED LINKER/LOCATER V6.00                                                      06/28/2017  22:36:34  PAGE 21


  C:2DCBH         LINE#         27
  C:2DCBH         LINE#         28
  C:2DCEH         LINE#         29
  C:2DD0H         LINE#         31
  C:2DD0H         LINE#         32
  C:2DD3H         LINE#         33
  C:2DD3H         LINE#         34
  C:2DDCH         LINE#         35
  C:2DDCH         LINE#         36
  C:2DDFH         LINE#         37
  C:2DE1H         LINE#         39
  C:2DE1H         LINE#         40
  C:2DE4H         LINE#         41
  C:2DE4H         LINE#         42
  C:2DEDH         LINE#         43
  C:2DEDH         LINE#         44
  C:2DEFH         LINE#         45
  C:2DF1H         LINE#         47
  C:2DF1H         LINE#         48
  C:2DF3H         LINE#         49
  C:2DF3H         LINE#         50
  C:2DFCH         LINE#         51
  C:2DFCH         LINE#         52
  C:2DFEH         LINE#         53
  C:2DFFH         LINE#         55
  C:2DFFH         LINE#         56
  C:2E01H         LINE#         57
  C:2E01H         LINE#         58
  -------         ENDPROC       _ADC_INILIZE
  -------         PROC          _ADC_POWERCONTROL
  D:0007H         SYMBOL        pwr
  C:33CAH         LINE#         66
  C:33CAH         LINE#         67
  C:33CAH         LINE#         68
  C:33CEH         LINE#         69
  C:33CEH         LINE#         70
  C:33D1H         LINE#         71
  C:33D2H         LINE#         73
  C:33D2H         LINE#         74
  C:33D5H         LINE#         75
  C:33D5H         LINE#         76
  -------         ENDPROC       _ADC_POWERCONTROL
  -------         PROC          _GET_ADC10BITRESULT
  D:0007H         SYMBOL        channel
  -------         DO            
  D:0004H         SYMBOL        adc
  D:0003H         SYMBOL        i
  -------         ENDDO         
  C:2CA5H         LINE#         84
  C:2CA5H         LINE#         85
  C:2CA5H         LINE#         88
  C:2CABH         LINE#         89
  C:2CABH         LINE#         90
  C:2CADH         LINE#         91
  C:2CADH         LINE#         92
  C:2CB0H         LINE#         93
  C:2CB2H         LINE#         94
BL51 BANKED LINKER/LOCATER V6.00                                                      06/28/2017  22:36:34  PAGE 22


  C:2CBBH         LINE#         95
  C:2CBFH         LINE#         96
  C:2CC1H         LINE#         97
  C:2CC1H         LINE#         98
  C:2CC6H         LINE#         99
  C:2CC6H         LINE#         100
  C:2CC9H         LINE#         101
  C:2CCEH         LINE#         102
  C:2CCEH         LINE#         103
  C:2CD2H         LINE#         104
  C:2CD5H         LINE#         105
  C:2CD7H         LINE#         107
  C:2CD7H         LINE#         108
  C:2CDDH         LINE#         109
  C:2CF4H         LINE#         110
  C:2CF4H         LINE#         111
  C:2CF9H         LINE#         112
  C:2CF9H         LINE#         113
  C:2CFEH         LINE#         114
  C:2D02H         LINE#         115
  -------         ENDPROC       _GET_ADC10BITRESULT
  -------         PROC          ADC_INT
  C:3432H         LINE#         123
  C:3432H         LINE#         125
  C:3435H         LINE#         126
  -------         ENDPROC       ADC_INT
  -------         ENDMOD        ADC

  -------         MODULE        DELAY
  C:0000H         SYMBOL        _ICE_DUMMY_
  D:0080H         PUBLIC        P0
  D:0090H         PUBLIC        P1
  D:00A0H         PUBLIC        P2
  D:00B0H         PUBLIC        P3
  D:00C0H         PUBLIC        P4
  D:00C8H         PUBLIC        P5
  D:00E8H         PUBLIC        P6
  D:00F8H         PUBLIC        P7
  D:00A8H         PUBLIC        IE
  D:00B8H         PUBLIC        IP
  D:00D8H         PUBLIC        CCON
  D:0098H         PUBLIC        SCON
  D:0088H         PUBLIC        TCON
  D:00F0H         PUBLIC        B
  D:00E0H         PUBLIC        ACC
  C:3364H         PUBLIC        _delay_ms
  D:00D0H         PUBLIC        PSW
  -------         PROC          _DELAY_MS
  D:0007H         SYMBOL        ms
  -------         DO            
  D:0004H         SYMBOL        i
  -------         ENDDO         
  C:3364H         LINE#         26
  C:3364H         LINE#         27
  C:3364H         LINE#         30
  C:3364H         LINE#         31
  C:3368H         LINE#         32
BL51 BANKED LINKER/LOCATER V6.00                                                      06/28/2017  22:36:34  PAGE 23


  C:3371H         LINE#         33
  C:3371H         LINE#         35
  C:3371H         LINE#         36
  C:3371H         LINE#         37
  C:3373H         LINE#         38
  -------         ENDPROC       _DELAY_MS
  -------         ENDMOD        DELAY

  -------         MODULE        GPIO
  C:0000H         SYMBOL        _ICE_DUMMY_
  D:0093H         PUBLIC        P0M1
  D:0092H         PUBLIC        P1M0
  D:0096H         PUBLIC        P2M0
  D:0091H         PUBLIC        P1M1
  D:0080H         PUBLIC        P0
  D:00B2H         PUBLIC        P3M0
  D:0095H         PUBLIC        P2M1
  D:0090H         PUBLIC        P1
  D:00B4H         PUBLIC        P4M0
  D:00B1H         PUBLIC        P3M1
  D:00A0H         PUBLIC        P2
  D:00CAH         PUBLIC        P5M0
  D:00B3H         PUBLIC        P4M1
  D:00B0H         PUBLIC        P3
  D:00C9H         PUBLIC        P5M1
  D:00C0H         PUBLIC        P4
  D:00C8H         PUBLIC        P5
  D:00E8H         PUBLIC        P6
  D:00F8H         PUBLIC        P7
  D:00A8H         PUBLIC        IE
  D:00B8H         PUBLIC        IP
  D:00D8H         PUBLIC        CCON
  D:0098H         PUBLIC        SCON
  D:0088H         PUBLIC        TCON
  D:00F0H         PUBLIC        B
  D:00E0H         PUBLIC        ACC
  C:1C11H         PUBLIC        _GPIO_Inilize
  D:00D0H         PUBLIC        PSW
  C:3436H         PUBLIC        _setPinState
  D:0094H         PUBLIC        P0M0
  -------         PROC          _SETPINSTATE
  D:0007H         SYMBOL        Pin
  B:0021H.0       SYMBOL        State
  C:3436H         LINE#         18
  C:3436H         LINE#         19
  C:3436H         LINE#         20
  C:3438H         LINE#         23
  -------         ENDPROC       _SETPINSTATE
  -------         PROC          _GPIO_INILIZE
  D:0007H         SYMBOL        GPIO
  D:0001H         SYMBOL        GPIOx
  C:1C11H         LINE#         31
  C:1C11H         LINE#         32
  C:1C11H         LINE#         33
  C:1C17H         LINE#         34
  C:1C17H         LINE#         35
  C:1C1AH         LINE#         36
BL51 BANKED LINKER/LOCATER V6.00                                                      06/28/2017  22:36:34  PAGE 24


  C:1C1AH         LINE#         37
  C:1C23H         LINE#         38
  C:1C23H         LINE#         39
  C:1C26H         LINE#         40
  C:1C26H         LINE#         41
  C:1C29H         LINE#         42
  C:1C29H         LINE#         43
  C:1C2CH         LINE#         44
  C:1C2CH         LINE#         45
  C:1C37H         LINE#         46
  C:1C37H         LINE#         47
  C:1C3DH         LINE#         48
  C:1C3DH         LINE#         49
  C:1C48H         LINE#         50
  C:1C48H         LINE#         51
  C:1C4FH         LINE#         52
  C:1C4FH         LINE#         53
  C:1C59H         LINE#         54
  C:1C59H         LINE#         55
  C:1C5DH         LINE#         56
  C:1C5DH         LINE#         57
  C:1C6AH         LINE#         58
  C:1C6AH         LINE#         59
  C:1C6AH         LINE#         60
  C:1C6FH         LINE#         61
  C:1C6FH         LINE#         62
  C:1C75H         LINE#         63
  C:1C75H         LINE#         64
  C:1C80H         LINE#         65
  C:1C80H         LINE#         66
  C:1C84H         LINE#         67
  C:1C84H         LINE#         68
  C:1C8FH         LINE#         69
  C:1C8FH         LINE#         70
  C:1C95H         LINE#         71
  C:1C95H         LINE#         72
  C:1C9FH         LINE#         73
  C:1C9FH         LINE#         74
  C:1CA5H         LINE#         75
  C:1CA5H         LINE#         76
  C:1CB2H         LINE#         77
  C:1CB2H         LINE#         78
  C:1CB2H         LINE#         79
  C:1CB7H         LINE#         80
  C:1CB7H         LINE#         81
  C:1CBDH         LINE#         82
  C:1CBDH         LINE#         83
  C:1CC8H         LINE#         84
  C:1CC8H         LINE#         85
  C:1CCCH         LINE#         86
  C:1CCCH         LINE#         87
  C:1CD7H         LINE#         88
  C:1CD7H         LINE#         89
  C:1CDDH         LINE#         90
  C:1CDDH         LINE#         91
  C:1CE7H         LINE#         92
  C:1CE7H         LINE#         93
BL51 BANKED LINKER/LOCATER V6.00                                                      06/28/2017  22:36:34  PAGE 25


  C:1CEDH         LINE#         94
  C:1CEDH         LINE#         95
  C:1CFAH         LINE#         96
  C:1CFAH         LINE#         97
  C:1CFAH         LINE#         98
  C:1CFFH         LINE#         99
  C:1CFFH         LINE#         100
  C:1D05H         LINE#         101
  C:1D05H         LINE#         102
  C:1D10H         LINE#         103
  C:1D10H         LINE#         104
  C:1D14H         LINE#         105
  C:1D14H         LINE#         106
  C:1D1FH         LINE#         107
  C:1D1FH         LINE#         108
  C:1D25H         LINE#         109
  C:1D25H         LINE#         110
  C:1D2FH         LINE#         111
  C:1D2FH         LINE#         112
  C:1D35H         LINE#         113
  C:1D35H         LINE#         114
  C:1D42H         LINE#         115
  C:1D42H         LINE#         116
  C:1D42H         LINE#         117
  C:1D47H         LINE#         118
  C:1D47H         LINE#         119
  C:1D4DH         LINE#         120
  C:1D4DH         LINE#         121
  C:1D58H         LINE#         122
  C:1D58H         LINE#         123
  C:1D5CH         LINE#         124
  C:1D5CH         LINE#         125
  C:1D67H         LINE#         126
  C:1D67H         LINE#         127
  C:1D6DH         LINE#         128
  C:1D6DH         LINE#         129
  C:1D77H         LINE#         130
  C:1D77H         LINE#         131
  C:1D7DH         LINE#         132
  C:1D7DH         LINE#         133
  C:1D8AH         LINE#         134
  C:1D8AH         LINE#         135
  C:1D8AH         LINE#         136
  C:1D8FH         LINE#         137
  C:1D8FH         LINE#         138
  C:1D95H         LINE#         139
  C:1D95H         LINE#         140
  C:1DA0H         LINE#         141
  C:1DA0H         LINE#         142
  C:1DA4H         LINE#         143
  C:1DA4H         LINE#         144
  C:1DAFH         LINE#         145
  C:1DAFH         LINE#         146
  C:1DB5H         LINE#         147
  C:1DB5H         LINE#         148
  C:1DBFH         LINE#         149
  C:1DBFH         LINE#         150
BL51 BANKED LINKER/LOCATER V6.00                                                      06/28/2017  22:36:34  PAGE 26


  C:1DC5H         LINE#         151
  C:1DC5H         LINE#         152
  C:1DD2H         LINE#         153
  C:1DD2H         LINE#         154
  C:1DD2H         LINE#         155
  C:1DD4H         LINE#         156
  -------         ENDPROC       _GPIO_INILIZE
  -------         ENDMOD        GPIO

  -------         MODULE        PCA
  C:0000H         SYMBOL        _ICE_DUMMY_
  B:00D8H.2       PUBLIC        CCF2
  D:0080H         PUBLIC        P0
  D:0090H         PUBLIC        P1
  D:00A0H         PUBLIC        P2
  D:00B0H         PUBLIC        P3
  D:00C0H         PUBLIC        P4
  D:00C8H         PUBLIC        P5
  D:00E8H         PUBLIC        P6
  D:00F8H         PUBLIC        P7
  D:00F9H         PUBLIC        CH
  X:0311H         PUBLIC        PCA0_mode
  X:0312H         PUBLIC        PCA1_mode
  D:00A8H         PUBLIC        IE
  X:0313H         PUBLIC        PCA2_mode
  D:00E9H         PUBLIC        CL
  D:00FAH         PUBLIC        CCAP0H
  D:00FBH         PUBLIC        CCAP1H
  D:00FCH         PUBLIC        CCAP2H
  B:00D8H.6       PUBLIC        CR
  D:00EAH         PUBLIC        CCAP0L
  D:00EBH         PUBLIC        CCAP1L
  D:00DAH         PUBLIC        CCAPM0
  D:00ECH         PUBLIC        CCAP2L
  D:00DBH         PUBLIC        CCAPM1
  D:00DCH         PUBLIC        CCAPM2
  D:00B8H         PUBLIC        IP
  D:00D9H         PUBLIC        CMOD
  D:00D8H         PUBLIC        CCON
  B:00B8H.7       PUBLIC        PPCA
  C:2673H         PUBLIC        _PWMn_Update
  B:0020H.4       PUBLIC        B_Capture0
  B:0020H.5       PUBLIC        B_Capture1
  B:0020H.6       PUBLIC        B_Capture2
  D:0098H         PUBLIC        SCON
  D:0088H         PUBLIC        TCON
  B:00A0H.5       PUBLIC        P25
  B:00A0H.6       PUBLIC        P26
  B:00A0H.7       PUBLIC        P27
  D:00F0H         PUBLIC        B
  D:00E0H         PUBLIC        ACC
  C:2126H         PUBLIC        _pwmOutPut
  C:1F87H         PUBLIC        _PCA_Init
  X:0314H         PUBLIC        PWM0_low
  X:0316H         PUBLIC        PWM1_low
  D:00F2H         PUBLIC        PCA_PWM0
  X:0318H         PUBLIC        PWM2_low
BL51 BANKED LINKER/LOCATER V6.00                                                      06/28/2017  22:36:34  PAGE 27


  D:00F3H         PUBLIC        PCA_PWM1
  D:00F4H         PUBLIC        PCA_PWM2
  X:031AH         PUBLIC        PCA_Timer0
  X:031CH         PUBLIC        PCA_Timer1
  X:031EH         PUBLIC        PCA_Timer2
  D:00A2H         PUBLIC        AUXR1
  C:2870H         PUBLIC        PCA_Handler
  D:00D0H         PUBLIC        PSW
  X:0320H         PUBLIC        CCAP0_tmp
  X:0322H         PUBLIC        CCAP1_tmp
  B:00D8H.0       PUBLIC        CCF0
  X:0324H         PUBLIC        CCAP2_tmp
  B:00D8H.1       PUBLIC        CCF1
  -------         PROC          _PWMN_UPDATE
  D:0007H         SYMBOL        PCA_id
  D:0004H         SYMBOL        high
  C:2673H         LINE#         34
  C:2673H         LINE#         35
  C:2673H         LINE#         36
  C:2676H         LINE#         37
  C:2676H         LINE#         38
  C:267FH         LINE#         39
  C:267FH         LINE#         40
  C:2683H         LINE#         41
  C:2683H         LINE#         42
  C:268CH         LINE#         43
  C:268CH         LINE#         44
  C:2690H         LINE#         45
  C:2690H         LINE#         46
  C:2692H         LINE#         47
  C:269AH         LINE#         48
  C:26A8H         LINE#         49
  C:26A8H         LINE#         50
  C:26AAH         LINE#         51
  C:26AFH         LINE#         52
  C:26AFH         LINE#         53
  C:26B8H         LINE#         54
  C:26B8H         LINE#         55
  C:26BCH         LINE#         56
  C:26BCH         LINE#         57
  C:26C5H         LINE#         58
  C:26C5H         LINE#         59
  C:26C9H         LINE#         60
  C:26C9H         LINE#         61
  C:26CBH         LINE#         62
  C:26D3H         LINE#         63
  C:26E1H         LINE#         64
  C:26E1H         LINE#         65
  C:26E3H         LINE#         66
  C:26E8H         LINE#         67
  C:26E8H         LINE#         68
  C:26F1H         LINE#         69
  C:26F1H         LINE#         70
  C:26F5H         LINE#         71
  C:26F5H         LINE#         72
  C:26FEH         LINE#         73
  C:26FEH         LINE#         74
BL51 BANKED LINKER/LOCATER V6.00                                                      06/28/2017  22:36:34  PAGE 28


  C:2702H         LINE#         75
  C:2702H         LINE#         76
  C:2704H         LINE#         77
  C:270CH         LINE#         78
  C:271EH         LINE#         79
  C:2720H         LINE#         80
  C:2720H         LINE#         81
  -------         ENDPROC       _PWMN_UPDATE
  -------         PROC          _PCA_INIT
  D:0005H         SYMBOL        PCA_id
  X:034DH         SYMBOL        PCAx
  C:1F87H         LINE#         106
  C:1F94H         LINE#         107
  C:1F94H         LINE#         108
  C:1F9DH         LINE#         109
  C:1F9DH         LINE#         111
  C:1F9DH         LINE#         112
  C:1FA2H         LINE#         113
  C:1FA2H         LINE#         114
  C:1FA4H         LINE#         115
  C:1FA6H         LINE#         116
  C:1FA8H         LINE#         117
  C:1FBEH         LINE#         118
  C:1FCCH         LINE#         119
  C:1FDCH         LINE#         120
  C:1FE5H         LINE#         121
  C:1FE5H         LINE#         122
  C:1FE7H         LINE#         123
  C:1FE9H         LINE#         125
  C:1FE9H         LINE#         126
  C:1FEBH         LINE#         127
  C:1FEBH         LINE#         128
  C:1FEEH         LINE#         130
  C:1FEEH         LINE#         131
  C:2006H         LINE#         132
  C:201CH         LINE#         133
  C:201CH         LINE#         134
  C:202BH         LINE#         135
  C:202BH         LINE#         136
  C:202EH         LINE#         137
  C:202EH         LINE#         138
  C:204AH         LINE#         139
  C:2058H         LINE#         140
  C:2069H         LINE#         141
  C:206BH         LINE#         142
  C:2070H         LINE#         143
  C:2078H         LINE#         144
  C:207AH         LINE#         145
  C:207DH         LINE#         146
  C:207DH         LINE#         147
  C:2082H         LINE#         148
  C:2082H         LINE#         149
  C:209EH         LINE#         150
  C:20ACH         LINE#         151
  C:20BDH         LINE#         152
  C:20BFH         LINE#         153
  C:20C4H         LINE#         154
BL51 BANKED LINKER/LOCATER V6.00                                                      06/28/2017  22:36:34  PAGE 29


  C:20CCH         LINE#         155
  C:20CEH         LINE#         156
  C:20D1H         LINE#         157
  C:20D1H         LINE#         158
  C:20D6H         LINE#         159
  C:20D6H         LINE#         160
  C:20F2H         LINE#         161
  C:2100H         LINE#         162
  C:2111H         LINE#         163
  C:2113H         LINE#         164
  C:2118H         LINE#         165
  C:2120H         LINE#         166
  C:2122H         LINE#         167
  C:2125H         LINE#         168
  C:2125H         LINE#         169
  -------         ENDPROC       _PCA_INIT
  -------         PROC          _PWMOUTPUT
  X:0350H         SYMBOL        PCA_id
  X:0351H         SYMBOL        T
  D:0002H         SYMBOL        duty
  C:2126H         LINE#         170
  C:2133H         LINE#         171
  C:2133H         LINE#         172
  C:2135H         LINE#         173
  C:2135H         LINE#         174
  C:213EH         LINE#         175
  C:213EH         LINE#         176
  C:2142H         LINE#         177
  C:2142H         LINE#         178
  C:214BH         LINE#         179
  C:214BH         LINE#         180
  C:214FH         LINE#         181
  C:214FH         LINE#         182
  C:2151H         LINE#         183
  C:216FH         LINE#         184
  C:2190H         LINE#         185
  C:2190H         LINE#         186
  C:2193H         LINE#         187
  C:219BH         LINE#         188
  C:219BH         LINE#         189
  C:21A4H         LINE#         190
  C:21A4H         LINE#         191
  C:21A8H         LINE#         192
  C:21A8H         LINE#         193
  C:21B1H         LINE#         194
  C:21B1H         LINE#         195
  C:21B5H         LINE#         196
  C:21B5H         LINE#         197
  C:21B7H         LINE#         198
  C:21D5H         LINE#         199
  C:21F6H         LINE#         200
  C:21F6H         LINE#         201
  C:21F8H         LINE#         202
  C:2200H         LINE#         203
  C:2200H         LINE#         204
  C:2209H         LINE#         205
  C:2209H         LINE#         206
BL51 BANKED LINKER/LOCATER V6.00                                                      06/28/2017  22:36:34  PAGE 30


  C:220DH         LINE#         207
  C:220DH         LINE#         208
  C:2216H         LINE#         209
  C:2216H         LINE#         210
  C:221AH         LINE#         211
  C:221AH         LINE#         212
  C:221CH         LINE#         213
  C:223AH         LINE#         214
  C:2260H         LINE#         215
  C:2262H         LINE#         216
  C:2262H         LINE#         217
  -------         ENDPROC       _PWMOUTPUT
  -------         PROC          PCA_HANDLER
  C:2870H         LINE#         225
  C:287FH         LINE#         227
  C:2882H         LINE#         228
  C:2882H         LINE#         229
  C:2884H         LINE#         230
  C:2887H         LINE#         231
  C:2887H         LINE#         232
  C:288AH         LINE#         233
  C:288CH         LINE#         235
  C:288CH         LINE#         236
  C:28A0H         LINE#         237
  C:28A0H         LINE#         238
  C:28A9H         LINE#         239
  C:28ACH         LINE#         240
  C:28ACH         LINE#         241
  C:28AFH         LINE#         242
  C:28AFH         LINE#         243
  C:28B1H         LINE#         244
  C:28B4H         LINE#         245
  C:28B4H         LINE#         246
  C:28B7H         LINE#         247
  C:28B9H         LINE#         249
  C:28B9H         LINE#         250
  C:28CDH         LINE#         251
  C:28CDH         LINE#         252
  C:28D6H         LINE#         253
  C:28D9H         LINE#         254
  C:28D9H         LINE#         255
  C:28DCH         LINE#         256
  C:28DCH         LINE#         257
  C:28DEH         LINE#         258
  C:28E1H         LINE#         259
  C:28E1H         LINE#         260
  C:28E4H         LINE#         261
  C:28E6H         LINE#         263
  C:28E6H         LINE#         264
  C:28FAH         LINE#         265
  C:28FAH         LINE#         266
  C:2903H         LINE#         267
  C:2906H         LINE#         268
  C:2906H         LINE#         274
  -------         ENDPROC       PCA_HANDLER
  -------         ENDMOD        PCA

BL51 BANKED LINKER/LOCATER V6.00                                                      06/28/2017  22:36:34  PAGE 31


  -------         MODULE        STC15_PWM
  C:0000H         SYMBOL        _ICE_DUMMY_
  D:0080H         PUBLIC        P0
  C:2263H         SYMBOL        _PWM_SET_T12_PERIOD
  D:0090H         PUBLIC        P1
  D:00A0H         PUBLIC        P2
  D:00B0H         PUBLIC        P3
  X:02DFH         SYMBOL        PWM_info
  D:00C0H         PUBLIC        P4
  D:00C8H         PUBLIC        P5
  D:00E8H         PUBLIC        P6
  D:00F8H         PUBLIC        P7
  C:33D6H         PUBLIC        OPEN_PWM
  D:00F5H         PUBLIC        PWMCR
  D:00BAH         PUBLIC        P_SW2
  D:00A8H         PUBLIC        IE
  C:2F71H         PUBLIC        _getPWM_N_duty
  D:00F7H         PUBLIC        PWMFDCR
  D:00B8H         PUBLIC        IP
  C:1DD5H         PUBLIC        _PWM_duty
  C:3374H         PUBLIC        getPWM_period
  D:00D8H         PUBLIC        CCON
  C:13E4H         SYMBOL        _PWM_Inilize
  B:00A0H.1       PUBLIC        P21
  B:00A0H.2       PUBLIC        P22
  D:0098H         PUBLIC        SCON
  B:00A0H.3       PUBLIC        P23
  D:0088H         PUBLIC        TCON
  B:0090H.6       PUBLIC        P16
  B:0090H.7       PUBLIC        P17
  B:00B0H.7       PUBLIC        P37
  C:3439H         PUBLIC        getPWM_state
  D:00F0H         PUBLIC        B
  D:00F1H         PUBLIC        PWMCFG
  D:00E0H         PUBLIC        ACC
  C:33E2H         PUBLIC        CLOSE_PWM
  C:24CEH         PUBLIC        _PWM_config
  C:2FADH         PUBLIC        _PWM_period
  C:3295H         PUBLIC        _PWM_SET_PERIOD
  B:0021H.1       SYMBOL        PWM_state
  D:00D0H         PUBLIC        PSW
  -------         PROC          _PWM_INILIZE
  D:0007H         SYMBOL        PWM_N
  D:0001H         SYMBOL        PWMx
  C:13E4H         LINE#         33
  C:13E4H         LINE#         34
  C:13E4H         LINE#         35
  C:13E7H         LINE#         36
  C:13EDH         LINE#         37
  C:13EDH         LINE#         38
  C:13F0H         LINE#         39
  C:13F2H         LINE#         41
  C:13F2H         LINE#         42
  C:13F5H         LINE#         43
  C:13F5H         LINE#         44
  C:13FEH         LINE#         45
  C:13FEH         LINE#         46
BL51 BANKED LINKER/LOCATER V6.00                                                      06/28/2017  22:36:34  PAGE 32


  C:140BH         LINE#         47
  C:140DH         LINE#         49
  C:140DH         LINE#         50
  C:141BH         LINE#         51
  C:141BH         LINE#         52
  C:1424H         LINE#         53
  C:1424H         LINE#         54
  C:1427H         LINE#         55
  C:1429H         LINE#         57
  C:1429H         LINE#         58
  C:142CH         LINE#         59
  C:142CH         LINE#         60
  C:1435H         LINE#         61
  C:1435H         LINE#         62
  C:1442H         LINE#         63
  C:1444H         LINE#         65
  C:1444H         LINE#         66
  C:1452H         LINE#         67
  C:1452H         LINE#         68
  C:145BH         LINE#         69
  C:145BH         LINE#         70
  C:145EH         LINE#         71
  C:1460H         LINE#         73
  C:1460H         LINE#         74
  C:1463H         LINE#         75
  C:1463H         LINE#         76
  C:146CH         LINE#         77
  C:146CH         LINE#         78
  C:146FH         LINE#         79
  C:1471H         LINE#         81
  C:1471H         LINE#         82
  C:1474H         LINE#         83
  C:1474H         LINE#         84
  C:147DH         LINE#         85
  C:147DH         LINE#         86
  C:1480H         LINE#         87
  C:1482H         LINE#         89
  C:1482H         LINE#         90
  C:1485H         LINE#         91
  C:1485H         LINE#         92
  C:148EH         LINE#         93
  C:148EH         LINE#         94
  C:1491H         LINE#         95
  C:1493H         LINE#         97
  C:1493H         LINE#         98
  C:1496H         LINE#         99
  C:1496H         LINE#         100
  C:149FH         LINE#         101
  C:149FH         LINE#         102
  C:14A2H         LINE#         103
  C:14A4H         LINE#         105
  C:14A4H         LINE#         106
  C:14A7H         LINE#         107
  C:14A7H         LINE#         109
  C:14B2H         LINE#         110
  C:14B2H         LINE#         111
  C:14B6H         LINE#         112
BL51 BANKED LINKER/LOCATER V6.00                                                      06/28/2017  22:36:34  PAGE 33


  C:14B8H         LINE#         114
  C:14B8H         LINE#         115
  C:14BCH         LINE#         116
  C:14BCH         LINE#         118
  C:14D3H         LINE#         119
  C:14F6H         LINE#         120
  C:14F6H         LINE#         121
  C:14F6H         LINE#         122
  C:14F6H         LINE#         123
  C:1501H         LINE#         124
  C:1501H         LINE#         125
  C:1505H         LINE#         126
  C:1507H         LINE#         128
  C:1507H         LINE#         129
  C:150BH         LINE#         130
  C:150BH         LINE#         131
  C:1517H         LINE#         132
  C:1517H         LINE#         133
  C:151BH         LINE#         134
  C:151DH         LINE#         136
  C:151DH         LINE#         137
  C:1521H         LINE#         138
  C:1521H         LINE#         139
  C:152DH         LINE#         140
  C:152DH         LINE#         141
  C:1531H         LINE#         142
  C:1533H         LINE#         144
  C:1533H         LINE#         145
  C:1537H         LINE#         146
  C:1537H         LINE#         147
  C:1543H         LINE#         148
  C:1543H         LINE#         149
  C:1543H         LINE#         150
  C:1546H         LINE#         152
  C:1546H         LINE#         153
  C:1546H         LINE#         154
  C:1546H         LINE#         155
  C:1546H         LINE#         156
  C:1549H         LINE#         157
  C:1549H         LINE#         158
  C:1549H         LINE#         159
  C:1554H         LINE#         160
  C:1554H         LINE#         161
  C:1558H         LINE#         162
  C:155AH         LINE#         164
  C:155AH         LINE#         165
  C:155EH         LINE#         166
  C:155EH         LINE#         167
  C:156AH         LINE#         168
  C:156AH         LINE#         169
  C:156EH         LINE#         170
  C:1570H         LINE#         172
  C:1570H         LINE#         173
  C:1574H         LINE#         174
  C:1574H         LINE#         175
  C:1580H         LINE#         176
  C:1580H         LINE#         177
BL51 BANKED LINKER/LOCATER V6.00                                                      06/28/2017  22:36:34  PAGE 34


  C:1584H         LINE#         178
  C:1586H         LINE#         180
  C:1586H         LINE#         181
  C:158AH         LINE#         182
  C:158AH         LINE#         183
  C:1596H         LINE#         184
  C:1596H         LINE#         185
  C:1596H         LINE#         186
  C:1599H         LINE#         188
  C:1599H         LINE#         189
  C:1599H         LINE#         190
  C:1599H         LINE#         191
  C:1599H         LINE#         192
  C:159CH         LINE#         193
  C:159CH         LINE#         194
  C:159CH         LINE#         195
  C:15A7H         LINE#         196
  C:15A7H         LINE#         197
  C:15ABH         LINE#         198
  C:15ADH         LINE#         200
  C:15ADH         LINE#         201
  C:15B1H         LINE#         202
  C:15B1H         LINE#         203
  C:15BDH         LINE#         204
  C:15BDH         LINE#         205
  C:15C1H         LINE#         206
  C:15C3H         LINE#         208
  C:15C3H         LINE#         209
  C:15C7H         LINE#         210
  C:15C7H         LINE#         211
  C:15D3H         LINE#         212
  C:15D3H         LINE#         213
  C:15D7H         LINE#         214
  C:15D9H         LINE#         216
  C:15D9H         LINE#         217
  C:15DDH         LINE#         218
  C:15DDH         LINE#         219
  C:15E9H         LINE#         220
  C:15E9H         LINE#         221
  C:15E9H         LINE#         222
  C:15ECH         LINE#         224
  C:15ECH         LINE#         225
  C:15ECH         LINE#         226
  C:15ECH         LINE#         227
  C:15ECH         LINE#         228
  C:15EFH         LINE#         229
  C:15EFH         LINE#         230
  C:15EFH         LINE#         231
  C:15FAH         LINE#         232
  C:15FAH         LINE#         233
  C:15FEH         LINE#         234
  C:1600H         LINE#         236
  C:1600H         LINE#         237
  C:1604H         LINE#         238
  C:1604H         LINE#         239
  C:1610H         LINE#         240
  C:1610H         LINE#         241
[...]
  C:0D8AH         LINE#         202
  C:0DA5H         LINE#         203
  C:0DA5H         LINE#         204
  C:0DA8H         LINE#         205
  C:0DB1H         LINE#         206
  C:0DB4H         LINE#         207
  C:0DD6H         LINE#         208
  C:0DF3H         LINE#         209
  C:0E15H         LINE#         210
  C:0E2BH         LINE#         211
  C:0E2BH         LINE#         212
  C:0E2EH         LINE#         213
  C:0E31H         LINE#         214
  C:0E34H         LINE#         215
  C:0E37H         LINE#         216
  C:0E4CH         LINE#         217
  C:0E55H         LINE#         218
  C:0E58H         LINE#         219
  C:0E5BH         LINE#         220
  C:0E5DH         LINE#         221
  C:0E62H         LINE#         222
  C:0E62H         LINE#         223
  C:0E65H         LINE#         224
  C:0E68H         LINE#         225
  C:0E6BH         LINE#         226
  C:0E6EH         LINE#         227
  C:0E71H         LINE#         228
  C:0E74H         LINE#         229
  C:0E89H         LINE#         230
  C:0E92H         LINE#         231
  C:0E95H         LINE#         232
  C:0E97H         LINE#         233
  C:0E9AH         LINE#         234
  C:0E9AH         LINE#         235
  C:0E9DH         LINE#         236
  C:0EB6H         LINE#         237
  C:0EB9H         LINE#         238
  C:0EC7H         LINE#         239
  C:0ECAH         LINE#         240
  C:0EDAH         LINE#         241
  C:0EDDH         LINE#         242
  C:0EDDH         LINE#         244
  C:0EDFH         LINE#         245
  -------         ENDPROC       _USART_CONFIGURATION
  -------         PROC          _TX1_WRITE2BUFF
  D:0007H         SYMBOL        dat
  C:30A7H         LINE#         250
  C:30A7H         LINE#         251
  C:30A7H         LINE#         252
  C:30B6H         LINE#         253
  C:30C3H         LINE#         255
  C:30C9H         LINE#         256
BL51 BANKED LINKER/LOCATER V6.00                                                      06/28/2017  22:36:34  PAGE 58


  C:30C9H         LINE#         257
  C:30CBH         LINE#         258
  C:30CDH         LINE#         259
  C:30CDH         LINE#         260
  -------         ENDPROC       _TX1_WRITE2BUFF
  -------         PROC          _TX2_WRITE2BUFF
  D:0007H         SYMBOL        dat
  C:3008H         LINE#         262
  C:3008H         LINE#         263
  C:3008H         LINE#         264
  C:3017H         LINE#         265
  C:3024H         LINE#         267
  C:302AH         LINE#         268
  C:302AH         LINE#         269
  C:302CH         LINE#         270
  C:302FH         LINE#         271
  C:302FH         LINE#         272
  -------         ENDPROC       _TX2_WRITE2BUFF
  -------         PROC          _TX3_WRITE2BUFF
  D:0007H         SYMBOL        dat
  C:3030H         LINE#         274
  C:3030H         LINE#         275
  C:3030H         LINE#         276
  C:303FH         LINE#         277
  C:304CH         LINE#         279
  C:3052H         LINE#         280
  C:3052H         LINE#         281
  C:3054H         LINE#         282
  C:3057H         LINE#         283
  C:3057H         LINE#         284
  -------         ENDPROC       _TX3_WRITE2BUFF
  -------         PROC          _TX4_WRITE2BUFF
  D:0007H         SYMBOL        dat
  C:3058H         LINE#         286
  C:3058H         LINE#         287
  C:3058H         LINE#         288
  C:3067H         LINE#         289
  C:3074H         LINE#         291
  C:307AH         LINE#         292
  C:307AH         LINE#         293
  C:307CH         LINE#         294
  C:307FH         LINE#         295
  C:307FH         LINE#         296
  -------         ENDPROC       _TX4_WRITE2BUFF
  -------         PROC          _PRINTSTRING1
  D:0001H         SYMBOL        puts
  C:3318H         LINE#         298
  C:3318H         LINE#         299
  C:3318H         LINE#         300
  C:332AH         LINE#         301
  -------         ENDPROC       _PRINTSTRING1
  -------         PROC          _PRINTSTRING2
  D:0001H         SYMBOL        puts
  C:332BH         LINE#         303
  C:332BH         LINE#         304
  C:332BH         LINE#         305
  C:333DH         LINE#         306
BL51 BANKED LINKER/LOCATER V6.00                                                      06/28/2017  22:36:34  PAGE 59


  -------         ENDPROC       _PRINTSTRING2
  -------         PROC          _PRINTSTRING3
  D:0001H         SYMBOL        puts
  C:333EH         LINE#         308
  C:333EH         LINE#         309
  C:333EH         LINE#         310
  C:3350H         LINE#         311
  -------         ENDPROC       _PRINTSTRING3
  -------         PROC          _PRINTSTRING4
  D:0001H         SYMBOL        puts
  C:3351H         LINE#         313
  C:3351H         LINE#         314
  C:3351H         LINE#         315
  C:3363H         LINE#         316
  -------         ENDPROC       _PRINTSTRING4
  -------         PROC          UART1_INT
  C:2BBFH         LINE#         323
  C:2BCEH         LINE#         325
  C:2BD1H         LINE#         326
  C:2BD1H         LINE#         327
  C:2BD3H         LINE#         328
  C:2BD9H         LINE#         329
  C:2BD9H         LINE#         330
  C:2BE4H         LINE#         331
  C:2BF8H         LINE#         332
  C:2BFEH         LINE#         333
  C:2BFEH         LINE#         334
  C:2BFEH         LINE#         336
  C:2C01H         LINE#         337
  C:2C01H         LINE#         338
  C:2C03H         LINE#         339
  C:2C10H         LINE#         340
  C:2C10H         LINE#         341
  C:2C1DH         LINE#         342
  C:2C2AH         LINE#         343
  C:2C2CH         LINE#         344
  C:2C31H         LINE#         345
  C:2C31H         LINE#         346
  -------         ENDPROC       UART1_INT
  -------         PROC          UART2_INT
  C:2A30H         LINE#         349
  C:2A3FH         LINE#         351
  C:2A44H         LINE#         352
  C:2A44H         LINE#         353
  C:2A47H         LINE#         354
  C:2A4DH         LINE#         355
  C:2A4DH         LINE#         356
  C:2A58H         LINE#         357
  C:2A6CH         LINE#         358
  C:2A72H         LINE#         359
  C:2A72H         LINE#         360
  C:2A72H         LINE#         362
  C:2A77H         LINE#         363
  C:2A77H         LINE#         364
  C:2A7AH         LINE#         365
  C:2A87H         LINE#         366
  C:2A87H         LINE#         367
BL51 BANKED LINKER/LOCATER V6.00                                                      06/28/2017  22:36:34  PAGE 60


  C:2A94H         LINE#         368
  C:2AA1H         LINE#         369
  C:2AA3H         LINE#         370
  C:2AA8H         LINE#         371
  C:2AA8H         LINE#         373
  -------         ENDPROC       UART2_INT
  -------         PROC          UART3_INT
  C:2AB5H         LINE#         377
  C:2AC4H         LINE#         379
  C:2AC9H         LINE#         380
  C:2AC9H         LINE#         381
  C:2ACCH         LINE#         382
  C:2AD2H         LINE#         383
  C:2AD2H         LINE#         384
  C:2ADDH         LINE#         385
  C:2AF1H         LINE#         386
  C:2AF7H         LINE#         387
  C:2AF7H         LINE#         388
  C:2AF7H         LINE#         390
  C:2AFCH         LINE#         391
  C:2AFCH         LINE#         392
  C:2AFFH         LINE#         393
  C:2B0CH         LINE#         394
  C:2B0CH         LINE#         395
  C:2B19H         LINE#         396
  C:2B26H         LINE#         397
  C:2B28H         LINE#         398
  C:2B2DH         LINE#         399
  C:2B2DH         LINE#         401
  -------         ENDPROC       UART3_INT
  -------         PROC          UART4_INT
  C:2B3AH         LINE#         405
  C:2B49H         LINE#         407
  C:2B4EH         LINE#         408
  C:2B4EH         LINE#         409
  C:2B51H         LINE#         410
  C:2B57H         LINE#         411
  C:2B57H         LINE#         412
  C:2B62H         LINE#         413
  C:2B76H         LINE#         414
  C:2B7CH         LINE#         415
  C:2B7CH         LINE#         416
  C:2B7CH         LINE#         418
  C:2B81H         LINE#         419
  C:2B81H         LINE#         420
  C:2B84H         LINE#         421
  C:2B91H         LINE#         422
  C:2B91H         LINE#         423
  C:2B9EH         LINE#         424
  C:2BABH         LINE#         425
  C:2BADH         LINE#         426
  C:2BB2H         LINE#         427
  C:2BB2H         LINE#         429
  -------         ENDPROC       UART4_INT
  -------         ENDMOD        USART1

  -------         MODULE        FIXEDPULSER
BL51 BANKED LINKER/LOCATER V6.00                                                      06/28/2017  22:36:34  PAGE 61


  C:0000H         SYMBOL        _ICE_DUMMY_
  D:0080H         PUBLIC        P0
  D:0090H         PUBLIC        P1
  D:00A0H         PUBLIC        P2
  D:00B0H         PUBLIC        P3
  D:00C0H         PUBLIC        P4
  D:00C8H         PUBLIC        P5
  D:00E8H         PUBLIC        P6
  D:00F8H         PUBLIC        P7
  D:00A8H         PUBLIC        IE
  C:3441H         PUBLIC        PulserInit
  C:3412H         PUBLIC        _closePulser
  D:00B8H         PUBLIC        IP
  D:00D8H         PUBLIC        CCON
  C:33BDH         PUBLIC        _makePulse
  C:340BH         PUBLIC        _openPulser
  D:0098H         PUBLIC        SCON
  D:0088H         PUBLIC        TCON
  D:00F0H         PUBLIC        B
  C:3419H         PUBLIC        _getPulserState
  D:00E0H         PUBLIC        ACC
  D:00D0H         PUBLIC        PSW
  -------         PROC          _MAKEPULSE
  D:0007H         SYMBOL        Pin
  X:0353H         SYMBOL        Hz
  X:0354H         SYMBOL        count
  C:33BDH         LINE#         2
  C:33C8H         LINE#         3
  C:33C8H         LINE#         4
  C:33C8H         LINE#         5
  C:33C9H         LINE#         6
  -------         ENDPROC       _MAKEPULSE
  -------         PROC          _OPENPULSER
  X:035BH         SYMBOL        whichPulser
  C:340BH         LINE#         7
  C:3410H         LINE#         8
  C:3410H         LINE#         10
  C:3411H         LINE#         11
  -------         ENDPROC       _OPENPULSER
  -------         PROC          _CLOSEPULSER
  X:035CH         SYMBOL        whichPulser
  C:3412H         LINE#         12
  C:3417H         LINE#         13
  C:3417H         LINE#         14
  C:3418H         LINE#         16
  -------         ENDPROC       _CLOSEPULSER
  -------         PROC          _GETPULSERSTATE
  X:035DH         SYMBOL        whichPulser
  C:3419H         LINE#         17
  C:341EH         LINE#         18
  C:341EH         LINE#         20
  C:341FH         LINE#         22
  -------         ENDPROC       _GETPULSERSTATE
  -------         PROC          PULSERINIT
  C:3441H         LINE#         23
  C:3441H         LINE#         24
  C:3441H         LINE#         27
BL51 BANKED LINKER/LOCATER V6.00                                                      06/28/2017  22:36:34  PAGE 62


  -------         ENDPROC       PULSERINIT
  -------         ENDMOD        FIXEDPULSER

  -------         MODULE        ?C?FPMUL
  C:0EE0H         PUBLIC        ?C?FPMUL
  -------         ENDMOD        ?C?FPMUL

  -------         MODULE        ?C?FPCMP
  C:0FE8H         PUBLIC        ?C?FPCMP
  C:0FE6H         PUBLIC        ?C?FPCMP3
  -------         ENDMOD        ?C?FPCMP

  -------         MODULE        ?C?FCAST
  C:105DH         PUBLIC        ?C?FCASTC
  C:1058H         PUBLIC        ?C?FCASTI
  C:1053H         PUBLIC        ?C?FCASTL
  -------         ENDMOD        ?C?FCAST

  -------         MODULE        ?C?CASTF
  C:1091H         PUBLIC        ?C?CASTF
  -------         ENDMOD        ?C?CASTF

  -------         MODULE        ?C?CLDPTR
  C:1112H         PUBLIC        ?C?CLDPTR
  -------         ENDMOD        ?C?CLDPTR

  -------         MODULE        ?C?CLDOPTR
  C:112BH         PUBLIC        ?C?CLDOPTR
  -------         ENDMOD        ?C?CLDOPTR

  -------         MODULE        ?C?CSTPTR
  C:1158H         PUBLIC        ?C?CSTPTR
  -------         ENDMOD        ?C?CSTPTR

  -------         MODULE        ?C?CSTOPTR
  C:116AH         PUBLIC        ?C?CSTOPTR
  -------         ENDMOD        ?C?CSTOPTR

  -------         MODULE        ?C?IMUL
  C:118CH         PUBLIC        ?C?IMUL
  -------         ENDMOD        ?C?IMUL

  -------         MODULE        ?C?UIDIV
  C:119EH         PUBLIC        ?C?UIDIV
  -------         ENDMOD        ?C?UIDIV

  -------         MODULE        ?C?IILDX
  C:11F3H         PUBLIC        ?C?IILDX
  -------         ENDMOD        ?C?IILDX

  -------         MODULE        ?C?ILDOPTR
  C:1209H         PUBLIC        ?C?ILDOPTR
  -------         ENDMOD        ?C?ILDOPTR

  -------         MODULE        ?C?ULDIV
  C:127DH         PUBLIC        ?C?ULDIV
  -------         ENDMOD        ?C?ULDIV
BL51 BANKED LINKER/LOCATER V6.00                                                      06/28/2017  22:36:34  PAGE 63



  -------         MODULE        ?C?SLDIV
  C:2F2DH         PUBLIC        ?C?SLDIV
  -------         ENDMOD        ?C?SLDIV

  -------         MODULE        ?C?LNEG
  C:130FH         PUBLIC        ?C?LNEG
  -------         ENDMOD        ?C?LNEG

  -------         MODULE        ?C?ULCMP
  C:131DH         PUBLIC        ?C?ULCMP
  -------         ENDMOD        ?C?ULCMP

  -------         MODULE        ?C?ULSHR
  C:132EH         PUBLIC        ?C?ULSHR
  -------         ENDMOD        ?C?ULSHR

  -------         MODULE        ?C?LLDOPTR0
  C:1341H         PUBLIC        ?C?LLDOPTR0
  -------         ENDMOD        ?C?LLDOPTR0

  -------         MODULE        ?C?LSTXDATA
  C:1371H         PUBLIC        ?C?LSTXDATA
  -------         ENDMOD        ?C?LSTXDATA

  -------         MODULE        ?C?LSTKXDATA
  C:137DH         PUBLIC        ?C?LSTKXDATA
  -------         ENDMOD        ?C?LSTKXDATA

  -------         MODULE        ?C?LLDIDATA0
  C:13AEH         PUBLIC        ?C?LLDIDATA0
  -------         ENDMOD        ?C?LLDIDATA0

  -------         MODULE        ?C?LLDXDATA0
  C:13BBH         PUBLIC        ?C?LLDXDATA0
  -------         ENDMOD        ?C?LLDXDATA0

  -------         MODULE        ?C?LLDPDATA0
  C:13C7H         PUBLIC        ?C?LLDPDATA0
  -------         ENDMOD        ?C?LLDPDATA0

  -------         MODULE        ?C?LLDCODE0
  C:13D4H         PUBLIC        ?C?LLDCODE0
  -------         ENDMOD        ?C?LLDCODE0

*** WARNING L16: UNCALLED SEGMENT, IGNORED FOR OVERLAY PROCESS
    SEGMENT: ?PR?MODE1?MODE

*** WARNING L16: UNCALLED SEGMENT, IGNORED FOR OVERLAY PROCESS
    SEGMENT: ?PR?MODE2?MODE

*** WARNING L16: UNCALLED SEGMENT, IGNORED FOR OVERLAY PROCESS
    SEGMENT: ?PR?MODE3?MODE

*** WARNING L16: UNCALLED SEGMENT, IGNORED FOR OVERLAY PROCESS
    SEGMENT: ?PR?MODE4?MODE

BL51 BANKED LINKER/LOCATER V6.00                                                      06/28/2017  22:36:34  PAGE 64


*** WARNING L16: UNCALLED SEGMENT, IGNORED FOR OVERLAY PROCESS
    SEGMENT: ?PR?MODELAUNCHER?MODE

*** WARNING L16: UNCALLED SEGMENT, IGNORED FOR OVERLAY PROCESS
    SEGMENT: ?PR?BUTTON_CONFIG?BUTTON

*** WARNING L16: UNCALLED SEGMENT, IGNORED FOR OVERLAY PROCESS
    SEGMENT: ?PR?_GETBUTTONSTATE?BUTTON

*** WARNING L16: UNCALLED SEGMENT, IGNORED FOR OVERLAY PROCESS
    SEGMENT: ?PR?BUTTONSCAN?BUTTON

*** WARNING L16: UNCALLED SEGMENT, IGNORED FOR OVERLAY PROCESS
    SEGMENT: ?PR?_GETSTEPMOTORSTATE?STEP_MOTOR

*** WARNING L16: UNCALLED SEGMENT, IGNORED FOR OVERLAY PROCESS
    SEGMENT: ?PR?_STOPSTEPMOTOR?STEP_MOTOR

*** WARNING L16: UNCALLED SEGMENT, IGNORED FOR OVERLAY PROCESS
    SEGMENT: ?PR?_STARTSTEPMOTOR?STEP_MOTOR

*** WARNING L16: UNCALLED SEGMENT, IGNORED FOR OVERLAY PROCESS
    SEGMENT: ?PR?_ADC_INILIZE?ADC

*** WARNING L16: UNCALLED SEGMENT, IGNORED FOR OVERLAY PROCESS
    SEGMENT: ?PR?_ADC_POWERCONTROL?ADC

*** WARNING L16: UNCALLED SEGMENT, IGNORED FOR OVERLAY PROCESS
    SEGMENT: ?PR?_GET_ADC10BITRESULT?ADC

*** WARNING L16: UNCALLED SEGMENT, IGNORED FOR OVERLAY PROCESS
    SEGMENT: ?PR?_DELAY_MS?DELAY

*** WARNING L16: UNCALLED SEGMENT, IGNORED FOR OVERLAY PROCESS
    SEGMENT: ?PR?_SETPINSTATE?GPIO

*** WARNING L16: UNCALLED SEGMENT, IGNORED FOR OVERLAY PROCESS
    SEGMENT: ?PR?_PWMN_UPDATE?PCA

*** WARNING L16: UNCALLED SEGMENT, IGNORED FOR OVERLAY PROCESS
    SEGMENT: ?PR?_PCA_INIT?PCA

*** WARNING L16: UNCALLED SEGMENT, IGNORED FOR OVERLAY PROCESS
    SEGMENT: ?PR?_PWMOUTPUT?PCA

*** WARNING L16: UNCALLED SEGMENT, IGNORED FOR OVERLAY PROCESS
    SEGMENT: ?PR?_PWM_CONFIG?STC15_PWM

*** WARNING L16: UNCALLED SEGMENT, IGNORED FOR OVERLAY PROCESS
    SEGMENT: ?PR?GETPWM_PERIOD?STC15_PWM

*** WARNING L16: UNCALLED SEGMENT, IGNORED FOR OVERLAY PROCESS
    SEGMENT: ?PR?_GETPWM_N_DUTY?STC15_PWM

*** WARNING L16: UNCALLED SEGMENT, IGNORED FOR OVERLAY PROCESS
    SEGMENT: ?PR?_PWM_PERIOD?STC15_PWM

BL51 BANKED LINKER/LOCATER V6.00                                                      06/28/2017  22:36:34  PAGE 65


*** WARNING L16: UNCALLED SEGMENT, IGNORED FOR OVERLAY PROCESS
    SEGMENT: ?PR?_PWM_DUTY?STC15_PWM

*** WARNING L16: UNCALLED SEGMENT, IGNORED FOR OVERLAY PROCESS
    SEGMENT: ?PR?OPEN_PWM?STC15_PWM

*** WARNING L16: UNCALLED SEGMENT, IGNORED FOR OVERLAY PROCESS
    SEGMENT: ?PR?CLOSE_PWM?STC15_PWM

*** WARNING L16: UNCALLED SEGMENT, IGNORED FOR OVERLAY PROCESS
    SEGMENT: ?PR?GETPWM_STATE?STC15_PWM

*** WARNING L16: UNCALLED SEGMENT, IGNORED FOR OVERLAY PROCESS
    SEGMENT: ?PR?_SPI_INIT?STC15_SPI

*** WARNING L16: UNCALLED SEGMENT, IGNORED FOR OVERLAY PROCESS
    SEGMENT: ?PR?_SPI_WRITENBYTETOTXBUF?STC15_SPI

*** WARNING L16: UNCALLED SEGMENT, IGNORED FOR OVERLAY PROCESS
    SEGMENT: ?PR?SPI_TRIGTX?STC15_SPI

*** WARNING L16: UNCALLED SEGMENT, IGNORED FOR OVERLAY PROCESS
    SEGMENT: ?PR?_SPI_SPI_READTHENBYTETORXBUF?STC15_SPI

*** WARNING L16: UNCALLED SEGMENT, IGNORED FOR OVERLAY PROCESS
    SEGMENT: ?PR?GETMICROS?TIMER

*** WARNING L16: UNCALLED SEGMENT, IGNORED FOR OVERLAY PROCESS
    SEGMENT: ?PR?GETMILLIS?TIMER

*** WARNING L16: UNCALLED SEGMENT, IGNORED FOR OVERLAY PROCESS
    SEGMENT: ?PR?_SETTIMERHERTZ?TIMER

*** WARNING L16: UNCALLED SEGMENT, IGNORED FOR OVERLAY PROCESS
    SEGMENT: ?PR?_GETTIMERHERTZ?TIMER

*** WARNING L16: UNCALLED SEGMENT, IGNORED FOR OVERLAY PROCESS
    SEGMENT: ?PR?_SETTIMEOUT?TIMER

*** WARNING L16: UNCALLED SEGMENT, IGNORED FOR OVERLAY PROCESS
    SEGMENT: ?PR?_GETTIMEROUT?TIMER

*** WARNING L16: UNCALLED SEGMENT, IGNORED FOR OVERLAY PROCESS
    SEGMENT: ?PR?_STOPTIMER?TIMER

*** WARNING L16: UNCALLED SEGMENT, IGNORED FOR OVERLAY PROCESS
    SEGMENT: ?PR?_ISACTIVETIMER?TIMER

*** WARNING L16: UNCALLED SEGMENT, IGNORED FOR OVERLAY PROCESS
    SEGMENT: ?PR?_ONRESTARTTIMER?TIMER

*** WARNING L16: UNCALLED SEGMENT, IGNORED FOR OVERLAY PROCESS
    SEGMENT: ?PR?_PRINTSTRING2?USART1

*** WARNING L16: UNCALLED SEGMENT, IGNORED FOR OVERLAY PROCESS
    SEGMENT: ?PR?_PRINTSTRING3?USART1

BL51 BANKED LINKER/LOCATER V6.00                                                      06/28/2017  22:36:34  PAGE 66


*** WARNING L16: UNCALLED SEGMENT, IGNORED FOR OVERLAY PROCESS
    SEGMENT: ?PR?_PRINTSTRING4?USART1

*** WARNING L16: UNCALLED SEGMENT, IGNORED FOR OVERLAY PROCESS
    SEGMENT: ?PR?_MAKEPULSE?FIXEDPULSER

*** WARNING L16: UNCALLED SEGMENT, IGNORED FOR OVERLAY PROCESS
    SEGMENT: ?PR?_OPENPULSER?FIXEDPULSER

*** WARNING L16: UNCALLED SEGMENT, IGNORED FOR OVERLAY PROCESS
    SEGMENT: ?PR?_CLOSEPULSER?FIXEDPULSER

*** WARNING L16: UNCALLED SEGMENT, IGNORED FOR OVERLAY PROCESS
    SEGMENT: ?PR?_GETPULSERSTATE?FIXEDPULSER

*** WARNING L16: UNCALLED SEGMENT, IGNORED FOR OVERLAY PROCESS
    SEGMENT: ?PR?PULSERINIT?FIXEDPULSER

******************************************************************************
* RESTRICTED VERSION WITH FFFFH BYTE CODE SIZE LIMIT; USED: 2515H BYTE (14%) *
******************************************************************************

Program Size: data=92.2 xdata=862 code=11366
LINK/LOCATE RUN COMPLETE.  48 WARNING(S),  0 ERROR(S)
