BL51 BANKED LINKER/LOCATER V6.00                                                        07/28/2017  09:58:56  PAGE 1


BL51 BANKED LINKER/LOCATER V6.00, INVOKED BY:
C:\KEIL_V5\C51\BIN\BL51.EXE .\absTask.obj, .\task.obj, .\setup.obj, .\mode.obj, .\Conf_tny.obj, .\PID.obj, .\FILTER.obj,
>>  .\DataScope_DP.obj, .\storage.obj, .\BUTTON.obj, .\LED.obj, .\MOTOR.obj, .\SERVO.obj, .\STEP_MOTOR.obj, .\RELAY.obj,
>>  .\ANGLE.obj, .\LCD1602.obj, .\74HC595.obj, .\LCD5510_V2.obj, .\TM1638.obj, .\fixedPulser.obj, .\ADC.obj, .\delay.obj
>> , .\GPIO.obj, .\PCA.obj, .\stc15_pwm.obj, .\timer.obj, .\USART1.obj, .\stc15_eeprom.obj TO 电子大赛程序框架 RTX51TINY
>>  RAMSIZE (256)


MEMORY MODEL: LARGE WITH FLOATING POINT ARITHMETIC


INPUT MODULES INCLUDED:
  .\absTask.obj (ABSTASK)
  .\task.obj (TASK)
  .\setup.obj (SETUP)
  .\mode.obj (MODE)
  .\Conf_tny.obj (?RTX51_TINY_KERNAL)
  .\PID.obj (PID)
  .\FILTER.obj (FILTER)
  .\DataScope_DP.obj (DATASCOPE_DP)
  .\storage.obj (STORAGE)
  .\BUTTON.obj (BUTTON)
  .\LED.obj (LED)
  .\MOTOR.obj (MOTOR)
  .\SERVO.obj (SERVO)
  .\STEP_MOTOR.obj (STEP_MOTOR)
  .\RELAY.obj (RELAY)
  .\ANGLE.obj (ANGLE)
  .\LCD1602.obj (LCD1602)
  .\74HC595.obj (74HC595)
  .\LCD5510_V2.obj (LCD5510_V2)
  .\TM1638.obj (TM1638)
  .\fixedPulser.obj (FIXEDPULSER)
  .\ADC.obj (ADC)
  .\delay.obj (DELAY)
  .\GPIO.obj (GPIO)
  .\PCA.obj (PCA)
  .\stc15_pwm.obj (STC15_PWM)
  .\timer.obj (TIMER)
  .\USART1.obj (USART1)
  .\stc15_eeprom.obj (STC15_EEPROM)
  C:\KEIL_V5\C51\LIB\C51FPL.LIB (?C?FPADD)
  C:\KEIL_V5\C51\LIB\C51FPL.LIB (?C?FPMUL)
  C:\KEIL_V5\C51\LIB\C51FPL.LIB (?C?FPDIV)
  C:\KEIL_V5\C51\LIB\C51FPL.LIB (?C?FPCMP)
  C:\KEIL_V5\C51\LIB\C51FPL.LIB (?C?FCAST)
  C:\KEIL_V5\C51\LIB\C51FPL.LIB (?C?CASTF)
  C:\KEIL_V5\C51\LIB\C51FPL.LIB (?C?FPGETOPN)
  C:\KEIL_V5\C51\LIB\C51L.LIB (?C_STARTUP)
  C:\KEIL_V5\C51\LIB\C51L.LIB (?C?CLDPTR)
  C:\KEIL_V5\C51\LIB\C51L.LIB (?C?CLDOPTR)
  C:\KEIL_V5\C51\LIB\C51L.LIB (?C?CSTPTR)
  C:\KEIL_V5\C51\LIB\C51L.LIB (?C?CSTOPTR)
  C:\KEIL_V5\C51\LIB\C51L.LIB (?C?IMUL)
  C:\KEIL_V5\C51\LIB\C51L.LIB (?C?UIDIV)
  C:\KEIL_V5\C51\LIB\C51L.LIB (?C?IILDX)
  C:\KEIL_V5\C51\LIB\C51L.LIB (?C?ILDOPTR)
  C:\KEIL_V5\C51\LIB\C51L.LIB (?C?LMUL)
BL51 BANKED LINKER/LOCATER V6.00                                                      07/28/2017  09:58:56  PAGE 2


  C:\KEIL_V5\C51\LIB\C51L.LIB (?C?ULDIV)
  C:\KEIL_V5\C51\LIB\C51L.LIB (?C?SLDIV)
  C:\KEIL_V5\C51\LIB\C51L.LIB (?C?LNEG)
  C:\KEIL_V5\C51\LIB\C51L.LIB (?C?ULCMP)
  C:\KEIL_V5\C51\LIB\C51L.LIB (?C?ULSHR)
  C:\KEIL_V5\C51\LIB\C51L.LIB (?C?LLDOPTR0)
  C:\KEIL_V5\C51\LIB\C51L.LIB (?C?LSTXDATA)
  C:\KEIL_V5\C51\LIB\C51L.LIB (?C?LSTKXDATA)
  C:\KEIL_V5\C51\LIB\C51L.LIB (?C_INIT)
  C:\KEIL_V5\C51\LIB\C51L.LIB (?C?LLDIDATA0)
  C:\KEIL_V5\C51\LIB\C51L.LIB (?C?LLDXDATA0)
  C:\KEIL_V5\C51\LIB\C51L.LIB (?C?LLDPDATA0)
  C:\KEIL_V5\C51\LIB\C51L.LIB (?C?LLDCODE0)


TASK TABLE OF MODULE:  电子大赛程序框架 (ABSTASK)

TASKID   PRIORITY   REG-BANK   SEGMENT NAME
-------------------------------------------
0        0          0          ?PR?TASKSTART?ABSTASK



LINK MAP OF MODULE:  电子大赛程序框架 (ABSTASK)


            TYPE    BASE      LENGTH    RELOCATION   SEGMENT NAME
            -----------------------------------------------------

            * * * * * * *   D A T A   M E M O R Y   * * * * * * *
            REG     0000H     0008H     ABSOLUTE     "REG BANK 0"
            DATA    0008H     0006H     ABSOLUTE     
            DATA    000EH     0008H     UNIT         ?DT?TM1638
            IDATA   0016H     0002H     UNIT         ?RTX?TASKSTATE?S
            IDATA   0018H     0001H     UNIT         ?RTX?TASKSP?S
                    0019H     0007H                  *** GAP ***
            BIT     0020H.0   0000H.4   UNIT         ?BI?BUTTON
            BIT     0020H.4   0000H.3   UNIT         ?BI?PCA
            BIT     0020H.7   0000H.2   UNIT         ?BI?FIXEDPULSER
            BIT     0021H.1   0000H.1   UNIT         ?RTX?BITS
            BIT     0021H.2   0000H.1   UNIT         ?BI?LED
            BIT     0021H.3   0000H.1   UNIT         ?BI?_SETSTEPMOTORDIVERSION?STEP_MOTOR
            BIT     0021H.4   0000H.1   UNIT         ?BI?GETANGLE?ANGLE
            BIT     0021H.5   0000H.1   UNIT         ?BI?_SETPINSTATE?GPIO
                    0021H.6   0000H.2                *** GAP ***
            IDATA   0022H     0001H     UNIT         ?STACK

            * * * * * * *  X D A T A   M E M O R Y  * * * * * * *
            XDATA   0000H     028CH     UNIT         ?XD?USART1
            XDATA   028CH     007AH     UNIT         ?XD?PID
            XDATA   0306H     004AH     UNIT         ?XD?SERVO
            XDATA   0350H     003CH     UNIT         ?XD?STC15_PWM
            XDATA   038CH     002AH     UNIT         ?XD?DATASCOPE_DP
            XDATA   03B6H     0021H     UNIT         ?XD?_INIT_STR_MOTOR?SERVO
            XDATA   03D7H     001CH     UNIT         ?XD?STEP_MOTOR
            XDATA   03F3H     0019H     UNIT         ?XD?TIMERINIT?TIMER
            XDATA   040CH     0018H     UNIT         ?XD?FIXEDPULSER
BL51 BANKED LINKER/LOCATER V6.00                                                      07/28/2017  09:58:56  PAGE 3


            XDATA   0424H     0016H     UNIT         ?XD?TIMER
            XDATA   043AH     0015H     UNIT         ?XD?GETANGLE?ANGLE
            XDATA   044FH     0015H     UNIT         ?XD?PCA
            XDATA   0464H     0013H     UNIT         ?XD?_TM1638LEDDISPLAY?TM1638
            XDATA   0477H     0012H     UNIT         ?XD?DC_MOTOR_CONFIG?MOTOR
            XDATA   0489H     0010H     UNIT         ?XD?_FILTER?FILTER
            XDATA   0499H     000EH     UNIT         ?XD?_STEPMOTOR_INIT?STEP_MOTOR
            XDATA   04A7H     000DH     UNIT         ?XD?_UART1_INIT?SETUP
            XDATA   04B4H     000DH     UNIT         ?XD?_PID_CONFIG?PID
            XDATA   04C1H     000BH     UNIT         ?XD?_SETPULSE?FIXEDPULSER
            XDATA   04CCH     000AH     UNIT         ?XD?_FLOAT2BYTE?DATASCOPE_DP
            XDATA   04D6H     0009H     UNIT         ?XD?_SET_STR_ANGLE?SERVO
            XDATA   04DFH     0009H     UNIT         ?XD?_USART_CONFIGURATION?USART1
            XDATA   04E8H     0008H     UNIT         ?XD?ANGLE
            XDATA   04F0H     0007H     UNIT         ?XD?_SETSTEPMOTORWITHPULSE?STEP_MOTOR
            XDATA   04F7H     0007H     UNIT         ?XD?_SETSTEPMOTORWITHDISTANCE?STEP_MOTOR
            XDATA   04FEH     0007H     UNIT         ?XD?_SETSTEPMOTORWITHANGLE?STEP_MOTOR
            XDATA   0505H     0007H     UNIT         ?XD?_EEPROM_READ_N?STC15_EEPROM
            XDATA   050CH     0007H     UNIT         ?XD?_EEPROM_WRITE_N?STC15_EEPROM
            XDATA   0513H     0006H     UNIT         ?XD?_SENDSCOPEDATA?DATASCOPE_DP
            XDATA   0519H     0006H     UNIT         ?XD?_ADC_CONFIG?ANGLE
            XDATA   051FH     0006H     UNIT         ?XD?GETBUTTONNUM?TM1638
            XDATA   0525H     0005H     UNIT         ?XD?_SETPARAMETERINFERIORLIMIT?PID
            XDATA   052AH     0005H     UNIT         ?XD?_SETPARAMETERUPPERLIMIT?PID
            XDATA   052FH     0005H     UNIT         ?XD?_SETACTUALPARAMETER?PID
            XDATA   0534H     0005H     UNIT         ?XD?_SETKI?PID
            XDATA   0539H     0005H     UNIT         ?XD?_SETKP?PID
            XDATA   053EH     0005H     UNIT         ?XD?_SETKD?PID
            XDATA   0543H     0005H     UNIT         ?XD?_SETPARAMETER?PID
            XDATA   0548H     0005H     UNIT         ?XD?_DATASCOPE_GET_CHANNEL_DATA?DATASCOPE_DP
            XDATA   054DH     0005H     UNIT         ?XD?_WRITEDATA?STORAGE
            XDATA   0552H     0005H     UNIT         ?XD?_SETDC_MOTORSPEED?MOTOR
            XDATA   0557H     0005H     UNIT         ?XD?_LCD_PRINTS?LCD5510_V2
            XDATA   055CH     0005H     UNIT         ?XD?_LCD_PRINTSL?LCD5510_V2
            XDATA   0561H     0005H     UNIT         ?XD?_SET_PWM_DUTY?STC15_PWM
            XDATA   0566H     0004H     UNIT         ?XD?MOTOR
            XDATA   056AH     0004H     UNIT         ?XD?_HC595_INIT?74HC595
            XDATA   056EH     0003H     UNIT         ?XD?RELAY
            XDATA   0571H     0003H     UNIT         ?XD?_LCD1602_WRITE_WORD?LCD1602
            XDATA   0574H     0003H     UNIT         ?XD?_PCA_INIT?PCA
            XDATA   0577H     0003H     UNIT         ?XD?_PWMOUTPUT?PCA
            XDATA   057AH     0002H     UNIT         ?XD?BUTTON_CONFIG?BUTTON
            XDATA   057CH     0002H     UNIT         ?XD?BOARD_LED_INIT?LED
            XDATA   057EH     0002H     UNIT         ?XD?_SETSTEPMOTORWITHROUND?STEP_MOTOR
            XDATA   0580H     0002H     UNIT         ?XD?LCD5510_INIT?LCD5510_V2
            XDATA   0582H     0002H     UNIT         ?XD?_SETTM1638WRITE?TM1638
            XDATA   0584H     0002H     UNIT         ?XD?GETTM1638READ?TM1638
            XDATA   0586H     0002H     UNIT         ?XD?PULSERINIT?FIXEDPULSER
            XDATA   0588H     0002H     UNIT         ?XD?_SET_PWM_PERIOD?STC15_PWM
            XDATA   058AH     0002H     UNIT         ?XD?_PWM_INILIZE?STC15_PWM
            XDATA   058CH     0001H     UNIT         ?XD?_PID?PID
            XDATA   058DH     0001H     UNIT         ?XD?_INCREMENTAL_PID?PID
            XDATA   058EH     0001H     UNIT         ?XD?_BOARD_LED_PWM?LED
            XDATA   058FH     0001H     UNIT         ?XD?_OPEN_DC_MOTOR?MOTOR
            XDATA   0590H     0001H     UNIT         ?XD?_CLOSE_DC_MOTOR?MOTOR
            XDATA   0591H     0001H     UNIT         ?XD?_OPEN_STR?SERVO
            XDATA   0592H     0001H     UNIT         ?XD?_CLOSE_STR?SERVO
BL51 BANKED LINKER/LOCATER V6.00                                                      07/28/2017  09:58:56  PAGE 4


            XDATA   0593H     0001H     UNIT         ?XD?_CLOSE_STEPMOTOR?STEP_MOTOR
            XDATA   0594H     0001H     UNIT         ?XD?_LCD1602_WRITE_CHAR?LCD1602
            XDATA   0595H     0001H     UNIT         ?XD?_LCD1602_WRITE_COM?LCD1602
            XDATA   0596H     0001H     UNIT         ?XD?_HC595SENDDATA?74HC595
            XDATA   0597H     0001H     UNIT         ?XD?_SETTM1638COM?TM1638
            XDATA   0598H     0001H     UNIT         ?XD?INIT_TM1638?TM1638
            XDATA   0599H     0001H     UNIT         _XDATA_GROUP_

            * * * * * * *   C O D E   M E M O R Y   * * * * * * *
            CODE    0000H     0003H     ABSOLUTE     
                    0003H     0008H                  *** GAP ***
            CODE    000BH     0003H     ABSOLUTE     
                    000EH     0015H                  *** GAP ***
            CODE    0023H     0003H     ABSOLUTE     
                    0026H     0005H                  *** GAP ***
            CODE    002BH     0003H     ABSOLUTE     
                    002EH     000DH                  *** GAP ***
            CODE    003BH     0003H     ABSOLUTE     
                    003EH     0005H                  *** GAP ***
            CODE    0043H     0003H     ABSOLUTE     
                    0046H     001DH                  *** GAP ***
            CODE    0063H     0003H     ABSOLUTE     
                    0066H     0025H                  *** GAP ***
            CODE    008BH     0003H     ABSOLUTE     
                    008EH     0005H                  *** GAP ***
            CODE    0093H     0003H     ABSOLUTE     
                    0096H     0005H                  *** GAP ***
            CODE    009BH     0003H     ABSOLUTE     
                    009EH     0762H                  *** GAP ***
            CODE    0800H     06EBH     UNIT         ?C?LIB_CODE
            CODE    0EEBH     06E0H     UNIT         ?PR?_USART_CONFIGURATION?USART1
            CODE    15CBH     039AH     UNIT         ?PR?_PWM_INILIZE?STC15_PWM
            CODE    1965H     0393H     UNIT         ?PR?_TM1638LEDDISPLAY?TM1638
            CODE    1CF8H     025EH     UNIT         ?CO?LCD5510_V2
            CODE    1F56H     0252H     UNIT         ?PR?_TIMER_INILIZE?TIMER
            CODE    21A8H     01DAH     UNIT         ?PR?_PID?PID
            CODE    2382H     01D4H     UNIT         ?PR?_INIT_STR_MOTOR?SERVO
            CODE    2556H     01C4H     UNIT         ?PR?_GPIO_INILIZE?GPIO
            CODE    271AH     019FH     UNIT         ?PR?_PCA_INIT?PCA
            CODE    28B9H     019EH     UNIT         ?PR?_INCREMENTAL_PID?PID
            CODE    2A57H     0172H     UNIT         ?RTX?CODE
            CODE    2BC9H     0146H     UNIT         ?PR?_PID_CONFIG?PID
            CODE    2D0FH     013DH     UNIT         ?PR?_PWMOUTPUT?PCA
            CODE    2E4CH     0136H     UNIT         ?PR?_FILTER?FILTER
            CODE    2F82H     0134H     UNIT         ?PR?_DATASCOPE_GET_CHANNEL_DATA?DATASCOPE_DP
            CODE    30B6H     012BH     UNIT         ?PR?GETBUTTONNUM?TM1638
            CODE    31E1H     0116H     UNIT         ?PR?_SET_STR_ANGLE?SERVO
            CODE    32F7H     00ECH     UNIT         ?PR?_SETPULSE?FIXEDPULSER
            CODE    33E3H     00E4H     UNIT         ?PR?_SET_PWM_DUTY?STC15_PWM
            CODE    34C7H     00C7H     UNIT         ?PR?_SETSTEPMOTORWITHDISTANCE?STEP_MOTOR
            CODE    358EH     00AEH     UNIT         ?PR?_PWMN_UPDATE?PCA
            CODE    363CH     00AAH     UNIT         ?PR?_FLOAT2BYTE?DATASCOPE_DP
            CODE    36E6H     00A5H     UNIT         ?PR?_DATASCOPE_DATA_GENERATE?DATASCOPE_DP
            CODE    378BH     00A3H     UNIT         ?PR?PCA_HANDLER?PCA
            CODE    382EH     009FH     UNIT         ?PR?_STEPMOTOR_INIT?STEP_MOTOR
            CODE    38CDH     009AH     UNIT         ?C_INITSEG
            CODE    3967H     009AH     UNIT         ?PR?_PWM_SET_T12_PERIOD?STC15_PWM
BL51 BANKED LINKER/LOCATER V6.00                                                      07/28/2017  09:58:56  PAGE 5


            CODE    3A01H     0092H     UNIT         ?PR?_SETDC_MOTORSPEED?MOTOR
            CODE    3A93H     008CH     UNIT         ?C_C51STARTUP
            CODE    3B1FH     0085H     UNIT         ?PR?UART2_INT?USART1
            CODE    3BA4H     0085H     UNIT         ?PR?UART3_INT?USART1
            CODE    3C29H     0085H     UNIT         ?PR?UART4_INT?USART1
            CODE    3CAEH     007FH     UNIT         ?PR?UART1_INT?USART1
            CODE    3D2DH     007BH     UNIT         ?PR?PULSER_1INT?FIXEDPULSER
            CODE    3DA8H     007BH     UNIT         ?PR?PULSER_2INT?FIXEDPULSER
            CODE    3E23H     007AH     UNIT         ?PR?GETANGLE?ANGLE
            CODE    3E9DH     006BH     UNIT         ?PR?DC_MOTOR_CONFIG?MOTOR
            CODE    3F08H     0065H     UNIT         ?PR?_SETSTEPMOTORWITHANGLE?STEP_MOTOR
            CODE    3F6DH     0061H     UNIT         ?PR?_SET_PWM_PERIOD?STC15_PWM
            CODE    3FCEH     005EH     UNIT         ?PR?_GET_ADC10BITRESULT?ADC
            CODE    402CH     0057H     UNIT         ?PR?BUTTONSCAN?BUTTON
            CODE    4083H     0054H     UNIT         ?PR?TIMERINIT?TIMER
            CODE    40D7H     0053H     UNIT         ?PR?_ADC_INILIZE?ADC
            CODE    412AH     004BH     UNIT         ?PR?_LCD_PRINTSL?LCD5510_V2
            CODE    4175H     0044H     UNIT         ?C?LDIV
            CODE    41B9H     0043H     UNIT         ?PR?LCD5510_INIT?LCD5510_V2
            CODE    41FCH     0040H     UNIT         ?PR?GETTM1638READ?TM1638
            CODE    423CH     003FH     UNIT         ?PR?_EEPROM_READ_N?STC15_EEPROM
            CODE    427BH     003FH     UNIT         ?PR?_EEPROM_WRITE_N?STC15_EEPROM
            CODE    42BAH     003DH     UNIT         ?PR?_LCD_PRINTC?LCD5510_V2
            CODE    42F7H     003CH     UNIT         ?PR?_SETTM1638WRITE?TM1638
            CODE    4333H     003BH     UNIT         ?PR?_LCD_PRINTS?LCD5510_V2
            CODE    436EH     0039H     UNIT         ?PR?_SENDSCOPEDATA?DATASCOPE_DP
            CODE    43A7H     0039H     UNIT         ?PR?_SETSTEPMOTORWITHROUND?STEP_MOTOR
            CODE    43E0H     002FH     UNIT         ?PR?_LCD1602_WRITE_WORD?LCD1602
            CODE    440FH     002FH     UNIT         ?PR?INIT_TM1638?TM1638
            CODE    443EH     002EH     UNIT         ?PR?_DELAY_US?DELAY
            CODE    446CH     002DH     UNIT         ?PR?PULSERINIT?FIXEDPULSER
            CODE    4499H     002CH     UNIT         ?PR?_UART1_INIT?SETUP
            CODE    44C5H     0028H     UNIT         ?PR?BOARD_LED_INIT?LED
            CODE    44EDH     0028H     UNIT         ?PR?_OPEN_PWM_N?STC15_PWM
            CODE    4515H     0028H     UNIT         ?PR?_TX2_WRITE2BUFF?USART1
            CODE    453DH     0028H     UNIT         ?PR?_TX3_WRITE2BUFF?USART1
            CODE    4565H     0028H     UNIT         ?PR?_TX4_WRITE2BUFF?USART1
            CODE    458DH     0027H     UNIT         ?PR?_TX1_WRITE2BUFF?USART1
            CODE    45B4H     0025H     UNIT         ?PR?_SETSTEPMOTORWITHPULSE?STEP_MOTOR
            CODE    45D9H     0025H     UNIT         ?PR?_CLOSE_PWM_N?STC15_PWM
            CODE    45FEH     0025H     UNIT         ?PR?_SETTIMEOUT?TIMER
            CODE    4623H     0022H     UNIT         ?PR?_BLINK?LED
            CODE    4645H     0021H     UNIT         ?PR?_SETPARAMETERINFERIORLIMIT?PID
            CODE    4666H     0021H     UNIT         ?PR?_SETPARAMETERUPPERLIMIT?PID
            CODE    4687H     0021H     UNIT         ?PR?_SETACTUALPARAMETER?PID
            CODE    46A8H     0021H     UNIT         ?PR?_SETKI?PID
            CODE    46C9H     0021H     UNIT         ?PR?_SETKP?PID
            CODE    46EAH     0021H     UNIT         ?PR?_SETKD?PID
            CODE    470BH     0021H     UNIT         ?PR?_SETPARAMETER?PID
            CODE    472CH     0021H     UNIT         ?PR?LCD_CLR_SCR?LCD5510_V2
            CODE    474DH     0020H     UNIT         ?PR?_OPEN_STR?SERVO
            CODE    476DH     0020H     UNIT         ?PR?_LCD_WRITE_BYTE?LCD5510_V2
            CODE    478DH     0020H     UNIT         ?PR?_EEPROM_SECTORERASE?STC15_EEPROM
            CODE    47ADH     001FH     UNIT         ?PR?BUTTON_CONFIG?BUTTON
            CODE    47CCH     001FH     UNIT         ?PR?_CLOSE_STR?SERVO
            CODE    47EBH     001FH     UNIT         ?PR?_SETTM1638COM?TM1638
            CODE    480AH     001FH     UNIT         ?PR?_PWM_SET_PERIOD?STC15_PWM
BL51 BANKED LINKER/LOCATER V6.00                                                      07/28/2017  09:58:56  PAGE 6


            CODE    4829H     001FH     UNIT         ?PR?_ISEXPIREDTIMER?TIMER
            CODE    4848H     001FH     UNIT         ?PR?_ISSTOPPED?TIMER
            CODE    4867H     001EH     UNIT         ?PR?_OPEN_DC_MOTOR?MOTOR
            CODE    4885H     001EH     UNIT         ?PR?LCD1602_GPIO_CONFIG?LCD1602
            CODE    48A3H     001EH     UNIT         ?PR?_OPENPULSER?FIXEDPULSER
            CODE    48C1H     001DH     UNIT         ?PR?_GETBUTTONSTATE?BUTTON
            CODE    48DEH     001DH     UNIT         ?PR?_CLOSE_DC_MOTOR?MOTOR
            CODE    48FBH     001DH     UNIT         ?PR?_CLOSE_STEPMOTOR?STEP_MOTOR
            CODE    4918H     001DH     UNIT         ?PR?LCD1602_INIT?LCD1602
            CODE    4935H     001DH     UNIT         ?PR?_CLOSEPULSER?FIXEDPULSER
            CODE    4952H     001DH     UNIT         ?PR?_ISACTIVETIMER?TIMER
            CODE    496FH     001CH     UNIT         ?PR?_FREESTEPMOTOR?STEP_MOTOR
            CODE    498BH     001CH     UNIT         ?PR?_LOCKSTEPMOTOR?STEP_MOTOR
            CODE    49A7H     001CH     UNIT         ?PR?_ADC_CONFIG?ANGLE
            CODE    49C3H     001CH     UNIT         ?PR?_LCD1602_WRITE_CHAR?LCD1602
            CODE    49DFH     001CH     UNIT         ?PR?_LCD1602_WRITE_COM?LCD1602
            CODE    49FBH     001CH     UNIT         ?PR?_SETTIMERHERTZ?TIMER
            CODE    4A17H     001BH     UNIT         ?PR?_SETSTEPMOTORDIVERSION?STEP_MOTOR
            CODE    4A32H     001AH     UNIT         ?PR?_GETPARAMETER?PID
            CODE    4A4CH     001AH     UNIT         ?PR?_GETERR?PID
            CODE    4A66H     001AH     UNIT         ?PR?_GETERRLAST?PID
            CODE    4A80H     001AH     UNIT         ?PR?_GETKP?PID
            CODE    4A9AH     001AH     UNIT         ?PR?_GETKI?PID
            CODE    4AB4H     001AH     UNIT         ?PR?_GETKD?PID
            CODE    4ACEH     001AH     UNIT         ?PR?_GETOUTPUT?PID
            CODE    4AE8H     001AH     UNIT         ?PR?_GETINTEGRAL?PID
            CODE    4B02H     001AH     UNIT         ?PR?_READ_STR_ANGLE?SERVO
            CODE    4B1CH     001AH     UNIT         ?PR?_GET_PWM_PERIOD?STC15_PWM
            CODE    4B36H     001AH     UNIT         ?PR?_GET_PWM_N_DUTY?STC15_PWM
            CODE    4B50H     001AH     UNIT         ?PR?_GETTIMEROUT?TIMER
            CODE    4B6AH     001AH     UNIT         ?PR?_GETTIMERHERTZ?TIMER
            CODE    4B84H     0019H     UNIT         ?PR?_HC595_INIT?74HC595
            CODE    4B9DH     0017H     UNIT         ?PR?_PRINTSTRING1?USART1
            CODE    4BB4H     0014H     UNIT         ?PR?_LCD_POS_BYTE?LCD5510_V2
            CODE    4BC8H     0014H     UNIT         ?PR?_RESTARTTIMER?TIMER
            CODE    4BDCH     0013H     UNIT         ?PR?_OPEN_STEPMOTOR?STEP_MOTOR
            CODE    4BEFH     0013H     UNIT         ?PR?_LCD_CLR_ROW?LCD5510_V2
            CODE    4C02H     0013H     UNIT         ?PR?_PRINTSTRING2?USART1
            CODE    4C15H     0013H     UNIT         ?PR?_PRINTSTRING3?USART1
            CODE    4C28H     0013H     UNIT         ?PR?_PRINTSTRING4?USART1
            CODE    4C3BH     0012H     UNIT         ?PR?_OPENPID?PID
            CODE    4C4DH     0012H     UNIT         ?PR?_WRITEDATA?STORAGE
            CODE    4C5FH     0012H     UNIT         ?CO?TM1638
            CODE    4C71H     0012H     UNIT         ?PR?_GETPULSERSTATE?FIXEDPULSER
            CODE    4C83H     0012H     UNIT         ?PR?_GET_PWM_N_STATE?STC15_PWM
            CODE    4C95H     0011H     UNIT         ?PR?_CLOSEPID?PID
            CODE    4CA6H     0011H     UNIT         ?PR?_GETSTEPMOTORSTATE?STEP_MOTOR
            CODE    4CB7H     0011H     UNIT         ?PR?_HC595SENDDATA?74HC595
            CODE    4CC8H     0011H     UNIT         ?PR?_SETPWM_DIV?STC15_PWM
            CODE    4CD9H     0011H     UNIT         ?PR?_GETPWM_DIV?STC15_PWM
            CODE    4CEAH     0010H     UNIT         ?PR?_GETDC_MOTORSTATE?MOTOR
            CODE    4CFAH     0010H     UNIT         ?PR?_DELAY_MS?DELAY
            CODE    4D0AH     000FH     UNIT         ?PR?_SETSTEPMOTORSTATE?STEP_MOTOR
            CODE    4D19H     000FH     UNIT         ?PR?_SETRELAY?RELAY
            CODE    4D28H     000EH     UNIT         ?PR?_UNSETRELAY?RELAY
            CODE    4D36H     000EH     UNIT         ?PR?_STOPTIMER?TIMER
            CODE    4D44H     000EH     UNIT         ?PR?_ONRESTARTTIMER?TIMER
BL51 BANKED LINKER/LOCATER V6.00                                                      07/28/2017  09:58:56  PAGE 7


            CODE    4D52H     000EH     UNIT         ?PR?DISABLEEEPROM?STC15_EEPROM
            CODE    4D60H     000CH     UNIT         ?PR?_ADC_POWERCONTROL?ADC
            CODE    4D6CH     000AH     UNIT         ?PR?_DIGITALREAD?BUTTON
            CODE    4D76H     000AH     UNIT         ?PR?OPEN_PWM_ALL?STC15_PWM
            CODE    4D80H     000AH     UNIT         ?PR?CLOSE_PWM_ALL?STC15_PWM
            CODE    4D8AH     0009H     UNIT         ?PR?GETMICROS?TIMER
            CODE    4D93H     0009H     UNIT         ?PR?GETMILLIS?TIMER
            CODE    4D9CH     0008H     UNIT         ?PR?TASKSTART?ABSTASK
            CODE    4DA4H     0006H     UNIT         ?PR?_BOARD_LED_PWM?LED
            CODE    4DAAH     0006H     UNIT         ?PR?GETSECONDS?TIMER
            CODE    4DB0H     0006H     UNIT         ?PR?GETMINUTES?TIMER
            CODE    4DB6H     0006H     UNIT         ?PR?GETHOURS?TIMER
            CODE    4DBCH     0006H     UNIT         ?PR?GETDAYS?TIMER
            CODE    4DC2H     0005H     UNIT         ?PR?OPEN_BOARD_LED?LED
            CODE    4DC7H     0005H     UNIT         ?PR?CLOSE_BOARD_LED?LED
            CODE    4DCCH     0005H     UNIT         ?PR?CLOSETM1638DISPLAY?TM1638
            CODE    4DD1H     0004H     UNIT         ?PR?ADC_INT?ADC
            CODE    4DD5H     0003H     UNIT         ?PR?GETBOARD_LED_STATE?LED
            CODE    4DD8H     0003H     UNIT         ?PR?_SETPINSTATE?GPIO
            CODE    4DDBH     0002H     UNIT         ?RTX?TASKENT?S
            CODE    4DDDH     0001H     UNIT         ?PR?TEST?SETUP
            CODE    4DDEH     0001H     UNIT         ?PR?SETUP?SETUP
            CODE    4DDFH     0001H     UNIT         ?PR?MODE1?MODE
            CODE    4DE0H     0001H     UNIT         ?PR?MODE2?MODE
            CODE    4DE1H     0001H     UNIT         ?PR?MODE3?MODE
            CODE    4DE2H     0001H     UNIT         ?PR?MODE4?MODE
            CODE    4DE3H     0001H     UNIT         ?PR?MODELAUNCHER?MODE
            CODE    4DE4H     0001H     UNIT         ?PR?RELAY_INIT?RELAY



OVERLAY MAP OF MODULE:   电子大赛程序框架 (ABSTASK)


SEGMENT                                            XDATA_GROUP
  +--> CALLED SEGMENT                            START    LENGTH
----------------------------------------------------------------
?PR?TASKSTART?ABSTASK                            -----    -----
  +--> ?PR?SETUP?SETUP
  +--> ?PR?_BLINK?LED

?PR?_BLINK?LED                                   0599H    0001H
  +--> ?PR?OPEN_BOARD_LED?LED
  +--> ?PR?_DELAY_MS?DELAY
  +--> ?PR?CLOSE_BOARD_LED?LED

*** NEW ROOT ***************************************************

?PR?PULSER_1INT?FIXEDPULSER                      -----    -----
  +--> ?PR?_CLOSEPULSER?FIXEDPULSER

*** NEW ROOT ***************************************************

?PR?PULSER_2INT?FIXEDPULSER                      -----    -----
  +--> ?PR?_CLOSEPULSER?FIXEDPULSER

*** NEW ROOT ***************************************************
BL51 BANKED LINKER/LOCATER V6.00                                                      07/28/2017  09:58:56  PAGE 8



?C_C51STARTUP                                    -----    -----
  +--> ?C_INITSEG



SYMBOL TABLE OF MODULE:  电子大赛程序框架 (ABSTASK)

  VALUE           TYPE          NAME
  ----------------------------------

  -------         MODULE        ABSTASK
  C:0000H         SYMBOL        _ICE_DUMMY_
  D:0080H         PUBLIC        P0
  D:0090H         PUBLIC        P1
  D:00A0H         PUBLIC        P2
  D:00B0H         PUBLIC        P3
  D:00C0H         PUBLIC        P4
  D:00C8H         PUBLIC        P5
  D:00E8H         PUBLIC        P6
  D:00F8H         PUBLIC        P7
  D:00A8H         PUBLIC        IE
  D:00B8H         PUBLIC        IP
  D:00D8H         PUBLIC        CCON
  D:0098H         PUBLIC        SCON
  D:0088H         PUBLIC        TCON
  D:00F0H         PUBLIC        B
  C:4D9CH         PUBLIC        taskStart
  D:00E0H         PUBLIC        ACC
  D:00D0H         PUBLIC        PSW
  -------         PROC          TASKSTART
  C:4D9CH         LINE#         13
  C:4D9CH         LINE#         15
  C:4D9FH         LINE#         16
  -------         ENDPROC       TASKSTART
  -------         ENDMOD        ABSTASK

  -------         MODULE        TASK
  C:0000H         SYMBOL        _ICE_DUMMY_
  D:0080H         PUBLIC        P0
  D:0090H         PUBLIC        P1
  D:00A0H         PUBLIC        P2
  D:00B0H         PUBLIC        P3
  D:00C0H         PUBLIC        P4
  D:00C8H         PUBLIC        P5
  D:00E8H         PUBLIC        P6
  D:00F8H         PUBLIC        P7
  D:00A8H         PUBLIC        IE
  D:00B8H         PUBLIC        IP
  D:00D8H         PUBLIC        CCON
  D:0098H         PUBLIC        SCON
  D:0088H         PUBLIC        TCON
  D:00F0H         PUBLIC        B
  D:00E0H         PUBLIC        ACC
  D:00D0H         PUBLIC        PSW
  -------         ENDMOD        TASK

BL51 BANKED LINKER/LOCATER V6.00                                                      07/28/2017  09:58:56  PAGE 9


  -------         MODULE        SETUP
  C:0000H         SYMBOL        _ICE_DUMMY_
  D:0080H         PUBLIC        P0
  D:0090H         PUBLIC        P1
  D:00A0H         PUBLIC        P2
  D:00B0H         PUBLIC        P3
  D:00C0H         PUBLIC        P4
  D:00C8H         PUBLIC        P5
  D:00E8H         PUBLIC        P6
  C:4499H         PUBLIC        _UART1_init
  D:00F8H         PUBLIC        P7
  D:00A8H         PUBLIC        IE
  D:00B8H         PUBLIC        IP
  D:00D8H         PUBLIC        CCON
  D:0098H         PUBLIC        SCON
  C:4DDEH         PUBLIC        setup
  D:0088H         PUBLIC        TCON
  D:00F0H         PUBLIC        B
  C:4DDDH         PUBLIC        test
  D:00E0H         PUBLIC        ACC
  D:00D0H         PUBLIC        PSW
  -------         PROC          _UART1_INIT
  D:0004H         SYMBOL        BandRate
  -------         DO            
  X:04A7H         SYMBOL        COMx_InitStructure
  -------         ENDDO         
  C:4499H         LINE#         38
  C:4499H         LINE#         39
  C:4499H         LINE#         41
  C:449FH         LINE#         42
  C:44A3H         LINE#         43
  C:44A7H         LINE#         44
  C:44ADH         LINE#         45
  C:44B0H         LINE#         46
  C:44B3H         LINE#         47
  C:44B5H         LINE#         48
  C:44B8H         LINE#         49
  C:44BAH         LINE#         50
  -------         ENDPROC       _UART1_INIT
  -------         PROC          TEST
  C:4DDDH         LINE#         53
  C:4DDDH         LINE#         54
  C:4DDDH         LINE#         56
  -------         ENDPROC       TEST
  -------         PROC          SETUP
  C:4DDEH         LINE#         57
  C:4DDEH         LINE#         58
  C:4DDEH         LINE#         66
  -------         ENDPROC       SETUP
  -------         ENDMOD        SETUP

  -------         MODULE        MODE
  C:0000H         SYMBOL        _ICE_DUMMY_
  C:4DDFH         PUBLIC        mode1
  C:4DE0H         PUBLIC        mode2
  C:4DE1H         PUBLIC        mode3
  C:4DE2H         PUBLIC        mode4
BL51 BANKED LINKER/LOCATER V6.00                                                      07/28/2017  09:58:56  PAGE 10


  C:4DE3H         PUBLIC        modeLauncher
  -------         PROC          MODE1
  C:4DDFH         LINE#         2
  C:4DDFH         LINE#         3
  C:4DDFH         LINE#         5
  -------         ENDPROC       MODE1
  -------         PROC          MODE2
  C:4DE0H         LINE#         7
  C:4DE0H         LINE#         8
  C:4DE0H         LINE#         10
  -------         ENDPROC       MODE2
  -------         PROC          MODE3
  C:4DE1H         LINE#         13
  C:4DE1H         LINE#         14
  C:4DE1H         LINE#         16
  -------         ENDPROC       MODE3
  -------         PROC          MODE4
  C:4DE2H         LINE#         18
  C:4DE2H         LINE#         19
  C:4DE2H         LINE#         21
  -------         ENDPROC       MODE4
  -------         PROC          MODELAUNCHER
  C:4DE3H         LINE#         22
  C:4DE3H         LINE#         23
  C:4DE3H         LINE#         25
  -------         ENDPROC       MODELAUNCHER
  -------         ENDMOD        MODE

  -------         MODULE        ?RTX51_TINY_KERNAL
  C:4DDBH         SEGMENT       ?RTX?TASKENT?S
  I:0018H         SEGMENT       ?RTX?TASKSP?S
  I:0016H         SEGMENT       ?RTX?TASKSTATE?S
  B:0021H.1       SEGMENT       ?RTX?BITS
  C:2A57H         SEGMENT       ?RTX?CODE
  C:2AA6H         PUBLIC        ?RTX?SET_ISR
  D:000CH         PUBLIC        ?RTX_CURRENTTASK
  D:0007H         PUBLIC        ?RTX_NEXTID
  C:2AE9H         PUBLIC        ?RTX_NEXTTASK
  N:00FFH         PUBLIC        ?RTX_RAMTOP
  C:4DDBH         PUBLIC        ?RTX_TASKENTRY
  C:2BC8H         PUBLIC        ?RTX_TASKIDX
  I:0018H         PUBLIC        ?RTX_TASKSP
  I:0016H         PUBLIC        ?RTX_TASKSTATUS
  C:2B8CH         PUBLIC        MAIN
  C:2AD2H         PUBLIC        OS_SWITCH_TASK
  C:2ADBH         SYMBOL        ?C0001
  C:2AE5H         SYMBOL        ?C0003
  C:2AEAH         SYMBOL        ?C0005
  C:2B04H         SYMBOL        ?C0007
  C:2B06H         SYMBOL        ?C0009
  C:2B10H         SYMBOL        ?C0011
  C:2B3DH         SYMBOL        ?C0012
  C:2B23H         SYMBOL        ?C0013
  C:2B28H         SYMBOL        ?C0015
  C:2B33H         SYMBOL        ?C0016
  N:0000H         SYMBOL        ?RTX51_TINY_KERNAL
  N:F63CH         SYMBOL        ?RTX_CLOCK
BL51 BANKED LINKER/LOCATER V6.00                                                      07/28/2017  09:58:56  PAGE 11


  N:0008H         SYMBOL        ?RTX_REGISTERBANK
  D:000DH         SYMBOL        ?RTX_ROBINTIME
  D:000AH         SYMBOL        ?RTX_SAVEACC
  D:000BH         SYMBOL        ?RTX_SAVEPSW
  C:2A57H         SYMBOL        ?RTX_STACKERROR
  C:2AAAH         SYMBOL        ?RTX_TASKSWITCHING
  B:0021H.1       SYMBOL        ?RTX_TS_DELAY
  D:00E0H         SYMBOL        ACC
  D:00F0H         SYMBOL        B
  N:0005H         SYMBOL        B_ACTIVE
  N:0007H         SYMBOL        B_IVL
  N:0007H         SYMBOL        B_RDY
  N:0004H         SYMBOL        B_READY
  N:0006H         SYMBOL        B_ROBIN
  N:0002H         SYMBOL        B_SIGNAL
  N:0003H         SYMBOL        B_TIMEOUT
  N:0000H         SYMBOL        B_WAITSIG
  N:0001H         SYMBOL        B_WAITTIM
  C:2AA7H         SYMBOL        CHECKROBINTIME
  C:2A81H         SYMBOL        CHECKSTACK
  N:0000H         SYMBOL        CODE_BANKING
  N:0000H         SYMBOL        CPU_IDLE_CODE
  D:0083H         SYMBOL        DPH
  D:0082H         SYMBOL        DPL
  B:00A8H.7       SYMBOL        EA
  B:00A8H.4       SYMBOL        ES
  B:00A8H.1       SYMBOL        ET0
  B:00A8H.3       SYMBOL        ET1
  B:00A8H.0       SYMBOL        EX0
  B:00A8H.2       SYMBOL        EX1
  N:0014H         SYMBOL        FREE_STACK
  C:2A5BH         SYMBOL        HW_TIMER
  D:00A8H         SYMBOL        IE
  B:0088H.1       SYMBOL        IE0
  B:0088H.3       SYMBOL        IE1
  N:09C4H         SYMBOL        INT_CLOCK
  N:0001H         SYMBOL        INT_REGBANK
  B:0088H.0       SYMBOL        IT0
  B:0088H.2       SYMBOL        IT1
  N:0020H         SYMBOL        K_ACTIVE
  N:0080H         SYMBOL        K_IVL
  N:0080H         SYMBOL        K_RDY
  N:0010H         SYMBOL        K_READY
  N:0040H         SYMBOL        K_ROBIN
  N:0001H         SYMBOL        K_SIG
  N:0002H         SYMBOL        K_TMO
  N:0000H         SYMBOL        LONG_USR_INTR
  C:2B95H         SYMBOL        MAIN1
  C:2B9FH         SYMBOL        MAIN1X
  C:2B9AH         SYMBOL        MAIN2
  C:2B60H         SYMBOL        NOEVENT
  C:2AA6H         SYMBOL        NOROBINTIMEOUT
  C:2A9DH         SYMBOL        NOTIMEOUT
  C:2A9BH         SYMBOL        NOWAITTIMEOUT
  C:2AD2H         SYMBOL        OS_SWITCH_TASK1
  D:0087H         SYMBOL        PCON
  D:00D0H         SYMBOL        PSW
BL51 BANKED LINKER/LOCATER V6.00                                                      07/28/2017  09:58:56  PAGE 12


  N:00FFH         SYMBOL        RAMTOP
  N:0080H         SYMBOL        RDY_EVENT
  C:2B6CH         SYMBOL        ROBINON
  C:2B54H         SYMBOL        SIGNALOFF
  C:2B60H         SYMBOL        SIGNALON
  N:0004H         SYMBOL        SIG_EVENT
  D:0081H         SYMBOL        SP
  I:0017H         SYMBOL        TASKSTATE
  D:0088H         SYMBOL        TCON
  B:0088H.5       SYMBOL        TF0
  B:0088H.7       SYMBOL        TF1
  D:008CH         SYMBOL        TH0
  D:008DH         SYMBOL        TH1
  C:2B5CH         SYMBOL        TIMEOUTON
  C:2A5CH         SYMBOL        TIMERINT
  C:2A8DH         SYMBOL        TIMERLOOP
  I:0016H         SYMBOL        TIMERVAL
  N:000AH         SYMBOL        TIMESHARING
  D:008AH         SYMBOL        TL0
  D:008BH         SYMBOL        TL1
  D:0089H         SYMBOL        TMOD
  N:0008H         SYMBOL        TMO_EVENT
  B:0088H.4       SYMBOL        TR0
  B:0088H.6       SYMBOL        TR1
  C:000BH         LINE#         271
  C:2A57H         LINE#         279
  C:2A5BH         LINE#         282
  C:2A5CH         LINE#         299
  C:2A5FH         LINE#         301
  C:2A62H         LINE#         302
  C:2A65H         LINE#         303
  C:2A67H         LINE#         305
  C:2A69H         LINE#         306
  C:2A6BH         LINE#         307
  C:2A6DH         LINE#         308
  C:2A6FH         LINE#         309
  C:2A71H         LINE#         310
  C:2A73H         LINE#         311
  C:2A75H         LINE#         312
  C:2A77H         LINE#         316
  C:2A78H         LINE#         317
  C:2A7AH         LINE#         318
  C:2A7BH         LINE#         319
  C:2A7CH         LINE#         320
  C:2A7FH         LINE#         321
  C:2A81H         LINE#         322
  C:2A82H         LINE#         323
  C:2A84H         LINE#         324
  C:2A87H         LINE#         325
  C:2A89H         LINE#         329
  C:2A8BH         LINE#         330
  C:2A8DH         LINE#         331
  C:2A8EH         LINE#         332
  C:2A8FH         LINE#         333
  C:2A90H         LINE#         334
  C:2A92H         LINE#         335
  C:2A94H         LINE#         336
BL51 BANKED LINKER/LOCATER V6.00                                                      07/28/2017  09:58:56  PAGE 13


  C:2A95H         LINE#         337
  C:2A98H         LINE#         338
  C:2A9AH         LINE#         339
  C:2A9BH         LINE#         340
  C:2A9DH         LINE#         341
  C:2A9EH         LINE#         342
  C:2AA0H         LINE#         344
  C:2AA1H         LINE#         345
  C:2AA3H         LINE#         360
  C:2AA6H         LINE#         366
  C:2AA7H         LINE#         367
  C:2AAAH         LINE#         370
  C:2AACH         LINE#         371
  C:2AAEH         LINE#         372
  C:2AB0H         LINE#         373
  C:2AB2H         LINE#         374
  C:2AB4H         LINE#         375
  C:2AB6H         LINE#         376
  C:2AB8H         LINE#         377
  C:2ABAH         LINE#         378
  C:2ABCH         LINE#         379
  C:2ABEH         LINE#         380
  C:2AC0H         LINE#         381
  C:2AC2H         LINE#         382
  C:2AC4H         LINE#         387
  C:2AC6H         LINE#         388
  C:2AC7H         LINE#         389
  C:2AC9H         LINE#         390
  C:2ACAH         LINE#         391
  C:2ACCH         LINE#         392
  C:2ACEH         LINE#         393
  C:2ACFH         LINE#         394
  C:2AD0H         LINE#         395
  C:2AD2H         LINE#         424
  C:2AD4H         LINE#         426
  C:2AD6H         LINE#         427
  C:2AD7H         LINE#         429
  C:2AD8H         LINE#         430
  C:2ADAH         LINE#         431
  C:2ADBH         LINE#         434
  C:2ADCH         LINE#         435
  C:2ADDH         LINE#         436
  C:2ADEH         LINE#         444
  C:2AE1H         LINE#         445
  C:2AE3H         LINE#         446
  C:2AE5H         LINE#         449
  C:2AE6H         LINE#         450
  C:2AE9H         LINE#         458
  C:2AEAH         LINE#         462
  C:2AECH         LINE#         463
  C:2AEDH         LINE#         464
  C:2AEEH         LINE#         465
  C:2AF0H         LINE#         468
  C:2AF2H         LINE#         470
  C:2AF4H         LINE#         471
  C:2AF6H         LINE#         472
  C:2AF7H         LINE#         473
BL51 BANKED LINKER/LOCATER V6.00                                                      07/28/2017  09:58:56  PAGE 14


  C:2AF8H         LINE#         474
  C:2AF9H         LINE#         476
  C:2AFBH         LINE#         478
  C:2AFCH         LINE#         479
  C:2AFDH         LINE#         480
  C:2AFFH         LINE#         481
  C:2B02H         LINE#         482
  C:2B04H         LINE#         484
  C:2B05H         LINE#         485
  C:2B06H         LINE#         490
  C:2B07H         LINE#         491
  C:2B08H         LINE#         492
  C:2B0AH         LINE#         496
  C:2B0BH         LINE#         497
  C:2B0CH         LINE#         498
  C:2B0EH         LINE#         499
  C:2B10H         LINE#         505
  C:2B12H         LINE#         506
  C:2B13H         LINE#         507
  C:2B14H         LINE#         508
  C:2B16H         LINE#         510
  C:2B18H         LINE#         511
  C:2B1AH         LINE#         512
  C:2B1BH         LINE#         513
  C:2B1CH         LINE#         516
  C:2B1EH         LINE#         517
  C:2B21H         LINE#         518
  C:2B23H         LINE#         520
  C:2B24H         LINE#         522
  C:2B25H         LINE#         523
  C:2B26H         LINE#         524
  C:2B27H         LINE#         525
  C:2B28H         LINE#         529
  C:2B2AH         LINE#         530
  C:2B2BH         LINE#         531
  C:2B2DH         LINE#         535
  C:2B2FH         LINE#         536
  C:2B30H         LINE#         537
  C:2B31H         LINE#         539
  C:2B33H         LINE#         543
  C:2B35H         LINE#         544
  C:2B37H         LINE#         545
  C:2B38H         LINE#         546
  C:2B39H         LINE#         548
  C:2B3BH         LINE#         549
  C:2B3DH         LINE#         555
  C:2B40H         LINE#         559
  C:2B42H         LINE#         560
  C:2B43H         LINE#         561
  C:2B45H         LINE#         562
  C:2B46H         LINE#         563
  C:2B48H         LINE#         564
  C:2B4AH         LINE#         565
  C:2B4BH         LINE#         567
  C:2B4EH         LINE#         571
  C:2B51H         LINE#         572
  C:2B54H         LINE#         576
BL51 BANKED LINKER/LOCATER V6.00                                                      07/28/2017  09:58:56  PAGE 15


  C:2B56H         LINE#         577
  C:2B59H         LINE#         578
  C:2B5CH         LINE#         580
  C:2B5EH         LINE#         581
  C:2B60H         LINE#         583
  C:2B62H         LINE#         584
  C:2B63H         LINE#         585
  C:2B65H         LINE#         587
  C:2B67H         LINE#         588
  C:2B69H         LINE#         594
  C:2B6BH         LINE#         595
  C:2B6CH         LINE#         608
  C:2B6DH         LINE#         609
  C:2B6FH         LINE#         614
  C:2B71H         LINE#         615
  C:2B73H         LINE#         616
  C:2B75H         LINE#         617
  C:2B77H         LINE#         618
  C:2B79H         LINE#         619
  C:2B7BH         LINE#         620
  C:2B7DH         LINE#         621
  C:2B7FH         LINE#         622
  C:2B81H         LINE#         623
  C:2B83H         LINE#         624
  C:2B85H         LINE#         625
  C:2B87H         LINE#         626
  C:2B89H         LINE#         627
  C:2B8BH         LINE#         628
  C:2B8CH         LINE#         642
  C:2B8EH         LINE#         643
  C:2B90H         LINE#         644
  C:2B92H         LINE#         645
  C:2B94H         LINE#         646
  C:2B95H         LINE#         647
  C:2B96H         LINE#         648
  C:2B98H         LINE#         649
  C:2B9AH         LINE#         650
  C:2B9CH         LINE#         651
  C:2B9DH         LINE#         652
  C:2B9FH         LINE#         653
  C:2BA0H         LINE#         654
  C:2BA1H         LINE#         655
  C:2BA2H         LINE#         656
  C:2BA3H         LINE#         657
  C:2BA5H         LINE#         658
  C:2BA7H         LINE#         659
  C:2BA9H         LINE#         660
  C:2BACH         LINE#         661
  C:2BAEH         LINE#         662
  C:2BAFH         LINE#         663
  C:2BB1H         LINE#         664
  C:2BB2H         LINE#         665
  C:2BB3H         LINE#         666
  C:2BB5H         LINE#         668
  C:2BB8H         LINE#         670
  C:2BBBH         LINE#         671
  C:2BBEH         LINE#         672
BL51 BANKED LINKER/LOCATER V6.00                                                      07/28/2017  09:58:56  PAGE 16


  C:2BC1H         LINE#         673
  C:2BC3H         LINE#         674
  C:2BC5H         LINE#         675
  C:2BC7H         LINE#         676
  -------         ENDMOD        ?RTX51_TINY_KERNAL

  -------         MODULE        PID
  C:0000H         SYMBOL        _ICE_DUMMY_
  D:0080H         PUBLIC        P0
  D:0090H         PUBLIC        P1
  D:00A0H         PUBLIC        P2
  C:46A8H         PUBLIC        _setKi
  D:00B0H         PUBLIC        P3
  C:4A66H         PUBLIC        _getErrLast
  D:00C0H         PUBLIC        P4
  D:00C8H         PUBLIC        P5
  D:00E8H         PUBLIC        P6
  D:00F8H         PUBLIC        P7
  C:4666H         PUBLIC        _setParameterUpperLimit
  C:46C9H         PUBLIC        _setKp
  D:00A8H         PUBLIC        IE
  C:4C3BH         PUBLIC        _openPID
  D:00B8H         PUBLIC        IP
  D:00D8H         PUBLIC        CCON
  D:0098H         PUBLIC        SCON
  D:0088H         PUBLIC        TCON
  C:28B9H         PUBLIC        _Incremental_PID
  C:2BC9H         PUBLIC        _PID_config
  C:4645H         PUBLIC        _setParameterInferiorLimit
  D:00F0H         PUBLIC        B
  D:00E0H         PUBLIC        ACC
  C:4687H         PUBLIC        _setActualParameter
  C:4ACEH         PUBLIC        _getOutput
  C:21A8H         PUBLIC        _PID
  X:028CH         SYMBOL        g_pid_n_info
  C:4A32H         PUBLIC        _getParameter
  C:4A4CH         PUBLIC        _getErr
  C:4AB4H         PUBLIC        _getKd
  C:470BH         PUBLIC        _setParameter
  C:4A9AH         PUBLIC        _getKi
  C:4C95H         PUBLIC        _closePID
  D:00D0H         PUBLIC        PSW
  C:4AE8H         PUBLIC        _getIntegral
  C:4A80H         PUBLIC        _getKp
  C:46EAH         PUBLIC        _setKd
  -------         PROC          _PID_CONFIG
  D:0003H         SYMBOL        PID_N
  X:04B5H         SYMBOL        kp
  X:04B9H         SYMBOL        ki
  X:04BDH         SYMBOL        kd
  C:2BC9H         LINE#         51
  C:2BCBH         LINE#         52
  C:2BCBH         LINE#         53
  C:2BE0H         LINE#         54
  C:2BF5H         LINE#         55
  C:2C0AH         LINE#         56
  C:2C1FH         LINE#         57
BL51 BANKED LINKER/LOCATER V6.00                                                      07/28/2017  09:58:56  PAGE 17


  C:2C34H         LINE#         58
  C:2C53H         LINE#         59
  C:2C72H         LINE#         60
  C:2C91H         LINE#         61
  C:2CBBH         LINE#         62
  C:2CE5H         LINE#         63
  -------         ENDPROC       _PID_CONFIG
  -------         PROC          _OPENPID
  D:0007H         SYMBOL        PID_N
  C:4C3BH         LINE#         73
  C:4C3BH         LINE#         74
  C:4C3BH         LINE#         75
  C:4C4CH         LINE#         77
  -------         ENDPROC       _OPENPID
  -------         PROC          _CLOSEPID
  D:0007H         SYMBOL        PID_N
  C:4C95H         LINE#         86
  C:4C95H         LINE#         87
  C:4C95H         LINE#         88
  C:4CA5H         LINE#         91
  -------         ENDPROC       _CLOSEPID
  -------         PROC          _PID
  X:058CH         SYMBOL        PID_N
  C:21A8H         LINE#         100
  C:21ADH         LINE#         101
  C:21ADH         LINE#         104
  C:21C0H         LINE#         105
  C:21C0H         LINE#         107
  C:220EH         LINE#         123
  C:2251H         LINE#         126
  C:2356H         LINE#         129
  C:2380H         LINE#         132
  C:2381H         LINE#         133
  C:2381H         LINE#         135
  -------         ENDPROC       _PID
  -------         PROC          _INCREMENTAL_PID
  X:058DH         SYMBOL        PID_N
  C:28B9H         LINE#         145
  C:28BEH         LINE#         146
  C:28BEH         LINE#         147
  C:28D1H         LINE#         148
  C:28D1H         LINE#         149
  C:291FH         LINE#         150
  C:2A01H         LINE#         153
  C:2A2BH         LINE#         154
  C:2A55H         LINE#         155
  C:2A56H         LINE#         156
  C:2A56H         LINE#         157
  -------         ENDPROC       _INCREMENTAL_PID
  -------         PROC          _SETPARAMETERINFERIORLIMIT
  D:0003H         SYMBOL        PID_N
  X:0526H         SYMBOL        value
  C:4645H         LINE#         168
  C:4647H         LINE#         169
  C:4647H         LINE#         170
  -------         ENDPROC       _SETPARAMETERINFERIORLIMIT
  -------         PROC          _SETPARAMETERUPPERLIMIT
BL51 BANKED LINKER/LOCATER V6.00                                                      07/28/2017  09:58:56  PAGE 18


  D:0003H         SYMBOL        PID_N
  X:052BH         SYMBOL        value
  C:4666H         LINE#         182
  C:4668H         LINE#         183
  C:4668H         LINE#         184
  -------         ENDPROC       _SETPARAMETERUPPERLIMIT
  -------         PROC          _SETACTUALPARAMETER
  D:0003H         SYMBOL        PID_N
  X:0530H         SYMBOL        value
  C:4687H         LINE#         197
  C:4689H         LINE#         198
  C:4689H         LINE#         199
  -------         ENDPROC       _SETACTUALPARAMETER
  -------         PROC          _SETKI
  D:0003H         SYMBOL        PID_N
  X:0535H         SYMBOL        value
  C:46A8H         LINE#         212
  C:46AAH         LINE#         213
  C:46AAH         LINE#         214
  -------         ENDPROC       _SETKI
  -------         PROC          _SETKP
  D:0003H         SYMBOL        PID_N
  X:053AH         SYMBOL        value
  C:46C9H         LINE#         226
  C:46CBH         LINE#         227
  C:46CBH         LINE#         228
  -------         ENDPROC       _SETKP
  -------         PROC          _SETKD
  D:0003H         SYMBOL        PID_N
  X:053FH         SYMBOL        value
  C:46EAH         LINE#         240
  C:46ECH         LINE#         241
  C:46ECH         LINE#         242
  -------         ENDPROC       _SETKD
  -------         PROC          _SETPARAMETER
  D:0003H         SYMBOL        PID_N
  X:0544H         SYMBOL        value
  C:470BH         LINE#         254
  C:470DH         LINE#         255
  C:470DH         LINE#         256
  -------         ENDPROC       _SETPARAMETER
  -------         PROC          _GETPARAMETER
  D:0007H         SYMBOL        PID_N
  C:4A32H         LINE#         268
  C:4A32H         LINE#         269
  C:4A32H         LINE#         270
  C:4A4BH         LINE#         271
  -------         ENDPROC       _GETPARAMETER
  -------         PROC          _GETERR
  D:0007H         SYMBOL        PID_N
  C:4A4CH         LINE#         281
  C:4A4CH         LINE#         282
  C:4A4CH         LINE#         283
  C:4A65H         LINE#         284
  -------         ENDPROC       _GETERR
  -------         PROC          _GETERRLAST
  D:0007H         SYMBOL        PID_N
BL51 BANKED LINKER/LOCATER V6.00                                                      07/28/2017  09:58:56  PAGE 19


  C:4A66H         LINE#         294
  C:4A66H         LINE#         295
  C:4A66H         LINE#         296
  C:4A7FH         LINE#         297
  -------         ENDPROC       _GETERRLAST
  -------         PROC          _GETKP
  D:0007H         SYMBOL        PID_N
  C:4A80H         LINE#         306
  C:4A80H         LINE#         307
  C:4A80H         LINE#         308
  C:4A99H         LINE#         309
  -------         ENDPROC       _GETKP
  -------         PROC          _GETKI
  D:0007H         SYMBOL        PID_N
  C:4A9AH         LINE#         319
  C:4A9AH         LINE#         320
  C:4A9AH         LINE#         321
  C:4AB3H         LINE#         322
  -------         ENDPROC       _GETKI
  -------         PROC          _GETKD
  D:0007H         SYMBOL        PID_N
  C:4AB4H         LINE#         332
  C:4AB4H         LINE#         333
  C:4AB4H         LINE#         334
  C:4ACDH         LINE#         335
  -------         ENDPROC       _GETKD
  -------         PROC          _GETOUTPUT
  D:0007H         SYMBOL        PID_N
  C:4ACEH         LINE#         345
  C:4ACEH         LINE#         346
  C:4ACEH         LINE#         347
  C:4AE7H         LINE#         348
  -------         ENDPROC       _GETOUTPUT
  -------         PROC          _GETINTEGRAL
  D:0007H         SYMBOL        PID_N
  C:4AE8H         LINE#         358
  C:4AE8H         LINE#         359
  C:4AE8H         LINE#         360
  C:4B01H         LINE#         361
  -------         ENDPROC       _GETINTEGRAL
  -------         ENDMOD        PID

  -------         MODULE        FILTER
  C:0000H         SYMBOL        _ICE_DUMMY_
  D:0080H         PUBLIC        P0
  D:0090H         PUBLIC        P1
  D:00A0H         PUBLIC        P2
  D:00B0H         PUBLIC        P3
  D:00C0H         PUBLIC        P4
  D:00C8H         PUBLIC        P5
  D:00E8H         PUBLIC        P6
  D:00F8H         PUBLIC        P7
  C:2E4CH         PUBLIC        _filter
  D:00A8H         PUBLIC        IE
  D:00B8H         PUBLIC        IP
  D:00D8H         PUBLIC        CCON
  D:0098H         PUBLIC        SCON
BL51 BANKED LINKER/LOCATER V6.00                                                      07/28/2017  09:58:56  PAGE 20


  D:0088H         PUBLIC        TCON
  D:00F0H         PUBLIC        B
  D:00E0H         PUBLIC        ACC
  D:00D0H         PUBLIC        PSW
  -------         PROC          _FILTER
  D:0001H         SYMBOL        ary
  X:048CH         SYMBOL        num
  X:048DH         SYMBOL        MaxValue
  X:048FH         SYMBOL        MinValue
  -------         DO            
  X:0491H         SYMBOL        angleDataloopTemp2
  X:0493H         SYMBOL        finalData
  X:0495H         SYMBOL        maxValue
  X:0497H         SYMBOL        minValue
  -------         ENDDO         
  C:2E4CH         LINE#         2
  C:2E51H         LINE#         3
  C:2E51H         LINE#         5
  C:2E58H         LINE#         6
  C:2E67H         LINE#         7
  C:2E76H         LINE#         8
  C:2E98H         LINE#         9
  C:2E98H         LINE#         10
  C:2EB4H         LINE#         11
  C:2EB4H         LINE#         12
  C:2ED1H         LINE#         13
  C:2ED1H         LINE#         14
  C:2EF3H         LINE#         15
  C:2EF3H         LINE#         16
  C:2F10H         LINE#         17
  C:2F10H         LINE#         18
  C:2F32H         LINE#         19
  C:2F46H         LINE#         20
  C:2F6BH         LINE#         21
  C:2F81H         LINE#         22
  C:2F81H         LINE#         23
  -------         ENDPROC       _FILTER
  -------         ENDMOD        FILTER

  -------         MODULE        DATASCOPE_DP
  C:0000H         SYMBOL        _ICE_DUMMY_
  D:0080H         PUBLIC        P0
  D:0090H         PUBLIC        P1
  D:00A0H         PUBLIC        P2
  D:00B0H         PUBLIC        P3
  D:00C0H         PUBLIC        P4
  D:00C8H         PUBLIC        P5
  D:00E8H         PUBLIC        P6
  D:00F8H         PUBLIC        P7
  X:038CH         PUBLIC        DataScope_OutPut_Buffer
  D:00A8H         PUBLIC        IE
  D:00B8H         PUBLIC        IP
  D:00D8H         PUBLIC        CCON
  C:436EH         PUBLIC        _sendScopeData
  D:0098H         PUBLIC        SCON
  D:0088H         PUBLIC        TCON
  D:00F0H         PUBLIC        B
BL51 BANKED LINKER/LOCATER V6.00                                                      07/28/2017  09:58:56  PAGE 21


  C:363CH         PUBLIC        _Float2Byte
  D:00E0H         PUBLIC        ACC
  C:36E6H         PUBLIC        _DataScope_Data_Generate
  C:2F82H         PUBLIC        _DataScope_Get_Channel_Data
  D:00D0H         PUBLIC        PSW
  -------         PROC          _FLOAT2BYTE
  D:0001H         SYMBOL        target
  X:04CFH         SYMBOL        buf
  X:04D2H         SYMBOL        beg
  -------         DO            
  X:04D3H         SYMBOL        point
  -------         ENDDO         
  C:363CH         LINE#         26
  C:363CH         LINE#         27
  C:363CH         LINE#         29
  C:3647H         LINE#         30
  C:3665H         LINE#         31
  C:3691H         LINE#         32
  C:36BDH         LINE#         33
  -------         ENDPROC       _FLOAT2BYTE
  -------         PROC          _SENDSCOPEDATA
  D:0004H         SYMBOL        Data
  X:0517H         SYMBOL        channel
  -------         DO            
  X:0518H         SYMBOL        a
  -------         ENDDO         
  C:436EH         LINE#         43
  C:436EH         LINE#         44
  C:436EH         LINE#         47
  C:4379H         LINE#         49
  C:438FH         LINE#         50
  C:438FH         LINE#         51
  C:439EH         LINE#         52
  C:43A6H         LINE#         54
  -------         ENDPROC       _SENDSCOPEDATA
  -------         PROC          _DATASCOPE_GET_CHANNEL_DATA
  X:0548H         SYMBOL        Data
  X:054CH         SYMBOL        Channel
  C:2F82H         LINE#         60
  C:2F88H         LINE#         61
  C:2F88H         LINE#         62
  C:2F9BH         LINE#         63
  C:2F9BH         LINE#         65
  C:2F9BH         LINE#         67
  C:2F9BH         LINE#         68
  C:2FD1H         LINE#         69
  C:2FD1H         LINE#         70
  C:2FD1H         LINE#         71
  C:2FE4H         LINE#         72
  C:2FE7H         LINE#         73
  C:2FE7H         LINE#         74
  C:2FFBH         LINE#         75
  C:2FFEH         LINE#         76
  C:2FFEH         LINE#         77
  C:3012H         LINE#         78
  C:3015H         LINE#         79
  C:3015H         LINE#         80
BL51 BANKED LINKER/LOCATER V6.00                                                      07/28/2017  09:58:56  PAGE 22


  C:3029H         LINE#         81
  C:302CH         LINE#         82
  C:302CH         LINE#         83
  C:3040H         LINE#         84
  C:3042H         LINE#         85
  C:3042H         LINE#         86
  C:3056H         LINE#         87
  C:3058H         LINE#         88
  C:3058H         LINE#         89
  C:306CH         LINE#         90
  C:306EH         LINE#         91
  C:306EH         LINE#         92
  C:3082H         LINE#         93
  C:3084H         LINE#         94
  C:3084H         LINE#         95
  C:3098H         LINE#         96
  C:309AH         LINE#         97
  C:309AH         LINE#         98
  C:30B5H         LINE#         99
  C:30B5H         LINE#         100
  C:30B5H         LINE#         101
  C:30B5H         LINE#         102
  -------         ENDPROC       _DATASCOPE_GET_CHANNEL_DATA
  -------         PROC          _DATASCOPE_DATA_GENERATE
  D:0007H         SYMBOL        Channel_Number
  C:36E6H         LINE#         107
  C:36E6H         LINE#         108
  C:36E6H         LINE#         109
  C:36EFH         LINE#         110
  C:36EFH         LINE#         111
  C:36F2H         LINE#         112
  C:36F2H         LINE#         114
  C:36F2H         LINE#         115
  C:36F8H         LINE#         116
  C:372EH         LINE#         117
  C:372EH         LINE#         118
  C:372EH         LINE#         119
  C:3734H         LINE#         120
  C:3737H         LINE#         121
  C:3737H         LINE#         122
  C:3737H         LINE#         123
  C:373DH         LINE#         124
  C:3740H         LINE#         125
  C:3740H         LINE#         126
  C:3740H         LINE#         127
  C:3746H         LINE#         128
  C:3749H         LINE#         129
  C:3749H         LINE#         130
  C:3749H         LINE#         131
  C:374FH         LINE#         132
  C:3752H         LINE#         133
  C:3752H         LINE#         134
  C:3752H         LINE#         135
  C:3758H         LINE#         136
  C:375BH         LINE#         137
  C:375BH         LINE#         138
  C:375BH         LINE#         139
BL51 BANKED LINKER/LOCATER V6.00                                                      07/28/2017  09:58:56  PAGE 23


  C:3761H         LINE#         140
  C:3764H         LINE#         141
  C:3764H         LINE#         142
  C:3764H         LINE#         143
  C:376AH         LINE#         144
  C:376DH         LINE#         145
  C:376DH         LINE#         146
  C:376DH         LINE#         147
  C:3773H         LINE#         148
  C:3776H         LINE#         149
  C:3776H         LINE#         150
  C:3776H         LINE#         151
  C:377CH         LINE#         152
  C:377FH         LINE#         153
  C:377FH         LINE#         154
  C:377FH         LINE#         155
  C:3785H         LINE#         156
  C:3788H         LINE#         157
  C:3788H         LINE#         158
  C:3788H         LINE#         159
  C:3788H         LINE#         160
  C:378AH         LINE#         161
  -------         ENDPROC       _DATASCOPE_DATA_GENERATE
  -------         ENDMOD        DATASCOPE_DP

  -------         MODULE        STORAGE
  C:0000H         SYMBOL        _ICE_DUMMY_
  D:0080H         PUBLIC        P0
  D:0090H         PUBLIC        P1
  D:00A0H         PUBLIC        P2
  D:00B0H         PUBLIC        P3
  D:00C0H         PUBLIC        P4
  D:00C8H         PUBLIC        P5
  D:00E8H         PUBLIC        P6
  D:00F8H         PUBLIC        P7
  D:00A8H         PUBLIC        IE
  D:00B8H         PUBLIC        IP
  D:00D8H         PUBLIC        CCON
  C:4C4DH         PUBLIC        _writeData
  D:0098H         PUBLIC        SCON
  D:0088H         PUBLIC        TCON
  D:00F0H         PUBLIC        B
  D:00E0H         PUBLIC        ACC
  D:00D0H         PUBLIC        PSW
  -------         PROC          _WRITEDATA
  X:054DH         SYMBOL        add
  X:054FH         SYMBOL        Data
  C:4C4DH         LINE#         3
  C:4C5EH         LINE#         4
  C:4C5EH         LINE#         6
  -------         ENDPROC       _WRITEDATA
  -------         ENDMOD        STORAGE

  -------         MODULE        BUTTON
  C:0000H         SYMBOL        _ICE_DUMMY_
  D:0080H         PUBLIC        P0
  D:0090H         PUBLIC        P1
BL51 BANKED LINKER/LOCATER V6.00                                                      07/28/2017  09:58:56  PAGE 24


  D:00A0H         PUBLIC        P2
  D:00B0H         PUBLIC        P3
  D:00C0H         PUBLIC        P4
  D:00C8H         PUBLIC        P5
  D:00E8H         PUBLIC        P6
  D:00F8H         PUBLIC        P7
  D:00A8H         PUBLIC        IE
  D:00B8H         PUBLIC        IP
  D:00D8H         PUBLIC        CCON
  C:402CH         PUBLIC        buttonScan
  B:0020H.0       SYMBOL        BUTTON1_bit
  B:0020H.1       SYMBOL        BUTTON2_bit
  B:0020H.2       SYMBOL        BUTTON3_bit
  B:0020H.3       SYMBOL        BUTTON4_bit
  D:0098H         PUBLIC        SCON
  B:00A0H.3       PUBLIC        P23
  D:0088H         PUBLIC        TCON
  B:00A0H.4       PUBLIC        P24
  B:00A0H.5       PUBLIC        P25
  B:00A0H.6       PUBLIC        P26
  D:00F0H         PUBLIC        B
  C:48C1H         PUBLIC        _getButtonState
  D:00E0H         PUBLIC        ACC
  C:47ADH         PUBLIC        Button_config
  C:4D6CH         SYMBOL        _digitalRead
  D:00D0H         PUBLIC        PSW
  -------         PROC          BUTTON_CONFIG
  -------         DO            
  X:057AH         SYMBOL        GPIO_InitStructure
  -------         ENDDO         
  C:47ADH         LINE#         25
  C:47ADH         LINE#         26
  C:47ADH         LINE#         28
  C:47B3H         LINE#         29
  C:47B8H         LINE#         30
  C:47C3H         LINE#         31
  C:47C5H         LINE#         32
  C:47C7H         LINE#         33
  C:47C9H         LINE#         34
  C:47CBH         LINE#         35
  -------         ENDPROC       BUTTON_CONFIG
  -------         PROC          _DIGITALREAD
  D:0006H         SYMBOL        pin
  C:4D6CH         LINE#         43
  C:4D6CH         LINE#         44
  C:4D6CH         LINE#         45
  C:4D70H         LINE#         46
  C:4D70H         LINE#         47
  C:4D75H         LINE#         48
  C:4D75H         LINE#         49
  -------         ENDPROC       _DIGITALREAD
  -------         PROC          _GETBUTTONSTATE
  D:0007H         SYMBOL        BUTTON_data
  C:48C1H         LINE#         61
  C:48C1H         LINE#         62
  C:48C1H         LINE#         63
  C:48D2H         LINE#         64
BL51 BANKED LINKER/LOCATER V6.00                                                      07/28/2017  09:58:56  PAGE 25


  C:48D2H         LINE#         65
  C:48D2H         LINE#         66
  C:48D5H         LINE#         67
  C:48D5H         LINE#         68
  C:48D5H         LINE#         69
  C:48D8H         LINE#         70
  C:48D8H         LINE#         71
  C:48D8H         LINE#         72
  C:48DBH         LINE#         73
  C:48DBH         LINE#         74
  C:48DBH         LINE#         75
  C:48DDH         LINE#         76
  C:48DDH         LINE#         77
  C:48DDH         LINE#         78
  -------         ENDPROC       _GETBUTTONSTATE
  -------         PROC          BUTTONSCAN
  C:402CH         LINE#         88
  C:402CH         LINE#         89
  C:402CH         LINE#         90
  C:4037H         LINE#         91
  C:4037H         LINE#         92
  C:4041H         LINE#         93
  C:4041H         LINE#         97
  C:4043H         LINE#         98
  C:4043H         LINE#         99
  C:4045H         LINE#         101
  C:4045H         LINE#         102
  C:4047H         LINE#         103
  C:4047H         LINE#         104
  C:4052H         LINE#         105
  C:4052H         LINE#         106
  C:4055H         LINE#         107
  C:4055H         LINE#         111
  C:4057H         LINE#         112
  C:4057H         LINE#         113
  C:4059H         LINE#         115
  C:4059H         LINE#         116
  C:405BH         LINE#         117
  C:405BH         LINE#         118
  C:4066H         LINE#         119
  C:4066H         LINE#         120
  C:4069H         LINE#         121
  C:4069H         LINE#         125
  C:406BH         LINE#         127
  C:406BH         LINE#         128
  C:406DH         LINE#         130
  C:406DH         LINE#         131
  C:406FH         LINE#         132
  C:406FH         LINE#         133
  C:407AH         LINE#         134
  C:407AH         LINE#         135
  C:407DH         LINE#         136
  C:407DH         LINE#         140
  C:407FH         LINE#         142
  C:407FH         LINE#         143
  C:4080H         LINE#         145
  C:4080H         LINE#         146
BL51 BANKED LINKER/LOCATER V6.00                                                      07/28/2017  09:58:56  PAGE 26


  C:4082H         LINE#         147
  C:4082H         LINE#         148
  -------         ENDPROC       BUTTONSCAN
  -------         ENDMOD        BUTTON

  -------         MODULE        LED
  C:0000H         SYMBOL        _ICE_DUMMY_
  D:0080H         PUBLIC        P0
  D:0090H         PUBLIC        P1
  D:00A0H         PUBLIC        P2
  D:00B0H         PUBLIC        P3
  D:00C0H         PUBLIC        P4
  D:00C8H         PUBLIC        P5
  B:0021H.2       SYMBOL        Board_LED_State
  D:00E8H         PUBLIC        P6
  D:00F8H         PUBLIC        P7
  D:00A8H         PUBLIC        IE
  C:4623H         PUBLIC        _blink
  C:44C5H         PUBLIC        Board_LED_Init
  D:00B8H         PUBLIC        IP
  C:4DC7H         PUBLIC        close_Board_LED
  D:00D8H         PUBLIC        CCON
  D:0098H         PUBLIC        SCON
  D:0088H         PUBLIC        TCON
  C:4DC2H         PUBLIC        open_Board_LED
  B:00C8H.5       PUBLIC        P55
  D:00F0H         PUBLIC        B
  D:00E0H         PUBLIC        ACC
  C:4DD5H         PUBLIC        getBoard_LED_State
  C:4DA4H         PUBLIC        _Board_LED_PWM
  D:00D0H         PUBLIC        PSW
  -------         PROC          BOARD_LED_INIT
  -------         DO            
  X:057CH         SYMBOL        GPIO_InitStructure
  -------         ENDDO         
  C:44C5H         LINE#         8
  C:44C5H         LINE#         9
  C:44C5H         LINE#         11
  C:44CBH         LINE#         12
  C:44D0H         LINE#         13
  C:44DBH         LINE#         14
  C:44DEH         LINE#         15
  C:44E3H         LINE#         16
  C:44E6H         LINE#         17
  C:44EBH         LINE#         18
  C:44ECH         LINE#         19
  -------         ENDPROC       BOARD_LED_INIT
  -------         PROC          OPEN_BOARD_LED
  C:4DC2H         LINE#         20
  C:4DC2H         LINE#         21
  C:4DC2H         LINE#         22
  C:4DC4H         LINE#         23
  C:4DC6H         LINE#         24
  -------         ENDPROC       OPEN_BOARD_LED
  -------         PROC          CLOSE_BOARD_LED
  C:4DC7H         LINE#         25
  C:4DC7H         LINE#         26
BL51 BANKED LINKER/LOCATER V6.00                                                      07/28/2017  09:58:56  PAGE 27


  C:4DC7H         LINE#         27
  C:4DC9H         LINE#         28
  C:4DCBH         LINE#         30
  -------         ENDPROC       CLOSE_BOARD_LED
  -------         PROC          _BLINK
  X:0599H         SYMBOL        time
  C:4623H         LINE#         31
  C:4628H         LINE#         32
  C:4628H         LINE#         33
  C:4632H         LINE#         34
  C:4632H         LINE#         35
  C:4635H         LINE#         36
  C:463AH         LINE#         37
  C:463DH         LINE#         38
  C:4642H         LINE#         40
  C:4644H         LINE#         41
  -------         ENDPROC       _BLINK
  -------         PROC          GETBOARD_LED_STATE
  C:4DD5H         LINE#         42
  C:4DD5H         LINE#         43
  C:4DD5H         LINE#         44
  C:4DD7H         LINE#         45
  -------         ENDPROC       GETBOARD_LED_STATE
  -------         PROC          _BOARD_LED_PWM
  X:058EH         SYMBOL        luminance
  C:4DA4H         LINE#         46
  C:4DA9H         LINE#         47
  C:4DA9H         LINE#         48
  C:4DA9H         LINE#         49
  C:4DA9H         LINE#         52
  C:4DA9H         LINE#         54
  -------         ENDPROC       _BOARD_LED_PWM
  -------         ENDMOD        LED

  -------         MODULE        MOTOR
  C:0000H         SYMBOL        _ICE_DUMMY_
  D:0080H         PUBLIC        P0
  D:0090H         PUBLIC        P1
  D:00A0H         PUBLIC        P2
  D:00B0H         PUBLIC        P3
  D:00C0H         PUBLIC        P4
  D:00C8H         PUBLIC        P5
  D:00E8H         PUBLIC        P6
  D:00F8H         PUBLIC        P7
  D:00BAH         PUBLIC        P_SW2
  D:00A8H         PUBLIC        IE
  C:4867H         PUBLIC        _open_DC_Motor
  D:00B8H         PUBLIC        IP
  D:00D8H         PUBLIC        CCON
  B:00A0H.2       PUBLIC        P22
  D:0098H         PUBLIC        SCON
  B:00A0H.3       PUBLIC        P23
  D:0088H         PUBLIC        TCON
  C:3A01H         PUBLIC        _setDC_MotorSpeed
  D:00F0H         PUBLIC        B
  X:0566H         SYMBOL        g_DC_Motor
  C:4CEAH         PUBLIC        _getDC_MotorState
BL51 BANKED LINKER/LOCATER V6.00                                                      07/28/2017  09:58:56  PAGE 28


  D:00E0H         PUBLIC        ACC
  C:3E9DH         PUBLIC        DC_MOTOR_config
  C:48DEH         PUBLIC        _close_DC_Motor
  D:00D0H         PUBLIC        PSW
  -------         PROC          _SETDC_MOTORSPEED
  X:0552H         SYMBOL        motor
  X:0553H         SYMBOL        speed
  C:3A01H         LINE#         38
  C:3A06H         LINE#         39
  C:3A06H         LINE#         41
  C:3A21H         LINE#         42
  C:3A21H         LINE#         43
  C:3A2BH         LINE#         44
  C:3A2BH         LINE#         45
  C:3A46H         LINE#         46
  C:3A46H         LINE#         48
  C:3A50H         LINE#         49
  C:3A50H         LINE#         52
  C:3A70H         LINE#         53
  C:3A92H         LINE#         54
  -------         ENDPROC       _SETDC_MOTORSPEED
  -------         PROC          _OPEN_DC_MOTOR
  X:058FH         SYMBOL        motor
  C:4867H         LINE#         55
  C:486CH         LINE#         56
  C:486CH         LINE#         57
  C:4872H         LINE#         58
  C:4884H         LINE#         59
  -------         ENDPROC       _OPEN_DC_MOTOR
  -------         PROC          _CLOSE_DC_MOTOR
  X:0590H         SYMBOL        motor
  C:48DEH         LINE#         60
  C:48E3H         LINE#         61
  C:48E3H         LINE#         62
  C:48E9H         LINE#         63
  C:48FAH         LINE#         67
  -------         ENDPROC       _CLOSE_DC_MOTOR
  -------         PROC          _GETDC_MOTORSTATE
  D:0007H         SYMBOL        motor
  C:4CEAH         LINE#         68
  C:4CEAH         LINE#         69
  C:4CEAH         LINE#         70
  C:4CF9H         LINE#         72
  -------         ENDPROC       _GETDC_MOTORSTATE
  -------         PROC          DC_MOTOR_CONFIG
  -------         DO            
  X:0477H         SYMBOL        GPIO_InitStructure
  X:0479H         SYMBOL        PWM_InitStructure
  -------         ENDDO         
  C:3E9DH         LINE#         80
  C:3E9DH         LINE#         81
  C:3E9DH         LINE#         85
  C:3EA2H         LINE#         88
  C:3EA6H         LINE#         89
  C:3EB1H         LINE#         93
  C:3EB7H         LINE#         94
  C:3EC2H         LINE#         95
BL51 BANKED LINKER/LOCATER V6.00                                                      07/28/2017  09:58:56  PAGE 29


  C:3EC4H         LINE#         96
  C:3EC6H         LINE#         99
  C:3EC9H         LINE#         100
  C:3ECEH         LINE#         101
  C:3ED0H         LINE#         102
  C:3ED2H         LINE#         103
  C:3ED5H         LINE#         104
  C:3ED8H         LINE#         105
  C:3EDAH         LINE#         106
  C:3EDCH         LINE#         107
  C:3EDEH         LINE#         108
  C:3EE0H         LINE#         109
  C:3EE2H         LINE#         110
  C:3EE4H         LINE#         111
  C:3EE6H         LINE#         112
  C:3EE8H         LINE#         113
  C:3EEAH         LINE#         114
  C:3EECH         LINE#         115
  C:3EEEH         LINE#         116
  C:3EF9H         LINE#         117
  C:3F04H         LINE#         119
  C:3F07H         LINE#         122
  -------         ENDPROC       DC_MOTOR_CONFIG
  -------         ENDMOD        MOTOR

  -------         MODULE        SERVO
  C:0000H         SYMBOL        _ICE_DUMMY_
  D:0080H         PUBLIC        P0
  D:0090H         PUBLIC        P1
  D:00A0H         PUBLIC        P2
  D:00B0H         PUBLIC        P3
  D:00C0H         PUBLIC        P4
  D:00C8H         PUBLIC        P5
  D:00E8H         PUBLIC        P6
  D:00F8H         PUBLIC        P7
  D:00BAH         PUBLIC        P_SW2
  D:00A8H         PUBLIC        IE
  C:474DH         PUBLIC        _open_STR
  C:31E1H         PUBLIC        _set_STR_angle
  D:00B8H         PUBLIC        IP
  D:00D8H         PUBLIC        CCON
  C:2382H         PUBLIC        _Init_Str_Motor
  D:0098H         PUBLIC        SCON
  D:0088H         PUBLIC        TCON
  B:00B0H.7       PUBLIC        P37
  D:00F0H         PUBLIC        B
  D:00E0H         PUBLIC        ACC
  C:4B02H         PUBLIC        _read_STR_angle
  X:0306H         SYMBOL        str_motor
  C:47CCH         PUBLIC        _close_STR
  D:00D0H         PUBLIC        PSW
  -------         PROC          _INIT_STR_MOTOR
  X:03B6H         SYMBOL        MOTOR
  X:03B7H         SYMBOL        pl
  X:03BBH         SYMBOL        ph
  X:03BFH         SYMBOL        ma
  X:03C3H         SYMBOL        n
BL51 BANKED LINKER/LOCATER V6.00                                                      07/28/2017  09:58:56  PAGE 30


  -------         DO            
  X:03C5H         SYMBOL        GPIO_InitStructure
  X:03C7H         SYMBOL        PWM_InitStructure
  -------         ENDDO         
  C:2382H         LINE#         43
  C:2387H         LINE#         44
  C:2387H         LINE#         47
  C:238CH         LINE#         48
  C:2390H         LINE#         49
  C:239BH         LINE#         54
  C:239DH         LINE#         56
  C:23A0H         LINE#         57
  C:23A5H         LINE#         58
  C:23A7H         LINE#         59
  C:23A9H         LINE#         60
  C:23ACH         LINE#         61
  C:23AFH         LINE#         62
  C:23B1H         LINE#         63
  C:23B3H         LINE#         64
  C:23B5H         LINE#         65
  C:23B7H         LINE#         66
  C:23B9H         LINE#         67
  C:23BDH         LINE#         68
  C:23C0H         LINE#         69
  C:23C2H         LINE#         70
  C:23C4H         LINE#         71
  C:23C6H         LINE#         72
  C:23C8H         LINE#         73
  C:23D6H         LINE#         75
  C:23D9H         LINE#         76
  C:23E3H         LINE#         77
  C:23EFH         LINE#         78
  C:2412H         LINE#         79
  C:2431H         LINE#         80
  C:2450H         LINE#         81
  C:246BH         LINE#         82
  C:24EDH         LINE#         83
  C:2540H         LINE#         84
  C:2555H         LINE#         85
  -------         ENDPROC       _INIT_STR_MOTOR
  -------         PROC          _SET_STR_ANGLE
  X:04D6H         SYMBOL        MOTOR
  X:04D7H         SYMBOL        angle
  -------         DO            
  X:04DBH         SYMBOL        str_duty
  -------         ENDDO         
  C:31E1H         LINE#         96
  C:31E6H         LINE#         97
  C:31E6H         LINE#         99
  C:3207H         LINE#         100
  C:3284H         LINE#         110
  C:3284H         LINE#         111
  C:32ADH         LINE#         112
  C:32C9H         LINE#         113
  C:32C9H         LINE#         114
  -------         ENDPROC       _SET_STR_ANGLE
  -------         PROC          _READ_STR_ANGLE
BL51 BANKED LINKER/LOCATER V6.00                                                      07/28/2017  09:58:56  PAGE 31


  D:0007H         SYMBOL        MOTOR
  C:4B02H         LINE#         125
  C:4B02H         LINE#         126
  C:4B02H         LINE#         127
  C:4B1BH         LINE#         128
  -------         ENDPROC       _READ_STR_ANGLE
  -------         PROC          _OPEN_STR
  X:0591H         SYMBOL        MOTOR
  C:474DH         LINE#         129
  C:4752H         LINE#         130
  C:4752H         LINE#         131
  C:4755H         LINE#         132
  C:476BH         LINE#         133
  C:476CH         LINE#         134
  -------         ENDPROC       _OPEN_STR
  -------         PROC          _CLOSE_STR
  X:0592H         SYMBOL        MOTOR
  C:47CCH         LINE#         135
  C:47D1H         LINE#         136
  C:47D1H         LINE#         137
  C:47D4H         LINE#         138
  C:47E9H         LINE#         139
  C:47EAH         LINE#         140
  -------         ENDPROC       _CLOSE_STR
  -------         ENDMOD        SERVO

  -------         MODULE        STEP_MOTOR
  C:0000H         SYMBOL        _ICE_DUMMY_
  D:0080H         PUBLIC        P0
  D:0090H         PUBLIC        P1
  D:00A0H         PUBLIC        P2
  D:00B0H         PUBLIC        P3
  D:00C0H         PUBLIC        P4
  D:00C8H         PUBLIC        P5
  D:00E8H         PUBLIC        P6
  C:4D0AH         PUBLIC        _setStepMotorState
  D:00F8H         PUBLIC        P7
  C:3F08H         PUBLIC        _setStepMotorWithAngle
  D:00A8H         PUBLIC        IE
  B:00A0H.6       PUBLIC        StepMotor_1_LockControl
  B:00A0H.4       PUBLIC        StepMotor_2_LockControl
  D:00B8H         PUBLIC        IP
  X:03D7H         SYMBOL        g_stepMotor
  D:00D8H         PUBLIC        CCON
  C:48FBH         PUBLIC        _close_StepMotor
  C:43A7H         PUBLIC        _setStepMotorWithRound
  C:45B4H         PUBLIC        _setStepMotorWithPulse
  D:0098H         PUBLIC        SCON
  D:0088H         PUBLIC        TCON
  C:4A17H         PUBLIC        _setStepMotorDiversion
  D:00F0H         PUBLIC        B
  B:00A0H.7       PUBLIC        StepMotor_1_DiversionControl
  B:00A0H.5       PUBLIC        StepMotor_2_DiversionControl
  D:00E0H         PUBLIC        ACC
  C:4BDCH         PUBLIC        _open_StepMotor
  C:382EH         PUBLIC        _stepMotor_Init
  C:34C7H         PUBLIC        _setStepMotorWithDistance
BL51 BANKED LINKER/LOCATER V6.00                                                      07/28/2017  09:58:56  PAGE 32


  C:496FH         PUBLIC        _freeStepMotor
  C:498BH         PUBLIC        _lockStepMotor
  C:4CA6H         PUBLIC        _getStepMotorState
[...]
  C:3C70H         LINE#         421
  C:3C70H         LINE#         422
  C:3C73H         LINE#         423
  C:3C80H         LINE#         424
  C:3C80H         LINE#         425
  C:3C8DH         LINE#         426
  C:3C9AH         LINE#         427
  C:3C9CH         LINE#         428
  C:3CA1H         LINE#         429
  C:3CA1H         LINE#         431
  -------         ENDPROC       UART4_INT
  -------         ENDMOD        USART1

  -------         MODULE        STC15_EEPROM
  C:0000H         SYMBOL        _ICE_DUMMY_
  D:0080H         PUBLIC        P0
BL51 BANKED LINKER/LOCATER V6.00                                                      07/28/2017  09:58:56  PAGE 84


  D:0090H         PUBLIC        P1
  D:00A0H         PUBLIC        P2
  D:00B0H         PUBLIC        P3
  C:4D52H         PUBLIC        DisableEEPROM
  D:00C0H         PUBLIC        P4
  D:00C8H         PUBLIC        P5
  D:00C6H         PUBLIC        ISP_TRIG
  B:00A8H.7       PUBLIC        EA
  D:00E8H         PUBLIC        P6
  D:00F8H         PUBLIC        P7
  D:00A8H         PUBLIC        IE
  C:478DH         PUBLIC        _EEPROM_SectorErase
  C:423CH         PUBLIC        _EEPROM_read_n
  D:00B8H         PUBLIC        IP
  D:00C5H         PUBLIC        ISP_CMD
  D:00D8H         PUBLIC        CCON
  C:427BH         PUBLIC        _EEPROM_write_n
  D:00C3H         PUBLIC        ISP_ADDRH
  D:0098H         PUBLIC        SCON
  D:0088H         PUBLIC        TCON
  D:00C4H         PUBLIC        ISP_ADDRL
  D:00F0H         PUBLIC        B
  D:00E0H         PUBLIC        ACC
  D:00C7H         PUBLIC        ISP_CONTR
  D:00C2H         PUBLIC        ISP_DATA
  D:00D0H         PUBLIC        PSW
  -------         PROC          DISABLEEEPROM
  C:4D52H         LINE#         30
  C:4D52H         LINE#         31
  C:4D52H         LINE#         32
  C:4D55H         LINE#         33
  C:4D57H         LINE#         34
  C:4D59H         LINE#         35
  C:4D5CH         LINE#         36
  C:4D5FH         LINE#         37
  -------         ENDPROC       DISABLEEEPROM
  -------         PROC          _EEPROM_READ_N
  D:0004H         SYMBOL        EE_address
  D:0001H         SYMBOL        DataAddress
  X:050AH         SYMBOL        number
  C:423CH         LINE#         49
  C:4240H         LINE#         50
  C:4240H         LINE#         51
  C:4242H         LINE#         52
  C:4245H         LINE#         53
  C:4248H         LINE#         55
  C:4248H         LINE#         56
  C:424BH         LINE#         57
  C:424FH         LINE#         58
  C:4255H         LINE#         61
  C:4256H         LINE#         62
  C:425BH         LINE#         63
  C:4260H         LINE#         64
  C:4267H         LINE#         65
  C:4275H         LINE#         67
  C:4278H         LINE#         68
  C:427AH         LINE#         69
BL51 BANKED LINKER/LOCATER V6.00                                                      07/28/2017  09:58:56  PAGE 85


  -------         ENDPROC       _EEPROM_READ_N
  -------         PROC          _EEPROM_SECTORERASE
  D:0004H         SYMBOL        EE_address
  C:478DH         LINE#         80
  C:4791H         LINE#         81
  C:4791H         LINE#         82
  C:4793H         LINE#         85
  C:4796H         LINE#         86
  C:479AH         LINE#         87
  C:479DH         LINE#         88
  C:47A0H         LINE#         89
  C:47A6H         LINE#         90
  C:47A7H         LINE#         91
  C:47AAH         LINE#         92
  C:47ACH         LINE#         93
  -------         ENDPROC       _EEPROM_SECTORERASE
  -------         PROC          _EEPROM_WRITE_N
  D:0004H         SYMBOL        EE_address
  D:0001H         SYMBOL        DataAddress
  X:0511H         SYMBOL        number
  C:427BH         LINE#         104
  C:427FH         LINE#         105
  C:427FH         LINE#         106
  C:4281H         LINE#         108
  C:4284H         LINE#         109
  C:4287H         LINE#         111
  C:4287H         LINE#         112
  C:428AH         LINE#         113
  C:428EH         LINE#         114
  C:4293H         LINE#         115
  C:4299H         LINE#         116
  C:429AH         LINE#         117
  C:429FH         LINE#         118
  C:42A6H         LINE#         119
  C:42B4H         LINE#         121
  C:42B7H         LINE#         122
  C:42B9H         LINE#         123
  -------         ENDPROC       _EEPROM_WRITE_N
  -------         ENDMOD        STC15_EEPROM

  -------         MODULE        ?C?FPADD
  C:0807H         PUBLIC        ?C?FPADD
  C:0803H         PUBLIC        ?C?FPSUB
  -------         ENDMOD        ?C?FPADD

  -------         MODULE        ?C?FPMUL
  C:08F8H         PUBLIC        ?C?FPMUL
  -------         ENDMOD        ?C?FPMUL

  -------         MODULE        ?C?FPDIV
  C:0A01H         PUBLIC        ?C?FPDIV
  -------         ENDMOD        ?C?FPDIV

  -------         MODULE        ?C?FPCMP
  C:0AA0H         PUBLIC        ?C?FPCMP
  C:0A9EH         PUBLIC        ?C?FPCMP3
  -------         ENDMOD        ?C?FPCMP
BL51 BANKED LINKER/LOCATER V6.00                                                      07/28/2017  09:58:56  PAGE 86



  -------         MODULE        ?C?FCAST
  C:0B15H         PUBLIC        ?C?FCASTC
  C:0B10H         PUBLIC        ?C?FCASTI
  C:0B0BH         PUBLIC        ?C?FCASTL
  -------         ENDMOD        ?C?FCAST

  -------         MODULE        ?C?CASTF
  C:0B49H         PUBLIC        ?C?CASTF
  -------         ENDMOD        ?C?CASTF

  -------         MODULE        ?C?CLDPTR
  C:0BCAH         PUBLIC        ?C?CLDPTR
  -------         ENDMOD        ?C?CLDPTR

  -------         MODULE        ?C?CLDOPTR
  C:0BE3H         PUBLIC        ?C?CLDOPTR
  -------         ENDMOD        ?C?CLDOPTR

  -------         MODULE        ?C?CSTPTR
  C:0C10H         PUBLIC        ?C?CSTPTR
  -------         ENDMOD        ?C?CSTPTR

  -------         MODULE        ?C?CSTOPTR
  C:0C22H         PUBLIC        ?C?CSTOPTR
  -------         ENDMOD        ?C?CSTOPTR

  -------         MODULE        ?C?IMUL
  C:0C44H         PUBLIC        ?C?IMUL
  -------         ENDMOD        ?C?IMUL

  -------         MODULE        ?C?UIDIV
  C:0C56H         PUBLIC        ?C?UIDIV
  -------         ENDMOD        ?C?UIDIV

  -------         MODULE        ?C?IILDX
  C:0CABH         PUBLIC        ?C?IILDX
  -------         ENDMOD        ?C?IILDX

  -------         MODULE        ?C?ILDOPTR
  C:0CC1H         PUBLIC        ?C?ILDOPTR
  -------         ENDMOD        ?C?ILDOPTR

  -------         MODULE        ?C?LMUL
  C:0CF9H         PUBLIC        ?C?LMUL
  -------         ENDMOD        ?C?LMUL

  -------         MODULE        ?C?ULDIV
  C:0D84H         PUBLIC        ?C?ULDIV
  -------         ENDMOD        ?C?ULDIV

  -------         MODULE        ?C?SLDIV
  C:4175H         PUBLIC        ?C?SLDIV
  -------         ENDMOD        ?C?SLDIV

  -------         MODULE        ?C?LNEG
  C:0E16H         PUBLIC        ?C?LNEG
BL51 BANKED LINKER/LOCATER V6.00                                                      07/28/2017  09:58:56  PAGE 87


  -------         ENDMOD        ?C?LNEG

  -------         MODULE        ?C?ULCMP
  C:0E24H         PUBLIC        ?C?ULCMP
  -------         ENDMOD        ?C?ULCMP

  -------         MODULE        ?C?ULSHR
  C:0E35H         PUBLIC        ?C?ULSHR
  -------         ENDMOD        ?C?ULSHR

  -------         MODULE        ?C?LLDOPTR0
  C:0E48H         PUBLIC        ?C?LLDOPTR0
  -------         ENDMOD        ?C?LLDOPTR0

  -------         MODULE        ?C?LSTXDATA
  C:0E78H         PUBLIC        ?C?LSTXDATA
  -------         ENDMOD        ?C?LSTXDATA

  -------         MODULE        ?C?LSTKXDATA
  C:0E84H         PUBLIC        ?C?LSTKXDATA
  -------         ENDMOD        ?C?LSTKXDATA

  -------         MODULE        ?C?LLDIDATA0
  C:0EB5H         PUBLIC        ?C?LLDIDATA0
  -------         ENDMOD        ?C?LLDIDATA0

  -------         MODULE        ?C?LLDXDATA0
  C:0EC2H         PUBLIC        ?C?LLDXDATA0
  -------         ENDMOD        ?C?LLDXDATA0

  -------         MODULE        ?C?LLDPDATA0
  C:0ECEH         PUBLIC        ?C?LLDPDATA0
  -------         ENDMOD        ?C?LLDPDATA0

  -------         MODULE        ?C?LLDCODE0
  C:0EDBH         PUBLIC        ?C?LLDCODE0
  -------         ENDMOD        ?C?LLDCODE0

*** WARNING L16: UNCALLED SEGMENT, IGNORED FOR OVERLAY PROCESS
    SEGMENT: ?PR?_UART1_INIT?SETUP

*** WARNING L16: UNCALLED SEGMENT, IGNORED FOR OVERLAY PROCESS
    SEGMENT: ?PR?TEST?SETUP

*** WARNING L16: UNCALLED SEGMENT, IGNORED FOR OVERLAY PROCESS
    SEGMENT: ?PR?MODE1?MODE

*** WARNING L16: UNCALLED SEGMENT, IGNORED FOR OVERLAY PROCESS
    SEGMENT: ?PR?MODE2?MODE

*** WARNING L16: UNCALLED SEGMENT, IGNORED FOR OVERLAY PROCESS
    SEGMENT: ?PR?MODE3?MODE

*** WARNING L16: UNCALLED SEGMENT, IGNORED FOR OVERLAY PROCESS
    SEGMENT: ?PR?MODE4?MODE

*** WARNING L16: UNCALLED SEGMENT, IGNORED FOR OVERLAY PROCESS
BL51 BANKED LINKER/LOCATER V6.00                                                      07/28/2017  09:58:56  PAGE 88


    SEGMENT: ?PR?MODELAUNCHER?MODE

*** WARNING L16: UNCALLED SEGMENT, IGNORED FOR OVERLAY PROCESS
    SEGMENT: ?PR?_PID_CONFIG?PID

*** WARNING L16: UNCALLED SEGMENT, IGNORED FOR OVERLAY PROCESS
    SEGMENT: ?PR?_OPENPID?PID

*** WARNING L16: UNCALLED SEGMENT, IGNORED FOR OVERLAY PROCESS
    SEGMENT: ?PR?_CLOSEPID?PID

*** WARNING L16: UNCALLED SEGMENT, IGNORED FOR OVERLAY PROCESS
    SEGMENT: ?PR?_PID?PID

*** WARNING L16: UNCALLED SEGMENT, IGNORED FOR OVERLAY PROCESS
    SEGMENT: ?PR?_INCREMENTAL_PID?PID

*** WARNING L16: UNCALLED SEGMENT, IGNORED FOR OVERLAY PROCESS
    SEGMENT: ?PR?_SETPARAMETERINFERIORLIMIT?PID

*** WARNING L16: UNCALLED SEGMENT, IGNORED FOR OVERLAY PROCESS
    SEGMENT: ?PR?_SETPARAMETERUPPERLIMIT?PID

*** WARNING L16: UNCALLED SEGMENT, IGNORED FOR OVERLAY PROCESS
    SEGMENT: ?PR?_SETACTUALPARAMETER?PID

*** WARNING L16: UNCALLED SEGMENT, IGNORED FOR OVERLAY PROCESS
    SEGMENT: ?PR?_SETKI?PID

*** WARNING L16: UNCALLED SEGMENT, IGNORED FOR OVERLAY PROCESS
    SEGMENT: ?PR?_SETKP?PID

*** WARNING L16: UNCALLED SEGMENT, IGNORED FOR OVERLAY PROCESS
    SEGMENT: ?PR?_SETKD?PID

*** WARNING L16: UNCALLED SEGMENT, IGNORED FOR OVERLAY PROCESS
    SEGMENT: ?PR?_SETPARAMETER?PID

*** WARNING L16: UNCALLED SEGMENT, IGNORED FOR OVERLAY PROCESS
    SEGMENT: ?PR?_GETPARAMETER?PID

*** WARNING L16: UNCALLED SEGMENT, IGNORED FOR OVERLAY PROCESS
    SEGMENT: ?PR?_GETERR?PID

*** WARNING L16: UNCALLED SEGMENT, IGNORED FOR OVERLAY PROCESS
    SEGMENT: ?PR?_GETERRLAST?PID

*** WARNING L16: UNCALLED SEGMENT, IGNORED FOR OVERLAY PROCESS
    SEGMENT: ?PR?_GETKP?PID

*** WARNING L16: UNCALLED SEGMENT, IGNORED FOR OVERLAY PROCESS
    SEGMENT: ?PR?_GETKI?PID

*** WARNING L16: UNCALLED SEGMENT, IGNORED FOR OVERLAY PROCESS
    SEGMENT: ?PR?_GETKD?PID

*** WARNING L16: UNCALLED SEGMENT, IGNORED FOR OVERLAY PROCESS
BL51 BANKED LINKER/LOCATER V6.00                                                      07/28/2017  09:58:56  PAGE 89


    SEGMENT: ?PR?_GETOUTPUT?PID

*** WARNING L16: UNCALLED SEGMENT, IGNORED FOR OVERLAY PROCESS
    SEGMENT: ?PR?_GETINTEGRAL?PID

*** WARNING L16: UNCALLED SEGMENT, IGNORED FOR OVERLAY PROCESS
    SEGMENT: ?PR?_SENDSCOPEDATA?DATASCOPE_DP

*** WARNING L16: UNCALLED SEGMENT, IGNORED FOR OVERLAY PROCESS
    SEGMENT: ?PR?_WRITEDATA?STORAGE

*** WARNING L16: UNCALLED SEGMENT, IGNORED FOR OVERLAY PROCESS
    SEGMENT: ?PR?BUTTON_CONFIG?BUTTON

*** WARNING L16: UNCALLED SEGMENT, IGNORED FOR OVERLAY PROCESS
    SEGMENT: ?PR?_GETBUTTONSTATE?BUTTON

*** WARNING L16: UNCALLED SEGMENT, IGNORED FOR OVERLAY PROCESS
    SEGMENT: ?PR?BUTTONSCAN?BUTTON

*** WARNING L16: UNCALLED SEGMENT, IGNORED FOR OVERLAY PROCESS
    SEGMENT: ?PR?BOARD_LED_INIT?LED

*** WARNING L16: UNCALLED SEGMENT, IGNORED FOR OVERLAY PROCESS
    SEGMENT: ?PR?GETBOARD_LED_STATE?LED

*** WARNING L16: UNCALLED SEGMENT, IGNORED FOR OVERLAY PROCESS
    SEGMENT: ?PR?_BOARD_LED_PWM?LED

*** WARNING L16: UNCALLED SEGMENT, IGNORED FOR OVERLAY PROCESS
    SEGMENT: ?PR?_SETDC_MOTORSPEED?MOTOR

*** WARNING L16: UNCALLED SEGMENT, IGNORED FOR OVERLAY PROCESS
    SEGMENT: ?PR?_OPEN_DC_MOTOR?MOTOR

*** WARNING L16: UNCALLED SEGMENT, IGNORED FOR OVERLAY PROCESS
    SEGMENT: ?PR?_CLOSE_DC_MOTOR?MOTOR

*** WARNING L16: UNCALLED SEGMENT, IGNORED FOR OVERLAY PROCESS
    SEGMENT: ?PR?_GETDC_MOTORSTATE?MOTOR

*** WARNING L16: UNCALLED SEGMENT, IGNORED FOR OVERLAY PROCESS
    SEGMENT: ?PR?DC_MOTOR_CONFIG?MOTOR

*** WARNING L16: UNCALLED SEGMENT, IGNORED FOR OVERLAY PROCESS
    SEGMENT: ?PR?_INIT_STR_MOTOR?SERVO

*** WARNING L16: UNCALLED SEGMENT, IGNORED FOR OVERLAY PROCESS
    SEGMENT: ?PR?_SET_STR_ANGLE?SERVO

*** WARNING L16: UNCALLED SEGMENT, IGNORED FOR OVERLAY PROCESS
    SEGMENT: ?PR?_READ_STR_ANGLE?SERVO

*** WARNING L16: UNCALLED SEGMENT, IGNORED FOR OVERLAY PROCESS
    SEGMENT: ?PR?_OPEN_STR?SERVO

*** WARNING L16: UNCALLED SEGMENT, IGNORED FOR OVERLAY PROCESS
BL51 BANKED LINKER/LOCATER V6.00                                                      07/28/2017  09:58:56  PAGE 90


    SEGMENT: ?PR?_CLOSE_STR?SERVO

*** WARNING L16: UNCALLED SEGMENT, IGNORED FOR OVERLAY PROCESS
    SEGMENT: ?PR?_SETSTEPMOTORWITHDISTANCE?STEP_MOTOR

*** WARNING L16: UNCALLED SEGMENT, IGNORED FOR OVERLAY PROCESS
    SEGMENT: ?PR?_SETSTEPMOTORWITHROUND?STEP_MOTOR

*** WARNING L16: UNCALLED SEGMENT, IGNORED FOR OVERLAY PROCESS
    SEGMENT: ?PR?_SETSTEPMOTORSTATE?STEP_MOTOR

*** WARNING L16: UNCALLED SEGMENT, IGNORED FOR OVERLAY PROCESS
    SEGMENT: ?PR?_GETSTEPMOTORSTATE?STEP_MOTOR

*** WARNING L16: UNCALLED SEGMENT, IGNORED FOR OVERLAY PROCESS
    SEGMENT: ?PR?_SETSTEPMOTORDIVERSION?STEP_MOTOR

*** WARNING L16: UNCALLED SEGMENT, IGNORED FOR OVERLAY PROCESS
    SEGMENT: ?PR?_CLOSE_STEPMOTOR?STEP_MOTOR

*** WARNING L16: UNCALLED SEGMENT, IGNORED FOR OVERLAY PROCESS
    SEGMENT: ?PR?_OPEN_STEPMOTOR?STEP_MOTOR

*** WARNING L16: UNCALLED SEGMENT, IGNORED FOR OVERLAY PROCESS
    SEGMENT: ?PR?_FREESTEPMOTOR?STEP_MOTOR

*** WARNING L16: UNCALLED SEGMENT, IGNORED FOR OVERLAY PROCESS
    SEGMENT: ?PR?_LOCKSTEPMOTOR?STEP_MOTOR

*** WARNING L16: UNCALLED SEGMENT, IGNORED FOR OVERLAY PROCESS
    SEGMENT: ?PR?_STEPMOTOR_INIT?STEP_MOTOR

*** WARNING L16: UNCALLED SEGMENT, IGNORED FOR OVERLAY PROCESS
    SEGMENT: ?PR?_SETRELAY?RELAY

*** WARNING L16: UNCALLED SEGMENT, IGNORED FOR OVERLAY PROCESS
    SEGMENT: ?PR?_UNSETRELAY?RELAY

*** WARNING L16: UNCALLED SEGMENT, IGNORED FOR OVERLAY PROCESS
    SEGMENT: ?PR?RELAY_INIT?RELAY

*** WARNING L16: UNCALLED SEGMENT, IGNORED FOR OVERLAY PROCESS
    SEGMENT: ?PR?_ADC_CONFIG?ANGLE

*** WARNING L16: UNCALLED SEGMENT, IGNORED FOR OVERLAY PROCESS
    SEGMENT: ?PR?GETANGLE?ANGLE

*** WARNING L16: UNCALLED SEGMENT, IGNORED FOR OVERLAY PROCESS
    SEGMENT: ?PR?_LCD1602_WRITE_WORD?LCD1602

*** WARNING L16: UNCALLED SEGMENT, IGNORED FOR OVERLAY PROCESS
    SEGMENT: ?PR?LCD1602_INIT?LCD1602

*** WARNING L16: UNCALLED SEGMENT, IGNORED FOR OVERLAY PROCESS
    SEGMENT: ?PR?_HC595_INIT?74HC595

*** WARNING L16: UNCALLED SEGMENT, IGNORED FOR OVERLAY PROCESS
BL51 BANKED LINKER/LOCATER V6.00                                                      07/28/2017  09:58:56  PAGE 91


    SEGMENT: ?PR?_HC595SENDDATA?74HC595

*** WARNING L16: UNCALLED SEGMENT, IGNORED FOR OVERLAY PROCESS
    SEGMENT: ?PR?_LCD_CLR_ROW?LCD5510_V2

*** WARNING L16: UNCALLED SEGMENT, IGNORED FOR OVERLAY PROCESS
    SEGMENT: ?PR?_LCD_PRINTS?LCD5510_V2

*** WARNING L16: UNCALLED SEGMENT, IGNORED FOR OVERLAY PROCESS
    SEGMENT: ?PR?_LCD_PRINTSL?LCD5510_V2

*** WARNING L16: UNCALLED SEGMENT, IGNORED FOR OVERLAY PROCESS
    SEGMENT: ?PR?LCD5510_INIT?LCD5510_V2

*** WARNING L16: UNCALLED SEGMENT, IGNORED FOR OVERLAY PROCESS
    SEGMENT: ?PR?GETBUTTONNUM?TM1638

*** WARNING L16: UNCALLED SEGMENT, IGNORED FOR OVERLAY PROCESS
    SEGMENT: ?PR?INIT_TM1638?TM1638

*** WARNING L16: UNCALLED SEGMENT, IGNORED FOR OVERLAY PROCESS
    SEGMENT: ?PR?_TM1638LEDDISPLAY?TM1638

*** WARNING L16: UNCALLED SEGMENT, IGNORED FOR OVERLAY PROCESS
    SEGMENT: ?PR?CLOSETM1638DISPLAY?TM1638

*** WARNING L16: UNCALLED SEGMENT, IGNORED FOR OVERLAY PROCESS
    SEGMENT: ?PR?_GETPULSERSTATE?FIXEDPULSER

*** WARNING L16: UNCALLED SEGMENT, IGNORED FOR OVERLAY PROCESS
    SEGMENT: ?PR?_ADC_POWERCONTROL?ADC

*** WARNING L16: UNCALLED SEGMENT, IGNORED FOR OVERLAY PROCESS
    SEGMENT: ?PR?_SETPINSTATE?GPIO

*** WARNING L16: UNCALLED SEGMENT, IGNORED FOR OVERLAY PROCESS
    SEGMENT: ?PR?_PWMN_UPDATE?PCA

*** WARNING L16: UNCALLED SEGMENT, IGNORED FOR OVERLAY PROCESS
    SEGMENT: ?PR?_PCA_INIT?PCA

*** WARNING L16: UNCALLED SEGMENT, IGNORED FOR OVERLAY PROCESS
    SEGMENT: ?PR?_PWMOUTPUT?PCA

*** WARNING L16: UNCALLED SEGMENT, IGNORED FOR OVERLAY PROCESS
    SEGMENT: ?PR?_GET_PWM_PERIOD?STC15_PWM

*** WARNING L16: UNCALLED SEGMENT, IGNORED FOR OVERLAY PROCESS
    SEGMENT: ?PR?_GET_PWM_N_DUTY?STC15_PWM

*** WARNING L16: UNCALLED SEGMENT, IGNORED FOR OVERLAY PROCESS
    SEGMENT: ?PR?_GETPWM_DIV?STC15_PWM

*** WARNING L16: UNCALLED SEGMENT, IGNORED FOR OVERLAY PROCESS
    SEGMENT: ?PR?OPEN_PWM_ALL?STC15_PWM

*** WARNING L16: UNCALLED SEGMENT, IGNORED FOR OVERLAY PROCESS
BL51 BANKED LINKER/LOCATER V6.00                                                      07/28/2017  09:58:56  PAGE 92


    SEGMENT: ?PR?CLOSE_PWM_ALL?STC15_PWM

*** WARNING L16: UNCALLED SEGMENT, IGNORED FOR OVERLAY PROCESS
    SEGMENT: ?PR?_GET_PWM_N_STATE?STC15_PWM

*** WARNING L16: UNCALLED SEGMENT, IGNORED FOR OVERLAY PROCESS
    SEGMENT: ?PR?TIMERINIT?TIMER

*** WARNING L16: UNCALLED SEGMENT, IGNORED FOR OVERLAY PROCESS
    SEGMENT: ?PR?_SETTIMEOUT?TIMER

*** WARNING L16: UNCALLED SEGMENT, IGNORED FOR OVERLAY PROCESS
    SEGMENT: ?PR?_GETTIMEROUT?TIMER

*** WARNING L16: UNCALLED SEGMENT, IGNORED FOR OVERLAY PROCESS
    SEGMENT: ?PR?_SETTIMERHERTZ?TIMER

*** WARNING L16: UNCALLED SEGMENT, IGNORED FOR OVERLAY PROCESS
    SEGMENT: ?PR?_GETTIMERHERTZ?TIMER

*** WARNING L16: UNCALLED SEGMENT, IGNORED FOR OVERLAY PROCESS
    SEGMENT: ?PR?_STOPTIMER?TIMER

*** WARNING L16: UNCALLED SEGMENT, IGNORED FOR OVERLAY PROCESS
    SEGMENT: ?PR?_ISSTOPPED?TIMER

*** WARNING L16: UNCALLED SEGMENT, IGNORED FOR OVERLAY PROCESS
    SEGMENT: ?PR?_ONRESTARTTIMER?TIMER

*** WARNING L16: UNCALLED SEGMENT, IGNORED FOR OVERLAY PROCESS
    SEGMENT: ?PR?GETMICROS?TIMER

*** WARNING L16: UNCALLED SEGMENT, IGNORED FOR OVERLAY PROCESS
    SEGMENT: ?PR?GETMILLIS?TIMER

*** WARNING L16: UNCALLED SEGMENT, IGNORED FOR OVERLAY PROCESS
    SEGMENT: ?PR?GETSECONDS?TIMER

*** WARNING L16: UNCALLED SEGMENT, IGNORED FOR OVERLAY PROCESS
    SEGMENT: ?PR?GETMINUTES?TIMER

*** WARNING L16: UNCALLED SEGMENT, IGNORED FOR OVERLAY PROCESS
    SEGMENT: ?PR?GETHOURS?TIMER

*** WARNING L16: UNCALLED SEGMENT, IGNORED FOR OVERLAY PROCESS
    SEGMENT: ?PR?GETDAYS?TIMER

*** WARNING L16: UNCALLED SEGMENT, IGNORED FOR OVERLAY PROCESS
    SEGMENT: ?PR?_PRINTSTRING1?USART1

*** WARNING L16: UNCALLED SEGMENT, IGNORED FOR OVERLAY PROCESS
    SEGMENT: ?PR?_PRINTSTRING2?USART1

*** WARNING L16: UNCALLED SEGMENT, IGNORED FOR OVERLAY PROCESS
    SEGMENT: ?PR?_PRINTSTRING3?USART1

*** WARNING L16: UNCALLED SEGMENT, IGNORED FOR OVERLAY PROCESS
BL51 BANKED LINKER/LOCATER V6.00                                                      07/28/2017  09:58:56  PAGE 93


    SEGMENT: ?PR?_PRINTSTRING4?USART1

*** WARNING L16: UNCALLED SEGMENT, IGNORED FOR OVERLAY PROCESS
    SEGMENT: ?PR?_EEPROM_READ_N?STC15_EEPROM

*** WARNING L16: UNCALLED SEGMENT, IGNORED FOR OVERLAY PROCESS
    SEGMENT: ?PR?_EEPROM_SECTORERASE?STC15_EEPROM

*** WARNING L16: UNCALLED SEGMENT, IGNORED FOR OVERLAY PROCESS
    SEGMENT: ?PR?_EEPROM_WRITE_N?STC15_EEPROM

******************************************************************************
* RESTRICTED VERSION WITH FFFFH BYTE CODE SIZE LIMIT; USED: 3E42H BYTE (24%) *
******************************************************************************

Program Size: data=27.6 xdata=1434 code=17923
LINK/LOCATE RUN COMPLETE.  105 WARNING(S),  0 ERROR(S)
