BL51 BANKED LINKER/LOCATER V6.00                                                        07/10/2017  16:38:25  PAGE 1


BL51 BANKED LINKER/LOCATER V6.00, INVOKED BY:
C:\KEIL_V5\C51\BIN\BL51.EXE .\absTask.obj, .\task.obj, .\setup.obj, .\mode.obj, .\Conf_tny.obj, .\DataScope_DP.obj, .\st
>> orage.obj, .\BUTTON.obj, .\LED.obj, .\MOTOR.obj, .\SERVO.obj, .\STEP_MOTOR.obj, .\RELAY.obj, .\ANGLE.obj, .\MPU6050.o
>> bj, .\LCD1602.obj, .\fixedPulser.obj, .\ADC.obj, .\delay.obj, .\GPIO.obj, .\PCA.obj, .\stc15_pwm.obj, .\timer.obj, .\
>> USART1.obj, .\stc15_eeprom.obj, .\PID.obj TO 电子大赛程序框架 RTX51TINY RAMSIZE (256)


MEMORY MODEL: LARGE WITH FLOATING POINT ARITHMETIC


INPUT MODULES INCLUDED:
  .\absTask.obj (ABSTASK)
  .\task.obj (TASK)
  .\setup.obj (SETUP)
  .\mode.obj (MODE)
  .\Conf_tny.obj (?RTX51_TINY_KERNAL)
  .\DataScope_DP.obj (DATASCOPE_DP)
  .\storage.obj (STORAGE)
  .\BUTTON.obj (BUTTON)
  .\LED.obj (LED)
  .\MOTOR.obj (MOTOR)
  .\SERVO.obj (SERVO)
  .\STEP_MOTOR.obj (STEP_MOTOR)
  .\RELAY.obj (RELAY)
  .\ANGLE.obj (ANGLE)
  .\MPU6050.obj (MPU6050)
  .\LCD1602.obj (LCD1602)
  .\fixedPulser.obj (FIXEDPULSER)
  .\ADC.obj (ADC)
  .\delay.obj (DELAY)
  .\GPIO.obj (GPIO)
  .\PCA.obj (PCA)
  .\stc15_pwm.obj (STC15_PWM)
  .\timer.obj (TIMER)
  .\USART1.obj (USART1)
  .\stc15_eeprom.obj (STC15_EEPROM)
  .\PID.obj (PID)
  C:\KEIL_V5\C51\LIB\RTX51TNY.LIB (?RTX51_TINY_OS_CREATE)
  C:\KEIL_V5\C51\LIB\RTX51TNY.LIB (?RTX51_TINY_OS_DELETE)
  C:\KEIL_V5\C51\LIB\RTX51TNY.LIB (?RTX51_TINY_OS_WAIT)
  C:\KEIL_V5\C51\LIB\C51FPL.LIB (?C?FPADD)
  C:\KEIL_V5\C51\LIB\C51FPL.LIB (?C?FPMUL)
  C:\KEIL_V5\C51\LIB\C51FPL.LIB (?C?FPCMP)
  C:\KEIL_V5\C51\LIB\C51FPL.LIB (?C?FCAST)
  C:\KEIL_V5\C51\LIB\C51FPL.LIB (?C?CASTF)
  C:\KEIL_V5\C51\LIB\C51FPL.LIB (?C?FPGETOPN)
  C:\KEIL_V5\C51\LIB\C51L.LIB (?C_STARTUP)
  C:\KEIL_V5\C51\LIB\C51L.LIB (?C?CLDPTR)
  C:\KEIL_V5\C51\LIB\C51L.LIB (?C?CLDOPTR)
  C:\KEIL_V5\C51\LIB\C51L.LIB (?C?CSTPTR)
  C:\KEIL_V5\C51\LIB\C51L.LIB (?C?CSTOPTR)
  C:\KEIL_V5\C51\LIB\C51L.LIB (?C?IMUL)
  C:\KEIL_V5\C51\LIB\C51L.LIB (?C?UIDIV)
  C:\KEIL_V5\C51\LIB\C51L.LIB (?C?IILDX)
  C:\KEIL_V5\C51\LIB\C51L.LIB (?C?ILDIX)
  C:\KEIL_V5\C51\LIB\C51L.LIB (?C?ILDOPTR)
  C:\KEIL_V5\C51\LIB\C51L.LIB (?C?ULDIV)
  C:\KEIL_V5\C51\LIB\C51L.LIB (?C?SLDIV)
BL51 BANKED LINKER/LOCATER V6.00                                                      07/10/2017  16:38:25  PAGE 2


  C:\KEIL_V5\C51\LIB\C51L.LIB (?C?LNEG)
  C:\KEIL_V5\C51\LIB\C51L.LIB (?C?ULCMP)
  C:\KEIL_V5\C51\LIB\C51L.LIB (?C?ULSHR)
  C:\KEIL_V5\C51\LIB\C51L.LIB (?C?LLDOPTR0)
  C:\KEIL_V5\C51\LIB\C51L.LIB (?C?LSTXDATA)
  C:\KEIL_V5\C51\LIB\C51L.LIB (?C?LSTKXDATA)
  C:\KEIL_V5\C51\LIB\C51L.LIB (?C_INIT)
  C:\KEIL_V5\C51\LIB\C51L.LIB (?C?LLDIDATA0)
  C:\KEIL_V5\C51\LIB\C51L.LIB (?C?LLDXDATA0)
  C:\KEIL_V5\C51\LIB\C51L.LIB (?C?LLDPDATA0)
  C:\KEIL_V5\C51\LIB\C51L.LIB (?C?LLDCODE0)


TASK TABLE OF MODULE:  电子大赛程序框架 (ABSTASK)

TASKID   PRIORITY   REG-BANK   SEGMENT NAME
-------------------------------------------
0        0          0          ?PR?TASKSTART?ABSTASK
1        0          0          ?PR?TASK1?ABSTASK
2        0          0          ?PR?TASK2?ABSTASK
3        0          0          ?PR?TASK3?ABSTASK
5        0          0          ?PR?TASK5?ABSTASK
6        0          0          ?PR?TASK6?ABSTASK
7        0          0          ?PR?TASK7?ABSTASK
8        0          0          ?PR?TASK8?ABSTASK
9        0          0          ?PR?TASK9?ABSTASK



LINK MAP OF MODULE:  电子大赛程序框架 (ABSTASK)


            TYPE    BASE      LENGTH    RELOCATION   SEGMENT NAME
            -----------------------------------------------------

            * * * * * * *   D A T A   M E M O R Y   * * * * * * *
            REG     0000H     0008H     ABSOLUTE     "REG BANK 0"
            DATA    0008H     0006H     ABSOLUTE     
            IDATA   000EH     000AH     UNIT         ?RTX?TASKSP?S
                    0018H     0008H                  *** GAP ***
            BIT     0020H.0   0000H.4   UNIT         ?BI?BUTTON
            BIT     0020H.4   0000H.3   UNIT         ?BI?PCA
            BIT     0020H.7   0000H.2   UNIT         _BIT_GROUP_
            BIT     0021H.1   0000H.1   UNIT         ?RTX?BITS
            BIT     0021H.2   0000H.1   UNIT         ?BI?LED
            BIT     0021H.3   0000H.1   UNIT         ?BI?_SETPINSTATE?GPIO
                    0021H.4   0000H.4                *** GAP ***
            IDATA   0022H     0014H     UNIT         ?RTX?TASKSTATE?S
            IDATA   0036H     0001H     UNIT         ?STACK

            * * * * * * *  X D A T A   M E M O R Y  * * * * * * *
            XDATA   0000H     028CH     UNIT         ?XD?USART1
            XDATA   028CH     021EH     UNIT         _XDATA_GROUP_
            XDATA   04AAH     0072H     UNIT         ?XD?PID
            XDATA   051CH     0036H     UNIT         ?XD?STC15_PWM
            XDATA   0552H     002AH     UNIT         ?XD?DATASCOPE_DP
            XDATA   057CH     0016H     UNIT         ?XD?TIMER
BL51 BANKED LINKER/LOCATER V6.00                                                      07/10/2017  16:38:25  PAGE 3


            XDATA   0592H     0015H     UNIT         ?XD?PCA
            XDATA   05A7H     0012H     UNIT         ?XD?DC_MOTOR_CONFIG?MOTOR
            XDATA   05B9H     0010H     UNIT         ?XD?PULSERINIT?FIXEDPULSER
            XDATA   05C9H     000DH     UNIT         ?XD?_PID_CONFIG?PID
            XDATA   05D6H     000CH     UNIT         ?XD?STEP_MOTOR
            XDATA   05E2H     000CH     UNIT         ?XD?FIXEDPULSER
            XDATA   05EEH     0008H     UNIT         ?XD?ANGLE
            XDATA   05F6H     0007H     UNIT         ?XD?_PWM_SET_T12_PERIOD?STC15_PWM
            XDATA   05FDH     0007H     UNIT         ?XD?_EEPROM_READ_N?STC15_EEPROM
            XDATA   0604H     0007H     UNIT         ?XD?_EEPROM_WRITE_N?STC15_EEPROM
            XDATA   060BH     0005H     UNIT         ?XD?_SETDC_MOTORSPEED?MOTOR
            XDATA   0610H     0005H     UNIT         ?XD?_SETPULSE?FIXEDPULSER
            XDATA   0615H     0005H     UNIT         ?XD?_SET_PWM_DUTY?STC15_PWM
            XDATA   061AH     0005H     UNIT         ?XD?_SETPARAMETERINFERIORLIMIT?PID
            XDATA   061FH     0005H     UNIT         ?XD?_SETPARAMETERUPPERLIMIT?PID
            XDATA   0624H     0005H     UNIT         ?XD?_SETACTUALPARAMETER?PID
            XDATA   0629H     0005H     UNIT         ?XD?_SETKI?PID
            XDATA   062EH     0005H     UNIT         ?XD?_SETKP?PID
            XDATA   0633H     0005H     UNIT         ?XD?_SETKD?PID
            XDATA   0638H     0005H     UNIT         ?XD?_SETPARAMETER?PID
            XDATA   063DH     0004H     UNIT         ?XD?ABSTASK
            XDATA   0641H     0004H     UNIT         ?XD?MOTOR
            XDATA   0645H     0004H     UNIT         ?XD?_SETSTEPMOTORWITHROUND?STEP_MOTOR
            XDATA   0649H     0003H     UNIT         ?XD?_LCD1602_WRITE_WORD?LCD1602
            XDATA   064CH     0003H     UNIT         ?XD?_PCA_INIT?PCA
            XDATA   064FH     0003H     UNIT         ?XD?_PWMOUTPUT?PCA
            XDATA   0652H     0002H     UNIT         ?XD?_PWM_INILIZE?STC15_PWM
            XDATA   0654H     0001H     UNIT         ?XD?_BOARD_LED_PWM?LED
            XDATA   0655H     0001H     UNIT         ?XD?_CLOSE_STEPMOTOR?STEP_MOTOR
            XDATA   0656H     0001H     UNIT         ?XD?_OPEN_STEPMOTOR?STEP_MOTOR
            XDATA   0657H     0001H     UNIT         ?XD?_LCD1602_WRITE_COM?LCD1602
            XDATA   0658H     0001H     UNIT         ?XD?_LCD1602_WRITE_DATA?LCD1602
            XDATA   0659H     0001H     UNIT         ?XD?_PID?PID

            * * * * * * *   C O D E   M E M O R Y   * * * * * * *
            CODE    0000H     0003H     ABSOLUTE     
                    0003H     0008H                  *** GAP ***
            CODE    000BH     0003H     ABSOLUTE     
                    000EH     000DH                  *** GAP ***
            CODE    001BH     0003H     ABSOLUTE     
                    001EH     0005H                  *** GAP ***
            CODE    0023H     0003H     ABSOLUTE     
                    0026H     0005H                  *** GAP ***
            CODE    002BH     0003H     ABSOLUTE     
                    002EH     000DH                  *** GAP ***
            CODE    003BH     0003H     ABSOLUTE     
                    003EH     0005H                  *** GAP ***
            CODE    0043H     0003H     ABSOLUTE     
                    0046H     0045H                  *** GAP ***
            CODE    008BH     0003H     ABSOLUTE     
                    008EH     0005H                  *** GAP ***
            CODE    0093H     0003H     ABSOLUTE     
                    0096H     0005H                  *** GAP ***
            CODE    009BH     0003H     ABSOLUTE     
                    009EH     0005H                  *** GAP ***
            CODE    00A3H     0003H     ABSOLUTE     
                    00A6H     000DH                  *** GAP ***
BL51 BANKED LINKER/LOCATER V6.00                                                      07/10/2017  16:38:25  PAGE 4


            CODE    00B3H     0003H     ABSOLUTE     
                    00B6H     074AH                  *** GAP ***
            CODE    0800H     06E0H     UNIT         ?PR?_USART_CONFIGURATION?USART1
            CODE    0EE0H     0612H     UNIT         ?C?LIB_CODE
            CODE    14F2H     0386H     UNIT         ?PR?_PWM_INILIZE?STC15_PWM
            CODE    1878H     02E3H     UNIT         ?RTX?CODE
            CODE    1B5BH     0233H     UNIT         ?PR?_TIMER_INILIZE?TIMER
            CODE    1D8EH     01DAH     UNIT         ?PR?_PID?PID
            CODE    1F68H     01C4H     UNIT         ?PR?_GPIO_INILIZE?GPIO
            CODE    212CH     019FH     UNIT         ?PR?_PCA_INIT?PCA
            CODE    22CBH     015BH     UNIT         ?PR?_PID_CONFIG?PID
            CODE    2426H     013DH     UNIT         ?PR?_PWMOUTPUT?PCA
            CODE    2563H     0137H     UNIT         ?PR?_PWM_SET_T12_PERIOD?STC15_PWM
            CODE    269AH     0136H     UNIT         ?PR?_FILTER?ANGLE
            CODE    27D0H     0134H     UNIT         ?PR?_DATASCOPE_GET_CHANNEL_DATA?DATASCOPE_DP
            CODE    2904H     00BCH     UNIT         ?PR?_SET_PWM_DUTY?STC15_PWM
            CODE    29C0H     00B1H     UNIT         ?CO?TIMER
            CODE    2A71H     00AEH     UNIT         ?PR?_PWMN_UPDATE?PCA
            CODE    2B1FH     00AAH     UNIT         ?PR?_FLOAT2BYTE?DATASCOPE_DP
            CODE    2BC9H     00A9H     UNIT         ?PR?TIMERINIT?TIMER
            CODE    2C72H     00A5H     UNIT         ?PR?_DATASCOPE_DATA_GENERATE?DATASCOPE_DP
            CODE    2D17H     00A3H     UNIT         ?PR?PCA_HANDLER?PCA
            CODE    2DBAH     0092H     UNIT         ?PR?_SETDC_MOTORSPEED?MOTOR
            CODE    2E4CH     008CH     UNIT         ?C_C51STARTUP
            CODE    2ED8H     008AH     UNIT         ?PR?TIMER4_INT?TIMER
            CODE    2F62H     0085H     UNIT         ?PR?UART2_INT?USART1
            CODE    2FE7H     0085H     UNIT         ?PR?UART3_INT?USART1
            CODE    306CH     0085H     UNIT         ?PR?UART4_INT?USART1
            CODE    30F1H     0082H     UNIT         ?C_INITSEG
            CODE    3173H     007FH     UNIT         ?PR?UART1_INT?USART1
            CODE    31F2H     007AH     UNIT         ?PR?GETANGLE?ANGLE
            CODE    326CH     006BH     UNIT         ?PR?DC_MOTOR_CONFIG?MOTOR
            CODE    32D7H     0064H     UNIT         ?PR?PULSERINIT?FIXEDPULSER
            CODE    333BH     005EH     UNIT         ?PR?_GET_ADC10BITRESULT?ADC
            CODE    3399H     0057H     UNIT         ?PR?BUTTONSCAN?BUTTON
            CODE    33F0H     0056H     UNIT         ?PR?_SETPULSE?FIXEDPULSER
            CODE    3446H     0053H     UNIT         ?PR?PWM_ROUTINE?FIXEDPULSER
            CODE    3499H     0053H     UNIT         ?PR?_ADC_INILIZE?ADC
            CODE    34ECH     0048H     UNIT         ?PR?TIMER3_INT?TIMER
            CODE    3534H     0047H     UNIT         ?PR?TIMER1_ISR?TIMER
            CODE    357BH     0044H     UNIT         ?C?LDIV
            CODE    35BFH     003FH     UNIT         ?PR?_EEPROM_READ_N?STC15_EEPROM
            CODE    35FEH     003FH     UNIT         ?PR?_EEPROM_WRITE_N?STC15_EEPROM
            CODE    363DH     0039H     UNIT         ?PR?_SENDSCOPEDATA?DATASCOPE_DP
            CODE    3676H     0031H     UNIT         ?PR?_SETSTEPMOTORWITHROUND?STEP_MOTOR
            CODE    36A7H     002FH     UNIT         ?PR?_LCD1602_WRITE_WORD?LCD1602
            CODE    36D6H     002CH     UNIT         ?PR?_UART1_INIT?SETUP
            CODE    3702H     002AH     UNIT         ?PR?_OPENPULSER?FIXEDPULSER
            CODE    372CH     002AH     UNIT         ?PR?_CLOSEPULSER?FIXEDPULSER
            CODE    3756H     0028H     UNIT         ?PR?BOARD_LED_INIT?LED
            CODE    377EH     0028H     UNIT         ?PR?_TX2_WRITE2BUFF?USART1
            CODE    37A6H     0028H     UNIT         ?PR?_TX3_WRITE2BUFF?USART1
            CODE    37CEH     0028H     UNIT         ?PR?_TX4_WRITE2BUFF?USART1
            CODE    37F6H     0027H     UNIT         ?PR?_OPEN_DC_MOTOR?MOTOR
            CODE    381DH     0027H     UNIT         ?PR?_CLOSE_DC_MOTOR?MOTOR
            CODE    3844H     0027H     UNIT         ?PR?_TX1_WRITE2BUFF?USART1
            CODE    386BH     0026H     UNIT         ?PR?TASKSTART?ABSTASK
BL51 BANKED LINKER/LOCATER V6.00                                                      07/10/2017  16:38:25  PAGE 5


            CODE    3891H     0025H     UNIT         ?PR?TASK8?ABSTASK
            CODE    38B6H     0025H     UNIT         ?PR?_SET_PWM_PERIOD?STC15_PWM
            CODE    38DBH     0025H     UNIT         ?PR?_OPEN_PWM_N?STC15_PWM
            CODE    3900H     0025H     UNIT         ?PR?_CLOSE_PWM_N?STC15_PWM
            CODE    3925H     0025H     UNIT         ?PR?_PWM_SET_PERIOD?STC15_PWM
            CODE    394AH     0025H     UNIT         ?PR?_SETTIMEOUT?TIMER
            CODE    396FH     0022H     UNIT         ?PR?_BLINK?LED
            CODE    3991H     0021H     UNIT         ?PR?_SETPARAMETERINFERIORLIMIT?PID
            CODE    39B2H     0021H     UNIT         ?PR?_SETPARAMETERUPPERLIMIT?PID
            CODE    39D3H     0021H     UNIT         ?PR?_SETACTUALPARAMETER?PID
            CODE    39F4H     0021H     UNIT         ?PR?_SETKI?PID
            CODE    3A15H     0021H     UNIT         ?PR?_SETKP?PID
            CODE    3A36H     0021H     UNIT         ?PR?_SETKD?PID
            CODE    3A57H     0021H     UNIT         ?PR?_SETPARAMETER?PID
            CODE    3A78H     0020H     UNIT         ?PR?_RESTARTTIMER?TIMER
            CODE    3A98H     0020H     UNIT         ?PR?_EEPROM_SECTORERASE?STC15_EEPROM
            CODE    3AB8H     001FH     UNIT         ?PR?BUTTON_CONFIG?BUTTON
            CODE    3AD7H     001FH     UNIT         ?PR?_ISEXPIREDTIMER?TIMER
            CODE    3AF6H     001FH     UNIT         ?PR?_ISSTOPPED?TIMER
            CODE    3B15H     001EH     UNIT         ?PR?SETUP?SETUP
            CODE    3B33H     001EH     UNIT         ?PR?LCD1602_GPIO_CONFIG?LCD1602
            CODE    3B51H     001DH     UNIT         ?PR?_GETBUTTONSTATE?BUTTON
            CODE    3B6EH     001DH     UNIT         ?PR?_OPEN_STEPMOTOR?STEP_MOTOR
            CODE    3B8BH     001DH     UNIT         ?PR?INIT_LCD1602?LCD1602
            CODE    3BA8H     001DH     UNIT         ?PR?_ISACTIVETIMER?TIMER
            CODE    3BC5H     001CH     UNIT         ?PR?_CLOSE_STEPMOTOR?STEP_MOTOR
            CODE    3BE1H     001CH     UNIT         ?PR?_ADC_CONFIG?ANGLE
            CODE    3BFDH     001CH     UNIT         ?PR?_LCD1602_WRITE_COM?LCD1602
            CODE    3C19H     001CH     UNIT         ?PR?_LCD1602_WRITE_DATA?LCD1602
            CODE    3C35H     001CH     UNIT         ?PR?_SETTIMERHERTZ?TIMER
            CODE    3C51H     001BH     UNIT         ?PR?TASK7?ABSTASK
            CODE    3C6CH     001AH     UNIT         ?PR?TASK9?ABSTASK
            CODE    3C86H     001AH     UNIT         ?PR?_GET_PWM_PERIOD?STC15_PWM
            CODE    3CA0H     001AH     UNIT         ?PR?_GET_PWM_N_DUTY?STC15_PWM
            CODE    3CBAH     001AH     UNIT         ?PR?_GETTIMEROUT?TIMER
            CODE    3CD4H     001AH     UNIT         ?PR?_GETTIMERHERTZ?TIMER
            CODE    3CEEH     001AH     UNIT         ?PR?_GETPARAMETER?PID
            CODE    3D08H     001AH     UNIT         ?PR?_GETERR?PID
            CODE    3D22H     001AH     UNIT         ?PR?_GETERRLAST?PID
            CODE    3D3CH     001AH     UNIT         ?PR?_GETKP?PID
            CODE    3D56H     001AH     UNIT         ?PR?_GETKI?PID
            CODE    3D70H     001AH     UNIT         ?PR?_GETKD?PID
            CODE    3D8AH     001AH     UNIT         ?PR?_GETOUTPUT?PID
            CODE    3DA4H     001AH     UNIT         ?PR?_GETINTEGRAL?PID
            CODE    3DBEH     0019H     UNIT         ?PR?TASK5?ABSTASK
            CODE    3DD7H     0019H     UNIT         ?PR?_STOPTIMER?TIMER
            CODE    3DF0H     0017H     UNIT         ?PR?_PRINTSTRING1?USART1
            CODE    3E07H     0014H     UNIT         ?RTX?TASKENT?S
            CODE    3E1BH     0013H     UNIT         ?PR?TASK6?ABSTASK
            CODE    3E2EH     0013H     UNIT         ?PR?_PRINTSTRING2?USART1
            CODE    3E41H     0013H     UNIT         ?PR?_PRINTSTRING3?USART1
            CODE    3E54H     0013H     UNIT         ?PR?_PRINTSTRING4?USART1
            CODE    3E67H     0012H     UNIT         ?PR?_GETSTEPMOTORSTATE?STEP_MOTOR
            CODE    3E79H     0012H     UNIT         ?PR?_GETPULSERSTATE?FIXEDPULSER
            CODE    3E8BH     0012H     UNIT         ?PR?_GET_PWM_N_STATE?STC15_PWM
            CODE    3E9DH     0012H     UNIT         ?PR?_OPENPID?PID
            CODE    3EAFH     0011H     UNIT         ?PR?_SETSTEPMOTORWITHANGLE?STEP_MOTOR
BL51 BANKED LINKER/LOCATER V6.00                                                      07/10/2017  16:38:25  PAGE 6


            CODE    3EC0H     0011H     UNIT         ?PR?_CLOSEPID?PID
            CODE    3ED1H     0010H     UNIT         ?PR?_GETDC_MOTORSTATE?MOTOR
            CODE    3EE1H     0010H     UNIT         ?PR?_DELAY_MS?DELAY
            CODE    3EF1H     000EH     UNIT         ?PR?_ONRESTARTTIMER?TIMER
            CODE    3EFFH     000EH     UNIT         ?PR?DISABLEEEPROM?STC15_EEPROM
            CODE    3F0DH     000CH     UNIT         ?PR?_ADC_POWERCONTROL?ADC
            CODE    3F19H     000AH     UNIT         ?PR?_DIGITALREAD?BUTTON
            CODE    3F23H     000AH     UNIT         ?PR?OPEN_PWM_ALL?STC15_PWM
            CODE    3F2DH     000AH     UNIT         ?PR?CLOSE_PWM_ALL?STC15_PWM
            CODE    3F37H     0009H     UNIT         ?PR?GETMICROS?TIMER
            CODE    3F40H     0009H     UNIT         ?PR?GETMILLIS?TIMER
            CODE    3F49H     0006H     UNIT         ?PR?_BOARD_LED_PWM?LED
            CODE    3F4FH     0006H     UNIT         ?PR?GETSECONDS?TIMER
            CODE    3F55H     0006H     UNIT         ?PR?GETMINUTES?TIMER
            CODE    3F5BH     0006H     UNIT         ?PR?GETHOURS?TIMER
            CODE    3F61H     0006H     UNIT         ?PR?GETDAYS?TIMER
            CODE    3F67H     0005H     UNIT         ?PR?OPEN_BOARD_LED?LED
            CODE    3F6CH     0005H     UNIT         ?PR?CLOSE_BOARD_LED?LED
            CODE    3F71H     0004H     UNIT         ?PR?ADC_INT?ADC
            CODE    3F75H     0003H     UNIT         ?PR?GETBOARD_LED_STATE?LED
            CODE    3F78H     0003H     UNIT         ?PR?_SETPINSTATE?GPIO
            CODE    3F7BH     0002H     UNIT         ?PR?TASK1?ABSTASK
            CODE    3F7DH     0002H     UNIT         ?PR?TASK3?ABSTASK
            CODE    3F7FH     0001H     UNIT         ?PR?TASK2?ABSTASK
            CODE    3F80H     0001H     UNIT         ?PR?MODE1?MODE
            CODE    3F81H     0001H     UNIT         ?PR?MODE2?MODE
            CODE    3F82H     0001H     UNIT         ?PR?MODE3?MODE
            CODE    3F83H     0001H     UNIT         ?PR?MODE4?MODE
            CODE    3F84H     0001H     UNIT         ?PR?MODELAUNCHER?MODE



OVERLAY MAP OF MODULE:   电子大赛程序框架 (ABSTASK)


SEGMENT                                             BIT_GROUP          XDATA_GROUP
  +--> CALLED SEGMENT                            START    LENGTH     START    LENGTH
------------------------------------------------------------------------------------
?PR?TASKSTART?ABSTASK                            -----    -----      -----    -----
  +--> ?PR?SETUP?SETUP
  +--> ?PR?_BLINK?LED

?PR?SETUP?SETUP                                  -----    -----      -----    -----
  +--> ?PR?_UART1_INIT?SETUP
  +--> ?PR?TIMERINIT?TIMER
  +--> ?PR?BOARD_LED_INIT?LED
  +--> ?PR?BUTTON_CONFIG?BUTTON
  +--> ?PR?_ADC_CONFIG?ANGLE

?PR?_UART1_INIT?SETUP                            -----    -----      028CH    000DH
  +--> ?PR?_USART_CONFIGURATION?USART1

?PR?_USART_CONFIGURATION?USART1                  -----    -----      0299H    0009H

?PR?TIMERINIT?TIMER                              -----    -----      028CH    0011H
  +--> ?PR?_TIMER_INILIZE?TIMER
  +--> ?CO?TIMER
BL51 BANKED LINKER/LOCATER V6.00                                                      07/10/2017  16:38:25  PAGE 7


  +--> ?PR?_PRINTSTRING1?USART1

?PR?_PRINTSTRING1?USART1                         -----    -----      -----    -----
  +--> ?PR?_TX1_WRITE2BUFF?USART1

?PR?BOARD_LED_INIT?LED                           -----    -----      028CH    0002H
  +--> ?PR?_GPIO_INILIZE?GPIO
  +--> ?PR?OPEN_BOARD_LED?LED
  +--> ?PR?_DELAY_MS?DELAY
  +--> ?PR?CLOSE_BOARD_LED?LED

?PR?BUTTON_CONFIG?BUTTON                         -----    -----      028CH    0002H
  +--> ?PR?_GPIO_INILIZE?GPIO

?PR?_ADC_CONFIG?ANGLE                            -----    -----      028CH    0006H
  +--> ?PR?_ADC_INILIZE?ADC

?PR?_BLINK?LED                                   -----    -----      028CH    0001H
  +--> ?PR?OPEN_BOARD_LED?LED
  +--> ?PR?_DELAY_MS?DELAY
  +--> ?PR?CLOSE_BOARD_LED?LED

*** NEW ROOT ***************************************************

?PR?TASK2?ABSTASK                                -----    -----      02A2H    0028H

*** NEW ROOT ***************************************************

?PR?TASK3?ABSTASK                                -----    -----      02CAH    0064H

*** NEW ROOT ***************************************************

?PR?TASK5?ABSTASK                                -----    -----      032EH    0004H
  +--> ?PR?BUTTONSCAN?BUTTON

?PR?BUTTONSCAN?BUTTON                            -----    -----      -----    -----
  +--> ?PR?_DIGITALREAD?BUTTON

*** NEW ROOT ***************************************************

?PR?TASK6?ABSTASK                                -----    -----      0332H    012EH

*** NEW ROOT ***************************************************

?PR?TASK7?ABSTASK                                -----    -----      -----    -----
  +--> ?PR?_GETBUTTONSTATE?BUTTON
  +--> ?PR?OPEN_BOARD_LED?LED
  +--> ?PR?CLOSE_BOARD_LED?LED

*** NEW ROOT ***************************************************

?PR?TASK8?ABSTASK                                -----    -----      -----    -----
  +--> ?PR?GETANGLE?ANGLE
  +--> ?PR?OPEN_BOARD_LED?LED
  +--> ?PR?CLOSE_BOARD_LED?LED

?PR?GETANGLE?ANGLE                               0021H.0  0000H.1    0485H    0015H
BL51 BANKED LINKER/LOCATER V6.00                                                      07/10/2017  16:38:25  PAGE 8


  +--> ?PR?_GET_ADC10BITRESULT?ADC
  +--> ?PR?_FILTER?ANGLE

?PR?_FILTER?ANGLE                                -----    -----      049AH    0010H

*** NEW ROOT ***************************************************

?PR?TASK9?ABSTASK                                -----    -----      -----    -----
  +--> ?PR?GETANGLE?ANGLE
  +--> ?PR?_SENDSCOPEDATA?DATASCOPE_DP

?PR?_SENDSCOPEDATA?DATASCOPE_DP                  -----    -----      0485H    0006H
  +--> ?PR?_DATASCOPE_GET_CHANNEL_DATA?DATAS...
  +--> ?PR?_DATASCOPE_DATA_GENERATE?DATASCOP...
  +--> ?PR?_TX1_WRITE2BUFF?USART1

?PR?_DATASCOPE_GET_CHANNEL_DATA?DATAS...         -----    -----      048BH    0005H
  +--> ?PR?_FLOAT2BYTE?DATASCOPE_DP

?PR?_FLOAT2BYTE?DATASCOPE_DP                     -----    -----      0490H    000AH

*** NEW ROOT ***************************************************

?C_C51STARTUP                                    -----    -----      -----    -----
  +--> ?C_INITSEG



SYMBOL TABLE OF MODULE:  电子大赛程序框架 (ABSTASK)

  VALUE           TYPE          NAME
  ----------------------------------

  -------         MODULE        ABSTASK
  C:0000H         SYMBOL        _ICE_DUMMY_
  D:0080H         PUBLIC        P0
  D:0090H         PUBLIC        P1
  D:00A0H         PUBLIC        P2
  D:00B0H         PUBLIC        P3
  D:00C0H         PUBLIC        P4
  D:00C8H         PUBLIC        P5
  D:00E8H         PUBLIC        P6
  D:00F8H         PUBLIC        P7
  D:00A8H         PUBLIC        IE
  D:00B8H         PUBLIC        IP
  D:00D8H         PUBLIC        CCON
  D:0098H         PUBLIC        SCON
  D:0088H         PUBLIC        TCON
  D:00F0H         PUBLIC        B
  C:386BH         PUBLIC        taskStart
  D:00E0H         PUBLIC        ACC
  C:3F7BH         PUBLIC        task1
  C:3F7FH         PUBLIC        task2
  C:3F7DH         PUBLIC        task3
  C:3DBEH         PUBLIC        task5
  C:3E1BH         PUBLIC        task6
  C:3C51H         PUBLIC        task7
BL51 BANKED LINKER/LOCATER V6.00                                                      07/10/2017  16:38:25  PAGE 9


  C:3891H         PUBLIC        task8
  C:3C6CH         PUBLIC        task9
  D:00D0H         PUBLIC        PSW
  -------         PROC          TASKSTART
  C:386BH         LINE#         11
  C:386BH         LINE#         13
  C:386EH         LINE#         14
  C:3873H         LINE#         18
  C:3878H         LINE#         19
  C:387DH         LINE#         21
  C:3882H         LINE#         22
  C:3887H         LINE#         23
  C:388CH         LINE#         24
  -------         ENDPROC       TASKSTART
  -------         PROC          TASK1
  C:3F7BH         LINE#         26
  C:3F7BH         LINE#         29
  C:3F7BH         LINE#         30
  C:3F7BH         LINE#         33
  -------         ENDPROC       TASK1
  -------         PROC          TASK2
  -------         DO            
  X:063DH         SYMBOL        count
  X:02A2H         SYMBOL        test
  -------         ENDDO         
  C:3F7FH         LINE#         35
  C:3F7FH         LINE#         43
  -------         ENDPROC       TASK2
  -------         PROC          TASK3
  -------         DO            
  X:02CAH         SYMBOL        string
  X:063FH         SYMBOL        count
  -------         ENDDO         
  C:3F7DH         LINE#         44
  C:3F7DH         LINE#         48
  C:3F7DH         LINE#         49
  C:3F7DH         LINE#         53
  -------         ENDPROC       TASK3
  -------         PROC          TASK5
  -------         DO            
  X:032EH         SYMBOL        count
  -------         ENDDO         
  C:3DBEH         LINE#         56
  C:3DBEH         LINE#         58
  C:3DC8H         LINE#         59
  C:3DC8H         LINE#         60
  C:3DC8H         LINE#         62
  C:3DCBH         LINE#         63
  C:3DD5H         LINE#         64
  -------         ENDPROC       TASK5
  -------         PROC          TASK6
  -------         DO            
  X:0332H         SYMBOL        string
  X:045EH         SYMBOL        count
  -------         ENDDO         
  C:3E1BH         LINE#         67
  C:3E1BH         LINE#         70
BL51 BANKED LINKER/LOCATER V6.00                                                      07/10/2017  16:38:25  PAGE 10


  C:3E22H         LINE#         71
  C:3E22H         LINE#         72
  C:3E22H         LINE#         73
  C:3E2CH         LINE#         74
  -------         ENDPROC       TASK6
  -------         PROC          TASK7
  C:3C51H         LINE#         76
  C:3C51H         LINE#         78
  C:3C51H         LINE#         79
  C:3C51H         LINE#         80
  C:3C58H         LINE#         81
  C:3C58H         LINE#         82
  C:3C5BH         LINE#         83
  C:3C5DH         LINE#         85
  C:3C5DH         LINE#         86
  C:3C60H         LINE#         87
  C:3C60H         LINE#         88
  C:3C6AH         LINE#         89
  -------         ENDPROC       TASK7
  -------         PROC          TASK8
  C:3891H         LINE#         91
  C:3891H         LINE#         93
  C:3891H         LINE#         94
  C:3891H         LINE#         95
  C:38A2H         LINE#         96
  C:38A2H         LINE#         97
  C:38A5H         LINE#         98
  C:38A7H         LINE#         100
  C:38A7H         LINE#         101
  C:38AAH         LINE#         102
  C:38AAH         LINE#         103
  C:38B4H         LINE#         104
  -------         ENDPROC       TASK8
  -------         PROC          TASK9
  C:3C6CH         LINE#         106
  C:3C6CH         LINE#         108
  C:3C6CH         LINE#         109
  C:3C6CH         LINE#         110
  C:3C7AH         LINE#         111
  C:3C84H         LINE#         113
  -------         ENDPROC       TASK9
  -------         ENDMOD        ABSTASK

  -------         MODULE        TASK
  C:0000H         SYMBOL        _ICE_DUMMY_
  D:0080H         PUBLIC        P0
  D:0090H         PUBLIC        P1
  D:00A0H         PUBLIC        P2
  D:00B0H         PUBLIC        P3
  D:00C0H         PUBLIC        P4
  D:00C8H         PUBLIC        P5
  D:00E8H         PUBLIC        P6
  D:00F8H         PUBLIC        P7
  D:00A8H         PUBLIC        IE
  D:00B8H         PUBLIC        IP
  D:00D8H         PUBLIC        CCON
  D:0098H         PUBLIC        SCON
BL51 BANKED LINKER/LOCATER V6.00                                                      07/10/2017  16:38:25  PAGE 11


  D:0088H         PUBLIC        TCON
  D:00F0H         PUBLIC        B
  D:00E0H         PUBLIC        ACC
  D:00D0H         PUBLIC        PSW
  -------         ENDMOD        TASK

  -------         MODULE        SETUP
  C:0000H         SYMBOL        _ICE_DUMMY_
  D:0080H         PUBLIC        P0
  D:0090H         PUBLIC        P1
  D:00A0H         PUBLIC        P2
  D:00B0H         PUBLIC        P3
  D:00C0H         PUBLIC        P4
  D:00C8H         PUBLIC        P5
  B:00A8H.7       PUBLIC        EA
  D:00E8H         PUBLIC        P6
  C:36D6H         PUBLIC        _UART1_init
  D:00F8H         PUBLIC        P7
  D:00A8H         PUBLIC        IE
  D:00B8H         PUBLIC        IP
  D:00D8H         PUBLIC        CCON
  D:0098H         PUBLIC        SCON
  C:3B15H         PUBLIC        setup
  D:0088H         PUBLIC        TCON
  D:00F0H         PUBLIC        B
  D:00E0H         PUBLIC        ACC
  D:00D0H         PUBLIC        PSW
  -------         PROC          _UART1_INIT
  D:0004H         SYMBOL        BandRate
  -------         DO            
  X:028CH         SYMBOL        COMx_InitStructure
  -------         ENDDO         
  C:36D6H         LINE#         19
  C:36D6H         LINE#         20
  C:36D6H         LINE#         22
  C:36DCH         LINE#         23
  C:36E0H         LINE#         24
  C:36E4H         LINE#         25
  C:36EAH         LINE#         26
  C:36EDH         LINE#         27
  C:36F0H         LINE#         28
  C:36F2H         LINE#         29
  C:36F5H         LINE#         30
  C:36F7H         LINE#         31
  -------         ENDPROC       _UART1_INIT
  -------         PROC          SETUP
  C:3B15H         LINE#         34
  C:3B15H         LINE#         35
  C:3B15H         LINE#         36
  C:3B20H         LINE#         37
  C:3B23H         LINE#         38
  C:3B26H         LINE#         39
  C:3B29H         LINE#         40
  C:3B30H         LINE#         41
  C:3B32H         LINE#         43
  -------         ENDPROC       SETUP
  -------         ENDMOD        SETUP
BL51 BANKED LINKER/LOCATER V6.00                                                      07/10/2017  16:38:25  PAGE 12



  -------         MODULE        MODE
  C:0000H         SYMBOL        _ICE_DUMMY_
  C:3F80H         PUBLIC        mode1
  C:3F81H         PUBLIC        mode2
  C:3F82H         PUBLIC        mode3
  C:3F83H         PUBLIC        mode4
  C:3F84H         PUBLIC        modeLauncher
  -------         PROC          MODE1
  C:3F80H         LINE#         2
  C:3F80H         LINE#         3
  C:3F80H         LINE#         5
  -------         ENDPROC       MODE1
  -------         PROC          MODE2
  C:3F81H         LINE#         7
  C:3F81H         LINE#         8
  C:3F81H         LINE#         10
  -------         ENDPROC       MODE2
  -------         PROC          MODE3
  C:3F82H         LINE#         13
  C:3F82H         LINE#         14
  C:3F82H         LINE#         16
  -------         ENDPROC       MODE3
  -------         PROC          MODE4
  C:3F83H         LINE#         18
  C:3F83H         LINE#         19
  C:3F83H         LINE#         21
  -------         ENDPROC       MODE4
  -------         PROC          MODELAUNCHER
  C:3F84H         LINE#         22
  C:3F84H         LINE#         23
  C:3F84H         LINE#         25
  -------         ENDPROC       MODELAUNCHER
  -------         ENDMOD        MODE

  -------         MODULE        ?RTX51_TINY_KERNAL
  C:3E07H         SEGMENT       ?RTX?TASKENT?S
  I:000EH         SEGMENT       ?RTX?TASKSP?S
  I:0022H         SEGMENT       ?RTX?TASKSTATE?S
  B:0021H.1       SEGMENT       ?RTX?BITS
  C:1878H         SEGMENT       ?RTX?CODE
  C:18C7H         PUBLIC        ?RTX?SET_ISR
  D:000CH         PUBLIC        ?RTX_CURRENTTASK
  D:0007H         PUBLIC        ?RTX_NEXTID
  C:190AH         PUBLIC        ?RTX_NEXTTASK
  N:00FFH         PUBLIC        ?RTX_RAMTOP
  C:3E07H         PUBLIC        ?RTX_TASKENTRY
  C:19E9H         PUBLIC        ?RTX_TASKIDX
  I:000EH         PUBLIC        ?RTX_TASKSP
  I:0022H         PUBLIC        ?RTX_TASKSTATUS
  C:19ADH         PUBLIC        MAIN
  C:18F3H         PUBLIC        OS_SWITCH_TASK
  C:18FCH         SYMBOL        ?C0001
  C:1906H         SYMBOL        ?C0003
  C:190BH         SYMBOL        ?C0005
  C:1925H         SYMBOL        ?C0007
  C:1927H         SYMBOL        ?C0009
BL51 BANKED LINKER/LOCATER V6.00                                                      07/10/2017  16:38:25  PAGE 13


  C:1931H         SYMBOL        ?C0011
  C:195EH         SYMBOL        ?C0012
  C:1944H         SYMBOL        ?C0013
  C:1949H         SYMBOL        ?C0015
  C:1954H         SYMBOL        ?C0016
  N:0000H         SYMBOL        ?RTX51_TINY_KERNAL
  N:F63CH         SYMBOL        ?RTX_CLOCK
  N:0008H         SYMBOL        ?RTX_REGISTERBANK
  D:000DH         SYMBOL        ?RTX_ROBINTIME
  D:000AH         SYMBOL        ?RTX_SAVEACC
  D:000BH         SYMBOL        ?RTX_SAVEPSW
  C:1878H         SYMBOL        ?RTX_STACKERROR
  C:18CBH         SYMBOL        ?RTX_TASKSWITCHING
  B:0021H.1       SYMBOL        ?RTX_TS_DELAY
  D:00E0H         SYMBOL        ACC
  D:00F0H         SYMBOL        B
  N:0005H         SYMBOL        B_ACTIVE
  N:0007H         SYMBOL        B_IVL
  N:0007H         SYMBOL        B_RDY
  N:0004H         SYMBOL        B_READY
  N:0006H         SYMBOL        B_ROBIN
  N:0002H         SYMBOL        B_SIGNAL
  N:0003H         SYMBOL        B_TIMEOUT
  N:0000H         SYMBOL        B_WAITSIG
  N:0001H         SYMBOL        B_WAITTIM
  C:18C8H         SYMBOL        CHECKROBINTIME
  C:18A2H         SYMBOL        CHECKSTACK
  N:0000H         SYMBOL        CODE_BANKING
  N:0000H         SYMBOL        CPU_IDLE_CODE
  D:0083H         SYMBOL        DPH
  D:0082H         SYMBOL        DPL
  B:00A8H.7       SYMBOL        EA
  B:00A8H.4       SYMBOL        ES
  B:00A8H.1       SYMBOL        ET0
  B:00A8H.3       SYMBOL        ET1
  B:00A8H.0       SYMBOL        EX0
  B:00A8H.2       SYMBOL        EX1
  N:0014H         SYMBOL        FREE_STACK
  C:187CH         SYMBOL        HW_TIMER
  D:00A8H         SYMBOL        IE
  B:0088H.1       SYMBOL        IE0
  B:0088H.3       SYMBOL        IE1
  N:09C4H         SYMBOL        INT_CLOCK
  N:0001H         SYMBOL        INT_REGBANK
  B:0088H.0       SYMBOL        IT0
  B:0088H.2       SYMBOL        IT1
  N:0020H         SYMBOL        K_ACTIVE
  N:0080H         SYMBOL        K_IVL
  N:0080H         SYMBOL        K_RDY
  N:0010H         SYMBOL        K_READY
  N:0040H         SYMBOL        K_ROBIN
  N:0001H         SYMBOL        K_SIG
  N:0002H         SYMBOL        K_TMO
  N:0000H         SYMBOL        LONG_USR_INTR
  C:19B6H         SYMBOL        MAIN1
  C:19C0H         SYMBOL        MAIN1X
  C:19BBH         SYMBOL        MAIN2
BL51 BANKED LINKER/LOCATER V6.00                                                      07/10/2017  16:38:25  PAGE 14


  C:1981H         SYMBOL        NOEVENT
  C:18C7H         SYMBOL        NOROBINTIMEOUT
  C:18BEH         SYMBOL        NOTIMEOUT
  C:18BCH         SYMBOL        NOWAITTIMEOUT
  C:18F3H         SYMBOL        OS_SWITCH_TASK1
  D:0087H         SYMBOL        PCON
  D:00D0H         SYMBOL        PSW
  N:00FFH         SYMBOL        RAMTOP
  N:0080H         SYMBOL        RDY_EVENT
  C:198DH         SYMBOL        ROBINON
  C:1975H         SYMBOL        SIGNALOFF
  C:1981H         SYMBOL        SIGNALON
  N:0004H         SYMBOL        SIG_EVENT
  D:0081H         SYMBOL        SP
  I:0023H         SYMBOL        TASKSTATE
  D:0088H         SYMBOL        TCON
  B:0088H.5       SYMBOL        TF0
  B:0088H.7       SYMBOL        TF1
  D:008CH         SYMBOL        TH0
  D:008DH         SYMBOL        TH1
  C:197DH         SYMBOL        TIMEOUTON
  C:187DH         SYMBOL        TIMERINT
  C:18AEH         SYMBOL        TIMERLOOP
  I:0022H         SYMBOL        TIMERVAL
  N:000AH         SYMBOL        TIMESHARING
  D:008AH         SYMBOL        TL0
  D:008BH         SYMBOL        TL1
  D:0089H         SYMBOL        TMOD
  N:0008H         SYMBOL        TMO_EVENT
  B:0088H.4       SYMBOL        TR0
  B:0088H.6       SYMBOL        TR1
  C:000BH         LINE#         271
  C:1878H         LINE#         279
  C:187CH         LINE#         282
  C:187DH         LINE#         299
  C:1880H         LINE#         301
  C:1883H         LINE#         302
  C:1886H         LINE#         303
  C:1888H         LINE#         305
  C:188AH         LINE#         306
  C:188CH         LINE#         307
  C:188EH         LINE#         308
  C:1890H         LINE#         309
  C:1892H         LINE#         310
  C:1894H         LINE#         311
  C:1896H         LINE#         312
  C:1898H         LINE#         316
  C:1899H         LINE#         317
  C:189BH         LINE#         318
  C:189CH         LINE#         319
  C:189DH         LINE#         320
  C:18A0H         LINE#         321
  C:18A2H         LINE#         322
  C:18A3H         LINE#         323
  C:18A5H         LINE#         324
  C:18A8H         LINE#         325
  C:18AAH         LINE#         329
BL51 BANKED LINKER/LOCATER V6.00                                                      07/10/2017  16:38:25  PAGE 15


  C:18ACH         LINE#         330
  C:18AEH         LINE#         331
  C:18AFH         LINE#         332
  C:18B0H         LINE#         333
  C:18B1H         LINE#         334
  C:18B3H         LINE#         335
  C:18B5H         LINE#         336
  C:18B6H         LINE#         337
  C:18B9H         LINE#         338
  C:18BBH         LINE#         339
  C:18BCH         LINE#         340
  C:18BEH         LINE#         341
  C:18BFH         LINE#         342
  C:18C1H         LINE#         344
  C:18C2H         LINE#         345
  C:18C4H         LINE#         360
  C:18C7H         LINE#         366
  C:18C8H         LINE#         367
  C:18CBH         LINE#         370
  C:18CDH         LINE#         371
  C:18CFH         LINE#         372
  C:18D1H         LINE#         373
  C:18D3H         LINE#         374
  C:18D5H         LINE#         375
  C:18D7H         LINE#         376
  C:18D9H         LINE#         377
  C:18DBH         LINE#         378
  C:18DDH         LINE#         379
  C:18DFH         LINE#         380
  C:18E1H         LINE#         381
  C:18E3H         LINE#         382
  C:18E5H         LINE#         387
  C:18E7H         LINE#         388
  C:18E8H         LINE#         389
  C:18EAH         LINE#         390
  C:18EBH         LINE#         391
  C:18EDH         LINE#         392
  C:18EFH         LINE#         393
  C:18F0H         LINE#         394
  C:18F1H         LINE#         395
  C:18F3H         LINE#         424
  C:18F5H         LINE#         426
  C:18F7H         LINE#         427
  C:18F8H         LINE#         429
  C:18F9H         LINE#         430
  C:18FBH         LINE#         431
  C:18FCH         LINE#         434
  C:18FDH         LINE#         435
  C:18FEH         LINE#         436
  C:18FFH         LINE#         444
  C:1902H         LINE#         445
  C:1904H         LINE#         446
  C:1906H         LINE#         449
  C:1907H         LINE#         450
  C:190AH         LINE#         458
  C:190BH         LINE#         462
  C:190DH         LINE#         463
BL51 BANKED LINKER/LOCATER V6.00                                                      07/10/2017  16:38:25  PAGE 16


  C:190EH         LINE#         464
  C:190FH         LINE#         465
  C:1911H         LINE#         468
  C:1913H         LINE#         470
  C:1915H         LINE#         471
  C:1917H         LINE#         472
  C:1918H         LINE#         473
  C:1919H         LINE#         474
  C:191AH         LINE#         476
  C:191CH         LINE#         478
  C:191DH         LINE#         479
  C:191EH         LINE#         480
  C:1920H         LINE#         481
  C:1923H         LINE#         482
  C:1925H         LINE#         484
  C:1926H         LINE#         485
  C:1927H         LINE#         490
  C:1928H         LINE#         491
  C:1929H         LINE#         492
  C:192BH         LINE#         496
  C:192CH         LINE#         497
  C:192DH         LINE#         498
  C:192FH         LINE#         499
  C:1931H         LINE#         505
  C:1933H         LINE#         506
  C:1934H         LINE#         507
  C:1935H         LINE#         508
  C:1937H         LINE#         510
  C:1939H         LINE#         511
  C:193BH         LINE#         512
  C:193CH         LINE#         513
  C:193DH         LINE#         516
  C:193FH         LINE#         517
  C:1942H         LINE#         518
  C:1944H         LINE#         520
  C:1945H         LINE#         522
  C:1946H         LINE#         523
  C:1947H         LINE#         524
  C:1948H         LINE#         525
  C:1949H         LINE#         529
  C:194BH         LINE#         530
  C:194CH         LINE#         531
  C:194EH         LINE#         535
  C:1950H         LINE#         536
  C:1951H         LINE#         537
  C:1952H         LINE#         539
  C:1954H         LINE#         543
  C:1956H         LINE#         544
  C:1958H         LINE#         545
  C:1959H         LINE#         546
  C:195AH         LINE#         548
  C:195CH         LINE#         549
  C:195EH         LINE#         555
  C:1961H         LINE#         559
  C:1963H         LINE#         560
  C:1964H         LINE#         561
  C:1966H         LINE#         562
BL51 BANKED LINKER/LOCATER V6.00                                                      07/10/2017  16:38:25  PAGE 17


  C:1967H         LINE#         563
  C:1969H         LINE#         564
  C:196BH         LINE#         565
  C:196CH         LINE#         567
  C:196FH         LINE#         571
  C:1972H         LINE#         572
  C:1975H         LINE#         576
  C:1977H         LINE#         577
  C:197AH         LINE#         578
  C:197DH         LINE#         580
  C:197FH         LINE#         581
  C:1981H         LINE#         583
  C:1983H         LINE#         584
  C:1984H         LINE#         585
  C:1986H         LINE#         587
  C:1988H         LINE#         588
  C:198AH         LINE#         594
  C:198CH         LINE#         595
  C:198DH         LINE#         608
  C:198EH         LINE#         609
  C:1990H         LINE#         614
  C:1992H         LINE#         615
  C:1994H         LINE#         616
  C:1996H         LINE#         617
  C:1998H         LINE#         618
  C:199AH         LINE#         619
  C:199CH         LINE#         620
  C:199EH         LINE#         621
  C:19A0H         LINE#         622
  C:19A2H         LINE#         623
  C:19A4H         LINE#         624
  C:19A6H         LINE#         625
  C:19A8H         LINE#         626
  C:19AAH         LINE#         627
  C:19ACH         LINE#         628
  C:19ADH         LINE#         642
  C:19AFH         LINE#         643
  C:19B1H         LINE#         644
  C:19B3H         LINE#         645
  C:19B5H         LINE#         646
  C:19B6H         LINE#         647
  C:19B7H         LINE#         648
  C:19B9H         LINE#         649
  C:19BBH         LINE#         650
  C:19BDH         LINE#         651
  C:19BEH         LINE#         652
  C:19C0H         LINE#         653
  C:19C1H         LINE#         654
  C:19C2H         LINE#         655
  C:19C3H         LINE#         656
  C:19C4H         LINE#         657
  C:19C6H         LINE#         658
  C:19C8H         LINE#         659
  C:19CAH         LINE#         660
  C:19CDH         LINE#         661
  C:19CFH         LINE#         662
  C:19D0H         LINE#         663
BL51 BANKED LINKER/LOCATER V6.00                                                      07/10/2017  16:38:25  PAGE 18


  C:19D2H         LINE#         664
  C:19D3H         LINE#         665
  C:19D4H         LINE#         666
  C:19D6H         LINE#         668
  C:19D9H         LINE#         670
  C:19DCH         LINE#         671
  C:19DFH         LINE#         672
  C:19E2H         LINE#         673
  C:19E4H         LINE#         674
  C:19E6H         LINE#         675
  C:19E8H         LINE#         676
  -------         ENDMOD        ?RTX51_TINY_KERNAL

  -------         MODULE        DATASCOPE_DP
  C:0000H         SYMBOL        _ICE_DUMMY_
  D:0080H         PUBLIC        P0
  D:0090H         PUBLIC        P1
  D:00A0H         PUBLIC        P2
  D:00B0H         PUBLIC        P3
  D:00C0H         PUBLIC        P4
  D:00C8H         PUBLIC        P5
  D:00E8H         PUBLIC        P6
  D:00F8H         PUBLIC        P7
  X:0552H         PUBLIC        DataScope_OutPut_Buffer
  D:00A8H         PUBLIC        IE
  D:00B8H         PUBLIC        IP
  D:00D8H         PUBLIC        CCON
  C:363DH         PUBLIC        _sendScopeData
  D:0098H         PUBLIC        SCON
  D:0088H         PUBLIC        TCON
  D:00F0H         PUBLIC        B
  C:2B1FH         PUBLIC        _Float2Byte
  D:00E0H         PUBLIC        ACC
  C:2C72H         PUBLIC        _DataScope_Data_Generate
  C:27D0H         PUBLIC        _DataScope_Get_Channel_Data
  D:00D0H         PUBLIC        PSW
  -------         PROC          _FLOAT2BYTE
  D:0001H         SYMBOL        target
  X:0493H         SYMBOL        buf
  X:0496H         SYMBOL        beg
  -------         DO            
  X:0497H         SYMBOL        point
  -------         ENDDO         
  C:2B1FH         LINE#         26
  C:2B1FH         LINE#         27
  C:2B1FH         LINE#         29
  C:2B2AH         LINE#         30
  C:2B48H         LINE#         31
  C:2B74H         LINE#         32
  C:2BA0H         LINE#         33
  -------         ENDPROC       _FLOAT2BYTE
  -------         PROC          _SENDSCOPEDATA
  D:0004H         SYMBOL        Data
  X:0489H         SYMBOL        channel
  -------         DO            
  X:048AH         SYMBOL        a
  -------         ENDDO         
BL51 BANKED LINKER/LOCATER V6.00                                                      07/10/2017  16:38:25  PAGE 19


  C:363DH         LINE#         43
  C:363DH         LINE#         44
  C:363DH         LINE#         47
  C:3648H         LINE#         49
  C:365EH         LINE#         50
  C:365EH         LINE#         51
  C:366DH         LINE#         52
  C:3675H         LINE#         54
  -------         ENDPROC       _SENDSCOPEDATA
  -------         PROC          _DATASCOPE_GET_CHANNEL_DATA
  X:048BH         SYMBOL        Data
  X:048FH         SYMBOL        Channel
  C:27D0H         LINE#         60
  C:27D6H         LINE#         61
  C:27D6H         LINE#         62
  C:27E9H         LINE#         63
  C:27E9H         LINE#         65
  C:27E9H         LINE#         67
  C:27E9H         LINE#         68
  C:281FH         LINE#         69
  C:281FH         LINE#         70
  C:281FH         LINE#         71
  C:2832H         LINE#         72
  C:2835H         LINE#         73
  C:2835H         LINE#         74
  C:2849H         LINE#         75
  C:284CH         LINE#         76
  C:284CH         LINE#         77
  C:2860H         LINE#         78
  C:2863H         LINE#         79
  C:2863H         LINE#         80
  C:2877H         LINE#         81
  C:287AH         LINE#         82
  C:287AH         LINE#         83
  C:288EH         LINE#         84
  C:2890H         LINE#         85
  C:2890H         LINE#         86
  C:28A4H         LINE#         87
  C:28A6H         LINE#         88
  C:28A6H         LINE#         89
  C:28BAH         LINE#         90
  C:28BCH         LINE#         91
  C:28BCH         LINE#         92
  C:28D0H         LINE#         93
  C:28D2H         LINE#         94
  C:28D2H         LINE#         95
  C:28E6H         LINE#         96
  C:28E8H         LINE#         97
  C:28E8H         LINE#         98
  C:2903H         LINE#         99
  C:2903H         LINE#         100
  C:2903H         LINE#         101
  C:2903H         LINE#         102
  -------         ENDPROC       _DATASCOPE_GET_CHANNEL_DATA
  -------         PROC          _DATASCOPE_DATA_GENERATE
  D:0007H         SYMBOL        Channel_Number
  C:2C72H         LINE#         107
BL51 BANKED LINKER/LOCATER V6.00                                                      07/10/2017  16:38:25  PAGE 20


  C:2C72H         LINE#         108
  C:2C72H         LINE#         109
  C:2C7BH         LINE#         110
  C:2C7BH         LINE#         111
  C:2C7EH         LINE#         112
  C:2C7EH         LINE#         114
  C:2C7EH         LINE#         115
  C:2C84H         LINE#         116
  C:2CBAH         LINE#         117
  C:2CBAH         LINE#         118
  C:2CBAH         LINE#         119
  C:2CC0H         LINE#         120
  C:2CC3H         LINE#         121
  C:2CC3H         LINE#         122
  C:2CC3H         LINE#         123
  C:2CC9H         LINE#         124
  C:2CCCH         LINE#         125
  C:2CCCH         LINE#         126
  C:2CCCH         LINE#         127
  C:2CD2H         LINE#         128
  C:2CD5H         LINE#         129
  C:2CD5H         LINE#         130
  C:2CD5H         LINE#         131
  C:2CDBH         LINE#         132
  C:2CDEH         LINE#         133
  C:2CDEH         LINE#         134
  C:2CDEH         LINE#         135
  C:2CE4H         LINE#         136
  C:2CE7H         LINE#         137
  C:2CE7H         LINE#         138
  C:2CE7H         LINE#         139
  C:2CEDH         LINE#         140
  C:2CF0H         LINE#         141
  C:2CF0H         LINE#         142
  C:2CF0H         LINE#         143
  C:2CF6H         LINE#         144
  C:2CF9H         LINE#         145
  C:2CF9H         LINE#         146
  C:2CF9H         LINE#         147
  C:2CFFH         LINE#         148
  C:2D02H         LINE#         149
  C:2D02H         LINE#         150
  C:2D02H         LINE#         151
  C:2D08H         LINE#         152
  C:2D0BH         LINE#         153
  C:2D0BH         LINE#         154
  C:2D0BH         LINE#         155
  C:2D11H         LINE#         156
  C:2D14H         LINE#         157
  C:2D14H         LINE#         158
  C:2D14H         LINE#         159
  C:2D14H         LINE#         160
  C:2D16H         LINE#         161
  -------         ENDPROC       _DATASCOPE_DATA_GENERATE
  -------         ENDMOD        DATASCOPE_DP

  -------         MODULE        STORAGE
BL51 BANKED LINKER/LOCATER V6.00                                                      07/10/2017  16:38:25  PAGE 21


  C:0000H         SYMBOL        _ICE_DUMMY_
  D:0080H         PUBLIC        P0
  D:0090H         PUBLIC        P1
  D:00A0H         PUBLIC        P2
  D:00B0H         PUBLIC        P3
  D:00C0H         PUBLIC        P4
  D:00C8H         PUBLIC        P5
  D:00E8H         PUBLIC        P6
  D:00F8H         PUBLIC        P7
  D:00A8H         PUBLIC        IE
  D:00B8H         PUBLIC        IP
  D:00D8H         PUBLIC        CCON
  D:0098H         PUBLIC        SCON
  D:0088H         PUBLIC        TCON
  D:00F0H         PUBLIC        B
  D:00E0H         PUBLIC        ACC
  D:00D0H         PUBLIC        PSW
  -------         ENDMOD        STORAGE

  -------         MODULE        BUTTON
  C:0000H         SYMBOL        _ICE_DUMMY_
  D:0080H         PUBLIC        P0
  D:0090H         PUBLIC        P1
  D:00A0H         PUBLIC        P2
  D:00B0H         PUBLIC        P3
  D:00C0H         PUBLIC        P4
  D:00C8H         PUBLIC        P5
  D:00E8H         PUBLIC        P6
  D:00F8H         PUBLIC        P7
  D:00A8H         PUBLIC        IE
  D:00B8H         PUBLIC        IP
  D:00D8H         PUBLIC        CCON
  C:3399H         PUBLIC        buttonScan
  B:0020H.0       SYMBOL        BUTTON1_bit
  B:0020H.1       SYMBOL        BUTTON2_bit
  B:0020H.2       SYMBOL        BUTTON3_bit
  B:0020H.3       SYMBOL        BUTTON4_bit
  D:0098H         PUBLIC        SCON
  B:00A0H.3       PUBLIC        P23
  D:0088H         PUBLIC        TCON
  B:00A0H.4       PUBLIC        P24
  B:00A0H.5       PUBLIC        P25
  B:00A0H.6       PUBLIC        P26
  D:00F0H         PUBLIC        B
  C:3B51H         PUBLIC        _getButtonState
  D:00E0H         PUBLIC        ACC
  C:3AB8H         PUBLIC        Button_config
  C:3F19H         SYMBOL        _digitalRead
  D:00D0H         PUBLIC        PSW
  -------         PROC          BUTTON_CONFIG
  -------         DO            
  X:028CH         SYMBOL        GPIO_InitStructure
  -------         ENDDO         
  C:3AB8H         LINE#         25
  C:3AB8H         LINE#         26
  C:3AB8H         LINE#         28
  C:3ABEH         LINE#         29
BL51 BANKED LINKER/LOCATER V6.00                                                      07/10/2017  16:38:25  PAGE 22


  C:3AC3H         LINE#         30
  C:3ACEH         LINE#         31
  C:3AD0H         LINE#         32
  C:3AD2H         LINE#         33
  C:3AD4H         LINE#         34
  C:3AD6H         LINE#         35
  -------         ENDPROC       BUTTON_CONFIG
  -------         PROC          _DIGITALREAD
  D:0006H         SYMBOL        pin
  C:3F19H         LINE#         43
  C:3F19H         LINE#         44
  C:3F19H         LINE#         45
  C:3F1DH         LINE#         46
  C:3F1DH         LINE#         47
  C:3F22H         LINE#         48
  C:3F22H         LINE#         49
  -------         ENDPROC       _DIGITALREAD
  -------         PROC          _GETBUTTONSTATE
  D:0007H         SYMBOL        BUTTON_data
  C:3B51H         LINE#         61
  C:3B51H         LINE#         62
  C:3B51H         LINE#         63
  C:3B62H         LINE#         64
  C:3B62H         LINE#         65
  C:3B62H         LINE#         66
  C:3B65H         LINE#         67
  C:3B65H         LINE#         68
  C:3B65H         LINE#         69
  C:3B68H         LINE#         70
  C:3B68H         LINE#         71
  C:3B68H         LINE#         72
  C:3B6BH         LINE#         73
  C:3B6BH         LINE#         74
  C:3B6BH         LINE#         75
  C:3B6DH         LINE#         76
  C:3B6DH         LINE#         77
  C:3B6DH         LINE#         78
  -------         ENDPROC       _GETBUTTONSTATE
  -------         PROC          BUTTONSCAN
  C:3399H         LINE#         88
  C:3399H         LINE#         89
  C:3399H         LINE#         90
  C:33A4H         LINE#         91
  C:33A4H         LINE#         92
  C:33AEH         LINE#         93
  C:33AEH         LINE#         97
  C:33B0H         LINE#         98
  C:33B0H         LINE#         99
  C:33B2H         LINE#         101
  C:33B2H         LINE#         102
  C:33B4H         LINE#         103
  C:33B4H         LINE#         104
  C:33BFH         LINE#         105
  C:33BFH         LINE#         106
  C:33C2H         LINE#         107
  C:33C2H         LINE#         111
  C:33C4H         LINE#         112
BL51 BANKED LINKER/LOCATER V6.00                                                      07/10/2017  16:38:25  PAGE 23


  C:33C4H         LINE#         113
  C:33C6H         LINE#         115
  C:33C6H         LINE#         116
  C:33C8H         LINE#         117
  C:33C8H         LINE#         118
  C:33D3H         LINE#         119
  C:33D3H         LINE#         120
  C:33D6H         LINE#         121
  C:33D6H         LINE#         125
  C:33D8H         LINE#         127
  C:33D8H         LINE#         128
  C:33DAH         LINE#         130
  C:33DAH         LINE#         131
  C:33DCH         LINE#         132
  C:33DCH         LINE#         133
  C:33E7H         LINE#         134
  C:33E7H         LINE#         135
  C:33EAH         LINE#         136
  C:33EAH         LINE#         140
  C:33ECH         LINE#         142
  C:33ECH         LINE#         143
  C:33EDH         LINE#         145
  C:33EDH         LINE#         146
  C:33EFH         LINE#         147
  C:33EFH         LINE#         148
  -------         ENDPROC       BUTTONSCAN
  -------         ENDMOD        BUTTON

  -------         MODULE        LED
  C:0000H         SYMBOL        _ICE_DUMMY_
  D:0080H         PUBLIC        P0
  D:0090H         PUBLIC        P1
  D:00A0H         PUBLIC        P2
  D:00B0H         PUBLIC        P3
  D:00C0H         PUBLIC        P4
  D:00C8H         PUBLIC        P5
  B:0021H.2       SYMBOL        Board_LED_State
  D:00E8H         PUBLIC        P6
  D:00F8H         PUBLIC        P7
  D:00A8H         PUBLIC        IE
  C:396FH         PUBLIC        _blink
  C:3756H         PUBLIC        Board_LED_Init
  D:00B8H         PUBLIC        IP
  C:3F6CH         PUBLIC        close_Board_LED
  D:00D8H         PUBLIC        CCON
  D:0098H         PUBLIC        SCON
  D:0088H         PUBLIC        TCON
  C:3F67H         PUBLIC        open_Board_LED
  B:00C8H.5       PUBLIC        P55
  D:00F0H         PUBLIC        B
  D:00E0H         PUBLIC        ACC
  C:3F75H         PUBLIC        getBoard_LED_State
  C:3F49H         PUBLIC        _Board_LED_PWM
  D:00D0H         PUBLIC        PSW
  -------         PROC          BOARD_LED_INIT
  -------         DO            
  X:028CH         SYMBOL        GPIO_InitStructure
BL51 BANKED LINKER/LOCATER V6.00                                                      07/10/2017  16:38:25  PAGE 24


  -------         ENDDO         
  C:3756H         LINE#         8
  C:3756H         LINE#         9
  C:3756H         LINE#         11
  C:375CH         LINE#         12
  C:3761H         LINE#         13
  C:376CH         LINE#         14
  C:376FH         LINE#         15
  C:3774H         LINE#         16
  C:3777H         LINE#         17
  C:377CH         LINE#         18
  C:377DH         LINE#         19
  -------         ENDPROC       BOARD_LED_INIT
  -------         PROC          OPEN_BOARD_LED
  C:3F67H         LINE#         20
  C:3F67H         LINE#         21
  C:3F67H         LINE#         22
  C:3F69H         LINE#         23
  C:3F6BH         LINE#         24
  -------         ENDPROC       OPEN_BOARD_LED
  -------         PROC          CLOSE_BOARD_LED
  C:3F6CH         LINE#         25
  C:3F6CH         LINE#         26
  C:3F6CH         LINE#         27
  C:3F6EH         LINE#         28
  C:3F70H         LINE#         30
  -------         ENDPROC       CLOSE_BOARD_LED
  -------         PROC          _BLINK
  X:028CH         SYMBOL        time
  C:396FH         LINE#         31
  C:3974H         LINE#         32
  C:3974H         LINE#         33
  C:397EH         LINE#         34
  C:397EH         LINE#         35
  C:3981H         LINE#         36
  C:3986H         LINE#         37
  C:3989H         LINE#         38
  C:398EH         LINE#         40
  C:3990H         LINE#         41
  -------         ENDPROC       _BLINK
  -------         PROC          GETBOARD_LED_STATE
  C:3F75H         LINE#         42
  C:3F75H         LINE#         43
  C:3F75H         LINE#         44
  C:3F77H         LINE#         45
  -------         ENDPROC       GETBOARD_LED_STATE
  -------         PROC          _BOARD_LED_PWM
  X:0654H         SYMBOL        luminance
  C:3F49H         LINE#         46
  C:3F4EH         LINE#         47
  C:3F4EH         LINE#         48
  C:3F4EH         LINE#         49
  C:3F4EH         LINE#         52
  C:3F4EH         LINE#         54
  -------         ENDPROC       _BOARD_LED_PWM
  -------         ENDMOD        LED

BL51 BANKED LINKER/LOCATER V6.00                                                      07/10/2017  16:38:25  PAGE 25


  -------         MODULE        MOTOR
  C:0000H         SYMBOL        _ICE_DUMMY_
  D:0080H         PUBLIC        P0
  D:0090H         PUBLIC        P1
  D:00A0H         PUBLIC        P2
  D:00B0H         PUBLIC        P3
  D:00C0H         PUBLIC        P4
  D:00C8H         PUBLIC        P5
  D:00E8H         PUBLIC        P6
  D:00F8H         PUBLIC        P7
  D:00F5H         PUBLIC        PWMCR
  D:00BAH         PUBLIC        P_SW2
  D:00A8H         PUBLIC        IE
  C:37F6H         PUBLIC        _open_DC_Motor
  D:00B8H         PUBLIC        IP
  D:00D8H         PUBLIC        CCON
  B:00A0H.2       PUBLIC        P22
  D:0098H         PUBLIC        SCON
  B:00A0H.3       PUBLIC        P23
  D:0088H         PUBLIC        TCON
  C:2DBAH         PUBLIC        _setDC_MotorSpeed
  D:00F0H         PUBLIC        B
  X:0641H         SYMBOL        g_DC_Motor
  C:3ED1H         PUBLIC        _getDC_MotorState
  D:00E0H         PUBLIC        ACC
  C:326CH         PUBLIC        DC_MOTOR_config
  C:381DH         PUBLIC        _close_DC_Motor
  D:00D0H         PUBLIC        PSW
  -------         PROC          _SETDC_MOTORSPEED
  X:060BH         SYMBOL        motor
  X:060CH         SYMBOL        speed
  C:2DBAH         LINE#         38
  C:2DBFH         LINE#         39
  C:2DBFH         LINE#         41
  C:2DDAH         LINE#         42
  C:2DDAH         LINE#         43
  C:2DE4H         LINE#         44
  C:2DE4H         LINE#         45
  C:2DFFH         LINE#         46
  C:2DFFH         LINE#         48
  C:2E09H         LINE#         49
  C:2E09H         LINE#         52
  C:2E29H         LINE#         53
  C:2E4BH         LINE#         54
  -------         ENDPROC       _SETDC_MOTORSPEED
  -------         PROC          _OPEN_DC_MOTOR
  D:0007H         SYMBOL        motor
  C:37F6H         LINE#         55
  C:37F6H         LINE#         56
  C:37F6H         LINE#         57
  C:37F9H         LINE#         58
  C:380AH         LINE#         59
  C:380DH         LINE#         61
  C:381CH         LINE#         62
  -------         ENDPROC       _OPEN_DC_MOTOR
  -------         PROC          _CLOSE_DC_MOTOR
  D:0007H         SYMBOL        motor
BL51 BANKED LINKER/LOCATER V6.00                                                      07/10/2017  16:38:25  PAGE 26


  C:381DH         LINE#         63
  C:381DH         LINE#         64
  C:381DH         LINE#         65
  C:3820H         LINE#         66
  C:3832H         LINE#         67
  C:3835H         LINE#         68
  C:3843H         LINE#         72
  -------         ENDPROC       _CLOSE_DC_MOTOR
  -------         PROC          _GETDC_MOTORSTATE
  D:0007H         SYMBOL        motor
  C:3ED1H         LINE#         73
  C:3ED1H         LINE#         74
  C:3ED1H         LINE#         75
  C:3EE0H         LINE#         77
  -------         ENDPROC       _GETDC_MOTORSTATE
  -------         PROC          DC_MOTOR_CONFIG
  -------         DO            
  X:05A7H         SYMBOL        GPIO_InitStructure
  X:05A9H         SYMBOL        PWM_InitStructure
  -------         ENDDO         
  C:326CH         LINE#         85
  C:326CH         LINE#         86
  C:326CH         LINE#         89
  C:3271H         LINE#         92
  C:3275H         LINE#         93
  C:3280H         LINE#         97
  C:3286H         LINE#         98
  C:3291H         LINE#         99
  C:3293H         LINE#         100
  C:3295H         LINE#         103
  C:3298H         LINE#         104
  C:329DH         LINE#         105
  C:329FH         LINE#         106
  C:32A1H         LINE#         107
  C:32A4H         LINE#         108
  C:32A7H         LINE#         109
  C:32A9H         LINE#         110
  C:32ABH         LINE#         111
  C:32ADH         LINE#         112
  C:32AFH         LINE#         113
  C:32B1H         LINE#         114
  C:32B3H         LINE#         115
  C:32B5H         LINE#         116
  C:32B7H         LINE#         117
  C:32B9H         LINE#         118
  C:32BBH         LINE#         119
  C:32BDH         LINE#         120
  C:32C8H         LINE#         121
  C:32D3H         LINE#         123
  C:32D6H         LINE#         126
  -------         ENDPROC       DC_MOTOR_CONFIG
  -------         ENDMOD        MOTOR

  -------         MODULE        SERVO
  C:0000H         SYMBOL        _ICE_DUMMY_
  D:0080H         PUBLIC        P0
  D:0090H         PUBLIC        P1
BL51 BANKED LINKER/LOCATER V6.00                                                      07/10/2017  16:38:25  PAGE 27


  D:00A0H         PUBLIC        P2
  D:00B0H         PUBLIC        P3
  D:00C0H         PUBLIC        P4
  D:00C8H         PUBLIC        P5
  D:00E8H         PUBLIC        P6
  D:00F8H         PUBLIC        P7
  D:00A8H         PUBLIC        IE
  D:00B8H         PUBLIC        IP
  D:00D8H         PUBLIC        CCON
  D:0098H         PUBLIC        SCON
  D:0088H         PUBLIC        TCON
  D:00F0H         PUBLIC        B
  D:00E0H         PUBLIC        ACC
  D:00D0H         PUBLIC        PSW
  -------         ENDMOD        SERVO

  -------         MODULE        STEP_MOTOR
  C:0000H         SYMBOL        _ICE_DUMMY_
  D:0080H         PUBLIC        P0
  D:0090H         PUBLIC        P1
  D:00A0H         PUBLIC        P2
  D:00B0H         PUBLIC        P3
  D:00C0H         PUBLIC        P4
  D:00C8H         PUBLIC        P5
  D:00E8H         PUBLIC        P6
  D:00F8H         PUBLIC        P7
  C:3EAFH         PUBLIC        _setStepMotorWithAngle
  D:00A8H         PUBLIC        IE
  D:00B8H         PUBLIC        IP
  X:05D6H         SYMBOL        g_stepMotor
  D:00D8H         PUBLIC        CCON
  C:3BC5H         PUBLIC        _close_StepMotor
  C:3676H         PUBLIC        _setStepMotorWithRound
  D:0098H         PUBLIC        SCON
  D:0088H         PUBLIC        TCON
  D:00F0H         PUBLIC        B
  D:00E0H         PUBLIC        ACC
  C:3B6EH         PUBLIC        _open_StepMotor
  C:3E67H         PUBLIC        _getStepMotorState
  D:00D0H         PUBLIC        PSW
  -------         PROC          _SETSTEPMOTORWITHANGLE
  D:0007H         SYMBOL        motor
  D:0082H         SYMBOL        angle
  D:0003H         SYMBOL        speed
  C:3EAFH         LINE#         24
  C:3EB3H         LINE#         25
  C:3EB3H         LINE#         26
  C:3EBEH         LINE#         27
  C:3EBFH         LINE#         28
  -------         ENDPROC       _SETSTEPMOTORWITHANGLE
  -------         PROC          _SETSTEPMOTORWITHROUND
  X:0645H         SYMBOL        motor
  X:0646H         SYMBOL        round
  X:0648H         SYMBOL        speed
  C:3676H         LINE#         39
  C:3684H         LINE#         40
  C:3684H         LINE#         41
BL51 BANKED LINKER/LOCATER V6.00                                                      07/10/2017  16:38:25  PAGE 28


  C:3692H         LINE#         42
  C:3692H         LINE#         43
  C:36A3H         LINE#         44
  C:36A5H         LINE#         45
  C:36A6H         LINE#         46
  -------         ENDPROC       _SETSTEPMOTORWITHROUND
  -------         PROC          _GETSTEPMOTORSTATE
  D:0007H         SYMBOL        motor
  C:3E67H         LINE#         55
  C:3E67H         LINE#         56
  C:3E67H         LINE#         57
  C:3E78H         LINE#         58
  -------         ENDPROC       _GETSTEPMOTORSTATE
  -------         PROC          _CLOSE_STEPMOTOR
  X:0655H         SYMBOL        motor
  C:3BC5H         LINE#         67
  C:3BCAH         LINE#         68
  C:3BCAH         LINE#         69
  C:3BCDH         LINE#         70
  C:3BE0H         LINE#         72
  -------         ENDPROC       _CLOSE_STEPMOTOR
  -------         PROC          _OPEN_STEPMOTOR
  X:0656H         SYMBOL        motor
  C:3B6EH         LINE#         81
  C:3B73H         LINE#         82
  C:3B73H         LINE#         83
  C:3B76H         LINE#         84
  C:3B8AH         LINE#         85
  -------         ENDPROC       _OPEN_STEPMOTOR
  -------         ENDMOD        STEP_MOTOR

  -------         MODULE        RELAY
  C:0000H         SYMBOL        _ICE_DUMMY_
  -------         ENDMOD        RELAY

  -------         MODULE        ANGLE
  C:0000H         SYMBOL        _ICE_DUMMY_
  D:0080H         PUBLIC        P0
  D:0090H         PUBLIC        P1
  D:00A0H         PUBLIC        P2
  D:00B0H         PUBLIC        P3
  D:00C0H         PUBLIC        P4
  D:00C8H         PUBLIC        P5
  D:00E8H         PUBLIC        P6
  D:00F8H         PUBLIC        P7
  C:269AH         PUBLIC        _filter
  D:00A8H         PUBLIC        IE
  D:00B8H         PUBLIC        IP
  C:3BE1H         PUBLIC        _ADC_config
  D:00D8H         PUBLIC        CCON
  C:31F2H         PUBLIC        getAngle
  D:0098H         PUBLIC        SCON
  D:0088H         PUBLIC        TCON
  D:00F0H         PUBLIC        B
  D:00E0H         PUBLIC        ACC
  D:00D0H         PUBLIC        PSW
  -------         PROC          _ADC_CONFIG
BL51 BANKED LINKER/LOCATER V6.00                                                      07/10/2017  16:38:25  PAGE 29


  D:0007H         SYMBOL        pin
  D:0005H         SYMBOL        speed
  -------         DO            
  X:028CH         SYMBOL        ADC_InitStructure
  -------         ENDDO         
  C:3BE1H         LINE#         26
  C:3BE1H         LINE#         27
  C:3BE1H         LINE#         29
  C:3BE6H         LINE#         30
  C:3BE9H         LINE#         31
  C:3BEDH         LINE#         32
  C:3BF0H         LINE#         33
  C:3BF2H         LINE#         34
  C:3BF4H         LINE#         35
  -------         ENDPROC       _ADC_CONFIG
  -------         PROC          _FILTER
  D:0001H         SYMBOL        ary
  X:049DH         SYMBOL        num
  X:049EH         SYMBOL        MaxValue
  X:04A0H         SYMBOL        MinValue
  -------         DO            
  X:04A2H         SYMBOL        angleDataloopTemp2
  X:04A4H         SYMBOL        finalData
  X:04A6H         SYMBOL        maxValue
  X:04A8H         SYMBOL        minValue
  -------         ENDDO         
  C:269AH         LINE#         39
  C:269FH         LINE#         40
  C:269FH         LINE#         42
  C:26A6H         LINE#         43
  C:26B5H         LINE#         44
  C:26C4H         LINE#         45
  C:26E6H         LINE#         46
  C:26E6H         LINE#         47
  C:2702H         LINE#         48
  C:2702H         LINE#         49
  C:271FH         LINE#         50
  C:271FH         LINE#         51
  C:2741H         LINE#         52
  C:2741H         LINE#         53
  C:275EH         LINE#         54
  C:275EH         LINE#         55
  C:2780H         LINE#         56
  C:2794H         LINE#         57
  C:27B9H         LINE#         58
  C:27CFH         LINE#         59
  C:27CFH         LINE#         60
  -------         ENDPROC       _FILTER
  -------         PROC          GETANGLE
  B:0021H.0       SYMBOL        whichAngle
  -------         DO            
  X:0485H         SYMBOL        angleData
  X:0499H         SYMBOL        angleDataloopTemp1
  X:05EEH         SYMBOL        presentAngle
  X:05F2H         SYMBOL        lastAngle
  -------         ENDDO         
  C:31F2H         LINE#         74
BL51 BANKED LINKER/LOCATER V6.00                                                      07/10/2017  16:38:25  PAGE 30


  C:31F2H         LINE#         75
  C:31F2H         LINE#         77
  C:31F7H         LINE#         79
  C:31FAH         LINE#         80
  C:31FAH         LINE#         82
  C:31FBH         LINE#         83
  C:31FBH         LINE#         84
  C:3214H         LINE#         85
  C:3220H         LINE#         86
  C:3246H         LINE#         88
  C:3258H         LINE#         89
  C:325DH         LINE#         90
  C:325DH         LINE#         92
  C:325DH         LINE#         93
  C:326BH         LINE#         94
  C:326BH         LINE#         95
  -------         ENDPROC       GETANGLE
  -------         ENDMOD        ANGLE

  -------         MODULE        MPU6050
  C:0000H         SYMBOL        _ICE_DUMMY_
  -------         ENDMOD        MPU6050

  -------         MODULE        LCD1602
  C:0000H         SYMBOL        _ICE_DUMMY_
  D:0080H         PUBLIC        P0
  D:0090H         PUBLIC        P1
  D:00B4H         PUBLIC        P4M0
  D:00A0H         PUBLIC        P2
  D:00CAH         PUBLIC        P5M0
  D:00B3H         PUBLIC        P4M1
  D:00B0H         PUBLIC        P3
  D:00C9H         PUBLIC        P5M1
  D:00C0H         PUBLIC        P4
  D:00C8H         PUBLIC        P5
  D:00E8H         PUBLIC        P6
  D:00F8H         PUBLIC        P7
  C:3B33H         PUBLIC        LCD1602_GPIO_config
  B:00C8H.4       PUBLIC        LCD1602_Backlight
  D:00A8H         PUBLIC        IE
  B:00C8H.2       PUBLIC        LCD1602_EN
  C:3B8BH         PUBLIC        Init_LCD1602
  D:00B8H         PUBLIC        IP
  B:00C8H.0       PUBLIC        LCD1602_RS
  D:00D8H         PUBLIC        CCON
  B:00C8H.1       PUBLIC        LCD1602_RW
  C:3C19H         PUBLIC        _LCD1602_write_data
  D:0098H         PUBLIC        SCON
  D:0088H         PUBLIC        TCON
  D:00F0H         PUBLIC        B
  D:00E0H         PUBLIC        ACC
  C:36A7H         PUBLIC        _LCD1602_write_word
  C:3BFDH         PUBLIC        _LCD1602_write_com
  D:00D0H         PUBLIC        PSW
  -------         PROC          LCD1602_GPIO_CONFIG
  C:3B33H         LINE#         3
  C:3B33H         LINE#         4
BL51 BANKED LINKER/LOCATER V6.00                                                      07/10/2017  16:38:25  PAGE 31


  C:3B33H         LINE#         5
  C:3B36H         LINE#         6
  C:3B39H         LINE#         8
  C:3B3CH         LINE#         9
  C:3B3FH         LINE#         11
  C:3B42H         LINE#         12
  C:3B45H         LINE#         14
  C:3B48H         LINE#         15
  C:3B4BH         LINE#         17
  C:3B4EH         LINE#         18
  C:3B50H         LINE#         19
  -------         ENDPROC       LCD1602_GPIO_CONFIG
  -------         PROC          _LCD1602_WRITE_COM
  X:0657H         SYMBOL        com
  C:3BFDH         LINE#         24
  C:3C02H         LINE#         25
  C:3C02H         LINE#         26
  C:3C04H         LINE#         27
  C:3C09H         LINE#         28
  C:3C0BH         LINE#         29
  C:3C11H         LINE#         30
  C:3C16H         LINE#         31
  C:3C18H         LINE#         32
  -------         ENDPROC       _LCD1602_WRITE_COM
  -------         PROC          _LCD1602_WRITE_DATA
  X:0658H         SYMBOL        dat
  C:3C19H         LINE#         37
  C:3C1EH         LINE#         38
  C:3C1EH         LINE#         39
  C:3C20H         LINE#         40
  C:3C25H         LINE#         41
  C:3C2BH         LINE#         42
  C:3C2DH         LINE#         43
  C:3C32H         LINE#         44
  C:3C34H         LINE#         45
  -------         ENDPROC       _LCD1602_WRITE_DATA
  -------         PROC          _LCD1602_WRITE_WORD
  X:0649H         SYMBOL        s
  C:36A7H         LINE#         50
  C:36B2H         LINE#         51
  C:36B2H         LINE#         52
  C:36C6H         LINE#         53
  C:36C6H         LINE#         54
  C:36C9H         LINE#         55
  C:36D3H         LINE#         56
  C:36D5H         LINE#         57
  -------         ENDPROC       _LCD1602_WRITE_WORD
  -------         PROC          INIT_LCD1602
  C:3B8BH         LINE#         59
  C:3B8BH         LINE#         60
  C:3B8BH         LINE#         61
  C:3B8EH         LINE#         62
  C:3B90H         LINE#         65
  C:3B92H         LINE#         66
  C:3B94H         LINE#         67
  C:3B99H         LINE#         68
  C:3B9EH         LINE#         69
BL51 BANKED LINKER/LOCATER V6.00                                                      07/10/2017  16:38:25  PAGE 32


  C:3BA3H         LINE#         70
  -------         ENDPROC       INIT_LCD1602
  -------         ENDMOD        LCD1602

  -------         MODULE        FIXEDPULSER
  C:0000H         SYMBOL        _ICE_DUMMY_
  D:0080H         PUBLIC        P0
  D:0090H         PUBLIC        P1
  D:00A0H         PUBLIC        P2
  D:00B0H         PUBLIC        P3
  D:00C0H         PUBLIC        P4
  D:00F6H         PUBLIC        PWMIF
  D:00C8H         PUBLIC        P5
  D:00E8H         PUBLIC        P6
  D:00F8H         PUBLIC        P7
  D:00F5H         PUBLIC        PWMCR
  D:00BAH         PUBLIC        P_SW2
  D:00A8H         PUBLIC        IE
  X:05E2H         SYMBOL        g_PWMtmp
  C:32D7H         PUBLIC        PulserInit
  C:372CH         PUBLIC        _closePulser
  D:00B8H         PUBLIC        IP
  D:00D8H         PUBLIC        CCON
  C:3702H         PUBLIC        _openPulser
  D:0098H         PUBLIC        SCON
  D:0088H         PUBLIC        TCON
  C:3446H         SYMBOL        PWM_Routine
  D:00F0H         PUBLIC        B
  C:3E79H         PUBLIC        _getPulserState
  D:00E0H         PUBLIC        ACC
  C:33F0H         PUBLIC        _setPulse
  X:05E4H         SYMBOL        g_pulser
  D:00D0H         PUBLIC        PSW
  -------         PROC          _SETPULSE
  X:0610H         SYMBOL        pulser_num
  X:0611H         SYMBOL        Hz
  X:0613H         SYMBOL        count
  C:33F0H         LINE#         14
  C:3407H         LINE#         15
  C:3407H         LINE#         16
  C:340AH         LINE#         17
  C:3429H         LINE#         18
  C:3444H         LINE#         20
  C:3445H         LINE#         21
  -------         ENDPROC       _SETPULSE
  -------         PROC          _OPENPULSER
  D:0007H         SYMBOL        pulser_num
  C:3702H         LINE#         22
  C:3702H         LINE#         23
  C:3702H         LINE#         24
  C:3705H         LINE#         25
  C:3716H         LINE#         26
  C:3719H         LINE#         27
  C:372AH         LINE#         29
  C:372BH         LINE#         30
  -------         ENDPROC       _OPENPULSER
  -------         PROC          _CLOSEPULSER
BL51 BANKED LINKER/LOCATER V6.00                                                      07/10/2017  16:38:25  PAGE 33


  D:0007H         SYMBOL        pulser_num
  C:372CH         LINE#         31
  C:372CH         LINE#         32
  C:372CH         LINE#         34
  C:372FH         LINE#         35
  C:3741H         LINE#         36
  C:3744H         LINE#         38
  C:3754H         LINE#         39
  C:3755H         LINE#         41
  -------         ENDPROC       _CLOSEPULSER
  -------         PROC          _GETPULSERSTATE
  D:0007H         SYMBOL        pulser_num
  C:3E79H         LINE#         42
  C:3E79H         LINE#         43
  C:3E79H         LINE#         45
  C:3E8AH         LINE#         47
  -------         ENDPROC       _GETPULSERSTATE
  -------         PROC          PWM_ROUTINE
  C:3446H         LINE#         50
  C:3459H         LINE#         53
  C:3463H         LINE#         54
[...]
  C:3616H         LINE#         115
  C:361CH         LINE#         116
  C:361DH         LINE#         117
  C:3622H         LINE#         118
  C:3629H         LINE#         119
  C:3637H         LINE#         121
  C:363AH         LINE#         122
  C:363CH         LINE#         123
  -------         ENDPROC       _EEPROM_WRITE_N
  -------         ENDMOD        STC15_EEPROM

  -------         MODULE        PID
  C:0000H         SYMBOL        _ICE_DUMMY_
  D:0080H         PUBLIC        P0
  D:0090H         PUBLIC        P1
  D:00A0H         PUBLIC        P2
  C:39F4H         PUBLIC        _setKi
  D:00B0H         PUBLIC        P3
  C:3D22H         PUBLIC        _getErrLast
  D:00C0H         PUBLIC        P4
  D:00C8H         PUBLIC        P5
  D:00E8H         PUBLIC        P6
  D:00F8H         PUBLIC        P7
  C:39B2H         PUBLIC        _setParameterUpperLimit
  C:3A15H         PUBLIC        _setKp
  D:00A8H         PUBLIC        IE
  C:3E9DH         PUBLIC        _openPID
  D:00B8H         PUBLIC        IP
  D:00D8H         PUBLIC        CCON
  D:0098H         PUBLIC        SCON
  D:0088H         PUBLIC        TCON
  C:22CBH         PUBLIC        _PID_config
  C:3991H         PUBLIC        _setParameterInferiorLimit
  D:00F0H         PUBLIC        B
  D:00E0H         PUBLIC        ACC
  C:39D3H         PUBLIC        _setActualParameter
  C:3D8AH         PUBLIC        _getOutput
  C:1D8EH         PUBLIC        _PID
  X:04AAH         SYMBOL        g_pid_n_info
  C:3CEEH         PUBLIC        _getParameter
  C:3D08H         PUBLIC        _getErr
  C:3D70H         PUBLIC        _getKd
  C:3A57H         PUBLIC        _setParameter
  C:3D56H         PUBLIC        _getKi
  C:3EC0H         PUBLIC        _closePID
  D:00D0H         PUBLIC        PSW
  C:3DA4H         PUBLIC        _getIntegral
  C:3D3CH         PUBLIC        _getKp
BL51 BANKED LINKER/LOCATER V6.00                                                      07/10/2017  16:38:25  PAGE 73


  C:3A36H         PUBLIC        _setKd
  -------         PROC          _PID_CONFIG
  D:0003H         SYMBOL        PID_N
  X:05CAH         SYMBOL        kp
  X:05CEH         SYMBOL        ki
  X:05D2H         SYMBOL        kd
  C:22CBH         LINE#         49
  C:22CDH         LINE#         50
  C:22CDH         LINE#         51
  C:22E2H         LINE#         52
  C:22F7H         LINE#         53
  C:230CH         LINE#         54
  C:2321H         LINE#         55
  C:2336H         LINE#         56
  C:234BH         LINE#         57
  C:236AH         LINE#         58
  C:2389H         LINE#         59
  C:23A8H         LINE#         60
  C:23D2H         LINE#         61
  C:23FCH         LINE#         62
  -------         ENDPROC       _PID_CONFIG
  -------         PROC          _OPENPID
  D:0007H         SYMBOL        PID_N
  C:3E9DH         LINE#         72
  C:3E9DH         LINE#         73
  C:3E9DH         LINE#         74
  C:3EAEH         LINE#         76
  -------         ENDPROC       _OPENPID
  -------         PROC          _CLOSEPID
  D:0007H         SYMBOL        PID_N
  C:3EC0H         LINE#         85
  C:3EC0H         LINE#         86
  C:3EC0H         LINE#         87
  C:3ED0H         LINE#         90
  -------         ENDPROC       _CLOSEPID
  -------         PROC          _PID
  X:0659H         SYMBOL        PID_N
  C:1D8EH         LINE#         99
  C:1D93H         LINE#         100
  C:1D93H         LINE#         103
  C:1DA6H         LINE#         104
  C:1DA6H         LINE#         106
  C:1DF4H         LINE#         122
  C:1E37H         LINE#         124
  C:1F3CH         LINE#         127
  C:1F66H         LINE#         130
  C:1F67H         LINE#         131
  C:1F67H         LINE#         133
  -------         ENDPROC       _PID
  -------         PROC          _SETPARAMETERINFERIORLIMIT
  D:0003H         SYMBOL        PID_N
  X:061BH         SYMBOL        value
  C:3991H         LINE#         143
  C:3993H         LINE#         144
  C:3993H         LINE#         145
  -------         ENDPROC       _SETPARAMETERINFERIORLIMIT
  -------         PROC          _SETPARAMETERUPPERLIMIT
BL51 BANKED LINKER/LOCATER V6.00                                                      07/10/2017  16:38:25  PAGE 74


  D:0003H         SYMBOL        PID_N
  X:0620H         SYMBOL        value
  C:39B2H         LINE#         165
  C:39B4H         LINE#         166
  C:39B4H         LINE#         167
  -------         ENDPROC       _SETPARAMETERUPPERLIMIT
  -------         PROC          _SETACTUALPARAMETER
  D:0003H         SYMBOL        PID_N
  X:0625H         SYMBOL        value
  C:39D3H         LINE#         180
  C:39D5H         LINE#         181
  C:39D5H         LINE#         182
  -------         ENDPROC       _SETACTUALPARAMETER
  -------         PROC          _SETKI
  D:0003H         SYMBOL        PID_N
  X:062AH         SYMBOL        value
  C:39F4H         LINE#         195
  C:39F6H         LINE#         196
  C:39F6H         LINE#         197
  -------         ENDPROC       _SETKI
  -------         PROC          _SETKP
  D:0003H         SYMBOL        PID_N
  X:062FH         SYMBOL        value
  C:3A15H         LINE#         209
  C:3A17H         LINE#         210
  C:3A17H         LINE#         211
  -------         ENDPROC       _SETKP
  -------         PROC          _SETKD
  D:0003H         SYMBOL        PID_N
  X:0634H         SYMBOL        value
  C:3A36H         LINE#         223
  C:3A38H         LINE#         224
  C:3A38H         LINE#         225
  -------         ENDPROC       _SETKD
  -------         PROC          _SETPARAMETER
  D:0003H         SYMBOL        PID_N
  X:0639H         SYMBOL        value
  C:3A57H         LINE#         237
  C:3A59H         LINE#         238
  C:3A59H         LINE#         239
  -------         ENDPROC       _SETPARAMETER
  -------         PROC          _GETPARAMETER
  D:0007H         SYMBOL        PID_N
  C:3CEEH         LINE#         251
  C:3CEEH         LINE#         252
  C:3CEEH         LINE#         253
  C:3D07H         LINE#         254
  -------         ENDPROC       _GETPARAMETER
  -------         PROC          _GETERR
  D:0007H         SYMBOL        PID_N
  C:3D08H         LINE#         264
  C:3D08H         LINE#         265
  C:3D08H         LINE#         266
  C:3D21H         LINE#         267
  -------         ENDPROC       _GETERR
  -------         PROC          _GETERRLAST
  D:0007H         SYMBOL        PID_N
BL51 BANKED LINKER/LOCATER V6.00                                                      07/10/2017  16:38:25  PAGE 75


  C:3D22H         LINE#         277
  C:3D22H         LINE#         278
  C:3D22H         LINE#         279
  C:3D3BH         LINE#         280
  -------         ENDPROC       _GETERRLAST
  -------         PROC          _GETKP
  D:0007H         SYMBOL        PID_N
  C:3D3CH         LINE#         289
  C:3D3CH         LINE#         290
  C:3D3CH         LINE#         291
  C:3D55H         LINE#         292
  -------         ENDPROC       _GETKP
  -------         PROC          _GETKI
  D:0007H         SYMBOL        PID_N
  C:3D56H         LINE#         302
  C:3D56H         LINE#         303
  C:3D56H         LINE#         304
  C:3D6FH         LINE#         305
  -------         ENDPROC       _GETKI
  -------         PROC          _GETKD
  D:0007H         SYMBOL        PID_N
  C:3D70H         LINE#         315
  C:3D70H         LINE#         316
  C:3D70H         LINE#         317
  C:3D89H         LINE#         318
  -------         ENDPROC       _GETKD
  -------         PROC          _GETOUTPUT
  D:0007H         SYMBOL        PID_N
  C:3D8AH         LINE#         328
  C:3D8AH         LINE#         329
  C:3D8AH         LINE#         330
  C:3DA3H         LINE#         331
  -------         ENDPROC       _GETOUTPUT
  -------         PROC          _GETINTEGRAL
  D:0007H         SYMBOL        PID_N
  C:3DA4H         LINE#         341
  C:3DA4H         LINE#         342
  C:3DA4H         LINE#         343
  C:3DBDH         LINE#         344
  -------         ENDPROC       _GETINTEGRAL
  -------         ENDMOD        PID

  -------         MODULE        ?C?FPADD
  C:0EE7H         PUBLIC        ?C?FPADD
  C:0EE3H         PUBLIC        ?C?FPSUB
  -------         ENDMOD        ?C?FPADD

  -------         MODULE        ?C?FPMUL
  C:0FD8H         PUBLIC        ?C?FPMUL
  -------         ENDMOD        ?C?FPMUL

  -------         MODULE        ?C?FPCMP
  C:10E0H         PUBLIC        ?C?FPCMP
  C:10DEH         PUBLIC        ?C?FPCMP3
  -------         ENDMOD        ?C?FPCMP

  -------         MODULE        ?C?FCAST
BL51 BANKED LINKER/LOCATER V6.00                                                      07/10/2017  16:38:25  PAGE 76


  C:1155H         PUBLIC        ?C?FCASTC
  C:1150H         PUBLIC        ?C?FCASTI
  C:114BH         PUBLIC        ?C?FCASTL
  -------         ENDMOD        ?C?FCAST

  -------         MODULE        ?C?CASTF
  C:1189H         PUBLIC        ?C?CASTF
  -------         ENDMOD        ?C?CASTF

  -------         MODULE        ?C?CLDPTR
  C:120AH         PUBLIC        ?C?CLDPTR
  -------         ENDMOD        ?C?CLDPTR

  -------         MODULE        ?C?CLDOPTR
  C:1223H         PUBLIC        ?C?CLDOPTR
  -------         ENDMOD        ?C?CLDOPTR

  -------         MODULE        ?C?CSTPTR
  C:1250H         PUBLIC        ?C?CSTPTR
  -------         ENDMOD        ?C?CSTPTR

  -------         MODULE        ?C?CSTOPTR
  C:1262H         PUBLIC        ?C?CSTOPTR
  -------         ENDMOD        ?C?CSTOPTR

  -------         MODULE        ?C?IMUL
  C:1284H         PUBLIC        ?C?IMUL
  -------         ENDMOD        ?C?IMUL

  -------         MODULE        ?C?UIDIV
  C:1296H         PUBLIC        ?C?UIDIV
  -------         ENDMOD        ?C?UIDIV

  -------         MODULE        ?C?IILDX
  C:12EBH         PUBLIC        ?C?IILDX
  -------         ENDMOD        ?C?IILDX

  -------         MODULE        ?C?ILDIX
  C:1301H         PUBLIC        ?C?ILDIX
  -------         ENDMOD        ?C?ILDIX

  -------         MODULE        ?C?ILDOPTR
  C:1317H         PUBLIC        ?C?ILDOPTR
  -------         ENDMOD        ?C?ILDOPTR

  -------         MODULE        ?C?ULDIV
  C:138BH         PUBLIC        ?C?ULDIV
  -------         ENDMOD        ?C?ULDIV

  -------         MODULE        ?C?SLDIV
  C:357BH         PUBLIC        ?C?SLDIV
  -------         ENDMOD        ?C?SLDIV

  -------         MODULE        ?C?LNEG
  C:141DH         PUBLIC        ?C?LNEG
  -------         ENDMOD        ?C?LNEG

BL51 BANKED LINKER/LOCATER V6.00                                                      07/10/2017  16:38:25  PAGE 77


  -------         MODULE        ?C?ULCMP
  C:142BH         PUBLIC        ?C?ULCMP
  -------         ENDMOD        ?C?ULCMP

  -------         MODULE        ?C?ULSHR
  C:143CH         PUBLIC        ?C?ULSHR
  -------         ENDMOD        ?C?ULSHR

  -------         MODULE        ?C?LLDOPTR0
  C:144FH         PUBLIC        ?C?LLDOPTR0
  -------         ENDMOD        ?C?LLDOPTR0

  -------         MODULE        ?C?LSTXDATA
  C:147FH         PUBLIC        ?C?LSTXDATA
  -------         ENDMOD        ?C?LSTXDATA

  -------         MODULE        ?C?LSTKXDATA
  C:148BH         PUBLIC        ?C?LSTKXDATA
  -------         ENDMOD        ?C?LSTKXDATA

  -------         MODULE        ?C?LLDIDATA0
  C:14BCH         PUBLIC        ?C?LLDIDATA0
  -------         ENDMOD        ?C?LLDIDATA0

  -------         MODULE        ?C?LLDXDATA0
  C:14C9H         PUBLIC        ?C?LLDXDATA0
  -------         ENDMOD        ?C?LLDXDATA0

  -------         MODULE        ?C?LLDPDATA0
  C:14D5H         PUBLIC        ?C?LLDPDATA0
  -------         ENDMOD        ?C?LLDPDATA0

  -------         MODULE        ?C?LLDCODE0
  C:14E2H         PUBLIC        ?C?LLDCODE0
  -------         ENDMOD        ?C?LLDCODE0

*** WARNING L16: UNCALLED SEGMENT, IGNORED FOR OVERLAY PROCESS
    SEGMENT: ?PR?MODE1?MODE

*** WARNING L16: UNCALLED SEGMENT, IGNORED FOR OVERLAY PROCESS
    SEGMENT: ?PR?MODE2?MODE

*** WARNING L16: UNCALLED SEGMENT, IGNORED FOR OVERLAY PROCESS
    SEGMENT: ?PR?MODE3?MODE

*** WARNING L16: UNCALLED SEGMENT, IGNORED FOR OVERLAY PROCESS
    SEGMENT: ?PR?MODE4?MODE

*** WARNING L16: UNCALLED SEGMENT, IGNORED FOR OVERLAY PROCESS
    SEGMENT: ?PR?MODELAUNCHER?MODE

*** WARNING L16: UNCALLED SEGMENT, IGNORED FOR OVERLAY PROCESS
    SEGMENT: ?PR?GETBOARD_LED_STATE?LED

*** WARNING L16: UNCALLED SEGMENT, IGNORED FOR OVERLAY PROCESS
    SEGMENT: ?PR?_BOARD_LED_PWM?LED

BL51 BANKED LINKER/LOCATER V6.00                                                      07/10/2017  16:38:25  PAGE 78


*** WARNING L16: UNCALLED SEGMENT, IGNORED FOR OVERLAY PROCESS
    SEGMENT: ?PR?_SETDC_MOTORSPEED?MOTOR

*** WARNING L16: UNCALLED SEGMENT, IGNORED FOR OVERLAY PROCESS
    SEGMENT: ?PR?_OPEN_DC_MOTOR?MOTOR

*** WARNING L16: UNCALLED SEGMENT, IGNORED FOR OVERLAY PROCESS
    SEGMENT: ?PR?_CLOSE_DC_MOTOR?MOTOR

*** WARNING L16: UNCALLED SEGMENT, IGNORED FOR OVERLAY PROCESS
    SEGMENT: ?PR?_GETDC_MOTORSTATE?MOTOR

*** WARNING L16: UNCALLED SEGMENT, IGNORED FOR OVERLAY PROCESS
    SEGMENT: ?PR?DC_MOTOR_CONFIG?MOTOR

*** WARNING L16: UNCALLED SEGMENT, IGNORED FOR OVERLAY PROCESS
    SEGMENT: ?PR?_SETSTEPMOTORWITHROUND?STEP_MOTOR

*** WARNING L16: UNCALLED SEGMENT, IGNORED FOR OVERLAY PROCESS
    SEGMENT: ?PR?_GETSTEPMOTORSTATE?STEP_MOTOR

*** WARNING L16: UNCALLED SEGMENT, IGNORED FOR OVERLAY PROCESS
    SEGMENT: ?PR?_CLOSE_STEPMOTOR?STEP_MOTOR

*** WARNING L16: UNCALLED SEGMENT, IGNORED FOR OVERLAY PROCESS
    SEGMENT: ?PR?_OPEN_STEPMOTOR?STEP_MOTOR

*** WARNING L16: UNCALLED SEGMENT, IGNORED FOR OVERLAY PROCESS
    SEGMENT: ?PR?_LCD1602_WRITE_WORD?LCD1602

*** WARNING L16: UNCALLED SEGMENT, IGNORED FOR OVERLAY PROCESS
    SEGMENT: ?PR?INIT_LCD1602?LCD1602

*** WARNING L16: UNCALLED SEGMENT, IGNORED FOR OVERLAY PROCESS
    SEGMENT: ?PR?_GETPULSERSTATE?FIXEDPULSER

*** WARNING L16: UNCALLED SEGMENT, IGNORED FOR OVERLAY PROCESS
    SEGMENT: ?PR?PULSERINIT?FIXEDPULSER

*** WARNING L16: UNCALLED SEGMENT, IGNORED FOR OVERLAY PROCESS
    SEGMENT: ?PR?_ADC_POWERCONTROL?ADC

*** WARNING L16: UNCALLED SEGMENT, IGNORED FOR OVERLAY PROCESS
    SEGMENT: ?PR?_SETPINSTATE?GPIO

*** WARNING L16: UNCALLED SEGMENT, IGNORED FOR OVERLAY PROCESS
    SEGMENT: ?PR?_PWMN_UPDATE?PCA

*** WARNING L16: UNCALLED SEGMENT, IGNORED FOR OVERLAY PROCESS
    SEGMENT: ?PR?_PCA_INIT?PCA

*** WARNING L16: UNCALLED SEGMENT, IGNORED FOR OVERLAY PROCESS
    SEGMENT: ?PR?_PWMOUTPUT?PCA

*** WARNING L16: UNCALLED SEGMENT, IGNORED FOR OVERLAY PROCESS
    SEGMENT: ?PR?_GET_PWM_PERIOD?STC15_PWM

BL51 BANKED LINKER/LOCATER V6.00                                                      07/10/2017  16:38:25  PAGE 79


*** WARNING L16: UNCALLED SEGMENT, IGNORED FOR OVERLAY PROCESS
    SEGMENT: ?PR?_GET_PWM_N_DUTY?STC15_PWM

*** WARNING L16: UNCALLED SEGMENT, IGNORED FOR OVERLAY PROCESS
    SEGMENT: ?PR?OPEN_PWM_ALL?STC15_PWM

*** WARNING L16: UNCALLED SEGMENT, IGNORED FOR OVERLAY PROCESS
    SEGMENT: ?PR?CLOSE_PWM_ALL?STC15_PWM

*** WARNING L16: UNCALLED SEGMENT, IGNORED FOR OVERLAY PROCESS
    SEGMENT: ?PR?_OPEN_PWM_N?STC15_PWM

*** WARNING L16: UNCALLED SEGMENT, IGNORED FOR OVERLAY PROCESS
    SEGMENT: ?PR?_CLOSE_PWM_N?STC15_PWM

*** WARNING L16: UNCALLED SEGMENT, IGNORED FOR OVERLAY PROCESS
    SEGMENT: ?PR?_GET_PWM_N_STATE?STC15_PWM

*** WARNING L16: UNCALLED SEGMENT, IGNORED FOR OVERLAY PROCESS
    SEGMENT: ?PR?_SETTIMEOUT?TIMER

*** WARNING L16: UNCALLED SEGMENT, IGNORED FOR OVERLAY PROCESS
    SEGMENT: ?PR?_GETTIMEROUT?TIMER

*** WARNING L16: UNCALLED SEGMENT, IGNORED FOR OVERLAY PROCESS
    SEGMENT: ?PR?_SETTIMERHERTZ?TIMER

*** WARNING L16: UNCALLED SEGMENT, IGNORED FOR OVERLAY PROCESS
    SEGMENT: ?PR?_GETTIMERHERTZ?TIMER

*** WARNING L16: UNCALLED SEGMENT, IGNORED FOR OVERLAY PROCESS
    SEGMENT: ?PR?_STOPTIMER?TIMER

*** WARNING L16: UNCALLED SEGMENT, IGNORED FOR OVERLAY PROCESS
    SEGMENT: ?PR?_ISSTOPPED?TIMER

*** WARNING L16: UNCALLED SEGMENT, IGNORED FOR OVERLAY PROCESS
    SEGMENT: ?PR?_ONRESTARTTIMER?TIMER

*** WARNING L16: UNCALLED SEGMENT, IGNORED FOR OVERLAY PROCESS
    SEGMENT: ?PR?GETMICROS?TIMER

*** WARNING L16: UNCALLED SEGMENT, IGNORED FOR OVERLAY PROCESS
    SEGMENT: ?PR?GETMILLIS?TIMER

*** WARNING L16: UNCALLED SEGMENT, IGNORED FOR OVERLAY PROCESS
    SEGMENT: ?PR?GETSECONDS?TIMER

*** WARNING L16: UNCALLED SEGMENT, IGNORED FOR OVERLAY PROCESS
    SEGMENT: ?PR?GETMINUTES?TIMER

*** WARNING L16: UNCALLED SEGMENT, IGNORED FOR OVERLAY PROCESS
    SEGMENT: ?PR?GETHOURS?TIMER

*** WARNING L16: UNCALLED SEGMENT, IGNORED FOR OVERLAY PROCESS
    SEGMENT: ?PR?GETDAYS?TIMER

BL51 BANKED LINKER/LOCATER V6.00                                                      07/10/2017  16:38:25  PAGE 80


*** WARNING L16: UNCALLED SEGMENT, IGNORED FOR OVERLAY PROCESS
    SEGMENT: ?PR?_PRINTSTRING2?USART1

*** WARNING L16: UNCALLED SEGMENT, IGNORED FOR OVERLAY PROCESS
    SEGMENT: ?PR?_PRINTSTRING3?USART1

*** WARNING L16: UNCALLED SEGMENT, IGNORED FOR OVERLAY PROCESS
    SEGMENT: ?PR?_PRINTSTRING4?USART1

*** WARNING L16: UNCALLED SEGMENT, IGNORED FOR OVERLAY PROCESS
    SEGMENT: ?PR?_EEPROM_READ_N?STC15_EEPROM

*** WARNING L16: UNCALLED SEGMENT, IGNORED FOR OVERLAY PROCESS
    SEGMENT: ?PR?_EEPROM_SECTORERASE?STC15_EEPROM

*** WARNING L16: UNCALLED SEGMENT, IGNORED FOR OVERLAY PROCESS
    SEGMENT: ?PR?_EEPROM_WRITE_N?STC15_EEPROM

*** WARNING L16: UNCALLED SEGMENT, IGNORED FOR OVERLAY PROCESS
    SEGMENT: ?PR?_PID_CONFIG?PID

*** WARNING L16: UNCALLED SEGMENT, IGNORED FOR OVERLAY PROCESS
    SEGMENT: ?PR?_OPENPID?PID

*** WARNING L16: UNCALLED SEGMENT, IGNORED FOR OVERLAY PROCESS
    SEGMENT: ?PR?_CLOSEPID?PID

*** WARNING L16: UNCALLED SEGMENT, IGNORED FOR OVERLAY PROCESS
    SEGMENT: ?PR?_PID?PID

*** WARNING L16: UNCALLED SEGMENT, IGNORED FOR OVERLAY PROCESS
    SEGMENT: ?PR?_SETPARAMETERINFERIORLIMIT?PID

*** WARNING L16: UNCALLED SEGMENT, IGNORED FOR OVERLAY PROCESS
    SEGMENT: ?PR?_SETPARAMETERUPPERLIMIT?PID

*** WARNING L16: UNCALLED SEGMENT, IGNORED FOR OVERLAY PROCESS
    SEGMENT: ?PR?_SETACTUALPARAMETER?PID

*** WARNING L16: UNCALLED SEGMENT, IGNORED FOR OVERLAY PROCESS
    SEGMENT: ?PR?_SETKI?PID

*** WARNING L16: UNCALLED SEGMENT, IGNORED FOR OVERLAY PROCESS
    SEGMENT: ?PR?_SETKP?PID

*** WARNING L16: UNCALLED SEGMENT, IGNORED FOR OVERLAY PROCESS
    SEGMENT: ?PR?_SETKD?PID

*** WARNING L16: UNCALLED SEGMENT, IGNORED FOR OVERLAY PROCESS
    SEGMENT: ?PR?_SETPARAMETER?PID

*** WARNING L16: UNCALLED SEGMENT, IGNORED FOR OVERLAY PROCESS
    SEGMENT: ?PR?_GETPARAMETER?PID

*** WARNING L16: UNCALLED SEGMENT, IGNORED FOR OVERLAY PROCESS
    SEGMENT: ?PR?_GETERR?PID

BL51 BANKED LINKER/LOCATER V6.00                                                      07/10/2017  16:38:25  PAGE 81


*** WARNING L16: UNCALLED SEGMENT, IGNORED FOR OVERLAY PROCESS
    SEGMENT: ?PR?_GETERRLAST?PID

*** WARNING L16: UNCALLED SEGMENT, IGNORED FOR OVERLAY PROCESS
    SEGMENT: ?PR?_GETKP?PID

*** WARNING L16: UNCALLED SEGMENT, IGNORED FOR OVERLAY PROCESS
    SEGMENT: ?PR?_GETKI?PID

*** WARNING L16: UNCALLED SEGMENT, IGNORED FOR OVERLAY PROCESS
    SEGMENT: ?PR?_GETKD?PID

*** WARNING L16: UNCALLED SEGMENT, IGNORED FOR OVERLAY PROCESS
    SEGMENT: ?PR?_GETOUTPUT?PID

*** WARNING L16: UNCALLED SEGMENT, IGNORED FOR OVERLAY PROCESS
    SEGMENT: ?PR?_GETINTEGRAL?PID

*** WARNING L15: MULTIPLE CALL TO SEGMENT
    SEGMENT: ?PR?GETANGLE?ANGLE
    CALLER1: ?PR?TASK8?ABSTASK
    CALLER2: ?PR?TASK9?ABSTASK

*** WARNING L15: MULTIPLE CALL TO SEGMENT
    SEGMENT: ?PR?_FILTER?ANGLE
    CALLER1: ?PR?TASK8?ABSTASK
    CALLER2: ?PR?TASK9?ABSTASK

******************************************************************************
* RESTRICTED VERSION WITH FFFFH BYTE CODE SIZE LIMIT; USED: 2F3EH BYTE (18%) *
******************************************************************************

Program Size: data=46.4 xdata=1626 code=14249
LINK/LOCATE RUN COMPLETE.  72 WARNING(S),  0 ERROR(S)
