BL51 BANKED LINKER/LOCATER V6.00                                                        07/11/2017  19:26:10  PAGE 1


BL51 BANKED LINKER/LOCATER V6.00, INVOKED BY:
C:\KEIL_V5\C51\BIN\BL51.EXE .\absTask.obj, .\task.obj, .\setup.obj, .\mode.obj, .\Conf_tny.obj, .\DataScope_DP.obj, .\st
>> orage.obj, .\BUTTON.obj, .\LED.obj, .\MOTOR.obj, .\SERVO.obj, .\STEP_MOTOR.obj, .\RELAY.obj, .\ANGLE.obj, .\MPU6050.o
>> bj, .\LCD1602.obj, .\MPU9250.obj, .\74HC595.obj, .\fixedPulser.obj, .\ADC.obj, .\delay.obj, .\GPIO.obj, .\PCA.obj, .\
>> stc15_pwm.obj, .\timer.obj, .\USART1.obj, .\stc15_eeprom.obj, .\PID.obj, .\FILTER.obj TO 电子大赛程序框架 RTX51TINY R
>> AMSIZE (256)


MEMORY MODEL: LARGE WITH FLOATING POINT ARITHMETIC


INPUT MODULES INCLUDED:
  .\absTask.obj (ABSTASK)
  .\task.obj (TASK)
  .\setup.obj (SETUP)
  .\mode.obj (MODE)
  .\Conf_tny.obj (?RTX51_TINY_KERNAL)
  .\DataScope_DP.obj (DATASCOPE_DP)
  .\storage.obj (STORAGE)
  .\BUTTON.obj (BUTTON)
  .\LED.obj (LED)
  .\MOTOR.obj (MOTOR)
  .\SERVO.obj (SERVO)
  .\STEP_MOTOR.obj (STEP_MOTOR)
  .\RELAY.obj (RELAY)
  .\ANGLE.obj (ANGLE)
  .\MPU6050.obj (MPU6050)
  .\LCD1602.obj (LCD1602)
  .\MPU9250.obj (MPU9250)
  .\74HC595.obj (74HC595)
  .\fixedPulser.obj (FIXEDPULSER)
  .\ADC.obj (ADC)
  .\delay.obj (DELAY)
  .\GPIO.obj (GPIO)
  .\PCA.obj (PCA)
  .\stc15_pwm.obj (STC15_PWM)
  .\timer.obj (TIMER)
  .\USART1.obj (USART1)
  .\stc15_eeprom.obj (STC15_EEPROM)
  .\PID.obj (PID)
  .\FILTER.obj (FILTER)
  C:\KEIL_V5\C51\LIB\RTX51TNY.LIB (?RTX51_TINY_OS_CREATE)
  C:\KEIL_V5\C51\LIB\RTX51TNY.LIB (?RTX51_TINY_OS_DELETE)
  C:\KEIL_V5\C51\LIB\RTX51TNY.LIB (?RTX51_TINY_OS_WAIT)
  C:\KEIL_V5\C51\LIB\C51FPL.LIB (?C?FPADD)
  C:\KEIL_V5\C51\LIB\C51FPL.LIB (?C?FPMUL)
  C:\KEIL_V5\C51\LIB\C51FPL.LIB (?C?FPDIV)
  C:\KEIL_V5\C51\LIB\C51FPL.LIB (?C?FPCMP)
  C:\KEIL_V5\C51\LIB\C51FPL.LIB (?C?FCAST)
  C:\KEIL_V5\C51\LIB\C51FPL.LIB (?C?CASTF)
  C:\KEIL_V5\C51\LIB\C51FPL.LIB (?C?FPGETOPN)
  C:\KEIL_V5\C51\LIB\C51L.LIB (?C_STARTUP)
  C:\KEIL_V5\C51\LIB\C51L.LIB (?C?CLDPTR)
  C:\KEIL_V5\C51\LIB\C51L.LIB (?C?CLDOPTR)
  C:\KEIL_V5\C51\LIB\C51L.LIB (?C?CSTPTR)
  C:\KEIL_V5\C51\LIB\C51L.LIB (?C?CSTOPTR)
  C:\KEIL_V5\C51\LIB\C51L.LIB (?C?IMUL)
  C:\KEIL_V5\C51\LIB\C51L.LIB (?C?UIDIV)
BL51 BANKED LINKER/LOCATER V6.00                                                      07/11/2017  19:26:10  PAGE 2


  C:\KEIL_V5\C51\LIB\C51L.LIB (?C?SIDIV)
  C:\KEIL_V5\C51\LIB\C51L.LIB (?C?IILDX)
  C:\KEIL_V5\C51\LIB\C51L.LIB (?C?ILDIX)
  C:\KEIL_V5\C51\LIB\C51L.LIB (?C?ILDOPTR)
  C:\KEIL_V5\C51\LIB\C51L.LIB (?C?ULDIV)
  C:\KEIL_V5\C51\LIB\C51L.LIB (?C?SLDIV)
  C:\KEIL_V5\C51\LIB\C51L.LIB (?C?LNEG)
  C:\KEIL_V5\C51\LIB\C51L.LIB (?C?ULCMP)
  C:\KEIL_V5\C51\LIB\C51L.LIB (?C?ULSHR)
  C:\KEIL_V5\C51\LIB\C51L.LIB (?C?LLDOPTR0)
  C:\KEIL_V5\C51\LIB\C51L.LIB (?C?LSTXDATA)
  C:\KEIL_V5\C51\LIB\C51L.LIB (?C?LSTKXDATA)
  C:\KEIL_V5\C51\LIB\C51L.LIB (?C_INIT)
  C:\KEIL_V5\C51\LIB\C51L.LIB (?C?LLDIDATA0)
  C:\KEIL_V5\C51\LIB\C51L.LIB (?C?LLDXDATA0)
  C:\KEIL_V5\C51\LIB\C51L.LIB (?C?LLDPDATA0)
  C:\KEIL_V5\C51\LIB\C51L.LIB (?C?LLDCODE0)


TASK TABLE OF MODULE:  电子大赛程序框架 (ABSTASK)

TASKID   PRIORITY   REG-BANK   SEGMENT NAME
-------------------------------------------
0        0          0          ?PR?TASKSTART?ABSTASK
1        0          0          ?PR?TASK1?ABSTASK
2        0          0          ?PR?TASK2?ABSTASK
3        0          0          ?PR?TASK3?ABSTASK
5        0          0          ?PR?TASK5?ABSTASK
6        0          0          ?PR?TASK6?ABSTASK
7        0          0          ?PR?TASK7?ABSTASK
8        0          0          ?PR?TASK8?ABSTASK
9        0          0          ?PR?TASK9?ABSTASK



LINK MAP OF MODULE:  电子大赛程序框架 (ABSTASK)


            TYPE    BASE      LENGTH    RELOCATION   SEGMENT NAME
            -----------------------------------------------------

            * * * * * * *   D A T A   M E M O R Y   * * * * * * *
            REG     0000H     0008H     ABSOLUTE     "REG BANK 0"
            DATA    0008H     0006H     ABSOLUTE     
            IDATA   000EH     000AH     UNIT         ?RTX?TASKSP?S
                    0018H     0008H                  *** GAP ***
            BIT     0020H.0   0000H.4   UNIT         ?BI?BUTTON
            BIT     0020H.4   0000H.3   UNIT         ?BI?PCA
            BIT     0020H.7   0000H.2   UNIT         _BIT_GROUP_
            BIT     0021H.1   0000H.1   UNIT         ?RTX?BITS
            BIT     0021H.2   0000H.1   UNIT         ?BI?LED
            BIT     0021H.3   0000H.1   UNIT         ?BI?_SETPINSTATE?GPIO
                    0021H.4   0000H.4                *** GAP ***
            IDATA   0022H     0014H     UNIT         ?RTX?TASKSTATE?S
            IDATA   0036H     0001H     UNIT         ?STACK

            * * * * * * *  X D A T A   M E M O R Y  * * * * * * *
BL51 BANKED LINKER/LOCATER V6.00                                                      07/11/2017  19:26:10  PAGE 3


            XDATA   0000H     028CH     UNIT         ?XD?USART1
            XDATA   028CH     021EH     UNIT         _XDATA_GROUP_
            XDATA   04AAH     0072H     UNIT         ?XD?PID
            XDATA   051CH     0036H     UNIT         ?XD?STC15_PWM
            XDATA   0552H     002AH     UNIT         ?XD?DATASCOPE_DP
            XDATA   057CH     0018H     UNIT         ?XD?MPU9250
            XDATA   0594H     0016H     UNIT         ?XD?TIMER
            XDATA   05AAH     0015H     UNIT         ?XD?PCA
            XDATA   05BFH     0012H     UNIT         ?XD?DC_MOTOR_CONFIG?MOTOR
            XDATA   05D1H     0010H     UNIT         ?XD?PULSERINIT?FIXEDPULSER
            XDATA   05E1H     000DH     UNIT         ?XD?_PID_CONFIG?PID
            XDATA   05EEH     000CH     UNIT         ?XD?STEP_MOTOR
            XDATA   05FAH     000CH     UNIT         ?XD?FIXEDPULSER
            XDATA   0606H     0008H     UNIT         ?XD?ANGLE
            XDATA   060EH     0007H     UNIT         ?XD?_PWM_SET_T12_PERIOD?STC15_PWM
            XDATA   0615H     0007H     UNIT         ?XD?_EEPROM_READ_N?STC15_EEPROM
            XDATA   061CH     0007H     UNIT         ?XD?_EEPROM_WRITE_N?STC15_EEPROM
            XDATA   0623H     0005H     UNIT         ?XD?_SETDC_MOTORSPEED?MOTOR
            XDATA   0628H     0005H     UNIT         ?XD?_SETPULSE?FIXEDPULSER
            XDATA   062DH     0005H     UNIT         ?XD?_SET_PWM_DUTY?STC15_PWM
            XDATA   0632H     0005H     UNIT         ?XD?_SETPARAMETERINFERIORLIMIT?PID
            XDATA   0637H     0005H     UNIT         ?XD?_SETPARAMETERUPPERLIMIT?PID
            XDATA   063CH     0005H     UNIT         ?XD?_SETACTUALPARAMETER?PID
            XDATA   0641H     0005H     UNIT         ?XD?_SETKI?PID
            XDATA   0646H     0005H     UNIT         ?XD?_SETKP?PID
            XDATA   064BH     0005H     UNIT         ?XD?_SETKD?PID
            XDATA   0650H     0005H     UNIT         ?XD?_SETPARAMETER?PID
            XDATA   0655H     0004H     UNIT         ?XD?ABSTASK
            XDATA   0659H     0004H     UNIT         ?XD?MOTOR
            XDATA   065DH     0004H     UNIT         ?XD?_SETSTEPMOTORWITHROUND?STEP_MOTOR
            XDATA   0661H     0004H     UNIT         ?XD?_I2C_MAG_WRITE?MPU9250
            XDATA   0665H     0003H     UNIT         ?XD?_LCD1602_WRITE_WORD?LCD1602
            XDATA   0668H     0003H     UNIT         ?XD?READ_MPU9250_MAG?MPU9250
            XDATA   066BH     0003H     UNIT         ?XD?_I2C_MAG_READ?MPU9250
            XDATA   066EH     0003H     UNIT         ?XD?_PCA_INIT?PCA
            XDATA   0671H     0003H     UNIT         ?XD?_PWMOUTPUT?PCA
            XDATA   0674H     0002H     UNIT         ?XD?_MPU9250_WRITE_REG?MPU9250
            XDATA   0676H     0002H     UNIT         ?XD?_PWM_INILIZE?STC15_PWM
            XDATA   0678H     0001H     UNIT         ?XD?_BOARD_LED_PWM?LED
            XDATA   0679H     0001H     UNIT         ?XD?_CLOSE_STEPMOTOR?STEP_MOTOR
            XDATA   067AH     0001H     UNIT         ?XD?_OPEN_STEPMOTOR?STEP_MOTOR
            XDATA   067BH     0001H     UNIT         ?XD?_LCD1602_WRITE_CHAR?LCD1602
            XDATA   067CH     0001H     UNIT         ?XD?_LCD1602_WRITE_COM?LCD1602
            XDATA   067DH     0001H     UNIT         ?XD?_SPI1_READWRITEBYTE?MPU9250
            XDATA   067EH     0001H     UNIT         ?XD?_HC595SENDDATA?74HC595
            XDATA   067FH     0001H     UNIT         ?XD?_PID?PID

            * * * * * * *   C O D E   M E M O R Y   * * * * * * *
            CODE    0000H     0003H     ABSOLUTE     
                    0003H     0008H                  *** GAP ***
            CODE    000BH     0003H     ABSOLUTE     
                    000EH     000DH                  *** GAP ***
            CODE    001BH     0003H     ABSOLUTE     
                    001EH     0005H                  *** GAP ***
            CODE    0023H     0003H     ABSOLUTE     
                    0026H     0005H                  *** GAP ***
            CODE    002BH     0003H     ABSOLUTE     
BL51 BANKED LINKER/LOCATER V6.00                                                      07/11/2017  19:26:10  PAGE 4


                    002EH     000DH                  *** GAP ***
            CODE    003BH     0003H     ABSOLUTE     
                    003EH     0005H                  *** GAP ***
            CODE    0043H     0003H     ABSOLUTE     
                    0046H     0045H                  *** GAP ***
            CODE    008BH     0003H     ABSOLUTE     
                    008EH     0005H                  *** GAP ***
            CODE    0093H     0003H     ABSOLUTE     
                    0096H     0005H                  *** GAP ***
            CODE    009BH     0003H     ABSOLUTE     
                    009EH     0005H                  *** GAP ***
            CODE    00A3H     0003H     ABSOLUTE     
                    00A6H     000DH                  *** GAP ***
            CODE    00B3H     0003H     ABSOLUTE     
                    00B6H     074AH                  *** GAP ***
            CODE    0800H     06E8H     UNIT         ?C?LIB_CODE
            CODE    0EE8H     06E0H     UNIT         ?PR?_USART_CONFIGURATION?USART1
            CODE    15C8H     0386H     UNIT         ?PR?_PWM_INILIZE?STC15_PWM
            CODE    194EH     02E3H     UNIT         ?RTX?CODE
            CODE    1C31H     0233H     UNIT         ?PR?_TIMER_INILIZE?TIMER
            CODE    1E64H     01DAH     UNIT         ?PR?_PID?PID
            CODE    203EH     01C4H     UNIT         ?PR?_GPIO_INILIZE?GPIO
            CODE    2202H     019FH     UNIT         ?PR?_PCA_INIT?PCA
            CODE    23A1H     015BH     UNIT         ?PR?_PID_CONFIG?PID
            CODE    24FCH     013DH     UNIT         ?PR?_PWMOUTPUT?PCA
            CODE    2639H     0137H     UNIT         ?PR?_PWM_SET_T12_PERIOD?STC15_PWM
            CODE    2770H     0136H     UNIT         ?PR?_FILTER?FILTER
            CODE    28A6H     0134H     UNIT         ?PR?_DATASCOPE_GET_CHANNEL_DATA?DATASCOPE_DP
            CODE    29DAH     012DH     UNIT         ?PR?READ_MPU9250_MAG?MPU9250
            CODE    2B07H     00C1H     UNIT         ?PR?READ_MPU9250_GYRO?MPU9250
            CODE    2BC8H     00BCH     UNIT         ?PR?_SET_PWM_DUTY?STC15_PWM
            CODE    2C84H     00B1H     UNIT         ?CO?TIMER
            CODE    2D35H     00AEH     UNIT         ?PR?_PWMN_UPDATE?PCA
            CODE    2DE3H     00AAH     UNIT         ?PR?_FLOAT2BYTE?DATASCOPE_DP
            CODE    2E8DH     00A9H     UNIT         ?PR?TIMERINIT?TIMER
            CODE    2F36H     00A5H     UNIT         ?PR?_DATASCOPE_DATA_GENERATE?DATASCOPE_DP
            CODE    2FDBH     00A3H     UNIT         ?PR?PCA_HANDLER?PCA
            CODE    307EH     009AH     UNIT         ?PR?READ_MPU9250_ACCEL?MPU9250
            CODE    3118H     0092H     UNIT         ?PR?_SETDC_MOTORSPEED?MOTOR
            CODE    31AAH     008CH     UNIT         ?C_C51STARTUP
            CODE    3236H     008AH     UNIT         ?PR?TIMER4_INT?TIMER
            CODE    32C0H     0085H     UNIT         ?PR?UART2_INT?USART1
            CODE    3345H     0085H     UNIT         ?PR?UART3_INT?USART1
            CODE    33CAH     0085H     UNIT         ?PR?UART4_INT?USART1
            CODE    344FH     0082H     UNIT         ?C_INITSEG
            CODE    34D1H     007FH     UNIT         ?PR?UART1_INT?USART1
            CODE    3550H     007AH     UNIT         ?PR?GETANGLE?ANGLE
            CODE    35CAH     006BH     UNIT         ?PR?DC_MOTOR_CONFIG?MOTOR
            CODE    3635H     0064H     UNIT         ?PR?PULSERINIT?FIXEDPULSER
            CODE    3699H     005EH     UNIT         ?PR?_GET_ADC10BITRESULT?ADC
            CODE    36F7H     005BH     UNIT         ?PR?INIT_MPU9250?MPU9250
            CODE    3752H     0057H     UNIT         ?PR?BUTTONSCAN?BUTTON
            CODE    37A9H     0056H     UNIT         ?PR?_SETPULSE?FIXEDPULSER
            CODE    37FFH     0053H     UNIT         ?PR?PWM_ROUTINE?FIXEDPULSER
            CODE    3852H     0053H     UNIT         ?PR?_ADC_INILIZE?ADC
            CODE    38A5H     0048H     UNIT         ?PR?TIMER3_INT?TIMER
            CODE    38EDH     0047H     UNIT         ?PR?TIMER1_ISR?TIMER
BL51 BANKED LINKER/LOCATER V6.00                                                      07/11/2017  19:26:10  PAGE 5


            CODE    3934H     0044H     UNIT         ?C?LDIV
            CODE    3978H     003FH     UNIT         ?PR?_EEPROM_READ_N?STC15_EEPROM
            CODE    39B7H     003FH     UNIT         ?PR?_EEPROM_WRITE_N?STC15_EEPROM
            CODE    39F6H     003DH     UNIT         ?PR?_I2C_MAG_READ?MPU9250
            CODE    3A33H     003AH     UNIT         ?PR?_I2C_MAG_WRITE?MPU9250
            CODE    3A6DH     0039H     UNIT         ?PR?_SENDSCOPEDATA?DATASCOPE_DP
            CODE    3AA6H     0031H     UNIT         ?PR?_SETSTEPMOTORWITHROUND?STEP_MOTOR
            CODE    3AD7H     002FH     UNIT         ?PR?_LCD1602_WRITE_WORD?LCD1602
            CODE    3B06H     002CH     UNIT         ?PR?_UART1_INIT?SETUP
            CODE    3B32H     002AH     UNIT         ?PR?_OPENPULSER?FIXEDPULSER
            CODE    3B5CH     002AH     UNIT         ?PR?_CLOSEPULSER?FIXEDPULSER
            CODE    3B86H     0028H     UNIT         ?PR?BOARD_LED_INIT?LED
            CODE    3BAEH     0028H     UNIT         ?PR?_TX2_WRITE2BUFF?USART1
            CODE    3BD6H     0028H     UNIT         ?PR?_TX3_WRITE2BUFF?USART1
            CODE    3BFEH     0028H     UNIT         ?PR?_TX4_WRITE2BUFF?USART1
            CODE    3C26H     0027H     UNIT         ?PR?_OPEN_DC_MOTOR?MOTOR
            CODE    3C4DH     0027H     UNIT         ?PR?_CLOSE_DC_MOTOR?MOTOR
            CODE    3C74H     0027H     UNIT         ?PR?_TX1_WRITE2BUFF?USART1
            CODE    3C9BH     0026H     UNIT         ?PR?TASKSTART?ABSTASK
            CODE    3CC1H     0025H     UNIT         ?PR?TASK8?ABSTASK
            CODE    3CE6H     0025H     UNIT         ?PR?_SET_PWM_PERIOD?STC15_PWM
            CODE    3D0BH     0025H     UNIT         ?PR?_OPEN_PWM_N?STC15_PWM
            CODE    3D30H     0025H     UNIT         ?PR?_CLOSE_PWM_N?STC15_PWM
            CODE    3D55H     0025H     UNIT         ?PR?_PWM_SET_PERIOD?STC15_PWM
            CODE    3D7AH     0025H     UNIT         ?PR?_SETTIMEOUT?TIMER
            CODE    3D9FH     0022H     UNIT         ?PR?_BLINK?LED
            CODE    3DC1H     0021H     UNIT         ?PR?_SETPARAMETERINFERIORLIMIT?PID
            CODE    3DE2H     0021H     UNIT         ?PR?_SETPARAMETERUPPERLIMIT?PID
            CODE    3E03H     0021H     UNIT         ?PR?_SETACTUALPARAMETER?PID
            CODE    3E24H     0021H     UNIT         ?PR?_SETKI?PID
            CODE    3E45H     0021H     UNIT         ?PR?_SETKP?PID
            CODE    3E66H     0021H     UNIT         ?PR?_SETKD?PID
            CODE    3E87H     0021H     UNIT         ?PR?_SETPARAMETER?PID
            CODE    3EA8H     0020H     UNIT         ?PR?_RESTARTTIMER?TIMER
            CODE    3EC8H     0020H     UNIT         ?PR?_EEPROM_SECTORERASE?STC15_EEPROM
            CODE    3EE8H     001FH     UNIT         ?PR?BUTTON_CONFIG?BUTTON
            CODE    3F07H     001FH     UNIT         ?PR?_ISEXPIREDTIMER?TIMER
            CODE    3F26H     001FH     UNIT         ?PR?_ISSTOPPED?TIMER
            CODE    3F45H     001EH     UNIT         ?PR?SETUP?SETUP
            CODE    3F63H     001EH     UNIT         ?PR?LCD1602_GPIO_CONFIG?LCD1602
            CODE    3F81H     001DH     UNIT         ?PR?_GETBUTTONSTATE?BUTTON
            CODE    3F9EH     001DH     UNIT         ?PR?_OPEN_STEPMOTOR?STEP_MOTOR
            CODE    3FBBH     001DH     UNIT         ?PR?LCD1602_INIT?LCD1602
            CODE    3FD8H     001DH     UNIT         ?PR?_ISACTIVETIMER?TIMER
            CODE    3FF5H     001CH     UNIT         ?PR?_CLOSE_STEPMOTOR?STEP_MOTOR
            CODE    4011H     001CH     UNIT         ?PR?_ADC_CONFIG?ANGLE
            CODE    402DH     001CH     UNIT         ?PR?_LCD1602_WRITE_CHAR?LCD1602
            CODE    4049H     001CH     UNIT         ?PR?_LCD1602_WRITE_COM?LCD1602
            CODE    4065H     001CH     UNIT         ?PR?_SETTIMERHERTZ?TIMER
            CODE    4081H     001BH     UNIT         ?PR?TASK7?ABSTASK
            CODE    409CH     001BH     UNIT         ?PR?_MPU9250_WRITE_REG?MPU9250
            CODE    40B7H     001AH     UNIT         ?PR?TASK9?ABSTASK
            CODE    40D1H     001AH     UNIT         ?PR?_GET_PWM_PERIOD?STC15_PWM
            CODE    40EBH     001AH     UNIT         ?PR?_GET_PWM_N_DUTY?STC15_PWM
            CODE    4105H     001AH     UNIT         ?PR?_GETTIMEROUT?TIMER
            CODE    411FH     001AH     UNIT         ?PR?_GETTIMERHERTZ?TIMER
            CODE    4139H     001AH     UNIT         ?PR?_GETPARAMETER?PID
BL51 BANKED LINKER/LOCATER V6.00                                                      07/11/2017  19:26:10  PAGE 6


            CODE    4153H     001AH     UNIT         ?PR?_GETERR?PID
            CODE    416DH     001AH     UNIT         ?PR?_GETERRLAST?PID
            CODE    4187H     001AH     UNIT         ?PR?_GETKP?PID
            CODE    41A1H     001AH     UNIT         ?PR?_GETKI?PID
            CODE    41BBH     001AH     UNIT         ?PR?_GETKD?PID
            CODE    41D5H     001AH     UNIT         ?PR?_GETOUTPUT?PID
            CODE    41EFH     001AH     UNIT         ?PR?_GETINTEGRAL?PID
            CODE    4209H     0019H     UNIT         ?PR?TASK5?ABSTASK
            CODE    4222H     0019H     UNIT         ?PR?_STOPTIMER?TIMER
            CODE    423BH     0017H     UNIT         ?PR?_PRINTSTRING1?USART1
            CODE    4252H     0014H     UNIT         ?RTX?TASKENT?S
            CODE    4266H     0013H     UNIT         ?PR?TASK6?ABSTASK
            CODE    4279H     0013H     UNIT         ?PR?_PRINTSTRING2?USART1
            CODE    428CH     0013H     UNIT         ?PR?_PRINTSTRING3?USART1
            CODE    429FH     0013H     UNIT         ?PR?_PRINTSTRING4?USART1
            CODE    42B2H     0012H     UNIT         ?PR?_GETSTEPMOTORSTATE?STEP_MOTOR
            CODE    42C4H     0012H     UNIT         ?PR?_GETPULSERSTATE?FIXEDPULSER
            CODE    42D6H     0012H     UNIT         ?PR?_GET_PWM_N_STATE?STC15_PWM
            CODE    42E8H     0012H     UNIT         ?PR?_OPENPID?PID
            CODE    42FAH     0011H     UNIT         ?PR?_SETSTEPMOTORWITHANGLE?STEP_MOTOR
            CODE    430BH     0011H     UNIT         ?PR?_HC595SENDDATA?74HC595
            CODE    431CH     0011H     UNIT         ?PR?_CLOSEPID?PID
            CODE    432DH     0010H     UNIT         ?PR?_GETDC_MOTORSTATE?MOTOR
            CODE    433DH     0010H     UNIT         ?PR?_DELAY_MS?DELAY
            CODE    434DH     000EH     UNIT         ?PR?_ONRESTARTTIMER?TIMER
            CODE    435BH     000EH     UNIT         ?PR?DISABLEEEPROM?STC15_EEPROM
            CODE    4369H     000DH     UNIT         ?PR?_MPU9250_READ_REG?MPU9250
            CODE    4376H     000CH     UNIT         ?PR?_ADC_POWERCONTROL?ADC
            CODE    4382H     000AH     UNIT         ?PR?_DIGITALREAD?BUTTON
            CODE    438CH     000AH     UNIT         ?PR?OPEN_PWM_ALL?STC15_PWM
            CODE    4396H     000AH     UNIT         ?PR?CLOSE_PWM_ALL?STC15_PWM
            CODE    43A0H     0009H     UNIT         ?PR?GETMICROS?TIMER
            CODE    43A9H     0009H     UNIT         ?PR?GETMILLIS?TIMER
            CODE    43B2H     0006H     UNIT         ?PR?_BOARD_LED_PWM?LED
            CODE    43B8H     0006H     UNIT         ?PR?_SPI1_READWRITEBYTE?MPU9250
            CODE    43BEH     0006H     UNIT         ?PR?GETSECONDS?TIMER
            CODE    43C4H     0006H     UNIT         ?PR?GETMINUTES?TIMER
            CODE    43CAH     0006H     UNIT         ?PR?GETHOURS?TIMER
            CODE    43D0H     0006H     UNIT         ?PR?GETDAYS?TIMER
            CODE    43D6H     0005H     UNIT         ?PR?OPEN_BOARD_LED?LED
            CODE    43DBH     0005H     UNIT         ?PR?CLOSE_BOARD_LED?LED
            CODE    43E0H     0004H     UNIT         ?PR?ADC_INT?ADC
            CODE    43E4H     0003H     UNIT         ?PR?GETBOARD_LED_STATE?LED
            CODE    43E7H     0003H     UNIT         ?PR?_SETPINSTATE?GPIO
            CODE    43EAH     0002H     UNIT         ?PR?TASK1?ABSTASK
            CODE    43ECH     0002H     UNIT         ?PR?TASK3?ABSTASK
            CODE    43EEH     0001H     UNIT         ?PR?TASK2?ABSTASK
            CODE    43EFH     0001H     UNIT         ?PR?MODE1?MODE
            CODE    43F0H     0001H     UNIT         ?PR?MODE2?MODE
            CODE    43F1H     0001H     UNIT         ?PR?MODE3?MODE
            CODE    43F2H     0001H     UNIT         ?PR?MODE4?MODE
            CODE    43F3H     0001H     UNIT         ?PR?MODELAUNCHER?MODE
            CODE    43F4H     0001H     UNIT         ?PR?SPI_INIT?MPU9250
            CODE    43F5H     0001H     UNIT         ?PR?HC595_INIT?74HC595



BL51 BANKED LINKER/LOCATER V6.00                                                      07/11/2017  19:26:10  PAGE 7


OVERLAY MAP OF MODULE:   电子大赛程序框架 (ABSTASK)


SEGMENT                                             BIT_GROUP          XDATA_GROUP
  +--> CALLED SEGMENT                            START    LENGTH     START    LENGTH
------------------------------------------------------------------------------------
?PR?TASKSTART?ABSTASK                            -----    -----      -----    -----
  +--> ?PR?SETUP?SETUP
  +--> ?PR?_BLINK?LED

?PR?SETUP?SETUP                                  -----    -----      -----    -----
  +--> ?PR?_UART1_INIT?SETUP
  +--> ?PR?TIMERINIT?TIMER
  +--> ?PR?BOARD_LED_INIT?LED
  +--> ?PR?BUTTON_CONFIG?BUTTON
  +--> ?PR?_ADC_CONFIG?ANGLE

?PR?_UART1_INIT?SETUP                            -----    -----      028CH    000DH
  +--> ?PR?_USART_CONFIGURATION?USART1

?PR?_USART_CONFIGURATION?USART1                  -----    -----      0299H    0009H

?PR?TIMERINIT?TIMER                              -----    -----      028CH    0011H
  +--> ?PR?_TIMER_INILIZE?TIMER
  +--> ?CO?TIMER
  +--> ?PR?_PRINTSTRING1?USART1

?PR?_PRINTSTRING1?USART1                         -----    -----      -----    -----
  +--> ?PR?_TX1_WRITE2BUFF?USART1

?PR?BOARD_LED_INIT?LED                           -----    -----      028CH    0002H
  +--> ?PR?_GPIO_INILIZE?GPIO
  +--> ?PR?OPEN_BOARD_LED?LED
  +--> ?PR?_DELAY_MS?DELAY
  +--> ?PR?CLOSE_BOARD_LED?LED

?PR?BUTTON_CONFIG?BUTTON                         -----    -----      028CH    0002H
  +--> ?PR?_GPIO_INILIZE?GPIO

?PR?_ADC_CONFIG?ANGLE                            -----    -----      028CH    0006H
  +--> ?PR?_ADC_INILIZE?ADC

?PR?_BLINK?LED                                   -----    -----      028CH    0001H
  +--> ?PR?OPEN_BOARD_LED?LED
  +--> ?PR?_DELAY_MS?DELAY
  +--> ?PR?CLOSE_BOARD_LED?LED

*** NEW ROOT ***************************************************

?PR?TASK2?ABSTASK                                -----    -----      02A2H    0028H

*** NEW ROOT ***************************************************

?PR?TASK3?ABSTASK                                -----    -----      02CAH    0064H

*** NEW ROOT ***************************************************

BL51 BANKED LINKER/LOCATER V6.00                                                      07/11/2017  19:26:10  PAGE 8


?PR?TASK5?ABSTASK                                -----    -----      032EH    0004H
  +--> ?PR?BUTTONSCAN?BUTTON

?PR?BUTTONSCAN?BUTTON                            -----    -----      -----    -----
  +--> ?PR?_DIGITALREAD?BUTTON

*** NEW ROOT ***************************************************

?PR?TASK6?ABSTASK                                -----    -----      0332H    012EH

*** NEW ROOT ***************************************************

?PR?TASK7?ABSTASK                                -----    -----      -----    -----
  +--> ?PR?_GETBUTTONSTATE?BUTTON
  +--> ?PR?OPEN_BOARD_LED?LED
  +--> ?PR?CLOSE_BOARD_LED?LED

*** NEW ROOT ***************************************************

?PR?TASK8?ABSTASK                                -----    -----      -----    -----
  +--> ?PR?GETANGLE?ANGLE
  +--> ?PR?OPEN_BOARD_LED?LED
  +--> ?PR?CLOSE_BOARD_LED?LED

?PR?GETANGLE?ANGLE                               0021H.0  0000H.1    0485H    0015H
  +--> ?PR?_GET_ADC10BITRESULT?ADC
  +--> ?PR?_FILTER?FILTER

?PR?_FILTER?FILTER                               -----    -----      049AH    0010H

*** NEW ROOT ***************************************************

?PR?TASK9?ABSTASK                                -----    -----      -----    -----
  +--> ?PR?GETANGLE?ANGLE
  +--> ?PR?_SENDSCOPEDATA?DATASCOPE_DP

?PR?_SENDSCOPEDATA?DATASCOPE_DP                  -----    -----      0485H    0006H
  +--> ?PR?_DATASCOPE_GET_CHANNEL_DATA?DATAS...
  +--> ?PR?_DATASCOPE_DATA_GENERATE?DATASCOP...
  +--> ?PR?_TX1_WRITE2BUFF?USART1

?PR?_DATASCOPE_GET_CHANNEL_DATA?DATAS...         -----    -----      048BH    0005H
  +--> ?PR?_FLOAT2BYTE?DATASCOPE_DP

?PR?_FLOAT2BYTE?DATASCOPE_DP                     -----    -----      0490H    000AH

*** NEW ROOT ***************************************************

?C_C51STARTUP                                    -----    -----      -----    -----
  +--> ?C_INITSEG



SYMBOL TABLE OF MODULE:  电子大赛程序框架 (ABSTASK)

  VALUE           TYPE          NAME
  ----------------------------------
BL51 BANKED LINKER/LOCATER V6.00                                                      07/11/2017  19:26:10  PAGE 9



  -------         MODULE        ABSTASK
  C:0000H         SYMBOL        _ICE_DUMMY_
  D:0080H         PUBLIC        P0
  D:0090H         PUBLIC        P1
  D:00A0H         PUBLIC        P2
  D:00B0H         PUBLIC        P3
  D:00C0H         PUBLIC        P4
  D:00C8H         PUBLIC        P5
  D:00E8H         PUBLIC        P6
  D:00F8H         PUBLIC        P7
  D:00A8H         PUBLIC        IE
  D:00B8H         PUBLIC        IP
  D:00D8H         PUBLIC        CCON
  D:0098H         PUBLIC        SCON
  D:0088H         PUBLIC        TCON
  D:00F0H         PUBLIC        B
  C:3C9BH         PUBLIC        taskStart
  D:00E0H         PUBLIC        ACC
  C:43EAH         PUBLIC        task1
  C:43EEH         PUBLIC        task2
  C:43ECH         PUBLIC        task3
  C:4209H         PUBLIC        task5
  C:4266H         PUBLIC        task6
  C:4081H         PUBLIC        task7
  C:3CC1H         PUBLIC        task8
  C:40B7H         PUBLIC        task9
  D:00D0H         PUBLIC        PSW
  -------         PROC          TASKSTART
  C:3C9BH         LINE#         11
  C:3C9BH         LINE#         13
  C:3C9EH         LINE#         14
  C:3CA3H         LINE#         18
  C:3CA8H         LINE#         19
  C:3CADH         LINE#         21
  C:3CB2H         LINE#         22
  C:3CB7H         LINE#         23
  C:3CBCH         LINE#         24
  -------         ENDPROC       TASKSTART
  -------         PROC          TASK1
  C:43EAH         LINE#         26
  C:43EAH         LINE#         29
  C:43EAH         LINE#         30
  C:43EAH         LINE#         33
  -------         ENDPROC       TASK1
  -------         PROC          TASK2
  -------         DO            
  X:0655H         SYMBOL        count
  X:02A2H         SYMBOL        test
  -------         ENDDO         
  C:43EEH         LINE#         35
  C:43EEH         LINE#         43
  -------         ENDPROC       TASK2
  -------         PROC          TASK3
  -------         DO            
  X:02CAH         SYMBOL        string
  X:0657H         SYMBOL        count
BL51 BANKED LINKER/LOCATER V6.00                                                      07/11/2017  19:26:10  PAGE 10


  -------         ENDDO         
  C:43ECH         LINE#         44
  C:43ECH         LINE#         48
  C:43ECH         LINE#         49
  C:43ECH         LINE#         53
  -------         ENDPROC       TASK3
  -------         PROC          TASK5
  -------         DO            
  X:032EH         SYMBOL        count
  -------         ENDDO         
  C:4209H         LINE#         56
  C:4209H         LINE#         58
  C:4213H         LINE#         59
  C:4213H         LINE#         60
  C:4213H         LINE#         62
  C:4216H         LINE#         63
  C:4220H         LINE#         64
  -------         ENDPROC       TASK5
  -------         PROC          TASK6
  -------         DO            
  X:0332H         SYMBOL        string
  X:045EH         SYMBOL        count
  -------         ENDDO         
  C:4266H         LINE#         67
  C:4266H         LINE#         70
  C:426DH         LINE#         71
  C:426DH         LINE#         72
  C:426DH         LINE#         73
  C:4277H         LINE#         74
  -------         ENDPROC       TASK6
  -------         PROC          TASK7
  C:4081H         LINE#         76
  C:4081H         LINE#         78
  C:4081H         LINE#         79
  C:4081H         LINE#         80
  C:4088H         LINE#         81
  C:4088H         LINE#         82
  C:408BH         LINE#         83
  C:408DH         LINE#         85
  C:408DH         LINE#         86
  C:4090H         LINE#         87
  C:4090H         LINE#         88
  C:409AH         LINE#         89
  -------         ENDPROC       TASK7
  -------         PROC          TASK8
  C:3CC1H         LINE#         91
  C:3CC1H         LINE#         93
  C:3CC1H         LINE#         94
  C:3CC1H         LINE#         95
  C:3CD2H         LINE#         96
  C:3CD2H         LINE#         97
  C:3CD5H         LINE#         98
  C:3CD7H         LINE#         100
  C:3CD7H         LINE#         101
  C:3CDAH         LINE#         102
  C:3CDAH         LINE#         103
  C:3CE4H         LINE#         104
BL51 BANKED LINKER/LOCATER V6.00                                                      07/11/2017  19:26:10  PAGE 11


  -------         ENDPROC       TASK8
  -------         PROC          TASK9
  C:40B7H         LINE#         106
  C:40B7H         LINE#         108
  C:40B7H         LINE#         109
  C:40B7H         LINE#         110
  C:40C5H         LINE#         111
  C:40CFH         LINE#         113
  -------         ENDPROC       TASK9
  -------         ENDMOD        ABSTASK

  -------         MODULE        TASK
  C:0000H         SYMBOL        _ICE_DUMMY_
  D:0080H         PUBLIC        P0
  D:0090H         PUBLIC        P1
  D:00A0H         PUBLIC        P2
  D:00B0H         PUBLIC        P3
  D:00C0H         PUBLIC        P4
  D:00C8H         PUBLIC        P5
  D:00E8H         PUBLIC        P6
  D:00F8H         PUBLIC        P7
  D:00A8H         PUBLIC        IE
  D:00B8H         PUBLIC        IP
  D:00D8H         PUBLIC        CCON
  D:0098H         PUBLIC        SCON
  D:0088H         PUBLIC        TCON
  D:00F0H         PUBLIC        B
  D:00E0H         PUBLIC        ACC
  D:00D0H         PUBLIC        PSW
  -------         ENDMOD        TASK

  -------         MODULE        SETUP
  C:0000H         SYMBOL        _ICE_DUMMY_
  D:0080H         PUBLIC        P0
  D:0090H         PUBLIC        P1
  D:00A0H         PUBLIC        P2
  D:00B0H         PUBLIC        P3
  D:00C0H         PUBLIC        P4
  D:00C8H         PUBLIC        P5
  B:00A8H.7       PUBLIC        EA
  D:00E8H         PUBLIC        P6
  C:3B06H         PUBLIC        _UART1_init
  D:00F8H         PUBLIC        P7
  D:00A8H         PUBLIC        IE
  D:00B8H         PUBLIC        IP
  D:00D8H         PUBLIC        CCON
  D:0098H         PUBLIC        SCON
  C:3F45H         PUBLIC        setup
  D:0088H         PUBLIC        TCON
  D:00F0H         PUBLIC        B
  D:00E0H         PUBLIC        ACC
  D:00D0H         PUBLIC        PSW
  -------         PROC          _UART1_INIT
  D:0004H         SYMBOL        BandRate
  -------         DO            
  X:028CH         SYMBOL        COMx_InitStructure
  -------         ENDDO         
BL51 BANKED LINKER/LOCATER V6.00                                                      07/11/2017  19:26:10  PAGE 12


  C:3B06H         LINE#         19
  C:3B06H         LINE#         20
  C:3B06H         LINE#         22
  C:3B0CH         LINE#         23
  C:3B10H         LINE#         24
  C:3B14H         LINE#         25
  C:3B1AH         LINE#         26
  C:3B1DH         LINE#         27
  C:3B20H         LINE#         28
  C:3B22H         LINE#         29
  C:3B25H         LINE#         30
  C:3B27H         LINE#         31
  -------         ENDPROC       _UART1_INIT
  -------         PROC          SETUP
  C:3F45H         LINE#         34
  C:3F45H         LINE#         35
  C:3F45H         LINE#         36
  C:3F50H         LINE#         37
  C:3F53H         LINE#         38
  C:3F56H         LINE#         39
  C:3F59H         LINE#         40
  C:3F60H         LINE#         41
  C:3F62H         LINE#         43
  -------         ENDPROC       SETUP
  -------         ENDMOD        SETUP

  -------         MODULE        MODE
  C:0000H         SYMBOL        _ICE_DUMMY_
  C:43EFH         PUBLIC        mode1
  C:43F0H         PUBLIC        mode2
  C:43F1H         PUBLIC        mode3
  C:43F2H         PUBLIC        mode4
  C:43F3H         PUBLIC        modeLauncher
  -------         PROC          MODE1
  C:43EFH         LINE#         2
  C:43EFH         LINE#         3
  C:43EFH         LINE#         5
  -------         ENDPROC       MODE1
  -------         PROC          MODE2
  C:43F0H         LINE#         7
  C:43F0H         LINE#         8
  C:43F0H         LINE#         10
  -------         ENDPROC       MODE2
  -------         PROC          MODE3
  C:43F1H         LINE#         13
  C:43F1H         LINE#         14
  C:43F1H         LINE#         16
  -------         ENDPROC       MODE3
  -------         PROC          MODE4
  C:43F2H         LINE#         18
  C:43F2H         LINE#         19
  C:43F2H         LINE#         21
  -------         ENDPROC       MODE4
  -------         PROC          MODELAUNCHER
  C:43F3H         LINE#         22
  C:43F3H         LINE#         23
  C:43F3H         LINE#         25
BL51 BANKED LINKER/LOCATER V6.00                                                      07/11/2017  19:26:10  PAGE 13


  -------         ENDPROC       MODELAUNCHER
  -------         ENDMOD        MODE

  -------         MODULE        ?RTX51_TINY_KERNAL
  C:4252H         SEGMENT       ?RTX?TASKENT?S
  I:000EH         SEGMENT       ?RTX?TASKSP?S
  I:0022H         SEGMENT       ?RTX?TASKSTATE?S
  B:0021H.1       SEGMENT       ?RTX?BITS
  C:194EH         SEGMENT       ?RTX?CODE
  C:199DH         PUBLIC        ?RTX?SET_ISR
  D:000CH         PUBLIC        ?RTX_CURRENTTASK
  D:0007H         PUBLIC        ?RTX_NEXTID
  C:19E0H         PUBLIC        ?RTX_NEXTTASK
  N:00FFH         PUBLIC        ?RTX_RAMTOP
  C:4252H         PUBLIC        ?RTX_TASKENTRY
  C:1ABFH         PUBLIC        ?RTX_TASKIDX
  I:000EH         PUBLIC        ?RTX_TASKSP
  I:0022H         PUBLIC        ?RTX_TASKSTATUS
  C:1A83H         PUBLIC        MAIN
  C:19C9H         PUBLIC        OS_SWITCH_TASK
  C:19D2H         SYMBOL        ?C0001
  C:19DCH         SYMBOL        ?C0003
  C:19E1H         SYMBOL        ?C0005
  C:19FBH         SYMBOL        ?C0007
  C:19FDH         SYMBOL        ?C0009
  C:1A07H         SYMBOL        ?C0011
  C:1A34H         SYMBOL        ?C0012
  C:1A1AH         SYMBOL        ?C0013
  C:1A1FH         SYMBOL        ?C0015
  C:1A2AH         SYMBOL        ?C0016
  N:0000H         SYMBOL        ?RTX51_TINY_KERNAL
  N:F63CH         SYMBOL        ?RTX_CLOCK
  N:0008H         SYMBOL        ?RTX_REGISTERBANK
  D:000DH         SYMBOL        ?RTX_ROBINTIME
  D:000AH         SYMBOL        ?RTX_SAVEACC
  D:000BH         SYMBOL        ?RTX_SAVEPSW
  C:194EH         SYMBOL        ?RTX_STACKERROR
  C:19A1H         SYMBOL        ?RTX_TASKSWITCHING
  B:0021H.1       SYMBOL        ?RTX_TS_DELAY
  D:00E0H         SYMBOL        ACC
  D:00F0H         SYMBOL        B
  N:0005H         SYMBOL        B_ACTIVE
  N:0007H         SYMBOL        B_IVL
  N:0007H         SYMBOL        B_RDY
  N:0004H         SYMBOL        B_READY
  N:0006H         SYMBOL        B_ROBIN
  N:0002H         SYMBOL        B_SIGNAL
  N:0003H         SYMBOL        B_TIMEOUT
  N:0000H         SYMBOL        B_WAITSIG
  N:0001H         SYMBOL        B_WAITTIM
  C:199EH         SYMBOL        CHECKROBINTIME
  C:1978H         SYMBOL        CHECKSTACK
  N:0000H         SYMBOL        CODE_BANKING
  N:0000H         SYMBOL        CPU_IDLE_CODE
  D:0083H         SYMBOL        DPH
  D:0082H         SYMBOL        DPL
  B:00A8H.7       SYMBOL        EA
BL51 BANKED LINKER/LOCATER V6.00                                                      07/11/2017  19:26:10  PAGE 14


  B:00A8H.4       SYMBOL        ES
  B:00A8H.1       SYMBOL        ET0
  B:00A8H.3       SYMBOL        ET1
  B:00A8H.0       SYMBOL        EX0
  B:00A8H.2       SYMBOL        EX1
  N:0014H         SYMBOL        FREE_STACK
  C:1952H         SYMBOL        HW_TIMER
  D:00A8H         SYMBOL        IE
  B:0088H.1       SYMBOL        IE0
  B:0088H.3       SYMBOL        IE1
  N:09C4H         SYMBOL        INT_CLOCK
  N:0001H         SYMBOL        INT_REGBANK
  B:0088H.0       SYMBOL        IT0
  B:0088H.2       SYMBOL        IT1
  N:0020H         SYMBOL        K_ACTIVE
  N:0080H         SYMBOL        K_IVL
  N:0080H         SYMBOL        K_RDY
  N:0010H         SYMBOL        K_READY
  N:0040H         SYMBOL        K_ROBIN
  N:0001H         SYMBOL        K_SIG
  N:0002H         SYMBOL        K_TMO
  N:0000H         SYMBOL        LONG_USR_INTR
  C:1A8CH         SYMBOL        MAIN1
  C:1A96H         SYMBOL        MAIN1X
  C:1A91H         SYMBOL        MAIN2
  C:1A57H         SYMBOL        NOEVENT
  C:199DH         SYMBOL        NOROBINTIMEOUT
  C:1994H         SYMBOL        NOTIMEOUT
  C:1992H         SYMBOL        NOWAITTIMEOUT
  C:19C9H         SYMBOL        OS_SWITCH_TASK1
  D:0087H         SYMBOL        PCON
  D:00D0H         SYMBOL        PSW
  N:00FFH         SYMBOL        RAMTOP
  N:0080H         SYMBOL        RDY_EVENT
  C:1A63H         SYMBOL        ROBINON
  C:1A4BH         SYMBOL        SIGNALOFF
  C:1A57H         SYMBOL        SIGNALON
  N:0004H         SYMBOL        SIG_EVENT
  D:0081H         SYMBOL        SP
  I:0023H         SYMBOL        TASKSTATE
  D:0088H         SYMBOL        TCON
  B:0088H.5       SYMBOL        TF0
  B:0088H.7       SYMBOL        TF1
  D:008CH         SYMBOL        TH0
  D:008DH         SYMBOL        TH1
  C:1A53H         SYMBOL        TIMEOUTON
  C:1953H         SYMBOL        TIMERINT
  C:1984H         SYMBOL        TIMERLOOP
  I:0022H         SYMBOL        TIMERVAL
  N:000AH         SYMBOL        TIMESHARING
  D:008AH         SYMBOL        TL0
  D:008BH         SYMBOL        TL1
  D:0089H         SYMBOL        TMOD
  N:0008H         SYMBOL        TMO_EVENT
  B:0088H.4       SYMBOL        TR0
  B:0088H.6       SYMBOL        TR1
  C:000BH         LINE#         271
BL51 BANKED LINKER/LOCATER V6.00                                                      07/11/2017  19:26:10  PAGE 15


  C:194EH         LINE#         279
  C:1952H         LINE#         282
  C:1953H         LINE#         299
  C:1956H         LINE#         301
  C:1959H         LINE#         302
  C:195CH         LINE#         303
  C:195EH         LINE#         305
  C:1960H         LINE#         306
  C:1962H         LINE#         307
  C:1964H         LINE#         308
  C:1966H         LINE#         309
  C:1968H         LINE#         310
  C:196AH         LINE#         311
  C:196CH         LINE#         312
  C:196EH         LINE#         316
  C:196FH         LINE#         317
  C:1971H         LINE#         318
  C:1972H         LINE#         319
  C:1973H         LINE#         320
  C:1976H         LINE#         321
  C:1978H         LINE#         322
  C:1979H         LINE#         323
  C:197BH         LINE#         324
  C:197EH         LINE#         325
  C:1980H         LINE#         329
  C:1982H         LINE#         330
  C:1984H         LINE#         331
  C:1985H         LINE#         332
  C:1986H         LINE#         333
  C:1987H         LINE#         334
  C:1989H         LINE#         335
  C:198BH         LINE#         336
  C:198CH         LINE#         337
  C:198FH         LINE#         338
  C:1991H         LINE#         339
  C:1992H         LINE#         340
  C:1994H         LINE#         341
  C:1995H         LINE#         342
  C:1997H         LINE#         344
  C:1998H         LINE#         345
  C:199AH         LINE#         360
  C:199DH         LINE#         366
  C:199EH         LINE#         367
  C:19A1H         LINE#         370
  C:19A3H         LINE#         371
  C:19A5H         LINE#         372
  C:19A7H         LINE#         373
  C:19A9H         LINE#         374
  C:19ABH         LINE#         375
  C:19ADH         LINE#         376
  C:19AFH         LINE#         377
  C:19B1H         LINE#         378
  C:19B3H         LINE#         379
  C:19B5H         LINE#         380
  C:19B7H         LINE#         381
  C:19B9H         LINE#         382
  C:19BBH         LINE#         387
BL51 BANKED LINKER/LOCATER V6.00                                                      07/11/2017  19:26:10  PAGE 16


  C:19BDH         LINE#         388
  C:19BEH         LINE#         389
  C:19C0H         LINE#         390
  C:19C1H         LINE#         391
  C:19C3H         LINE#         392
  C:19C5H         LINE#         393
  C:19C6H         LINE#         394
  C:19C7H         LINE#         395
  C:19C9H         LINE#         424
  C:19CBH         LINE#         426
  C:19CDH         LINE#         427
  C:19CEH         LINE#         429
  C:19CFH         LINE#         430
  C:19D1H         LINE#         431
  C:19D2H         LINE#         434
  C:19D3H         LINE#         435
  C:19D4H         LINE#         436
  C:19D5H         LINE#         444
  C:19D8H         LINE#         445
  C:19DAH         LINE#         446
  C:19DCH         LINE#         449
  C:19DDH         LINE#         450
  C:19E0H         LINE#         458
  C:19E1H         LINE#         462
  C:19E3H         LINE#         463
  C:19E4H         LINE#         464
  C:19E5H         LINE#         465
  C:19E7H         LINE#         468
  C:19E9H         LINE#         470
  C:19EBH         LINE#         471
  C:19EDH         LINE#         472
  C:19EEH         LINE#         473
  C:19EFH         LINE#         474
  C:19F0H         LINE#         476
  C:19F2H         LINE#         478
  C:19F3H         LINE#         479
  C:19F4H         LINE#         480
  C:19F6H         LINE#         481
  C:19F9H         LINE#         482
  C:19FBH         LINE#         484
  C:19FCH         LINE#         485
  C:19FDH         LINE#         490
  C:19FEH         LINE#         491
  C:19FFH         LINE#         492
  C:1A01H         LINE#         496
  C:1A02H         LINE#         497
  C:1A03H         LINE#         498
  C:1A05H         LINE#         499
  C:1A07H         LINE#         505
  C:1A09H         LINE#         506
  C:1A0AH         LINE#         507
  C:1A0BH         LINE#         508
  C:1A0DH         LINE#         510
  C:1A0FH         LINE#         511
  C:1A11H         LINE#         512
  C:1A12H         LINE#         513
  C:1A13H         LINE#         516
BL51 BANKED LINKER/LOCATER V6.00                                                      07/11/2017  19:26:10  PAGE 17


  C:1A15H         LINE#         517
  C:1A18H         LINE#         518
  C:1A1AH         LINE#         520
  C:1A1BH         LINE#         522
  C:1A1CH         LINE#         523
  C:1A1DH         LINE#         524
  C:1A1EH         LINE#         525
  C:1A1FH         LINE#         529
  C:1A21H         LINE#         530
  C:1A22H         LINE#         531
  C:1A24H         LINE#         535
  C:1A26H         LINE#         536
  C:1A27H         LINE#         537
  C:1A28H         LINE#         539
  C:1A2AH         LINE#         543
  C:1A2CH         LINE#         544
  C:1A2EH         LINE#         545
  C:1A2FH         LINE#         546
  C:1A30H         LINE#         548
  C:1A32H         LINE#         549
  C:1A34H         LINE#         555
  C:1A37H         LINE#         559
  C:1A39H         LINE#         560
  C:1A3AH         LINE#         561
  C:1A3CH         LINE#         562
  C:1A3DH         LINE#         563
  C:1A3FH         LINE#         564
  C:1A41H         LINE#         565
  C:1A42H         LINE#         567
  C:1A45H         LINE#         571
  C:1A48H         LINE#         572
  C:1A4BH         LINE#         576
  C:1A4DH         LINE#         577
  C:1A50H         LINE#         578
  C:1A53H         LINE#         580
  C:1A55H         LINE#         581
  C:1A57H         LINE#         583
  C:1A59H         LINE#         584
  C:1A5AH         LINE#         585
  C:1A5CH         LINE#         587
  C:1A5EH         LINE#         588
  C:1A60H         LINE#         594
  C:1A62H         LINE#         595
  C:1A63H         LINE#         608
  C:1A64H         LINE#         609
  C:1A66H         LINE#         614
  C:1A68H         LINE#         615
  C:1A6AH         LINE#         616
  C:1A6CH         LINE#         617
  C:1A6EH         LINE#         618
  C:1A70H         LINE#         619
  C:1A72H         LINE#         620
  C:1A74H         LINE#         621
  C:1A76H         LINE#         622
  C:1A78H         LINE#         623
  C:1A7AH         LINE#         624
  C:1A7CH         LINE#         625
BL51 BANKED LINKER/LOCATER V6.00                                                      07/11/2017  19:26:10  PAGE 18


  C:1A7EH         LINE#         626
  C:1A80H         LINE#         627
  C:1A82H         LINE#         628
  C:1A83H         LINE#         642
  C:1A85H         LINE#         643
  C:1A87H         LINE#         644
  C:1A89H         LINE#         645
  C:1A8BH         LINE#         646
  C:1A8CH         LINE#         647
  C:1A8DH         LINE#         648
  C:1A8FH         LINE#         649
  C:1A91H         LINE#         650
  C:1A93H         LINE#         651
  C:1A94H         LINE#         652
  C:1A96H         LINE#         653
  C:1A97H         LINE#         654
  C:1A98H         LINE#         655
  C:1A99H         LINE#         656
  C:1A9AH         LINE#         657
  C:1A9CH         LINE#         658
  C:1A9EH         LINE#         659
  C:1AA0H         LINE#         660
  C:1AA3H         LINE#         661
  C:1AA5H         LINE#         662
  C:1AA6H         LINE#         663
  C:1AA8H         LINE#         664
  C:1AA9H         LINE#         665
  C:1AAAH         LINE#         666
  C:1AACH         LINE#         668
  C:1AAFH         LINE#         670
  C:1AB2H         LINE#         671
  C:1AB5H         LINE#         672
  C:1AB8H         LINE#         673
  C:1ABAH         LINE#         674
  C:1ABCH         LINE#         675
  C:1ABEH         LINE#         676
  -------         ENDMOD        ?RTX51_TINY_KERNAL

  -------         MODULE        DATASCOPE_DP
  C:0000H         SYMBOL        _ICE_DUMMY_
  D:0080H         PUBLIC        P0
  D:0090H         PUBLIC        P1
  D:00A0H         PUBLIC        P2
  D:00B0H         PUBLIC        P3
  D:00C0H         PUBLIC        P4
  D:00C8H         PUBLIC        P5
  D:00E8H         PUBLIC        P6
  D:00F8H         PUBLIC        P7
  X:0552H         PUBLIC        DataScope_OutPut_Buffer
  D:00A8H         PUBLIC        IE
  D:00B8H         PUBLIC        IP
  D:00D8H         PUBLIC        CCON
  C:3A6DH         PUBLIC        _sendScopeData
  D:0098H         PUBLIC        SCON
  D:0088H         PUBLIC        TCON
  D:00F0H         PUBLIC        B
  C:2DE3H         PUBLIC        _Float2Byte
BL51 BANKED LINKER/LOCATER V6.00                                                      07/11/2017  19:26:10  PAGE 19


  D:00E0H         PUBLIC        ACC
  C:2F36H         PUBLIC        _DataScope_Data_Generate
  C:28A6H         PUBLIC        _DataScope_Get_Channel_Data
  D:00D0H         PUBLIC        PSW
  -------         PROC          _FLOAT2BYTE
  D:0001H         SYMBOL        target
  X:0493H         SYMBOL        buf
  X:0496H         SYMBOL        beg
  -------         DO            
  X:0497H         SYMBOL        point
  -------         ENDDO         
  C:2DE3H         LINE#         26
  C:2DE3H         LINE#         27
  C:2DE3H         LINE#         29
  C:2DEEH         LINE#         30
  C:2E0CH         LINE#         31
  C:2E38H         LINE#         32
  C:2E64H         LINE#         33
  -------         ENDPROC       _FLOAT2BYTE
  -------         PROC          _SENDSCOPEDATA
  D:0004H         SYMBOL        Data
  X:0489H         SYMBOL        channel
  -------         DO            
  X:048AH         SYMBOL        a
  -------         ENDDO         
  C:3A6DH         LINE#         43
  C:3A6DH         LINE#         44
  C:3A6DH         LINE#         47
  C:3A78H         LINE#         49
  C:3A8EH         LINE#         50
  C:3A8EH         LINE#         51
  C:3A9DH         LINE#         52
  C:3AA5H         LINE#         54
  -------         ENDPROC       _SENDSCOPEDATA
  -------         PROC          _DATASCOPE_GET_CHANNEL_DATA
  X:048BH         SYMBOL        Data
  X:048FH         SYMBOL        Channel
  C:28A6H         LINE#         60
  C:28ACH         LINE#         61
  C:28ACH         LINE#         62
  C:28BFH         LINE#         63
  C:28BFH         LINE#         65
  C:28BFH         LINE#         67
  C:28BFH         LINE#         68
  C:28F5H         LINE#         69
  C:28F5H         LINE#         70
  C:28F5H         LINE#         71
  C:2908H         LINE#         72
  C:290BH         LINE#         73
  C:290BH         LINE#         74
  C:291FH         LINE#         75
  C:2922H         LINE#         76
  C:2922H         LINE#         77
  C:2936H         LINE#         78
  C:2939H         LINE#         79
  C:2939H         LINE#         80
  C:294DH         LINE#         81
BL51 BANKED LINKER/LOCATER V6.00                                                      07/11/2017  19:26:10  PAGE 20


  C:2950H         LINE#         82
  C:2950H         LINE#         83
  C:2964H         LINE#         84
  C:2966H         LINE#         85
  C:2966H         LINE#         86
  C:297AH         LINE#         87
  C:297CH         LINE#         88
  C:297CH         LINE#         89
  C:2990H         LINE#         90
  C:2992H         LINE#         91
  C:2992H         LINE#         92
  C:29A6H         LINE#         93
  C:29A8H         LINE#         94
  C:29A8H         LINE#         95
  C:29BCH         LINE#         96
  C:29BEH         LINE#         97
  C:29BEH         LINE#         98
  C:29D9H         LINE#         99
  C:29D9H         LINE#         100
  C:29D9H         LINE#         101
  C:29D9H         LINE#         102
  -------         ENDPROC       _DATASCOPE_GET_CHANNEL_DATA
  -------         PROC          _DATASCOPE_DATA_GENERATE
  D:0007H         SYMBOL        Channel_Number
  C:2F36H         LINE#         107
  C:2F36H         LINE#         108
  C:2F36H         LINE#         109
  C:2F3FH         LINE#         110
  C:2F3FH         LINE#         111
  C:2F42H         LINE#         112
  C:2F42H         LINE#         114
  C:2F42H         LINE#         115
  C:2F48H         LINE#         116
  C:2F7EH         LINE#         117
  C:2F7EH         LINE#         118
  C:2F7EH         LINE#         119
  C:2F84H         LINE#         120
  C:2F87H         LINE#         121
  C:2F87H         LINE#         122
  C:2F87H         LINE#         123
  C:2F8DH         LINE#         124
  C:2F90H         LINE#         125
  C:2F90H         LINE#         126
  C:2F90H         LINE#         127
  C:2F96H         LINE#         128
  C:2F99H         LINE#         129
  C:2F99H         LINE#         130
  C:2F99H         LINE#         131
  C:2F9FH         LINE#         132
  C:2FA2H         LINE#         133
  C:2FA2H         LINE#         134
  C:2FA2H         LINE#         135
  C:2FA8H         LINE#         136
  C:2FABH         LINE#         137
  C:2FABH         LINE#         138
  C:2FABH         LINE#         139
  C:2FB1H         LINE#         140
BL51 BANKED LINKER/LOCATER V6.00                                                      07/11/2017  19:26:10  PAGE 21


  C:2FB4H         LINE#         141
  C:2FB4H         LINE#         142
  C:2FB4H         LINE#         143
  C:2FBAH         LINE#         144
  C:2FBDH         LINE#         145
  C:2FBDH         LINE#         146
  C:2FBDH         LINE#         147
  C:2FC3H         LINE#         148
  C:2FC6H         LINE#         149
  C:2FC6H         LINE#         150
  C:2FC6H         LINE#         151
  C:2FCCH         LINE#         152
  C:2FCFH         LINE#         153
  C:2FCFH         LINE#         154
  C:2FCFH         LINE#         155
  C:2FD5H         LINE#         156
  C:2FD8H         LINE#         157
  C:2FD8H         LINE#         158
  C:2FD8H         LINE#         159
  C:2FD8H         LINE#         160
  C:2FDAH         LINE#         161
  -------         ENDPROC       _DATASCOPE_DATA_GENERATE
  -------         ENDMOD        DATASCOPE_DP

  -------         MODULE        STORAGE
  C:0000H         SYMBOL        _ICE_DUMMY_
  D:0080H         PUBLIC        P0
  D:0090H         PUBLIC        P1
  D:00A0H         PUBLIC        P2
  D:00B0H         PUBLIC        P3
  D:00C0H         PUBLIC        P4
  D:00C8H         PUBLIC        P5
  D:00E8H         PUBLIC        P6
  D:00F8H         PUBLIC        P7
  D:00A8H         PUBLIC        IE
  D:00B8H         PUBLIC        IP
  D:00D8H         PUBLIC        CCON
  D:0098H         PUBLIC        SCON
  D:0088H         PUBLIC        TCON
  D:00F0H         PUBLIC        B
  D:00E0H         PUBLIC        ACC
  D:00D0H         PUBLIC        PSW
  -------         ENDMOD        STORAGE

  -------         MODULE        BUTTON
  C:0000H         SYMBOL        _ICE_DUMMY_
  D:0080H         PUBLIC        P0
  D:0090H         PUBLIC        P1
  D:00A0H         PUBLIC        P2
  D:00B0H         PUBLIC        P3
  D:00C0H         PUBLIC        P4
  D:00C8H         PUBLIC        P5
  D:00E8H         PUBLIC        P6
  D:00F8H         PUBLIC        P7
  D:00A8H         PUBLIC        IE
  D:00B8H         PUBLIC        IP
  D:00D8H         PUBLIC        CCON
BL51 BANKED LINKER/LOCATER V6.00                                                      07/11/2017  19:26:10  PAGE 22


  C:3752H         PUBLIC        buttonScan
  B:0020H.0       SYMBOL        BUTTON1_bit
  B:0020H.1       SYMBOL        BUTTON2_bit
  B:0020H.2       SYMBOL        BUTTON3_bit
  B:0020H.3       SYMBOL        BUTTON4_bit
  D:0098H         PUBLIC        SCON
  B:00A0H.3       PUBLIC        P23
  D:0088H         PUBLIC        TCON
  B:00A0H.4       PUBLIC        P24
  B:00A0H.5       PUBLIC        P25
  B:00A0H.6       PUBLIC        P26
  D:00F0H         PUBLIC        B
  C:3F81H         PUBLIC        _getButtonState
  D:00E0H         PUBLIC        ACC
  C:3EE8H         PUBLIC        Button_config
  C:4382H         SYMBOL        _digitalRead
  D:00D0H         PUBLIC        PSW
  -------         PROC          BUTTON_CONFIG
  -------         DO            
  X:028CH         SYMBOL        GPIO_InitStructure
  -------         ENDDO         
  C:3EE8H         LINE#         25
  C:3EE8H         LINE#         26
  C:3EE8H         LINE#         28
  C:3EEEH         LINE#         29
  C:3EF3H         LINE#         30
  C:3EFEH         LINE#         31
  C:3F00H         LINE#         32
  C:3F02H         LINE#         33
  C:3F04H         LINE#         34
  C:3F06H         LINE#         35
  -------         ENDPROC       BUTTON_CONFIG
  -------         PROC          _DIGITALREAD
  D:0006H         SYMBOL        pin
  C:4382H         LINE#         43
  C:4382H         LINE#         44
  C:4382H         LINE#         45
  C:4386H         LINE#         46
  C:4386H         LINE#         47
  C:438BH         LINE#         48
  C:438BH         LINE#         49
  -------         ENDPROC       _DIGITALREAD
  -------         PROC          _GETBUTTONSTATE
  D:0007H         SYMBOL        BUTTON_data
  C:3F81H         LINE#         61
  C:3F81H         LINE#         62
  C:3F81H         LINE#         63
  C:3F92H         LINE#         64
  C:3F92H         LINE#         65
  C:3F92H         LINE#         66
  C:3F95H         LINE#         67
  C:3F95H         LINE#         68
  C:3F95H         LINE#         69
  C:3F98H         LINE#         70
  C:3F98H         LINE#         71
  C:3F98H         LINE#         72
  C:3F9BH         LINE#         73
BL51 BANKED LINKER/LOCATER V6.00                                                      07/11/2017  19:26:10  PAGE 23


  C:3F9BH         LINE#         74
  C:3F9BH         LINE#         75
  C:3F9DH         LINE#         76
  C:3F9DH         LINE#         77
  C:3F9DH         LINE#         78
  -------         ENDPROC       _GETBUTTONSTATE
  -------         PROC          BUTTONSCAN
  C:3752H         LINE#         88
  C:3752H         LINE#         89
  C:3752H         LINE#         90
  C:375DH         LINE#         91
  C:375DH         LINE#         92
  C:3767H         LINE#         93
  C:3767H         LINE#         97
  C:3769H         LINE#         98
  C:3769H         LINE#         99
  C:376BH         LINE#         101
  C:376BH         LINE#         102
  C:376DH         LINE#         103
  C:376DH         LINE#         104
  C:3778H         LINE#         105
  C:3778H         LINE#         106
  C:377BH         LINE#         107
  C:377BH         LINE#         111
  C:377DH         LINE#         112
  C:377DH         LINE#         113
  C:377FH         LINE#         115
  C:377FH         LINE#         116
  C:3781H         LINE#         117
  C:3781H         LINE#         118
  C:378CH         LINE#         119
  C:378CH         LINE#         120
  C:378FH         LINE#         121
  C:378FH         LINE#         125
  C:3791H         LINE#         127
  C:3791H         LINE#         128
  C:3793H         LINE#         130
  C:3793H         LINE#         131
  C:3795H         LINE#         132
  C:3795H         LINE#         133
  C:37A0H         LINE#         134
  C:37A0H         LINE#         135
  C:37A3H         LINE#         136
  C:37A3H         LINE#         140
  C:37A5H         LINE#         142
  C:37A5H         LINE#         143
  C:37A6H         LINE#         145
  C:37A6H         LINE#         146
  C:37A8H         LINE#         147
  C:37A8H         LINE#         148
  -------         ENDPROC       BUTTONSCAN
  -------         ENDMOD        BUTTON

  -------         MODULE        LED
  C:0000H         SYMBOL        _ICE_DUMMY_
  D:0080H         PUBLIC        P0
  D:0090H         PUBLIC        P1
BL51 BANKED LINKER/LOCATER V6.00                                                      07/11/2017  19:26:10  PAGE 24


  D:00A0H         PUBLIC        P2
  D:00B0H         PUBLIC        P3
  D:00C0H         PUBLIC        P4
  D:00C8H         PUBLIC        P5
  B:0021H.2       SYMBOL        Board_LED_State
  D:00E8H         PUBLIC        P6
  D:00F8H         PUBLIC        P7
  D:00A8H         PUBLIC        IE
  C:3D9FH         PUBLIC        _blink
  C:3B86H         PUBLIC        Board_LED_Init
  D:00B8H         PUBLIC        IP
  C:43DBH         PUBLIC        close_Board_LED
  D:00D8H         PUBLIC        CCON
  D:0098H         PUBLIC        SCON
  D:0088H         PUBLIC        TCON
  C:43D6H         PUBLIC        open_Board_LED
  B:00C8H.5       PUBLIC        P55
  D:00F0H         PUBLIC        B
  D:00E0H         PUBLIC        ACC
  C:43E4H         PUBLIC        getBoard_LED_State
  C:43B2H         PUBLIC        _Board_LED_PWM
  D:00D0H         PUBLIC        PSW
  -------         PROC          BOARD_LED_INIT
  -------         DO            
  X:028CH         SYMBOL        GPIO_InitStructure
  -------         ENDDO         
  C:3B86H         LINE#         8
  C:3B86H         LINE#         9
  C:3B86H         LINE#         11
  C:3B8CH         LINE#         12
  C:3B91H         LINE#         13
  C:3B9CH         LINE#         14
  C:3B9FH         LINE#         15
  C:3BA4H         LINE#         16
  C:3BA7H         LINE#         17
  C:3BACH         LINE#         18
  C:3BADH         LINE#         19
  -------         ENDPROC       BOARD_LED_INIT
  -------         PROC          OPEN_BOARD_LED
  C:43D6H         LINE#         20
  C:43D6H         LINE#         21
  C:43D6H         LINE#         22
  C:43D8H         LINE#         23
  C:43DAH         LINE#         24
  -------         ENDPROC       OPEN_BOARD_LED
  -------         PROC          CLOSE_BOARD_LED
  C:43DBH         LINE#         25
  C:43DBH         LINE#         26
  C:43DBH         LINE#         27
  C:43DDH         LINE#         28
  C:43DFH         LINE#         30
  -------         ENDPROC       CLOSE_BOARD_LED
  -------         PROC          _BLINK
  X:028CH         SYMBOL        time
  C:3D9FH         LINE#         31
  C:3DA4H         LINE#         32
  C:3DA4H         LINE#         33
BL51 BANKED LINKER/LOCATER V6.00                                                      07/11/2017  19:26:10  PAGE 25


  C:3DAEH         LINE#         34
  C:3DAEH         LINE#         35
  C:3DB1H         LINE#         36
  C:3DB6H         LINE#         37
  C:3DB9H         LINE#         38
  C:3DBEH         LINE#         40
  C:3DC0H         LINE#         41
  -------         ENDPROC       _BLINK
  -------         PROC          GETBOARD_LED_STATE
  C:43E4H         LINE#         42
  C:43E4H         LINE#         43
  C:43E4H         LINE#         44
  C:43E6H         LINE#         45
  -------         ENDPROC       GETBOARD_LED_STATE
  -------         PROC          _BOARD_LED_PWM
  X:0678H         SYMBOL        luminance
  C:43B2H         LINE#         46
  C:43B7H         LINE#         47
  C:43B7H         LINE#         48
  C:43B7H         LINE#         49
  C:43B7H         LINE#         52
  C:43B7H         LINE#         54
  -------         ENDPROC       _BOARD_LED_PWM
  -------         ENDMOD        LED

  -------         MODULE        MOTOR
  C:0000H         SYMBOL        _ICE_DUMMY_
  D:0080H         PUBLIC        P0
  D:0090H         PUBLIC        P1
  D:00A0H         PUBLIC        P2
  D:00B0H         PUBLIC        P3
  D:00C0H         PUBLIC        P4
  D:00C8H         PUBLIC        P5
  D:00E8H         PUBLIC        P6
  D:00F8H         PUBLIC        P7
  D:00F5H         PUBLIC        PWMCR
  D:00BAH         PUBLIC        P_SW2
  D:00A8H         PUBLIC        IE
  C:3C26H         PUBLIC        _open_DC_Motor
  D:00B8H         PUBLIC        IP
  D:00D8H         PUBLIC        CCON
  B:00A0H.2       PUBLIC        P22
  D:0098H         PUBLIC        SCON
  B:00A0H.3       PUBLIC        P23
  D:0088H         PUBLIC        TCON
  C:3118H         PUBLIC        _setDC_MotorSpeed
  D:00F0H         PUBLIC        B
  X:0659H         SYMBOL        g_DC_Motor
  C:432DH         PUBLIC        _getDC_MotorState
  D:00E0H         PUBLIC        ACC
  C:35CAH         PUBLIC        DC_MOTOR_config
  C:3C4DH         PUBLIC        _close_DC_Motor
  D:00D0H         PUBLIC        PSW
  -------         PROC          _SETDC_MOTORSPEED
  X:0623H         SYMBOL        motor
  X:0624H         SYMBOL        speed
  C:3118H         LINE#         38
BL51 BANKED LINKER/LOCATER V6.00                                                      07/11/2017  19:26:10  PAGE 26


  C:311DH         LINE#         39
  C:311DH         LINE#         41
  C:3138H         LINE#         42
  C:3138H         LINE#         43
  C:3142H         LINE#         44
  C:3142H         LINE#         45
  C:315DH         LINE#         46
  C:315DH         LINE#         48
  C:3167H         LINE#         49
  C:3167H         LINE#         52
  C:3187H         LINE#         53
  C:31A9H         LINE#         54
  -------         ENDPROC       _SETDC_MOTORSPEED
  -------         PROC          _OPEN_DC_MOTOR
  D:0007H         SYMBOL        motor
  C:3C26H         LINE#         55
  C:3C26H         LINE#         56
  C:3C26H         LINE#         57
  C:3C29H         LINE#         58
  C:3C3AH         LINE#         59
  C:3C3DH         LINE#         61
  C:3C4CH         LINE#         62
  -------         ENDPROC       _OPEN_DC_MOTOR
  -------         PROC          _CLOSE_DC_MOTOR
  D:0007H         SYMBOL        motor
  C:3C4DH         LINE#         63
  C:3C4DH         LINE#         64
  C:3C4DH         LINE#         65
  C:3C50H         LINE#         66
  C:3C62H         LINE#         67
  C:3C65H         LINE#         68
  C:3C73H         LINE#         72
  -------         ENDPROC       _CLOSE_DC_MOTOR
  -------         PROC          _GETDC_MOTORSTATE
  D:0007H         SYMBOL        motor
  C:432DH         LINE#         73
  C:432DH         LINE#         74
  C:432DH         LINE#         75
  C:433CH         LINE#         77
  -------         ENDPROC       _GETDC_MOTORSTATE
  -------         PROC          DC_MOTOR_CONFIG
  -------         DO            
  X:05BFH         SYMBOL        GPIO_InitStructure
  X:05C1H         SYMBOL        PWM_InitStructure
  -------         ENDDO         
  C:35CAH         LINE#         85
  C:35CAH         LINE#         86
  C:35CAH         LINE#         89
  C:35CFH         LINE#         92
  C:35D3H         LINE#         93
  C:35DEH         LINE#         97
  C:35E4H         LINE#         98
  C:35EFH         LINE#         99
  C:35F1H         LINE#         100
  C:35F3H         LINE#         103
  C:35F6H         LINE#         104
  C:35FBH         LINE#         105
BL51 BANKED LINKER/LOCATER V6.00                                                      07/11/2017  19:26:10  PAGE 27


  C:35FDH         LINE#         106
  C:35FFH         LINE#         107
  C:3602H         LINE#         108
  C:3605H         LINE#         109
  C:3607H         LINE#         110
  C:3609H         LINE#         111
  C:360BH         LINE#         112
  C:360DH         LINE#         113
  C:360FH         LINE#         114
  C:3611H         LINE#         115
  C:3613H         LINE#         116
  C:3615H         LINE#         117
  C:3617H         LINE#         118
  C:3619H         LINE#         119
  C:361BH         LINE#         120
  C:3626H         LINE#         121
  C:3631H         LINE#         123
  C:3634H         LINE#         126
  -------         ENDPROC       DC_MOTOR_CONFIG
  -------         ENDMOD        MOTOR

  -------         MODULE        SERVO
  C:0000H         SYMBOL        _ICE_DUMMY_
  D:0080H         PUBLIC        P0
  D:0090H         PUBLIC        P1
  D:00A0H         PUBLIC        P2
  D:00B0H         PUBLIC        P3
  D:00C0H         PUBLIC        P4
  D:00C8H         PUBLIC        P5
  D:00E8H         PUBLIC        P6
  D:00F8H         PUBLIC        P7
  D:00A8H         PUBLIC        IE
  D:00B8H         PUBLIC        IP
  D:00D8H         PUBLIC        CCON
  D:0098H         PUBLIC        SCON
  D:0088H         PUBLIC        TCON
  D:00F0H         PUBLIC        B
  D:00E0H         PUBLIC        ACC
  D:00D0H         PUBLIC        PSW
  -------         ENDMOD        SERVO

  -------         MODULE        STEP_MOTOR
  C:0000H         SYMBOL        _ICE_DUMMY_
  D:0080H         PUBLIC        P0
  D:0090H         PUBLIC        P1
  D:00A0H         PUBLIC        P2
  D:00B0H         PUBLIC        P3
  D:00C0H         PUBLIC        P4
  D:00C8H         PUBLIC        P5
  D:00E8H         PUBLIC        P6
  D:00F8H         PUBLIC        P7
  C:42FAH         PUBLIC        _setStepMotorWithAngle
  D:00A8H         PUBLIC        IE
  D:00B8H         PUBLIC        IP
  X:05EEH         SYMBOL        g_stepMotor
  D:00D8H         PUBLIC        CCON
  C:3FF5H         PUBLIC        _close_StepMotor
BL51 BANKED LINKER/LOCATER V6.00                                                      07/11/2017  19:26:10  PAGE 28


  C:3AA6H         PUBLIC        _setStepMotorWithRound
  D:0098H         PUBLIC        SCON
  D:0088H         PUBLIC        TCON
  D:00F0H         PUBLIC        B
  D:00E0H         PUBLIC        ACC
  C:3F9EH         PUBLIC        _open_StepMotor
  C:42B2H         PUBLIC        _getStepMotorState
  D:00D0H         PUBLIC        PSW
  -------         PROC          _SETSTEPMOTORWITHANGLE
  D:0007H         SYMBOL        motor
  D:0082H         SYMBOL        angle
  D:0003H         SYMBOL        speed
  C:42FAH         LINE#         36
  C:42FEH         LINE#         37
  C:42FEH         LINE#         38
  C:4309H         LINE#         39
  C:430AH         LINE#         40
  -------         ENDPROC       _SETSTEPMOTORWITHANGLE
  -------         PROC          _SETSTEPMOTORWITHROUND
  X:065DH         SYMBOL        motor
  X:065EH         SYMBOL        round
  X:0660H         SYMBOL        speed
  C:3AA6H         LINE#         51
  C:3AB4H         LINE#         52
  C:3AB4H         LINE#         53
  C:3AC2H         LINE#         54
  C:3AC2H         LINE#         55
  C:3AD3H         LINE#         56
  C:3AD5H         LINE#         57
  C:3AD6H         LINE#         58
  -------         ENDPROC       _SETSTEPMOTORWITHROUND
  -------         PROC          _GETSTEPMOTORSTATE
  D:0007H         SYMBOL        motor
  C:42B2H         LINE#         67
  C:42B2H         LINE#         68
  C:42B2H         LINE#         69
  C:42C3H         LINE#         70
  -------         ENDPROC       _GETSTEPMOTORSTATE
  -------         PROC          _CLOSE_STEPMOTOR
  X:0679H         SYMBOL        motor
  C:3FF5H         LINE#         79
  C:3FFAH         LINE#         80
  C:3FFAH         LINE#         81
  C:3FFDH         LINE#         82
  C:4010H         LINE#         84
  -------         ENDPROC       _CLOSE_STEPMOTOR
  -------         PROC          _OPEN_STEPMOTOR
  X:067AH         SYMBOL        motor
  C:3F9EH         LINE#         93
  C:3FA3H         LINE#         94
  C:3FA3H         LINE#         95
  C:3FA6H         LINE#         96
  C:3FBAH         LINE#         97
  -------         ENDPROC       _OPEN_STEPMOTOR
  -------         ENDMOD        STEP_MOTOR

  -------         MODULE        RELAY
BL51 BANKED LINKER/LOCATER V6.00                                                      07/11/2017  19:26:10  PAGE 29


  C:0000H         SYMBOL        _ICE_DUMMY_
  D:0080H         PUBLIC        P0
  D:0090H         PUBLIC        P1
  D:00A0H         PUBLIC        P2
  D:00B0H         PUBLIC        P3
  D:00C0H         PUBLIC        P4
  D:00C8H         PUBLIC        P5
  D:00E8H         PUBLIC        P6
  D:00F8H         PUBLIC        P7
  D:00A8H         PUBLIC        IE
  D:00B8H         PUBLIC        IP
  D:00D8H         PUBLIC        CCON
  D:0098H         PUBLIC        SCON
  D:0088H         PUBLIC        TCON
  D:00F0H         PUBLIC        B
  D:00E0H         PUBLIC        ACC
  D:00D0H         PUBLIC        PSW
  -------         ENDMOD        RELAY

  -------         MODULE        ANGLE
  C:0000H         SYMBOL        _ICE_DUMMY_
  D:0080H         PUBLIC        P0
  D:0090H         PUBLIC        P1
  D:00A0H         PUBLIC        P2
  D:00B0H         PUBLIC        P3
  D:00C0H         PUBLIC        P4
  D:00C8H         PUBLIC        P5
  D:00E8H         PUBLIC        P6
  D:00F8H         PUBLIC        P7
  D:00A8H         PUBLIC        IE
  D:00B8H         PUBLIC        IP
  C:4011H         PUBLIC        _ADC_config
  D:00D8H         PUBLIC        CCON
  C:3550H         PUBLIC        getAngle
  D:0098H         PUBLIC        SCON
  D:0088H         PUBLIC        TCON
  D:00F0H         PUBLIC        B
  D:00E0H         PUBLIC        ACC
  D:00D0H         PUBLIC        PSW
  -------         PROC          _ADC_CONFIG
  D:0007H         SYMBOL        pin
  D:0005H         SYMBOL        speed
  -------         DO            
  X:028CH         SYMBOL        ADC_InitStructure
  -------         ENDDO         
  C:4011H         LINE#         27
  C:4011H         LINE#         28
  C:4011H         LINE#         30
  C:4016H         LINE#         31
  C:4019H         LINE#         32
  C:401DH         LINE#         33
  C:4020H         LINE#         34
  C:4022H         LINE#         35
  C:4024H         LINE#         36
  -------         ENDPROC       _ADC_CONFIG
  -------         PROC          GETANGLE
  B:0021H.0       SYMBOL        whichAngle
BL51 BANKED LINKER/LOCATER V6.00                                                      07/11/2017  19:26:10  PAGE 30


  -------         DO            
  X:0485H         SYMBOL        angleData
  X:0499H         SYMBOL        angleDataloopTemp1
  X:0606H         SYMBOL        presentAngle
  X:060AH         SYMBOL        lastAngle
  -------         ENDDO         
  C:3550H         LINE#         53
  C:3550H         LINE#         54
  C:3550H         LINE#         56
  C:3555H         LINE#         58
  C:3558H         LINE#         59
  C:3558H         LINE#         61
  C:3559H         LINE#         62
  C:3559H         LINE#         63
  C:3572H         LINE#         64
  C:357EH         LINE#         65
  C:35A4H         LINE#         67
  C:35B6H         LINE#         68
  C:35BBH         LINE#         69
  C:35BBH         LINE#         71
  C:35BBH         LINE#         72
  C:35C9H         LINE#         73
  C:35C9H         LINE#         74
  -------         ENDPROC       GETANGLE
  -------         ENDMOD        ANGLE

  -------         MODULE        MPU6050
  C:0000H         SYMBOL        _ICE_DUMMY_
  D:0080H         PUBLIC        P0
  D:0090H         PUBLIC        P1
  D:00A0H         PUBLIC        P2
  D:00B0H         PUBLIC        P3
  D:00C0H         PUBLIC        P4
  D:00C8H         PUBLIC        P5
  D:00E8H         PUBLIC        P6
  D:00F8H         PUBLIC        P7
  D:00A8H         PUBLIC        IE
  D:00B8H         PUBLIC        IP
  D:00D8H         PUBLIC        CCON
  D:0098H         PUBLIC        SCON
  D:0088H         PUBLIC        TCON
  D:00F0H         PUBLIC        B
  D:00E0H         PUBLIC        ACC
  D:00D0H         PUBLIC        PSW
  -------         ENDMOD        MPU6050

  -------         MODULE        LCD1602
  C:0000H         SYMBOL        _ICE_DUMMY_
  D:0080H         PUBLIC        P0
  D:0090H         PUBLIC        P1
  D:00B4H         PUBLIC        P4M0
  D:00A0H         PUBLIC        P2
  D:00CAH         PUBLIC        P5M0
  D:00B3H         PUBLIC        P4M1
  D:00B0H         PUBLIC        P3
  D:00C9H         PUBLIC        P5M1
  D:00C0H         PUBLIC        P4
BL51 BANKED LINKER/LOCATER V6.00                                                      07/11/2017  19:26:10  PAGE 31


  D:00C8H         PUBLIC        P5
  D:00E8H         PUBLIC        P6
  D:00F8H         PUBLIC        P7
  C:3F63H         SYMBOL        LCD1602_GPIO_config
  B:00C8H.4       PUBLIC        LCD1602_Backlight
  D:00A8H         PUBLIC        IE
  B:00C8H.2       PUBLIC        LCD1602_EN
  C:3FBBH         PUBLIC        LCD1602_Init
  D:00B8H         PUBLIC        IP
  B:00C8H.0       PUBLIC        LCD1602_RS
  D:00D8H         PUBLIC        CCON
  B:00C8H.1       PUBLIC        LCD1602_RW
  C:402DH         PUBLIC        _LCD1602_write_char
  D:0098H         PUBLIC        SCON
  D:0088H         PUBLIC        TCON
  D:00F0H         PUBLIC        B
  D:00E0H         PUBLIC        ACC
  C:3AD7H         PUBLIC        _LCD1602_write_word
  C:4049H         SYMBOL        _LCD1602_write_com
  D:00D0H         PUBLIC        PSW
  -------         PROC          _LCD1602_WRITE_CHAR
  X:067BH         SYMBOL        dat
  C:402DH         LINE#         18
  C:4032H         LINE#         19
  C:4032H         LINE#         20
  C:4034H         LINE#         21
  C:4039H         LINE#         22
  C:403FH         LINE#         23
  C:4041H         LINE#         24
  C:4046H         LINE#         25
  C:4048H         LINE#         26
  -------         ENDPROC       _LCD1602_WRITE_CHAR
  -------         PROC          _LCD1602_WRITE_WORD
  X:0665H         SYMBOL        s
  C:3AD7H         LINE#         31
  C:3AE2H         LINE#         32
  C:3AE2H         LINE#         33
  C:3AF6H         LINE#         34
  C:3AF6H         LINE#         35
  C:3AF9H         LINE#         36
  C:3B03H         LINE#         37
  C:3B05H         LINE#         38
  -------         ENDPROC       _LCD1602_WRITE_WORD
  -------         PROC          LCD1602_INIT
  C:3FBBH         LINE#         40
  C:3FBBH         LINE#         41
  C:3FBBH         LINE#         42
  C:3FBEH         LINE#         43
  C:3FC0H         LINE#         46
  C:3FC2H         LINE#         47
  C:3FC4H         LINE#         48
  C:3FC9H         LINE#         49
  C:3FCEH         LINE#         50
  C:3FD3H         LINE#         51
  -------         ENDPROC       LCD1602_INIT
  -------         PROC          _LCD1602_WRITE_COM
  X:067CH         SYMBOL        com
BL51 BANKED LINKER/LOCATER V6.00                                                      07/11/2017  19:26:10  PAGE 32


  C:4049H         LINE#         59
  C:404EH         LINE#         60
  C:404EH         LINE#         61
  C:4050H         LINE#         62
  C:4055H         LINE#         63
  C:4057H         LINE#         64
  C:405DH         LINE#         65
  C:4062H         LINE#         66
  C:4064H         LINE#         67
  -------         ENDPROC       _LCD1602_WRITE_COM
  -------         PROC          LCD1602_GPIO_CONFIG
  C:3F63H         LINE#         69
  C:3F63H         LINE#         70
  C:3F63H         LINE#         71
  C:3F66H         LINE#         72
  C:3F69H         LINE#         74
  C:3F6CH         LINE#         75
  C:3F6FH         LINE#         77
  C:3F72H         LINE#         78
  C:3F75H         LINE#         80
  C:3F78H         LINE#         81
  C:3F7BH         LINE#         83
  C:3F7EH         LINE#         84
  C:3F80H         LINE#         85
  -------         ENDPROC       LCD1602_GPIO_CONFIG
  -------         ENDMOD        LCD1602

  -------         MODULE        MPU9250
  C:0000H         SYMBOL        _ICE_DUMMY_
  D:0080H         PUBLIC        P0
  D:0090H         PUBLIC        P1
  D:00A0H         PUBLIC        P2
  D:00B0H         PUBLIC        P3
  D:00C0H         PUBLIC        P4
  C:3A33H         SYMBOL        _i2c_Mag_write
  D:00C8H         PUBLIC        P5
  D:00E8H         PUBLIC        P6
  D:00F8H         PUBLIC        P7
  D:00A8H         PUBLIC        IE
  D:00B8H         PUBLIC        IP
  C:43B8H         SYMBOL        _SPI1_ReadWriteByte
  C:4369H         PUBLIC        _MPU9250_Read_Reg
  D:00D8H         PUBLIC        CCON
  C:409CH         PUBLIC        _MPU9250_Write_Reg
  D:0098H         PUBLIC        SCON
  D:0088H         PUBLIC        TCON
  C:36F7H         PUBLIC        Init_MPU9250
  D:00F0H         PUBLIC        B
  C:43F4H         PUBLIC        spi_Init
  D:00E0H         PUBLIC        ACC
  X:057CH         PUBLIC        mpu_value
  X:058EH         PUBLIC        BUF
  C:2B07H         PUBLIC        READ_MPU9250_GYRO
  C:39FAH         SYMBOL        _i2c_Mag_read
  C:29DAH         PUBLIC        READ_MPU9250_MAG
  D:00D0H         PUBLIC        PSW
  C:307EH         PUBLIC        READ_MPU9250_ACCEL
BL51 BANKED LINKER/LOCATER V6.00                                                      07/11/2017  19:26:10  PAGE 33


[...]
  -------         PROC          _CLOSEPID
  D:0007H         SYMBOL        PID_N
  C:431CH         LINE#         85
  C:431CH         LINE#         86
  C:431CH         LINE#         87
  C:432CH         LINE#         90
  -------         ENDPROC       _CLOSEPID
  -------         PROC          _PID
  X:067FH         SYMBOL        PID_N
  C:1E64H         LINE#         99
  C:1E69H         LINE#         100
  C:1E69H         LINE#         103
  C:1E7CH         LINE#         104
  C:1E7CH         LINE#         106
  C:1ECAH         LINE#         122
  C:1F0DH         LINE#         124
  C:2012H         LINE#         127
  C:203CH         LINE#         130
  C:203DH         LINE#         131
  C:203DH         LINE#         133
  -------         ENDPROC       _PID
  -------         PROC          _SETPARAMETERINFERIORLIMIT
  D:0003H         SYMBOL        PID_N
  X:0633H         SYMBOL        value
  C:3DC1H         LINE#         143
  C:3DC3H         LINE#         144
  C:3DC3H         LINE#         145
  -------         ENDPROC       _SETPARAMETERINFERIORLIMIT
  -------         PROC          _SETPARAMETERUPPERLIMIT
  D:0003H         SYMBOL        PID_N
  X:0638H         SYMBOL        value
  C:3DE2H         LINE#         165
  C:3DE4H         LINE#         166
  C:3DE4H         LINE#         167
  -------         ENDPROC       _SETPARAMETERUPPERLIMIT
  -------         PROC          _SETACTUALPARAMETER
  D:0003H         SYMBOL        PID_N
  X:063DH         SYMBOL        value
  C:3E03H         LINE#         180
  C:3E05H         LINE#         181
  C:3E05H         LINE#         182
  -------         ENDPROC       _SETACTUALPARAMETER
  -------         PROC          _SETKI
BL51 BANKED LINKER/LOCATER V6.00                                                      07/11/2017  19:26:10  PAGE 79


  D:0003H         SYMBOL        PID_N
  X:0642H         SYMBOL        value
  C:3E24H         LINE#         195
  C:3E26H         LINE#         196
  C:3E26H         LINE#         197
  -------         ENDPROC       _SETKI
  -------         PROC          _SETKP
  D:0003H         SYMBOL        PID_N
  X:0647H         SYMBOL        value
  C:3E45H         LINE#         209
  C:3E47H         LINE#         210
  C:3E47H         LINE#         211
  -------         ENDPROC       _SETKP
  -------         PROC          _SETKD
  D:0003H         SYMBOL        PID_N
  X:064CH         SYMBOL        value
  C:3E66H         LINE#         223
  C:3E68H         LINE#         224
  C:3E68H         LINE#         225
  -------         ENDPROC       _SETKD
  -------         PROC          _SETPARAMETER
  D:0003H         SYMBOL        PID_N
  X:0651H         SYMBOL        value
  C:3E87H         LINE#         237
  C:3E89H         LINE#         238
  C:3E89H         LINE#         239
  -------         ENDPROC       _SETPARAMETER
  -------         PROC          _GETPARAMETER
  D:0007H         SYMBOL        PID_N
  C:4139H         LINE#         251
  C:4139H         LINE#         252
  C:4139H         LINE#         253
  C:4152H         LINE#         254
  -------         ENDPROC       _GETPARAMETER
  -------         PROC          _GETERR
  D:0007H         SYMBOL        PID_N
  C:4153H         LINE#         264
  C:4153H         LINE#         265
  C:4153H         LINE#         266
  C:416CH         LINE#         267
  -------         ENDPROC       _GETERR
  -------         PROC          _GETERRLAST
  D:0007H         SYMBOL        PID_N
  C:416DH         LINE#         277
  C:416DH         LINE#         278
  C:416DH         LINE#         279
  C:4186H         LINE#         280
  -------         ENDPROC       _GETERRLAST
  -------         PROC          _GETKP
  D:0007H         SYMBOL        PID_N
  C:4187H         LINE#         289
  C:4187H         LINE#         290
  C:4187H         LINE#         291
  C:41A0H         LINE#         292
  -------         ENDPROC       _GETKP
  -------         PROC          _GETKI
  D:0007H         SYMBOL        PID_N
BL51 BANKED LINKER/LOCATER V6.00                                                      07/11/2017  19:26:10  PAGE 80


  C:41A1H         LINE#         302
  C:41A1H         LINE#         303
  C:41A1H         LINE#         304
  C:41BAH         LINE#         305
  -------         ENDPROC       _GETKI
  -------         PROC          _GETKD
  D:0007H         SYMBOL        PID_N
  C:41BBH         LINE#         315
  C:41BBH         LINE#         316
  C:41BBH         LINE#         317
  C:41D4H         LINE#         318
  -------         ENDPROC       _GETKD
  -------         PROC          _GETOUTPUT
  D:0007H         SYMBOL        PID_N
  C:41D5H         LINE#         328
  C:41D5H         LINE#         329
  C:41D5H         LINE#         330
  C:41EEH         LINE#         331
  -------         ENDPROC       _GETOUTPUT
  -------         PROC          _GETINTEGRAL
  D:0007H         SYMBOL        PID_N
  C:41EFH         LINE#         341
  C:41EFH         LINE#         342
  C:41EFH         LINE#         343
  C:4208H         LINE#         344
  -------         ENDPROC       _GETINTEGRAL
  -------         ENDMOD        PID

  -------         MODULE        FILTER
  C:0000H         SYMBOL        _ICE_DUMMY_
  D:0080H         PUBLIC        P0
  D:0090H         PUBLIC        P1
  D:00A0H         PUBLIC        P2
  D:00B0H         PUBLIC        P3
  D:00C0H         PUBLIC        P4
  D:00C8H         PUBLIC        P5
  D:00E8H         PUBLIC        P6
  D:00F8H         PUBLIC        P7
  C:2770H         PUBLIC        _filter
  D:00A8H         PUBLIC        IE
  D:00B8H         PUBLIC        IP
  D:00D8H         PUBLIC        CCON
  D:0098H         PUBLIC        SCON
  D:0088H         PUBLIC        TCON
  D:00F0H         PUBLIC        B
  D:00E0H         PUBLIC        ACC
  D:00D0H         PUBLIC        PSW
  -------         PROC          _FILTER
  D:0001H         SYMBOL        ary
  X:049DH         SYMBOL        num
  X:049EH         SYMBOL        MaxValue
  X:04A0H         SYMBOL        MinValue
  -------         DO            
  X:04A2H         SYMBOL        angleDataloopTemp2
  X:04A4H         SYMBOL        finalData
  X:04A6H         SYMBOL        maxValue
  X:04A8H         SYMBOL        minValue
BL51 BANKED LINKER/LOCATER V6.00                                                      07/11/2017  19:26:10  PAGE 81


  -------         ENDDO         
  C:2770H         LINE#         2
  C:2775H         LINE#         3
  C:2775H         LINE#         5
  C:277CH         LINE#         6
  C:278BH         LINE#         7
  C:279AH         LINE#         8
  C:27BCH         LINE#         9
  C:27BCH         LINE#         10
  C:27D8H         LINE#         11
  C:27D8H         LINE#         12
  C:27F5H         LINE#         13
  C:27F5H         LINE#         14
  C:2817H         LINE#         15
  C:2817H         LINE#         16
  C:2834H         LINE#         17
  C:2834H         LINE#         18
  C:2856H         LINE#         19
  C:286AH         LINE#         20
  C:288FH         LINE#         21
  C:28A5H         LINE#         22
  C:28A5H         LINE#         23
  -------         ENDPROC       _FILTER
  -------         ENDMOD        FILTER

  -------         MODULE        ?C?FPADD
  C:0807H         PUBLIC        ?C?FPADD
  C:0803H         PUBLIC        ?C?FPSUB
  -------         ENDMOD        ?C?FPADD

  -------         MODULE        ?C?FPMUL
  C:08F8H         PUBLIC        ?C?FPMUL
  -------         ENDMOD        ?C?FPMUL

  -------         MODULE        ?C?FPDIV
  C:0A01H         PUBLIC        ?C?FPDIV
  -------         ENDMOD        ?C?FPDIV

  -------         MODULE        ?C?FPCMP
  C:0AA0H         PUBLIC        ?C?FPCMP
  C:0A9EH         PUBLIC        ?C?FPCMP3
  -------         ENDMOD        ?C?FPCMP

  -------         MODULE        ?C?FCAST
  C:0B15H         PUBLIC        ?C?FCASTC
  C:0B10H         PUBLIC        ?C?FCASTI
  C:0B0BH         PUBLIC        ?C?FCASTL
  -------         ENDMOD        ?C?FCAST

  -------         MODULE        ?C?CASTF
  C:0B49H         PUBLIC        ?C?CASTF
  -------         ENDMOD        ?C?CASTF

  -------         MODULE        ?C?CLDPTR
  C:0BCAH         PUBLIC        ?C?CLDPTR
  -------         ENDMOD        ?C?CLDPTR

BL51 BANKED LINKER/LOCATER V6.00                                                      07/11/2017  19:26:10  PAGE 82


  -------         MODULE        ?C?CLDOPTR
  C:0BE3H         PUBLIC        ?C?CLDOPTR
  -------         ENDMOD        ?C?CLDOPTR

  -------         MODULE        ?C?CSTPTR
  C:0C10H         PUBLIC        ?C?CSTPTR
  -------         ENDMOD        ?C?CSTPTR

  -------         MODULE        ?C?CSTOPTR
  C:0C22H         PUBLIC        ?C?CSTOPTR
  -------         ENDMOD        ?C?CSTOPTR

  -------         MODULE        ?C?IMUL
  C:0C44H         PUBLIC        ?C?IMUL
  -------         ENDMOD        ?C?IMUL

  -------         MODULE        ?C?UIDIV
  C:0C56H         PUBLIC        ?C?UIDIV
  -------         ENDMOD        ?C?UIDIV

  -------         MODULE        ?C?SIDIV
  C:0CABH         PUBLIC        ?C?SIDIV
  -------         ENDMOD        ?C?SIDIV

  -------         MODULE        ?C?IILDX
  C:0CE1H         PUBLIC        ?C?IILDX
  -------         ENDMOD        ?C?IILDX

  -------         MODULE        ?C?ILDIX
  C:0CF7H         PUBLIC        ?C?ILDIX
  -------         ENDMOD        ?C?ILDIX

  -------         MODULE        ?C?ILDOPTR
  C:0D0DH         PUBLIC        ?C?ILDOPTR
  -------         ENDMOD        ?C?ILDOPTR

  -------         MODULE        ?C?ULDIV
  C:0D81H         PUBLIC        ?C?ULDIV
  -------         ENDMOD        ?C?ULDIV

  -------         MODULE        ?C?SLDIV
  C:3934H         PUBLIC        ?C?SLDIV
  -------         ENDMOD        ?C?SLDIV

  -------         MODULE        ?C?LNEG
  C:0E13H         PUBLIC        ?C?LNEG
  -------         ENDMOD        ?C?LNEG

  -------         MODULE        ?C?ULCMP
  C:0E21H         PUBLIC        ?C?ULCMP
  -------         ENDMOD        ?C?ULCMP

  -------         MODULE        ?C?ULSHR
  C:0E32H         PUBLIC        ?C?ULSHR
  -------         ENDMOD        ?C?ULSHR

  -------         MODULE        ?C?LLDOPTR0
BL51 BANKED LINKER/LOCATER V6.00                                                      07/11/2017  19:26:10  PAGE 83


  C:0E45H         PUBLIC        ?C?LLDOPTR0
  -------         ENDMOD        ?C?LLDOPTR0

  -------         MODULE        ?C?LSTXDATA
  C:0E75H         PUBLIC        ?C?LSTXDATA
  -------         ENDMOD        ?C?LSTXDATA

  -------         MODULE        ?C?LSTKXDATA
  C:0E81H         PUBLIC        ?C?LSTKXDATA
  -------         ENDMOD        ?C?LSTKXDATA

  -------         MODULE        ?C?LLDIDATA0
  C:0EB2H         PUBLIC        ?C?LLDIDATA0
  -------         ENDMOD        ?C?LLDIDATA0

  -------         MODULE        ?C?LLDXDATA0
  C:0EBFH         PUBLIC        ?C?LLDXDATA0
  -------         ENDMOD        ?C?LLDXDATA0

  -------         MODULE        ?C?LLDPDATA0
  C:0ECBH         PUBLIC        ?C?LLDPDATA0
  -------         ENDMOD        ?C?LLDPDATA0

  -------         MODULE        ?C?LLDCODE0
  C:0ED8H         PUBLIC        ?C?LLDCODE0
  -------         ENDMOD        ?C?LLDCODE0

*** WARNING L16: UNCALLED SEGMENT, IGNORED FOR OVERLAY PROCESS
    SEGMENT: ?PR?MODE1?MODE

*** WARNING L16: UNCALLED SEGMENT, IGNORED FOR OVERLAY PROCESS
    SEGMENT: ?PR?MODE2?MODE

*** WARNING L16: UNCALLED SEGMENT, IGNORED FOR OVERLAY PROCESS
    SEGMENT: ?PR?MODE3?MODE

*** WARNING L16: UNCALLED SEGMENT, IGNORED FOR OVERLAY PROCESS
    SEGMENT: ?PR?MODE4?MODE

*** WARNING L16: UNCALLED SEGMENT, IGNORED FOR OVERLAY PROCESS
    SEGMENT: ?PR?MODELAUNCHER?MODE

*** WARNING L16: UNCALLED SEGMENT, IGNORED FOR OVERLAY PROCESS
    SEGMENT: ?PR?GETBOARD_LED_STATE?LED

*** WARNING L16: UNCALLED SEGMENT, IGNORED FOR OVERLAY PROCESS
    SEGMENT: ?PR?_BOARD_LED_PWM?LED

*** WARNING L16: UNCALLED SEGMENT, IGNORED FOR OVERLAY PROCESS
    SEGMENT: ?PR?_SETDC_MOTORSPEED?MOTOR

*** WARNING L16: UNCALLED SEGMENT, IGNORED FOR OVERLAY PROCESS
    SEGMENT: ?PR?_OPEN_DC_MOTOR?MOTOR

*** WARNING L16: UNCALLED SEGMENT, IGNORED FOR OVERLAY PROCESS
    SEGMENT: ?PR?_CLOSE_DC_MOTOR?MOTOR

BL51 BANKED LINKER/LOCATER V6.00                                                      07/11/2017  19:26:10  PAGE 84


*** WARNING L16: UNCALLED SEGMENT, IGNORED FOR OVERLAY PROCESS
    SEGMENT: ?PR?_GETDC_MOTORSTATE?MOTOR

*** WARNING L16: UNCALLED SEGMENT, IGNORED FOR OVERLAY PROCESS
    SEGMENT: ?PR?DC_MOTOR_CONFIG?MOTOR

*** WARNING L16: UNCALLED SEGMENT, IGNORED FOR OVERLAY PROCESS
    SEGMENT: ?PR?_SETSTEPMOTORWITHROUND?STEP_MOTOR

*** WARNING L16: UNCALLED SEGMENT, IGNORED FOR OVERLAY PROCESS
    SEGMENT: ?PR?_GETSTEPMOTORSTATE?STEP_MOTOR

*** WARNING L16: UNCALLED SEGMENT, IGNORED FOR OVERLAY PROCESS
    SEGMENT: ?PR?_CLOSE_STEPMOTOR?STEP_MOTOR

*** WARNING L16: UNCALLED SEGMENT, IGNORED FOR OVERLAY PROCESS
    SEGMENT: ?PR?_OPEN_STEPMOTOR?STEP_MOTOR

*** WARNING L16: UNCALLED SEGMENT, IGNORED FOR OVERLAY PROCESS
    SEGMENT: ?PR?_LCD1602_WRITE_WORD?LCD1602

*** WARNING L16: UNCALLED SEGMENT, IGNORED FOR OVERLAY PROCESS
    SEGMENT: ?PR?LCD1602_INIT?LCD1602

*** WARNING L16: UNCALLED SEGMENT, IGNORED FOR OVERLAY PROCESS
    SEGMENT: ?PR?SPI_INIT?MPU9250

*** WARNING L16: UNCALLED SEGMENT, IGNORED FOR OVERLAY PROCESS
    SEGMENT: ?PR?INIT_MPU9250?MPU9250

*** WARNING L16: UNCALLED SEGMENT, IGNORED FOR OVERLAY PROCESS
    SEGMENT: ?PR?READ_MPU9250_ACCEL?MPU9250

*** WARNING L16: UNCALLED SEGMENT, IGNORED FOR OVERLAY PROCESS
    SEGMENT: ?PR?READ_MPU9250_GYRO?MPU9250

*** WARNING L16: UNCALLED SEGMENT, IGNORED FOR OVERLAY PROCESS
    SEGMENT: ?PR?READ_MPU9250_MAG?MPU9250

*** WARNING L16: UNCALLED SEGMENT, IGNORED FOR OVERLAY PROCESS
    SEGMENT: ?PR?HC595_INIT?74HC595

*** WARNING L16: UNCALLED SEGMENT, IGNORED FOR OVERLAY PROCESS
    SEGMENT: ?PR?_HC595SENDDATA?74HC595

*** WARNING L16: UNCALLED SEGMENT, IGNORED FOR OVERLAY PROCESS
    SEGMENT: ?PR?_GETPULSERSTATE?FIXEDPULSER

*** WARNING L16: UNCALLED SEGMENT, IGNORED FOR OVERLAY PROCESS
    SEGMENT: ?PR?PULSERINIT?FIXEDPULSER

*** WARNING L16: UNCALLED SEGMENT, IGNORED FOR OVERLAY PROCESS
    SEGMENT: ?PR?_ADC_POWERCONTROL?ADC

*** WARNING L16: UNCALLED SEGMENT, IGNORED FOR OVERLAY PROCESS
    SEGMENT: ?PR?_SETPINSTATE?GPIO

BL51 BANKED LINKER/LOCATER V6.00                                                      07/11/2017  19:26:10  PAGE 85


*** WARNING L16: UNCALLED SEGMENT, IGNORED FOR OVERLAY PROCESS
    SEGMENT: ?PR?_PWMN_UPDATE?PCA

*** WARNING L16: UNCALLED SEGMENT, IGNORED FOR OVERLAY PROCESS
    SEGMENT: ?PR?_PCA_INIT?PCA

*** WARNING L16: UNCALLED SEGMENT, IGNORED FOR OVERLAY PROCESS
    SEGMENT: ?PR?_PWMOUTPUT?PCA

*** WARNING L16: UNCALLED SEGMENT, IGNORED FOR OVERLAY PROCESS
    SEGMENT: ?PR?_GET_PWM_PERIOD?STC15_PWM

*** WARNING L16: UNCALLED SEGMENT, IGNORED FOR OVERLAY PROCESS
    SEGMENT: ?PR?_GET_PWM_N_DUTY?STC15_PWM

*** WARNING L16: UNCALLED SEGMENT, IGNORED FOR OVERLAY PROCESS
    SEGMENT: ?PR?OPEN_PWM_ALL?STC15_PWM

*** WARNING L16: UNCALLED SEGMENT, IGNORED FOR OVERLAY PROCESS
    SEGMENT: ?PR?CLOSE_PWM_ALL?STC15_PWM

*** WARNING L16: UNCALLED SEGMENT, IGNORED FOR OVERLAY PROCESS
    SEGMENT: ?PR?_OPEN_PWM_N?STC15_PWM

*** WARNING L16: UNCALLED SEGMENT, IGNORED FOR OVERLAY PROCESS
    SEGMENT: ?PR?_CLOSE_PWM_N?STC15_PWM

*** WARNING L16: UNCALLED SEGMENT, IGNORED FOR OVERLAY PROCESS
    SEGMENT: ?PR?_GET_PWM_N_STATE?STC15_PWM

*** WARNING L16: UNCALLED SEGMENT, IGNORED FOR OVERLAY PROCESS
    SEGMENT: ?PR?_SETTIMEOUT?TIMER

*** WARNING L16: UNCALLED SEGMENT, IGNORED FOR OVERLAY PROCESS
    SEGMENT: ?PR?_GETTIMEROUT?TIMER

*** WARNING L16: UNCALLED SEGMENT, IGNORED FOR OVERLAY PROCESS
    SEGMENT: ?PR?_SETTIMERHERTZ?TIMER

*** WARNING L16: UNCALLED SEGMENT, IGNORED FOR OVERLAY PROCESS
    SEGMENT: ?PR?_GETTIMERHERTZ?TIMER

*** WARNING L16: UNCALLED SEGMENT, IGNORED FOR OVERLAY PROCESS
    SEGMENT: ?PR?_STOPTIMER?TIMER

*** WARNING L16: UNCALLED SEGMENT, IGNORED FOR OVERLAY PROCESS
    SEGMENT: ?PR?_ISSTOPPED?TIMER

*** WARNING L16: UNCALLED SEGMENT, IGNORED FOR OVERLAY PROCESS
    SEGMENT: ?PR?_ONRESTARTTIMER?TIMER

*** WARNING L16: UNCALLED SEGMENT, IGNORED FOR OVERLAY PROCESS
    SEGMENT: ?PR?GETMICROS?TIMER

*** WARNING L16: UNCALLED SEGMENT, IGNORED FOR OVERLAY PROCESS
    SEGMENT: ?PR?GETMILLIS?TIMER

BL51 BANKED LINKER/LOCATER V6.00                                                      07/11/2017  19:26:10  PAGE 86


*** WARNING L16: UNCALLED SEGMENT, IGNORED FOR OVERLAY PROCESS
    SEGMENT: ?PR?GETSECONDS?TIMER

*** WARNING L16: UNCALLED SEGMENT, IGNORED FOR OVERLAY PROCESS
    SEGMENT: ?PR?GETMINUTES?TIMER

*** WARNING L16: UNCALLED SEGMENT, IGNORED FOR OVERLAY PROCESS
    SEGMENT: ?PR?GETHOURS?TIMER

*** WARNING L16: UNCALLED SEGMENT, IGNORED FOR OVERLAY PROCESS
    SEGMENT: ?PR?GETDAYS?TIMER

*** WARNING L16: UNCALLED SEGMENT, IGNORED FOR OVERLAY PROCESS
    SEGMENT: ?PR?_PRINTSTRING2?USART1

*** WARNING L16: UNCALLED SEGMENT, IGNORED FOR OVERLAY PROCESS
    SEGMENT: ?PR?_PRINTSTRING3?USART1

*** WARNING L16: UNCALLED SEGMENT, IGNORED FOR OVERLAY PROCESS
    SEGMENT: ?PR?_PRINTSTRING4?USART1

*** WARNING L16: UNCALLED SEGMENT, IGNORED FOR OVERLAY PROCESS
    SEGMENT: ?PR?_EEPROM_READ_N?STC15_EEPROM

*** WARNING L16: UNCALLED SEGMENT, IGNORED FOR OVERLAY PROCESS
    SEGMENT: ?PR?_EEPROM_SECTORERASE?STC15_EEPROM

*** WARNING L16: UNCALLED SEGMENT, IGNORED FOR OVERLAY PROCESS
    SEGMENT: ?PR?_EEPROM_WRITE_N?STC15_EEPROM

*** WARNING L16: UNCALLED SEGMENT, IGNORED FOR OVERLAY PROCESS
    SEGMENT: ?PR?_PID_CONFIG?PID

*** WARNING L16: UNCALLED SEGMENT, IGNORED FOR OVERLAY PROCESS
    SEGMENT: ?PR?_OPENPID?PID

*** WARNING L16: UNCALLED SEGMENT, IGNORED FOR OVERLAY PROCESS
    SEGMENT: ?PR?_CLOSEPID?PID

*** WARNING L16: UNCALLED SEGMENT, IGNORED FOR OVERLAY PROCESS
    SEGMENT: ?PR?_PID?PID

*** WARNING L16: UNCALLED SEGMENT, IGNORED FOR OVERLAY PROCESS
    SEGMENT: ?PR?_SETPARAMETERINFERIORLIMIT?PID

*** WARNING L16: UNCALLED SEGMENT, IGNORED FOR OVERLAY PROCESS
    SEGMENT: ?PR?_SETPARAMETERUPPERLIMIT?PID

*** WARNING L16: UNCALLED SEGMENT, IGNORED FOR OVERLAY PROCESS
    SEGMENT: ?PR?_SETACTUALPARAMETER?PID

*** WARNING L16: UNCALLED SEGMENT, IGNORED FOR OVERLAY PROCESS
    SEGMENT: ?PR?_SETKI?PID

*** WARNING L16: UNCALLED SEGMENT, IGNORED FOR OVERLAY PROCESS
    SEGMENT: ?PR?_SETKP?PID

BL51 BANKED LINKER/LOCATER V6.00                                                      07/11/2017  19:26:10  PAGE 87


*** WARNING L16: UNCALLED SEGMENT, IGNORED FOR OVERLAY PROCESS
    SEGMENT: ?PR?_SETKD?PID

*** WARNING L16: UNCALLED SEGMENT, IGNORED FOR OVERLAY PROCESS
    SEGMENT: ?PR?_SETPARAMETER?PID

*** WARNING L16: UNCALLED SEGMENT, IGNORED FOR OVERLAY PROCESS
    SEGMENT: ?PR?_GETPARAMETER?PID

*** WARNING L16: UNCALLED SEGMENT, IGNORED FOR OVERLAY PROCESS
    SEGMENT: ?PR?_GETERR?PID

*** WARNING L16: UNCALLED SEGMENT, IGNORED FOR OVERLAY PROCESS
    SEGMENT: ?PR?_GETERRLAST?PID

*** WARNING L16: UNCALLED SEGMENT, IGNORED FOR OVERLAY PROCESS
    SEGMENT: ?PR?_GETKP?PID

*** WARNING L16: UNCALLED SEGMENT, IGNORED FOR OVERLAY PROCESS
    SEGMENT: ?PR?_GETKI?PID

*** WARNING L16: UNCALLED SEGMENT, IGNORED FOR OVERLAY PROCESS
    SEGMENT: ?PR?_GETKD?PID

*** WARNING L16: UNCALLED SEGMENT, IGNORED FOR OVERLAY PROCESS
    SEGMENT: ?PR?_GETOUTPUT?PID

*** WARNING L16: UNCALLED SEGMENT, IGNORED FOR OVERLAY PROCESS
    SEGMENT: ?PR?_GETINTEGRAL?PID

*** WARNING L15: MULTIPLE CALL TO SEGMENT
    SEGMENT: ?PR?GETANGLE?ANGLE
    CALLER1: ?PR?TASK8?ABSTASK
    CALLER2: ?PR?TASK9?ABSTASK

*** WARNING L15: MULTIPLE CALL TO SEGMENT
    SEGMENT: ?PR?_FILTER?FILTER
    CALLER1: ?PR?TASK8?ABSTASK
    CALLER2: ?PR?TASK9?ABSTASK

******************************************************************************
* RESTRICTED VERSION WITH FFFFH BYTE CODE SIZE LIMIT; USED: 32D9H BYTE (19%) *
******************************************************************************

Program Size: data=46.4 xdata=1664 code=15386
LINK/LOCATE RUN COMPLETE.  79 WARNING(S),  0 ERROR(S)
