BL51 BANKED LINKER/LOCATER V6.00                                                        08/08/2017  21:22:54  PAGE 1


BL51 BANKED LINKER/LOCATER V6.00, INVOKED BY:
C:\KEIL_V5\C51\BIN\BL51.EXE .\absTask.obj, .\setup.obj, .\mode.obj, .\FILTER.obj, .\PID.obj, .\DataScope_DP.obj, .\BUTTO
>> N.obj, .\LCD5510_V2.obj, .\LED.obj, .\MOTOR.obj, .\SERVO.obj, .\STEP_MOTOR.obj, .\ANGLE.obj, .\phSensor.obj, .\liquid
>> ometer.obj, .\speaker.obj, .\fixedPulser.obj, .\MT_1_L298N.obj, .\MPU9250_SBUF.obj, .\RELAY.obj, .\TM1638.obj, .\ADS1
>> 115.obj, .\74HC595.obj, .\hc_sr04.obj, .\NRF24L01.obj, .\RTC.obj, .\DS18B20.obj, .\74LS165.obj, .\ADC.obj, .\delay.ob
>> j, .\stc15_eeprom.obj, .\stc15_exti.obj, .\GPIO.obj, .\stc15_iic.obj, .\PCA.obj, .\stc15_pwm.obj, .\stc15_spi.obj, .\
>> timer.obj, .\USART1.obj, .\Conf_tny.obj TO 电子大赛程序框架 RTX51TINY RAMSIZE (256)


MEMORY MODEL: LARGE WITH FLOATING POINT ARITHMETIC


INPUT MODULES INCLUDED:
  .\absTask.obj (ABSTASK)
  .\setup.obj (SETUP)
  .\mode.obj (MODE)
  .\FILTER.obj (FILTER)
  .\PID.obj (PID)
  .\DataScope_DP.obj (DATASCOPE_DP)
  .\BUTTON.obj (BUTTON)
  .\LCD5510_V2.obj (LCD5510_V2)
  .\LED.obj (LED)
  .\MOTOR.obj (MOTOR)
  .\SERVO.obj (SERVO)
  .\STEP_MOTOR.obj (STEP_MOTOR)
  .\ANGLE.obj (ANGLE)
  .\phSensor.obj (PHSENSOR)
  .\liquidometer.obj (LIQUIDOMETER)
  .\speaker.obj (SPEAKER)
  .\fixedPulser.obj (FIXEDPULSER)
  .\MT_1_L298N.obj (MT_1_L298N)
  .\MPU9250_SBUF.obj (MPU9250_SBUF)
  .\RELAY.obj (RELAY)
  .\TM1638.obj (TM1638)
  .\ADS1115.obj (ADS1115)
  .\74HC595.obj (74HC595)
  .\hc_sr04.obj (HC_SR04)
  .\NRF24L01.obj (NRF24L01)
  .\RTC.obj (RTC)
  .\DS18B20.obj (DS18B20)
  .\74LS165.obj (74LS165)
  .\ADC.obj (ADC)
  .\delay.obj (DELAY)
  .\stc15_eeprom.obj (STC15_EEPROM)
  .\stc15_exti.obj (STC15_EXTI)
  .\GPIO.obj (GPIO)
  .\stc15_iic.obj (STC15_IIC)
  .\PCA.obj (PCA)
  .\stc15_pwm.obj (STC15_PWM)
  .\stc15_spi.obj (STC15_SPI)
  .\timer.obj (TIMER)
  .\USART1.obj (USART1)
  .\Conf_tny.obj (?RTX51_TINY_KERNAL)
  C:\KEIL_V5\C51\LIB\RTX51TNY.LIB (?RTX51_TINY_OS_CREATE)
  C:\KEIL_V5\C51\LIB\RTX51TNY.LIB (?RTX51_TINY_OS_DELETE)
  C:\KEIL_V5\C51\LIB\RTX51TNY.LIB (?RTX51_TINY_OS_WAIT)
  C:\KEIL_V5\C51\LIB\C51FPL.LIB (?C?FPADD)
  C:\KEIL_V5\C51\LIB\C51FPL.LIB (?C?FPMUL)
BL51 BANKED LINKER/LOCATER V6.00                                                      08/08/2017  21:22:54  PAGE 2


  C:\KEIL_V5\C51\LIB\C51FPL.LIB (?C?FPDIV)
  C:\KEIL_V5\C51\LIB\C51FPL.LIB (?C?FPCMP)
  C:\KEIL_V5\C51\LIB\C51FPL.LIB (?C?FCAST)
  C:\KEIL_V5\C51\LIB\C51FPL.LIB (?C?CASTF)
  C:\KEIL_V5\C51\LIB\C51FPL.LIB (PRINTF)
  C:\KEIL_V5\C51\LIB\C51FPL.LIB (FABS)
  C:\KEIL_V5\C51\LIB\C51FPL.LIB (?C?FPGETOPN)
  C:\KEIL_V5\C51\LIB\C51FPL.LIB (?C?FPROUND)
  C:\KEIL_V5\C51\LIB\C51FPL.LIB (?C?FPCONVERT)
  C:\KEIL_V5\C51\LIB\C51FPL.LIB (?C?FTNPWR)
  C:\KEIL_V5\C51\LIB\C51L.LIB (?C_STARTUP)
  C:\KEIL_V5\C51\LIB\C51L.LIB (?C?COPY)
  C:\KEIL_V5\C51\LIB\C51L.LIB (?C?CLDPTR)
  C:\KEIL_V5\C51\LIB\C51L.LIB (?C?CLDOPTR)
  C:\KEIL_V5\C51\LIB\C51L.LIB (?C?CSTPTR)
  C:\KEIL_V5\C51\LIB\C51L.LIB (?C?CSTOPTR)
  C:\KEIL_V5\C51\LIB\C51L.LIB (?C?IMUL)
  C:\KEIL_V5\C51\LIB\C51L.LIB (?C?UIDIV)
  C:\KEIL_V5\C51\LIB\C51L.LIB (?C?IILDX)
  C:\KEIL_V5\C51\LIB\C51L.LIB (?C?ILDIX)
  C:\KEIL_V5\C51\LIB\C51L.LIB (?C?ILDPTR)
  C:\KEIL_V5\C51\LIB\C51L.LIB (?C?ILDOPTR)
  C:\KEIL_V5\C51\LIB\C51L.LIB (?C?LMUL)
  C:\KEIL_V5\C51\LIB\C51L.LIB (?C?ULDIV)
  C:\KEIL_V5\C51\LIB\C51L.LIB (?C?SLDIV)
  C:\KEIL_V5\C51\LIB\C51L.LIB (?C?LNEG)
  C:\KEIL_V5\C51\LIB\C51L.LIB (?C?SLCMP)
  C:\KEIL_V5\C51\LIB\C51L.LIB (?C?ULCMP)
  C:\KEIL_V5\C51\LIB\C51L.LIB (?C?ULSHR)
  C:\KEIL_V5\C51\LIB\C51L.LIB (?C?LLDPTR)
  C:\KEIL_V5\C51\LIB\C51L.LIB (?C?LLDOPTR)
  C:\KEIL_V5\C51\LIB\C51L.LIB (?C?LLDOPTR0)
  C:\KEIL_V5\C51\LIB\C51L.LIB (?C?LSTXDATA)
  C:\KEIL_V5\C51\LIB\C51L.LIB (?C?LSTKXDATA)
  C:\KEIL_V5\C51\LIB\C51L.LIB (?C?OFFXADD)
  C:\KEIL_V5\C51\LIB\C51L.LIB (?C?PLDIXDATA)
  C:\KEIL_V5\C51\LIB\C51L.LIB (?C?PSTXDATA)
  C:\KEIL_V5\C51\LIB\C51L.LIB (?C?PLDPTR)
  C:\KEIL_V5\C51\LIB\C51L.LIB (?C?CCASE)
  C:\KEIL_V5\C51\LIB\C51L.LIB (?C?ICALL)
  C:\KEIL_V5\C51\LIB\C51L.LIB (PUTCHAR)
  C:\KEIL_V5\C51\LIB\C51L.LIB (ABS)
  C:\KEIL_V5\C51\LIB\C51L.LIB (LABS)
  C:\KEIL_V5\C51\LIB\C51L.LIB (MALLOC)
  C:\KEIL_V5\C51\LIB\C51L.LIB (FREE)
  C:\KEIL_V5\C51\LIB\C51L.LIB (?C_INIT)
  C:\KEIL_V5\C51\LIB\C51L.LIB (?C?LLDIDATA)
  C:\KEIL_V5\C51\LIB\C51L.LIB (?C?LLDXDATA)
  C:\KEIL_V5\C51\LIB\C51L.LIB (?C?LLDPDATA)
  C:\KEIL_V5\C51\LIB\C51L.LIB (?C?LLDCODE)
  C:\KEIL_V5\C51\LIB\C51L.LIB (?C?LLDIDATA0)
  C:\KEIL_V5\C51\LIB\C51L.LIB (?C?LLDXDATA0)
  C:\KEIL_V5\C51\LIB\C51L.LIB (?C?LLDPDATA0)
  C:\KEIL_V5\C51\LIB\C51L.LIB (?C?LLDCODE0)
  C:\KEIL_V5\C51\LIB\C51L.LIB (?C?PLDIDATA)
  C:\KEIL_V5\C51\LIB\C51L.LIB (?C?PLDXDATA)
  C:\KEIL_V5\C51\LIB\C51L.LIB (?C?PLDPDATA)
BL51 BANKED LINKER/LOCATER V6.00                                                      08/08/2017  21:22:54  PAGE 3


  C:\KEIL_V5\C51\LIB\C51L.LIB (?C?PLDCODE)
  C:\KEIL_V5\C51\LIB\C51L.LIB (INIT_MEM)


TASK TABLE OF MODULE:  电子大赛程序框架 (ABSTASK)

TASKID   PRIORITY   REG-BANK   SEGMENT NAME
-------------------------------------------
0        0          0          ?PR?TASKSTART?ABSTASK
5        0          0          ?PR?PRINTDISTANCE?ABSTASK
9        0          0          ?PR?PRINTTMP?ABSTASK
10       0          0          ?PR?DISTANCE?ABSTASK
12       0          0          ?PR?BUTTONSOUND?ABSTASK
13       0          0          ?PR?TIMEUPDATE?ABSTASK
14       0          0          ?PR?BUTTONSTATEUPDATE?ABSTASK
15       0          0          ?PR?TEMPERATUREUPDATA?ABSTASK



LINK MAP OF MODULE:  电子大赛程序框架 (ABSTASK)


            TYPE    BASE      LENGTH    RELOCATION   SEGMENT NAME
            -----------------------------------------------------

            * * * * * * *   D A T A   M E M O R Y   * * * * * * *
            REG     0000H     0008H     ABSOLUTE     "REG BANK 0"
            DATA    0008H     0006H     ABSOLUTE     
            DATA    000EH     0008H     UNIT         ?DT?TM1638
            DATA    0016H     0005H     UNIT         ?DT?PRINTF?PRINTF
                    001BH     0005H                  *** GAP ***
            DATA    0020H     0001H     BIT_ADDR     ?BA?STC15_SPI
            BIT     0021H.0   0001H.1   UNIT         ?BI?PRINTF?PRINTF
            BIT     0022H.1   0000H.3   UNIT         ?BI?PCA
            BIT     0022H.4   0000H.2   UNIT         ?BI?FIXEDPULSER
            BIT     0022H.6   0000H.2   UNIT         _BIT_GROUP_
            BIT     0023H.0   0000H.1   UNIT         ?BI?LED
            BIT     0023H.1   0000H.1   UNIT         ?BI?_SETSTEPMOTORDIVERSION?STEP_MOTOR
            BIT     0023H.2   0000H.1   UNIT         ?BI?GETANGLE?ANGLE
            BIT     0023H.3   0000H.1   UNIT         ?BI?_SETPINSTATE?GPIO
            BIT     0023H.4   0000H.1   UNIT         ?RTX?BITS
                    0023H.5   0000H.3                *** GAP ***
            IDATA   0024H     0020H     UNIT         ?RTX?TASKSTATE?S
            IDATA   0044H     0010H     UNIT         ?RTX?TASKSP?S
            IDATA   0054H     0001H     UNIT         ?STACK

            * * * * * * *  X D A T A   M E M O R Y  * * * * * * *
            XDATA   0000H     02E6H     UNIT         ?XD?FILTER
            XDATA   02E6H     02B2H     UNIT         _XDATA_GROUP_
            XDATA   0598H     0290H     UNIT         ?XD?USART1
            XDATA   0828H     00A3H     UNIT         ?XD?MPU9250_SBUF
            XDATA   08CBH     0082H     UNIT         ?XD?PID
            XDATA   094DH     0053H     UNIT         ?XD?_USART1_PRINTF?USART1
            XDATA   09A0H     004AH     UNIT         ?XD?SERVO
            XDATA   09EAH     003CH     UNIT         ?XD?STC15_PWM
            XDATA   0A26H     0030H     UNIT         ?XD?PRINTF?PRINTF
            XDATA   0A56H     002EH     UNIT         ?XD?_COPESERIALDATA?MPU9250_SBUF
BL51 BANKED LINKER/LOCATER V6.00                                                      08/08/2017  21:22:54  PAGE 4


            XDATA   0A84H     002AH     UNIT         ?XD?DATASCOPE_DP
            XDATA   0AAEH     0028H     UNIT         ?XD?_KALMANFILTER?FILTER
            XDATA   0AD6H     0027H     UNIT         ?XD?HC_SR04
            XDATA   0AFDH     0022H     UNIT         ?XD?PHSENSOR
            XDATA   0B1FH     0021H     UNIT         ?XD?_INIT_STR_MOTOR?SERVO
            XDATA   0B40H     001CH     UNIT         ?XD?STEP_MOTOR
            XDATA   0B5CH     0018H     UNIT         ?XD?_GETPH_VALUE?PHSENSOR
            XDATA   0B74H     0018H     UNIT         ?XD?FIXEDPULSER
            XDATA   0B8CH     0016H     UNIT         ?XD?_PWM_INIT?STC15_PWM
            XDATA   0BA2H     0016H     UNIT         ?XD?TIMER
            XDATA   0BB8H     0015H     UNIT         ?XD?GETANGLE?ANGLE
            XDATA   0BCDH     0015H     UNIT         ?XD?PCA
            XDATA   0BE2H     0014H     UNIT         ?XD?_ITOA?USART1
            XDATA   0BF6H     0013H     UNIT         ?XD?_NIXIELEDLIGHT?TM1638
            XDATA   0C09H     0012H     UNIT         ?XD?DC_MOTOR_CONFIG?MOTOR
            XDATA   0C1BH     0010H     UNIT         ?XD?BUTTON
            XDATA   0C2BH     0010H     UNIT         ?XD?ADS1115
            XDATA   0C3BH     000EH     UNIT         ?XD?_STEPMOTOR_INIT?STEP_MOTOR
            XDATA   0C49H     000EH     UNIT         ?XD?_TM1638LEDDISPLAY?TM1638
            XDATA   0C57H     000EH     UNIT         ?XD?RTC
            XDATA   0C65H     000DH     UNIT         ?XD?_PID_CONFIG?PID
            XDATA   0C72H     000BH     UNIT         ?XD?_LCD_PRINTNUM_F?LCD5510_V2
            XDATA   0C7DH     000AH     UNIT         ?XD?RELAY
            XDATA   0C87H     000AH     UNIT         ?XD?NRF24L01
            XDATA   0C91H     0009H     UNIT         ?XD?_SET_STR_ANGLE?SERVO
            XDATA   0C9AH     0009H     UNIT         ?XD?_PH_CONFIG?PHSENSOR
            XDATA   0CA3H     0009H     UNIT         ?XD?_SETPHCOEFFICIENT?PHSENSOR
            XDATA   0CACH     0008H     UNIT         ?XD?_LCD_PRINTNUM_I?LCD5510_V2
            XDATA   0CB4H     0008H     UNIT         ?XD?ANGLE
            XDATA   0CBCH     0008H     UNIT         ?XD?INIT_MEM
            XDATA   0CC4H     0007H     UNIT         ?XD?_SETSTEPMOTORWITHPULSE?STEP_MOTOR
            XDATA   0CCBH     0007H     UNIT         ?XD?_SETSTEPMOTORWITHDISTANCE?STEP_MOTOR
            XDATA   0CD2H     0007H     UNIT         ?XD?_SETSTEPMOTORWITHANGLE?STEP_MOTOR
            XDATA   0CD9H     0007H     UNIT         ?XD?_EEPROM_READ_N?STC15_EEPROM
            XDATA   0CE0H     0007H     UNIT         ?XD?_EEPROM_WRITE_N?STC15_EEPROM
            XDATA   0CE7H     0006H     UNIT         ?XD?_ADC_CONFIG?ANGLE
            XDATA   0CEDH     0006H     UNIT         ?XD?_CHARTOLONG?MPU9250_SBUF
            XDATA   0CF3H     0006H     UNIT         ?XD?_IIC_WRDATTOADD?STC15_IIC
            XDATA   0CF9H     0006H     UNIT         ?XD?_IIC_RDDATFROMADD?STC15_IIC
            XDATA   0CFFH     0006H     UNIT         ?XD?_SPI_WRITE_BUF?STC15_SPI
            XDATA   0D05H     0006H     UNIT         ?XD?_MALLOC?MALLOC
            XDATA   0D0BH     0006H     UNIT         ?XD?_FREE?FREE
            XDATA   0D11H     0005H     UNIT         ?XD?_SETPARAMETERINFERIORLIMIT?PID
            XDATA   0D16H     0005H     UNIT         ?XD?_SETPARAMETERUPPERLIMIT?PID
            XDATA   0D1BH     0005H     UNIT         ?XD?_SETACTUALPARAMETER?PID
            XDATA   0D20H     0005H     UNIT         ?XD?_SETKI?PID
            XDATA   0D25H     0005H     UNIT         ?XD?_SETKP?PID
            XDATA   0D2AH     0005H     UNIT         ?XD?_SETKD?PID
            XDATA   0D2FH     0005H     UNIT         ?XD?_SETPARAMETER?PID
            XDATA   0D34H     0005H     UNIT         ?XD?_SETMAXERROR?PID
            XDATA   0D39H     0005H     UNIT         ?XD?_LCD_PRINTS?LCD5510_V2
            XDATA   0D3EH     0005H     UNIT         ?XD?_SETDC_MOTORSPEED?MOTOR
            XDATA   0D43H     0005H     UNIT         ?XD?_GET_RTC_TIME?RTC
            XDATA   0D48H     0005H     UNIT         ?XD?_SET_PWM_DUTY?STC15_PWM
            XDATA   0D4DH     0005H     UNIT         ?XD?_SPI_READ_BUF?STC15_SPI
            XDATA   0D52H     0004H     UNIT         ?XD?MOTOR
            XDATA   0D56H     0004H     UNIT         ?XD?_HC595_INIT?74HC595
BL51 BANKED LINKER/LOCATER V6.00                                                      08/08/2017  21:22:54  PAGE 5


            XDATA   0D5AH     0004H     UNIT         ?XD?_NRF24L01_RXPACKET?NRF24L01
            XDATA   0D5EH     0003H     UNIT         ?XD?_INTEGRAL_SEPARA_PID?PID
            XDATA   0D61H     0003H     UNIT         ?XD?_ANTI_WINDUP_PID?PID
            XDATA   0D64H     0003H     UNIT         ?XD?_TRAPEZOIDAL_INTEGRAL_PID?PID
            XDATA   0D67H     0003H     UNIT         ?XD?_NRF24L01_TXPACKET?NRF24L01
            XDATA   0D6AH     0003H     UNIT         ?XD?_READ_RTC_DATE?RTC
            XDATA   0D6DH     0003H     UNIT         ?XD?_PCA_INIT?PCA
            XDATA   0D70H     0003H     UNIT         ?XD?_PWMOUTPUT?PCA
            XDATA   0D73H     0002H     UNIT         ?XD?_SETSTEPMOTORWITHROUND?STEP_MOTOR
            XDATA   0D75H     0002H     UNIT         ?XD?_SETSPEAKERPERIOD?SPEAKER
            XDATA   0D77H     0002H     UNIT         ?XD?_SETLENGTH?SPEAKER
            XDATA   0D79H     0002H     UNIT         ?XD?RELAY_INIT?RELAY
            XDATA   0D7BH     0002H     UNIT         ?XD?_SET_PWM_PERIOD?STC15_PWM
            XDATA   0D7DH     0002H     UNIT         ?XD?_PWM_INILIZE?STC15_PWM
            XDATA   0D7FH     0001H     UNIT         ?XD?_POSITION_PID?PID
            XDATA   0D80H     0001H     UNIT         ?XD?_INCREMENTAL_PID?PID
            XDATA   0D81H     0001H     UNIT         ?XD?_POSCLASSPID?PID
            XDATA   0D82H     0001H     UNIT         ?XD?_BOARD_LED_PWM?LED
            XDATA   0D83H     0001H     UNIT         ?XD?_OPEN_DC_MOTOR?MOTOR
            XDATA   0D84H     0001H     UNIT         ?XD?_CLOSE_DC_MOTOR?MOTOR
            XDATA   0D85H     0001H     UNIT         ?XD?_OPEN_STR?SERVO
            XDATA   0D86H     0001H     UNIT         ?XD?_CLOSE_STR?SERVO
            XDATA   0D87H     0001H     UNIT         ?XD?_CLOSE_STEPMOTOR?STEP_MOTOR
            XDATA   0D88H     0001H     UNIT         ?XD?_OPEN_SPEAKER?SPEAKER
            XDATA   0D89H     0001H     UNIT         ?XD?_CLOSE_SPEAKER?SPEAKER
            XDATA   0D8AH     0001H     UNIT         ?XD?_HC595SENDDATA?74HC595
            XDATA   0D8BH     0001H     UNIT         ?XD?_NRF24L01_INIT?NRF24L01
            XDATA   0D8CH     0001H     UNIT         ?XD?_CHOICEHALFDUPLEXMODE?NRF24L01
            XDATA   0D8DH     0001H     UNIT         ?XD?_WRITE_RTC_DATE?RTC

            * * * * * * *   C O D E   M E M O R Y   * * * * * * *
            CODE    0000H     0003H     ABSOLUTE     
            CODE    0003H     0003H     ABSOLUTE     
                    0006H     0005H                  *** GAP ***
            CODE    000BH     0003H     ABSOLUTE     
                    000EH     0005H                  *** GAP ***
            CODE    0013H     0003H     ABSOLUTE     
                    0016H     000DH                  *** GAP ***
            CODE    0023H     0003H     ABSOLUTE     
                    0026H     0005H                  *** GAP ***
            CODE    002BH     0003H     ABSOLUTE     
                    002EH     000DH                  *** GAP ***
            CODE    003BH     0003H     ABSOLUTE     
                    003EH     0005H                  *** GAP ***
            CODE    0043H     0003H     ABSOLUTE     
                    0046H     000DH                  *** GAP ***
            CODE    0053H     0003H     ABSOLUTE     
                    0056H     0005H                  *** GAP ***
            CODE    005BH     0003H     ABSOLUTE     
                    005EH     0005H                  *** GAP ***
            CODE    0063H     0003H     ABSOLUTE     
                    0066H     001DH                  *** GAP ***
            CODE    0083H     0003H     ABSOLUTE     
                    0086H     0005H                  *** GAP ***
            CODE    008BH     0003H     ABSOLUTE     
                    008EH     0005H                  *** GAP ***
            CODE    0093H     0003H     ABSOLUTE     
BL51 BANKED LINKER/LOCATER V6.00                                                      08/08/2017  21:22:54  PAGE 6


                    0096H     0005H                  *** GAP ***
            CODE    009BH     0003H     ABSOLUTE     
                    009EH     0005H                  *** GAP ***
            CODE    00A3H     0003H     ABSOLUTE     
                    00A6H     075AH                  *** GAP ***
            CODE    0800H     0B0DH     UNIT         ?C?LIB_CODE
            CODE    130DH     06E0H     UNIT         ?PR?_USART_CONFIGURATION?USART1
            CODE    19EDH     049AH     UNIT         ?PR?_COPESERIALDATA?MPU9250_SBUF
            CODE    1E87H     0483H     UNIT         ?PR?PRINTF?PRINTF
            CODE    230AH     03E1H     UNIT         ?PR?_TRAPEZOIDAL_INTEGRAL_PID?PID
            CODE    26EBH     03D8H     UNIT         ?PR?_ANTI_WINDUP_PID?PID
            CODE    2AC3H     039AH     UNIT         ?PR?_PWM_INILIZE?STC15_PWM
            CODE    2E5DH     0393H     UNIT         ?PR?_NIXIELEDLIGHT?TM1638
            CODE    31F0H     033AH     UNIT         ?PR?_USART1_PRINTF?USART1
            CODE    352AH     02E3H     UNIT         ?RTX?CODE
            CODE    380DH     026AH     UNIT         ?CO?LCD5510_V2
            CODE    3A77H     0252H     UNIT         ?PR?_TIMER_INILIZE?TIMER
            CODE    3CC9H     0246H     UNIT         ?PR?_INTEGRAL_SEPARA_PID?PID
            CODE    3F0FH     01DCH     UNIT         ?PR?_POSITION_PID?PID
            CODE    40EBH     01D4H     UNIT         ?PR?_INIT_STR_MOTOR?SERVO
            CODE    42BFH     01CBH     UNIT         ?PR?_FILTER?FILTER
            CODE    448AH     01C4H     UNIT         ?PR?_GPIO_INILIZE?GPIO
            CODE    464EH     01A0H     UNIT         ?PR?_INCREMENTAL_PID?PID
            CODE    47EEH     019FH     UNIT         ?PR?_PCA_INIT?PCA
            CODE    498DH     0198H     UNIT         ?PR?_TM1638LEDDISPLAY?TM1638
            CODE    4B25H     0189H     UNIT         ?PR?DISTANCE?ABSTASK
            CODE    4CAEH     0183H     UNIT         ?PR?_ITOA?USART1
            CODE    4E31H     0152H     UNIT         ?PR?_KALMANFILTER?FILTER
            CODE    4F83H     0146H     UNIT         ?PR?_PID_CONFIG?PID
            CODE    50C9H     013EH     UNIT         ?PR?_FREE?FREE
            CODE    5207H     013DH     UNIT         ?PR?_PWMOUTPUT?PCA
            CODE    5344H     013BH     UNIT         ?PR?GETBUTTONNUM?TM1638
            CODE    547FH     0134H     UNIT         ?PR?_DATASCOPE_GET_CHANNEL_DATA?DATASCOPE_DP
            CODE    55B3H     0116H     UNIT         ?PR?_SET_STR_ANGLE?SERVO
            CODE    56C9H     00FAH     UNIT         ?PR?_NRF24L01_INIT?NRF24L01
            CODE    57C3H     00ECH     UNIT         ?PR?_SETPULSE?FIXEDPULSER
            CODE    58AFH     00E4H     UNIT         ?PR?_SET_PWM_DUTY?STC15_PWM
            CODE    5993H     00E2H     UNIT         ?C_INITSEG
            CODE    5A75H     00D5H     UNIT         ?PR?_GETPH_VALUE?PHSENSOR
            CODE    5B4AH     00D1H     UNIT         ?PR?_MALLOC?MALLOC
            CODE    5C1BH     00C7H     UNIT         ?PR?_SETSTEPMOTORWITHDISTANCE?STEP_MOTOR
            CODE    5CE2H     00C2H     UNIT         ?PR?_BUZZ?SPEAKER
            CODE    5DA4H     00B6H     UNIT         ?PR?_EXT_INILIZE?STC15_EXTI
            CODE    5E5AH     00B4H     UNIT         ?PR?_MOVINGAVERAGEFILTER?FILTER
            CODE    5F0EH     00AFH     UNIT         ?PR?UART1_INT?USART1
            CODE    5FBDH     00AEH     UNIT         ?PR?_PWMN_UPDATE?PCA
            CODE    606BH     00AAH     UNIT         ?PR?_FLOAT2BYTE?DATASCOPE_DP
            CODE    6115H     00A5H     UNIT         ?PR?_DATASCOPE_DATA_GENERATE?DATASCOPE_DP
            CODE    61BAH     00A3H     UNIT         ?PR?PCA_HANDLER?PCA
            CODE    625DH     009FH     UNIT         ?PR?_STEPMOTOR_INIT?STEP_MOTOR
            CODE    62FCH     009AH     UNIT         ?PR?_PWM_SET_T12_PERIOD?STC15_PWM
            CODE    6396H     0093H     UNIT         ?PR?_CHARTOLONG?MPU9250_SBUF
            CODE    6429H     0092H     UNIT         ?PR?_SETDC_MOTORSPEED?MOTOR
            CODE    64BBH     008CH     UNIT         ?C_C51STARTUP
            CODE    6547H     008AH     UNIT         ?PR?_SHUDDERINGFILTER?FILTER
            CODE    65D1H     0086H     UNIT         ?PR?_RELAYKEYCHANGE?RELAY
            CODE    6657H     0085H     UNIT         ?PR?UART2_INT?USART1
BL51 BANKED LINKER/LOCATER V6.00                                                      08/08/2017  21:22:54  PAGE 7


            CODE    66DCH     0085H     UNIT         ?PR?UART3_INT?USART1
            CODE    6761H     0085H     UNIT         ?PR?UART4_INT?USART1
            CODE    67E6H     007CH     UNIT         ?PR?TIMERINIT?TIMER
            CODE    6862H     007BH     UNIT         ?PR?PULSER_1INT?FIXEDPULSER
            CODE    68DDH     007BH     UNIT         ?PR?PULSER_2INT?FIXEDPULSER
            CODE    6958H     0079H     UNIT         ?PR?GETANGLE?ANGLE
            CODE    69D1H     0070H     UNIT         ?PR?_LCD_PRINTNUM_F?LCD5510_V2
            CODE    6A41H     006EH     UNIT         ?PR?SETUP?SETUP
            CODE    6AAFH     006BH     UNIT         ?PR?DC_MOTOR_CONFIG?MOTOR
            CODE    6B1AH     0069H     UNIT         ?PR?EXT_INT0?HC_SR04
            CODE    6B83H     0065H     UNIT         ?PR?_LCD_PRINTNUM_I?LCD5510_V2
            CODE    6BE8H     0065H     UNIT         ?PR?_SETSTEPMOTORWITHANGLE?STEP_MOTOR
            CODE    6C4DH     0063H     UNIT         ?PR?_LIMITINGFILTER?FILTER
            CODE    6CB0H     0061H     UNIT         ?PR?_SET_PWM_PERIOD?STC15_PWM
            CODE    6D11H     005EH     UNIT         ?PR?_GET_ADC10BITRESULT?ADC
            CODE    6D6FH     0057H     UNIT         ?PR?_PWM_INIT?STC15_PWM
            CODE    6DC6H     0054H     UNIT         ?PR?_LCD_PRINTSL?LCD5510_V2
            CODE    6E1AH     0053H     UNIT         ?PR?_ADC_INILIZE?ADC
            CODE    6E6DH     0053H     UNIT         ?PR?_IIC_RDDATFROMADD?STC15_IIC
            CODE    6EC0H     0052H     UNIT         ?PR?_PH_CONFIG?PHSENSOR
            CODE    6F12H     0052H     UNIT         ?PR?_NRF24L01_RXPACKET?NRF24L01
            CODE    6F64H     0051H     UNIT         ?PR?_GET_RTC_TIME?RTC
            CODE    6FB5H     004AH     UNIT         ?PR?_GETJY901ACCELERATION?MPU9250_SBUF
            CODE    6FFFH     004AH     UNIT         ?PR?_GETJY901PALSTANCE?MPU9250_SBUF
            CODE    7049H     004AH     UNIT         ?PR?_GETDS18B20_TEMPERATURE?DS18B20
            CODE    7093H     0048H     UNIT         ?PR?_WRITECONFIGREGISTER?ADS1115
            CODE    70DBH     0048H     UNIT         ?PR?TIMER4_INT?TIMER
            CODE    7123H     0047H     UNIT         ?PR?GETTM1638READ?TM1638
            CODE    716AH     0046H     UNIT         ?PR?ULTRASONICINIT?HC_SR04
            CODE    71B0H     0045H     UNIT         ?PR?_POSCLASSPID?PID
            CODE    71F5H     0044H     UNIT         ?PR?_UPDATEDISTANCE?HC_SR04
            CODE    7239H     0044H     UNIT         ?C?LDIV
            CODE    727DH     0043H     UNIT         ?PR?LCD5510_INIT?LCD5510_V2
            CODE    72C0H     0040H     UNIT         ?PR?_SETPHCOEFFICIENT?PHSENSOR
            CODE    7300H     0040H     UNIT         ?PR?_SPI_WRITE_BUF?STC15_SPI
            CODE    7340H     003FH     UNIT         ?PR?_EEPROM_READ_N?STC15_EEPROM
            CODE    737FH     003FH     UNIT         ?PR?_EEPROM_WRITE_N?STC15_EEPROM
            CODE    73BEH     003DH     UNIT         ?PR?_LCD_PRINTC?LCD5510_V2
            CODE    73FBH     003CH     UNIT         ?PR?_SETTM1638WRITE?TM1638
            CODE    7437H     003CH     UNIT         ?PR?_READ_RTC_DATE?RTC
            CODE    7473H     003CH     UNIT         ?PR?_INIT_MEMPOOL?INIT_MEM
            CODE    74AFH     003BH     UNIT         ?PR?_LCD_PRINTS?LCD5510_V2
            CODE    74EAH     003BH     UNIT         ?PR?_INITJY901?MPU9250_SBUF
            CODE    7525H     003BH     UNIT         ?PR?_CLOSERELAYMODULAR?RELAY
            CODE    7560H     003AH     UNIT         ?PR?_NRF24L01_TXPACKET?NRF24L01
            CODE    759AH     0039H     UNIT         ?PR?_SETSTEPMOTORWITHROUND?STEP_MOTOR
            CODE    75D3H     0038H     UNIT         ?PR?BUTTONSCAN?BUTTON
            CODE    760BH     0038H     UNIT         ?PR?INIT_DS18B20?DS18B20
            CODE    7643H     0036H     UNIT         ?PR?_GETJY901MAGNETIC?MPU9250_SBUF
            CODE    7679H     0036H     UNIT         ?PR?_IIC_WRDATTOADD?STC15_IIC
            CODE    76AFH     0035H     UNIT         ?PR?_UART1_INIT?SETUP
            CODE    76E4H     0035H     UNIT         ?PR?_SPI_READ_BUF?STC15_SPI
            CODE    7719H     0033H     UNIT         ?PR?READCONVERSIONREGISTER?ADS1115
            CODE    774CH     0032H     UNIT         ?PR?_GETJY901ANGLE?MPU9250_SBUF
            CODE    777EH     0032H     UNIT         ?PR?_CHOICEHALFDUPLEXMODE?NRF24L01
            CODE    77B0H     0031H     UNIT         ?PR?_SENDSCOPEDATA?DATASCOPE_DP
            CODE    77E1H     0031H     UNIT         ?PR?_CLOSERELAYKEY?RELAY
BL51 BANKED LINKER/LOCATER V6.00                                                      08/08/2017  21:22:54  PAGE 8


            CODE    7812H     0030H     UNIT         ?PR?_OPENRELAYKEY?RELAY
            CODE    7842H     002FH     UNIT         ?PR?INIT_TM1638?TM1638
            CODE    7871H     002FH     UNIT         ?PR?_WRITEONECHAR?DS18B20
            CODE    78A0H     002EH     UNIT         ?PR?READONECHAR?DS18B20
            CODE    78CEH     002EH     UNIT         ?PR?_DELAY_US?DELAY
            CODE    78FCH     002DH     UNIT         ?PR?PULSERINIT?FIXEDPULSER
            CODE    7929H     0029H     UNIT         ?PR?_SETTIMEOUT?TIMER
            CODE    7952H     0028H     UNIT         ?PR?BOARD_LED_INIT?LED
            CODE    797AH     0028H     UNIT         ?PR?_OPEN_PWM_N?STC15_PWM
            CODE    79A2H     0028H     UNIT         ?PR?_TX2_WRITE2BUFF?USART1
            CODE    79CAH     0028H     UNIT         ?PR?_TX3_WRITE2BUFF?USART1
            CODE    79F2H     0028H     UNIT         ?PR?_TX4_WRITE2BUFF?USART1
            CODE    7A1AH     0027H     UNIT         ?PR?PRINTDISTANCE?ABSTASK
            CODE    7A41H     0027H     UNIT         ?CO?SETUP
            CODE    7A68H     0027H     UNIT         ?PR?IIC_RDACK?STC15_IIC
            CODE    7A8FH     0027H     UNIT         ?PR?_TX1_WRITE2BUFF?USART1
            CODE    7AB6H     0027H     UNIT         ?PR?PUTCHAR?PUTCHAR
            CODE    7ADDH     0026H     UNIT         ?PR?_INPUTONEBYTE?STC15_IIC
            CODE    7B03H     0025H     UNIT         ?PR?_SETSTEPMOTORWITHPULSE?STEP_MOTOR
            CODE    7B28H     0025H     UNIT         ?PR?_CLOSE_PWM_N?STC15_PWM
            CODE    7B4DH     0024H     UNIT         ?PR?SPEAKER_INIT?SPEAKER
            CODE    7B71H     0024H     UNIT         ?PR?OUTPUTONEBYTE?STC15_IIC
            CODE    7B95H     0024H     UNIT         ?PR?_SPI_RW?STC15_SPI
            CODE    7BB9H     0022H     UNIT         ?PR?_BLINK?LED
            CODE    7BDBH     0021H     UNIT         ?PR?_SETPARAMETERINFERIORLIMIT?PID
            CODE    7BFCH     0021H     UNIT         ?PR?_SETPARAMETERUPPERLIMIT?PID
            CODE    7C1DH     0021H     UNIT         ?PR?_SETACTUALPARAMETER?PID
            CODE    7C3EH     0021H     UNIT         ?PR?_SETKI?PID
            CODE    7C5FH     0021H     UNIT         ?PR?_SETKP?PID
            CODE    7C80H     0021H     UNIT         ?PR?_SETKD?PID
            CODE    7CA1H     0021H     UNIT         ?PR?_SETPARAMETER?PID
            CODE    7CC2H     0021H     UNIT         ?PR?_SETMAXERROR?PID
            CODE    7CE3H     0021H     UNIT         ?PR?LCD_CLR_SCR?LCD5510_V2
            CODE    7D04H     0021H     UNIT         ?PR?BUZZSUCCEED?SPEAKER
            CODE    7D25H     0021H     UNIT         ?PR?BUZZFAILED?SPEAKER
            CODE    7D46H     0021H     UNIT         ?PR?_SETDISTANCE?HC_SR04
            CODE    7D67H     0020H     UNIT         ?PR?_LCD_WRITE_BYTE?LCD5510_V2
            CODE    7D87H     0020H     UNIT         ?PR?_OPEN_STR?SERVO
            CODE    7DA7H     0020H     UNIT         ?PR?_EEPROM_SECTORERASE?STC15_EEPROM
            CODE    7DC7H     0020H     UNIT         ?RTX?TASKENT?S
            CODE    7DE7H     001FH     UNIT         ?PR?_CLOSE_STR?SERVO
            CODE    7E06H     001FH     UNIT         ?PR?_SETTM1638COM?TM1638
            CODE    7E25H     001FH     UNIT         ?PR?_PWM_SET_PERIOD?STC15_PWM
            CODE    7E44H     001FH     UNIT         ?PR?_ISACTIVETIMER?TIMER
            CODE    7E63H     001FH     UNIT         ?PR?_ISEXPIREDTIMER?TIMER
            CODE    7E82H     001EH     UNIT         ?PR?_OPEN_DC_MOTOR?MOTOR
            CODE    7EA0H     001EH     UNIT         ?PR?_OPENPULSER?FIXEDPULSER
            CODE    7EBEH     001EH     UNIT         ?CO?TM1638
            CODE    7EDCH     001EH     UNIT         ?PR?_GETADS1115CONVSIONDATA?ADS1115
            CODE    7EFAH     001DH     UNIT         ?PR?_CLOSE_DC_MOTOR?MOTOR
            CODE    7F17H     001DH     UNIT         ?PR?_CLOSE_STEPMOTOR?STEP_MOTOR
            CODE    7F34H     001DH     UNIT         ?PR?_CLOSEPULSER?FIXEDPULSER
            CODE    7F51H     001DH     UNIT         ?PR?_ISSTOPPED?TIMER
            CODE    7F6EH     001CH     UNIT         ?PR?_FREESTEPMOTOR?STEP_MOTOR
            CODE    7F8AH     001CH     UNIT         ?PR?_LOCKSTEPMOTOR?STEP_MOTOR
            CODE    7FA6H     001CH     UNIT         ?PR?_ADC_CONFIG?ANGLE
            CODE    7FC2H     001CH     UNIT         ?PR?_SETTIMERHERTZ?TIMER
BL51 BANKED LINKER/LOCATER V6.00                                                      08/08/2017  21:22:54  PAGE 9


            CODE    7FDEH     001BH     UNIT         ?PR?_GETBUTTONSTATE?BUTTON
            CODE    7FF9H     001BH     UNIT         ?PR?_SETSTEPMOTORDIVERSION?STEP_MOTOR
            CODE    8014H     001AH     UNIT         ?PR?_GETPARAMETER?PID
            CODE    802EH     001AH     UNIT         ?PR?_GETERR?PID
            CODE    8048H     001AH     UNIT         ?PR?_GETERRLAST?PID
            CODE    8062H     001AH     UNIT         ?PR?_GETKP?PID
            CODE    807CH     001AH     UNIT         ?PR?_GETKI?PID
            CODE    8096H     001AH     UNIT         ?PR?_GETKD?PID
            CODE    80B0H     001AH     UNIT         ?PR?_GETOUTPUT?PID
            CODE    80CAH     001AH     UNIT         ?PR?_GETINTEGRAL?PID
            CODE    80E4H     001AH     UNIT         ?PR?_READ_STR_ANGLE?SERVO
            CODE    80FEH     001AH     UNIT         ?PR?_ADS1115_CONFIG?ADS1115
            CODE    8118H     001AH     UNIT         ?PR?_GETDISTANCE?HC_SR04
            CODE    8132H     001AH     UNIT         ?PR?_WRITE_RTC_DATE?RTC
            CODE    814CH     001AH     UNIT         ?PR?_GET_PWM_PERIOD?STC15_PWM
            CODE    8166H     001AH     UNIT         ?PR?_GET_PWM_N_DUTY?STC15_PWM
            CODE    8180H     001AH     UNIT         ?PR?_GETTIMEROUT?TIMER
            CODE    819AH     001AH     UNIT         ?PR?_GETTIMERHERTZ?TIMER
            CODE    81B4H     0019H     UNIT         ?PR?_INCCLASSPID?PID
            CODE    81CDH     0019H     UNIT         ?PR?_HC595_INIT?74HC595
            CODE    81E6H     0019H     UNIT         ?PR?_IIC_WRDEVADDANDDATADD?STC15_IIC
            CODE    81FFH     0017H     UNIT         ?PR?BUTTON_CONFIG?BUTTON
            CODE    8216H     0017H     UNIT         ?PR?_PRINTSTRING1?USART1
            CODE    822DH     0016H     UNIT         ?PR?CHANGEREGISTER?ADS1115
            CODE    8243H     0015H     UNIT         ?PR?BUTTONSOUND?ABSTASK
            CODE    8258H     0015H     UNIT         ?PR?_RESTARTTIMER?TIMER
            CODE    826DH     0014H     UNIT         ?PR?_LCD_POS_BYTE?LCD5510_V2
            CODE    8281H     0014H     UNIT         ?PR?RELAY_INIT?RELAY
            CODE    8295H     0014H     UNIT         ?PR?_SETTIMERVALUE?HC_SR04
            CODE    82A9H     0014H     UNIT         ?PR?_GETTIMERVALUE?HC_SR04
            CODE    82BDH     0013H     UNIT         ?PR?_LCD_CLR_ROW?LCD5510_V2
            CODE    82D0H     0013H     UNIT         ?PR?_OPEN_STEPMOTOR?STEP_MOTOR
            CODE    82E3H     0013H     UNIT         ?PR?_PRINTSTRING2?USART1
            CODE    82F6H     0013H     UNIT         ?PR?_PRINTSTRING3?USART1
            CODE    8309H     0013H     UNIT         ?PR?_PRINTSTRING4?USART1
            CODE    831CH     0012H     UNIT         ?PR?TASKSTART?ABSTASK
            CODE    832EH     0012H     UNIT         ?PR?_OPENPID?PID
            CODE    8340H     0012H     UNIT         ?PR?_GETPULSERSTATE?FIXEDPULSER
            CODE    8352H     0012H     UNIT         ?PR?_ENABLEJY901?MPU9250_SBUF
            CODE    8364H     0012H     UNIT         ?PR?_OPENJY901SBUFMODE?MPU9250_SBUF
            CODE    8376H     0012H     UNIT         ?PR?_OPENRELAYMODULAR?RELAY
            CODE    8388H     0012H     UNIT         ?PR?_OPEN_ADS1115?ADS1115
            CODE    839AH     0012H     UNIT         ?PR?_OPEN_ULTRASONIC?HC_SR04
            CODE    83ACH     0012H     UNIT         ?PR?DS18B20_INIT?DS18B20
            CODE    83BEH     0012H     UNIT         ?PR?_GET_PWM_N_STATE?STC15_PWM
            CODE    83D0H     0011H     UNIT         ?PR?PRINTTMP?ABSTASK
            CODE    83E1H     0011H     UNIT         ?PR?_CLOSEPID?PID
            CODE    83F2H     0011H     UNIT         ?PR?_GETSTEPMOTORSTATE?STEP_MOTOR
            CODE    8403H     0011H     UNIT         ?PR?_DISABLEJY901?MPU9250_SBUF
            CODE    8414H     0011H     UNIT         ?PR?_CLOSEJY901SBUFMODE?MPU9250_SBUF
            CODE    8425H     0011H     UNIT         ?PR?_CLOSE_ADS1115?ADS1115
            CODE    8436H     0011H     UNIT         ?PR?_HC595SENDDATA?74HC595
            CODE    8447H     0011H     UNIT         ?PR?_CLOSE_ULTRASONIC?HC_SR04
            CODE    8458H     0011H     UNIT         ?PR?_GETULTRASONICSTATE?HC_SR04
            CODE    8469H     0011H     UNIT         ?PR?_SETPWM_DIV?STC15_PWM
            CODE    847AH     0011H     UNIT         ?PR?_GETPWM_DIV?STC15_PWM
            CODE    848BH     0011H     UNIT         ?PR?_SPI_RW_REG?STC15_SPI
BL51 BANKED LINKER/LOCATER V6.00                                                      08/08/2017  21:22:54  PAGE 10


            CODE    849CH     0011H     UNIT         ?PR?_SETUART1INTERRUPT?USART1
            CODE    84ADH     0010H     UNIT         ?PR?_GETDC_MOTORSTATE?MOTOR
            CODE    84BDH     0010H     UNIT         ?PR?_DELAY_MS?DELAY
            CODE    84CDH     000FH     UNIT         ?PR?BUTTONSTATEUPDATE?ABSTASK
            CODE    84DCH     000FH     UNIT         ?PR?_SETSTEPMOTORSTATE?STEP_MOTOR
            CODE    84EBH     000EH     UNIT         ?PR?DISABLEEEPROM?STC15_EEPROM
            CODE    84F9H     000EH     UNIT         ?PR?DELAY5US?STC15_IIC
            CODE    8507H     000EH     UNIT         ?PR?_ONRESTARTTIMER?TIMER
            CODE    8515H     000DH     UNIT         ?PR?IIC_ACK?STC15_IIC
            CODE    8522H     000DH     UNIT         ?PR?_SPI_READ?STC15_SPI
            CODE    852FH     000DH     UNIT         ?PR?_STOPTIMER?TIMER
            CODE    853CH     000DH     UNIT         ?PR?_FABS?FABS
            CODE    8549H     000CH     UNIT         ?PR?TIMEUPDATE?ABSTASK
            CODE    8555H     000CH     UNIT         ?PR?TEMPERATUREUPDATA?ABSTASK
            CODE    8561H     000CH     UNIT         ?PR?_ADC_POWERCONTROL?ADC
            CODE    856DH     000CH     UNIT         ?PR?_ABS?ABS
            CODE    8579H     000BH     UNIT         ?PR?BUZZWAIT?SPEAKER
            CODE    8584H     000AH     UNIT         ?PR?IIC_START?STC15_IIC
            CODE    858EH     000AH     UNIT         ?PR?IIC_NACK?STC15_IIC
            CODE    8598H     000AH     UNIT         ?PR?OPEN_PWM_ALL?STC15_PWM
            CODE    85A2H     000AH     UNIT         ?PR?CLOSE_PWM_ALL?STC15_PWM
            CODE    85ACH     0009H     UNIT         ?PR?_SETSPEAKERPERIOD?SPEAKER
            CODE    85B5H     0009H     UNIT         ?PR?_SETLENGTH?SPEAKER
            CODE    85BEH     0009H     UNIT         ?PR?SETCARFORWARD?MT_1_L298N
            CODE    85C7H     0009H     UNIT         ?PR?SETCARBACK?MT_1_L298N
            CODE    85D0H     0009H     UNIT         ?PR?SETCARSTOP?MT_1_L298N
            CODE    85D9H     0009H     UNIT         ?PR?SETCARRIGHTFORWARD?MT_1_L298N
            CODE    85E2H     0009H     UNIT         ?PR?SETCARRIGHTBACK?MT_1_L298N
            CODE    85EBH     0009H     UNIT         ?PR?SETCARRIGHTTURN?MT_1_L298N
            CODE    85F4H     0009H     UNIT         ?PR?SETCARLEFTFORWARD?MT_1_L298N
            CODE    85FDH     0009H     UNIT         ?PR?SETCARLEFTBACK?MT_1_L298N
            CODE    8606H     0009H     UNIT         ?PR?SETCARLEFTTURN?MT_1_L298N
            CODE    860FH     0009H     UNIT         ?PR?DELAY260US?DS18B20
            CODE    8618H     0009H     UNIT         ?PR?DELAY60US?DS18B20
            CODE    8621H     0009H     UNIT         ?PR?DELAY750US?DS18B20
            CODE    862AH     0009H     UNIT         ?PR?DELAY100US?DS18B20
            CODE    8633H     0009H     UNIT         ?PR?GETMICROS?TIMER
            CODE    863CH     0009H     UNIT         ?PR?GETMILLIS?TIMER
            CODE    8645H     0008H     UNIT         ?PR?_LABS?LABS
            CODE    864DH     0007H     UNIT         ?PR?DELAY10US?DS18B20
            CODE    8654H     0007H     UNIT         ?PR?DELAY1US?DS18B20
            CODE    865BH     0006H     UNIT         ?PR?_BOARD_LED_PWM?LED
            CODE    8661H     0006H     UNIT         ?PR?_OPEN_SPEAKER?SPEAKER
            CODE    8667H     0006H     UNIT         ?PR?_CLOSE_SPEAKER?SPEAKER
            CODE    866DH     0006H     UNIT         ?PR?IIC_STOP?STC15_IIC
            CODE    8673H     0006H     UNIT         ?PR?_SETSPIRX_DR?STC15_SPI
            CODE    8679H     0006H     UNIT         ?PR?GETSECONDS?TIMER
            CODE    867FH     0006H     UNIT         ?PR?GETMINUTES?TIMER
            CODE    8685H     0006H     UNIT         ?PR?GETHOURS?TIMER
            CODE    868BH     0006H     UNIT         ?PR?GETDAYS?TIMER
            CODE    8691H     0005H     UNIT         ?PR?OPEN_BOARD_LED?LED
            CODE    8696H     0005H     UNIT         ?PR?CLOSE_BOARD_LED?LED
            CODE    869BH     0005H     UNIT         ?PR?CLOSETM1638DISPLAY?TM1638
            CODE    86A0H     0004H     UNIT         ?PR?ADC_INT?ADC
            CODE    86A4H     0003H     UNIT         ?PR?GETBOARD_LED_STATE?LED
            CODE    86A7H     0003H     UNIT         ?PR?_SETPINSTATE?GPIO
            CODE    86AAH     0003H     UNIT         ?PR?_SETSPISTA?STC15_SPI
BL51 BANKED LINKER/LOCATER V6.00                                                      08/08/2017  21:22:54  PAGE 11


            CODE    86ADH     0003H     UNIT         ?PR?GETSPISTA?STC15_SPI
            CODE    86B0H     0003H     UNIT         ?PR?GETSPIRX_DR?STC15_SPI
            CODE    86B3H     0001H     UNIT         ?PR?TEST?SETUP
            CODE    86B4H     0001H     UNIT         ?PR?MODE1?MODE
            CODE    86B5H     0001H     UNIT         ?PR?MODE2?MODE
            CODE    86B6H     0001H     UNIT         ?PR?MODE3?MODE
            CODE    86B7H     0001H     UNIT         ?PR?MODE4?MODE
            CODE    86B8H     0001H     UNIT         ?PR?MODELAUNCHER?MODE
            CODE    86B9H     0001H     UNIT         ?PR?EXT_INT1?STC15_EXTI
            CODE    86BAH     0001H     UNIT         ?PR?EXT_INT2?STC15_EXTI
            CODE    86BBH     0001H     UNIT         ?PR?EXT_INT3?STC15_EXTI
            CODE    86BCH     0001H     UNIT         ?PR?EXT_INT4?STC15_EXTI



OVERLAY MAP OF MODULE:   电子大赛程序框架 (ABSTASK)


SEGMENT                                             BIT_GROUP          XDATA_GROUP
  +--> CALLED SEGMENT                            START    LENGTH     START    LENGTH
------------------------------------------------------------------------------------
?PR?TASKSTART?ABSTASK                            -----    -----      -----    -----
  +--> ?PR?SETUP?SETUP
  +--> ?PR?_BLINK?LED

?PR?SETUP?SETUP                                  -----    -----      -----    -----
  +--> ?PR?_UART1_INIT?SETUP
  +--> ?PR?TIMERINIT?TIMER
  +--> ?PR?BOARD_LED_INIT?LED
  +--> ?PR?LCD5510_INIT?LCD5510_V2
  +--> ?PR?BUTTON_CONFIG?BUTTON
  +--> ?PR?SPEAKER_INIT?SPEAKER
  +--> ?PR?_ADS1115_CONFIG?ADS1115
  +--> ?PR?ULTRASONICINIT?HC_SR04
  +--> ?PR?DS18B20_INIT?DS18B20
  +--> ?CO?SETUP
  +--> ?PR?_LCD_PRINTSL?LCD5510_V2
  +--> ?PR?LCD_CLR_SCR?LCD5510_V2
  +--> ?PR?_OPEN_ULTRASONIC?HC_SR04
  +--> ?PR?_OPEN_ADS1115?ADS1115

?PR?_UART1_INIT?SETUP                            -----    -----      02E6H    000DH
  +--> ?PR?_USART_CONFIGURATION?USART1
  +--> ?CO?SETUP
  +--> ?PR?_PRINTSTRING1?USART1

?PR?_USART_CONFIGURATION?USART1                  -----    -----      02F3H    0009H

?PR?_PRINTSTRING1?USART1                         -----    -----      -----    -----
  +--> ?PR?_TX1_WRITE2BUFF?USART1

?PR?TIMERINIT?TIMER                              -----    -----      02E6H    0021H
  +--> ?PR?_TIMER_INILIZE?TIMER

?PR?BOARD_LED_INIT?LED                           -----    -----      02E6H    0002H
  +--> ?PR?_GPIO_INILIZE?GPIO
  +--> ?PR?OPEN_BOARD_LED?LED
BL51 BANKED LINKER/LOCATER V6.00                                                      08/08/2017  21:22:54  PAGE 12


  +--> ?PR?_DELAY_MS?DELAY
  +--> ?PR?CLOSE_BOARD_LED?LED

?PR?LCD5510_INIT?LCD5510_V2                      -----    -----      02E6H    0002H
  +--> ?PR?_GPIO_INILIZE?GPIO
  +--> ?PR?_LCD_WRITE_BYTE?LCD5510_V2
  +--> ?PR?LCD_CLR_SCR?LCD5510_V2

?PR?LCD_CLR_SCR?LCD5510_V2                       -----    -----      -----    -----
  +--> ?PR?_LCD_WRITE_BYTE?LCD5510_V2

?PR?BUTTON_CONFIG?BUTTON                         -----    -----      02E6H    0002H
  +--> ?PR?_GPIO_INILIZE?GPIO
  +--> ?PR?INIT_TM1638?TM1638

?PR?INIT_TM1638?TM1638                           -----    -----      02E8H    0001H
  +--> ?PR?_SETTM1638COM?TM1638
  +--> ?PR?_SETTM1638WRITE?TM1638

?PR?_SETTM1638COM?TM1638                         -----    -----      02E9H    0001H
  +--> ?PR?_DELAY_US?DELAY
  +--> ?PR?_SETTM1638WRITE?TM1638

?PR?_SETTM1638WRITE?TM1638                       -----    -----      0596H    0002H
  +--> ?PR?_DELAY_US?DELAY

?PR?SPEAKER_INIT?SPEAKER                         -----    -----      -----    -----
  +--> ?PR?PULSERINIT?FIXEDPULSER
  +--> ?PR?_BUZZ?SPEAKER

?PR?PULSERINIT?FIXEDPULSER                       -----    -----      02E6H    0002H
  +--> ?PR?_GPIO_INILIZE?GPIO

?PR?_BUZZ?SPEAKER                                -----    -----      057CH    0007H
  +--> ?PR?_CLOSEPULSER?FIXEDPULSER
  +--> ?PR?_SETPULSE?FIXEDPULSER
  +--> ?PR?_OPENPULSER?FIXEDPULSER

?PR?_SETPULSE?FIXEDPULSER                        -----    -----      0583H    000BH

?PR?_ADS1115_CONFIG?ADS1115                      -----    -----      02E6H    0004H
  +--> ?PR?_GPIO_INILIZE?GPIO

?PR?ULTRASONICINIT?HC_SR04                       -----    -----      02E6H    0005H
  +--> ?PR?_GPIO_INILIZE?GPIO
  +--> ?PR?_EXT_INILIZE?STC15_EXTI

?PR?DS18B20_INIT?DS18B20                         -----    -----      02E6H    0002H
  +--> ?PR?_GPIO_INILIZE?GPIO

?PR?_LCD_PRINTSL?LCD5510_V2                      -----    -----      02E6H    0005H
  +--> ?PR?_LCD_PRINTC?LCD5510_V2

?PR?_LCD_PRINTC?LCD5510_V2                       -----    -----      -----    -----
  +--> ?PR?_LCD_POS_BYTE?LCD5510_V2
  +--> ?CO?LCD5510_V2
  +--> ?PR?_LCD_WRITE_BYTE?LCD5510_V2
BL51 BANKED LINKER/LOCATER V6.00                                                      08/08/2017  21:22:54  PAGE 13



?PR?_LCD_POS_BYTE?LCD5510_V2                     -----    -----      -----    -----
  +--> ?PR?_LCD_WRITE_BYTE?LCD5510_V2

?PR?_BLINK?LED                                   -----    -----      02E6H    0001H
  +--> ?PR?OPEN_BOARD_LED?LED
  +--> ?PR?_DELAY_MS?DELAY
  +--> ?PR?CLOSE_BOARD_LED?LED

*** NEW ROOT ***************************************************

?PR?PRINTDISTANCE?ABSTASK                        -----    -----      -----    -----
  +--> ?PR?_GETADS1115CONVSIONDATA?ADS1115
  +--> ?PR?_DATASCOPE_GET_CHANNEL_DATA?DATAS...
  +--> ?PR?_SENDSCOPEDATA?DATASCOPE_DP

?PR?_GETADS1115CONVSIONDATA?ADS1115              -----    -----      055CH    0002H
  +--> ?PR?_WRITECONFIGREGISTER?ADS1115
  +--> ?PR?CHANGEREGISTER?ADS1115
  +--> ?PR?READCONVERSIONREGISTER?ADS1115

?PR?_WRITECONFIGREGISTER?ADS1115                 -----    -----      055EH    0001H
  +--> ?PR?IIC_START?STC15_IIC
  +--> ?PR?_INPUTONEBYTE?STC15_IIC
  +--> ?PR?IIC_RDACK?STC15_IIC
  +--> ?PR?IIC_STOP?STC15_IIC

?PR?IIC_START?STC15_IIC                          -----    -----      -----    -----
  +--> ?PR?DELAY5US?STC15_IIC

?PR?_INPUTONEBYTE?STC15_IIC                      -----    -----      -----    -----
  +--> ?PR?DELAY5US?STC15_IIC

?PR?IIC_RDACK?STC15_IIC                          0022H.7  0000H.1    -----    -----
  +--> ?PR?_INPUTONEBYTE?STC15_IIC
  +--> ?PR?DELAY5US?STC15_IIC

?PR?IIC_STOP?STC15_IIC                           -----    -----      -----    -----
  +--> ?PR?DELAY5US?STC15_IIC

?PR?CHANGEREGISTER?ADS1115                       -----    -----      -----    -----
  +--> ?PR?IIC_START?STC15_IIC
  +--> ?PR?_INPUTONEBYTE?STC15_IIC
  +--> ?PR?IIC_RDACK?STC15_IIC
  +--> ?PR?IIC_STOP?STC15_IIC

?PR?READCONVERSIONREGISTER?ADS1115               -----    -----      055EH    000CH
  +--> ?PR?IIC_START?STC15_IIC
  +--> ?PR?_INPUTONEBYTE?STC15_IIC
  +--> ?PR?IIC_RDACK?STC15_IIC
  +--> ?PR?OUTPUTONEBYTE?STC15_IIC
  +--> ?PR?IIC_ACK?STC15_IIC
  +--> ?PR?IIC_STOP?STC15_IIC

?PR?OUTPUTONEBYTE?STC15_IIC                      -----    -----      056AH    0008H
  +--> ?PR?DELAY5US?STC15_IIC

BL51 BANKED LINKER/LOCATER V6.00                                                      08/08/2017  21:22:54  PAGE 14


?PR?IIC_ACK?STC15_IIC                            -----    -----      -----    -----
  +--> ?PR?DELAY5US?STC15_IIC

?PR?_DATASCOPE_GET_CHANNEL_DATA?DATAS...         -----    -----      055BH    0005H
  +--> ?PR?_FLOAT2BYTE?DATASCOPE_DP

?PR?_FLOAT2BYTE?DATASCOPE_DP                     -----    -----      0560H    000AH

?PR?_SENDSCOPEDATA?DATASCOPE_DP                  -----    -----      055BH    0002H
  +--> ?PR?_DATASCOPE_DATA_GENERATE?DATASCOP...
  +--> ?PR?_TX1_WRITE2BUFF?USART1

*** NEW ROOT ***************************************************

?PR?PRINTTMP?ABSTASK                             -----    -----      -----    -----
  +--> ?PR?_GETDS18B20_TEMPERATURE?DS18B20

?PR?_GETDS18B20_TEMPERATURE?DS18B20              -----    -----      055BH    0021H
  +--> ?PR?INIT_DS18B20?DS18B20
  +--> ?PR?_WRITEONECHAR?DS18B20
  +--> ?PR?READONECHAR?DS18B20

?PR?INIT_DS18B20?DS18B20                         -----    -----      -----    -----
  +--> ?PR?DELAY260US?DS18B20
  +--> ?PR?DELAY750US?DS18B20
  +--> ?PR?DELAY10US?DS18B20
  +--> ?PR?DELAY100US?DS18B20

?PR?_WRITEONECHAR?DS18B20                        -----    -----      -----    -----
  +--> ?PR?DELAY1US?DS18B20
  +--> ?PR?DELAY60US?DS18B20

?PR?READONECHAR?DS18B20                          -----    -----      -----    -----
  +--> ?PR?DELAY10US?DS18B20
  +--> ?PR?DELAY1US?DS18B20
  +--> ?PR?DELAY60US?DS18B20

*** NEW ROOT ***************************************************

?PR?DISTANCE?ABSTASK                             -----    -----      033EH    021DH
  +--> ?PR?_UPDATEDISTANCE?HC_SR04
  +--> ?PR?_GETTIMERVALUE?HC_SR04
  +--> ?PR?_LIMITINGFILTER?FILTER
  +--> ?PR?_SHUDDERINGFILTER?FILTER
  +--> ?PR?_MOVINGAVERAGEFILTER?FILTER
  +--> ?PR?_FILTER?FILTER
  +--> ?PR?_GETDS18B20_TEMPERATURE?DS18B20
  +--> ?PR?_SETDISTANCE?HC_SR04
  +--> ?PR?_DATASCOPE_GET_CHANNEL_DATA?DATAS...
  +--> ?PR?_SENDSCOPEDATA?DATASCOPE_DP

?PR?_UPDATEDISTANCE?HC_SR04                      -----    -----      055BH    0001H
  +--> ?PR?_DELAY_US?DELAY
  +--> ?PR?_GETADS1115CONVSIONDATA?ADS1115

?PR?_LIMITINGFILTER?FILTER                       -----    -----      055BH    0008H
  +--> ?PR?_FABS?FABS
BL51 BANKED LINKER/LOCATER V6.00                                                      08/08/2017  21:22:54  PAGE 15



?PR?_SHUDDERINGFILTER?FILTER                     -----    -----      055BH    0007H
  +--> ?PR?_FABS?FABS

?PR?_MOVINGAVERAGEFILTER?FILTER                  -----    -----      055BH    0009H

?PR?_FILTER?FILTER                               -----    -----      055BH    0019H

?PR?_SETDISTANCE?HC_SR04                         -----    -----      055BH    0005H

*** NEW ROOT ***************************************************

?PR?BUTTONSOUND?ABSTASK                          -----    -----      -----    -----
  +--> ?PR?GETBUTTONNUM?TM1638
  +--> ?PR?BUZZWAIT?SPEAKER

?PR?GETBUTTONNUM?TM1638                          -----    -----      0590H    0006H
  +--> ?CO?TM1638
  +--> ?PR?_SETTM1638WRITE?TM1638
  +--> ?PR?_DELAY_US?DELAY
  +--> ?PR?GETTM1638READ?TM1638

?PR?GETTM1638READ?TM1638                         -----    -----      0596H    0002H
  +--> ?PR?_DELAY_US?DELAY

?PR?BUZZWAIT?SPEAKER                             -----    -----      -----    -----
  +--> ?PR?_BUZZ?SPEAKER

*** NEW ROOT ***************************************************

?PR?BUTTONSTATEUPDATE?ABSTASK                    -----    -----      -----    -----
  +--> ?PR?BUTTONSCAN?BUTTON

?PR?BUTTONSCAN?BUTTON                            -----    -----      058EH    0002H
  +--> ?PR?GETBUTTONNUM?TM1638

*** NEW ROOT ***************************************************

?PR?PULSER_1INT?FIXEDPULSER                      -----    -----      -----    -----
  +--> ?PR?_CLOSEPULSER?FIXEDPULSER

*** NEW ROOT ***************************************************

?PR?PULSER_2INT?FIXEDPULSER                      -----    -----      -----    -----
  +--> ?PR?_CLOSEPULSER?FIXEDPULSER

*** NEW ROOT ***************************************************

?C_C51STARTUP                                    -----    -----      -----    -----
  +--> ?C_INITSEG



SYMBOL TABLE OF MODULE:  电子大赛程序框架 (ABSTASK)

  VALUE           TYPE          NAME
  ----------------------------------
BL51 BANKED LINKER/LOCATER V6.00                                                      08/08/2017  21:22:54  PAGE 16



  -------         MODULE        ABSTASK
  C:0000H         SYMBOL        _ICE_DUMMY_
  D:0080H         PUBLIC        P0
  D:0090H         PUBLIC        P1
  D:00A0H         PUBLIC        P2
  D:00B0H         PUBLIC        P3
  D:00C0H         PUBLIC        P4
  D:00C8H         PUBLIC        P5
  D:00E8H         PUBLIC        P6
  D:00F8H         PUBLIC        P7
  C:8243H         PUBLIC        ButtonSound
  D:00A8H         PUBLIC        IE
  D:00B8H         PUBLIC        IP
  D:00D8H         PUBLIC        CCON
  C:4B25H         PUBLIC        Distance
  D:0098H         PUBLIC        SCON
  D:0088H         PUBLIC        TCON
  D:00F0H         PUBLIC        B
  C:831CH         PUBLIC        taskStart
  D:00E0H         PUBLIC        ACC
  C:7A1AH         PUBLIC        printDistance
  C:83D0H         PUBLIC        printTmp
  C:84CDH         PUBLIC        ButtonStateUpdate
  C:8549H         PUBLIC        TimeUpdate
  C:8555H         PUBLIC        TemperatureUpdata
  D:00D0H         PUBLIC        PSW
  -------         PROC          TASKSTART
  C:831CH         LINE#         7
  C:831CH         LINE#         9
  C:831FH         LINE#         10
  C:8324H         LINE#         11
  C:8329H         LINE#         16
  -------         ENDPROC       TASKSTART
  -------         PROC          PRINTDISTANCE
  C:7A1AH         LINE#         19
  C:7A1AH         LINE#         21
  C:7A1AH         LINE#         22
  C:7A1AH         LINE#         23
  C:7A30H         LINE#         25
  C:7A35H         LINE#         26
  C:7A3FH         LINE#         27
  -------         ENDPROC       PRINTDISTANCE
  -------         PROC          PRINTTMP
  C:83D0H         LINE#         29
  C:83D0H         LINE#         31
  C:83D0H         LINE#         32
  C:83D0H         LINE#         33
  C:83D5H         LINE#         36
  C:83DFH         LINE#         37
  -------         ENDPROC       PRINTTMP
  -------         PROC          DISTANCE
  -------         DO            
  X:033EH         SYMBOL        value
  X:0342H         SYMBOL        actValue
  X:0346H         SYMBOL        Data
  X:0552H         SYMBOL        time
BL51 BANKED LINKER/LOCATER V6.00                                                      08/08/2017  21:22:54  PAGE 17


  X:0556H         SYMBOL        distance
  X:055AH         SYMBOL        i
  -------         ENDDO         
  C:4B25H         LINE#         39
  C:4B25H         LINE#         46
  C:4B2FH         LINE#         47
  C:4B39H         LINE#         49
  C:4B3EH         LINE#         50
  C:4B3EH         LINE#         51
  C:4B3EH         LINE#         52
  C:4B43H         LINE#         53
  C:4B43H         LINE#         54
  C:4B48H         LINE#         55
  C:4B52H         LINE#         56
  C:4B65H         LINE#         57
  C:4B86H         LINE#         58
  C:4BA3H         LINE#         59
  C:4BBAH         LINE#         60
  C:4BDDH         LINE#         61
  C:4BECH         LINE#         62
  C:4C11H         LINE#         63
  C:4C30H         LINE#         64
  C:4C6CH         LINE#         65
  C:4C85H         LINE#         66
  C:4C9CH         LINE#         67
  C:4CA1H         LINE#         68
  C:4CABH         LINE#         87
  -------         ENDPROC       DISTANCE
  -------         PROC          TIMEUPDATE
  C:8549H         LINE#         90
  C:8549H         LINE#         92
  C:8549H         LINE#         93
  C:8549H         LINE#         95
  C:8553H         LINE#         96
  -------         ENDPROC       TIMEUPDATE
  -------         PROC          TEMPERATUREUPDATA
  C:8555H         LINE#         99
  C:8555H         LINE#         101
  C:8555H         LINE#         102
  C:8555H         LINE#         105
  C:855FH         LINE#         107
  -------         ENDPROC       TEMPERATUREUPDATA
  -------         PROC          BUTTONSOUND
  C:8243H         LINE#         110
  C:8243H         LINE#         112
  C:8243H         LINE#         113
  C:8243H         LINE#         114
  C:8249H         LINE#         115
  C:8249H         LINE#         116
  C:824CH         LINE#         117
  C:824CH         LINE#         118
  C:8256H         LINE#         119
  -------         ENDPROC       BUTTONSOUND
  -------         PROC          BUTTONSTATEUPDATE
  C:84CDH         LINE#         123
  C:84CDH         LINE#         125
  C:84CDH         LINE#         126
BL51 BANKED LINKER/LOCATER V6.00                                                      08/08/2017  21:22:54  PAGE 18


  C:84CDH         LINE#         127
  C:84D0H         LINE#         130
  C:84DAH         LINE#         132
  -------         ENDPROC       BUTTONSTATEUPDATE
  -------         ENDMOD        ABSTASK

  -------         MODULE        SETUP
  C:0000H         SYMBOL        _ICE_DUMMY_
  D:0080H         PUBLIC        P0
  D:0090H         PUBLIC        P1
  D:00A0H         PUBLIC        P2
  D:00B0H         PUBLIC        P3
  D:00C0H         PUBLIC        P4
  D:00C8H         PUBLIC        P5
  C:76AFH         PUBLIC        _UART1_init
  D:00E8H         PUBLIC        P6
  D:00F8H         PUBLIC        P7
  D:00A8H         PUBLIC        IE
  D:00B8H         PUBLIC        IP
  D:00D8H         PUBLIC        CCON
  C:6A41H         PUBLIC        setup
  D:0098H         PUBLIC        SCON
  D:0088H         PUBLIC        TCON
  D:00F0H         PUBLIC        B
  C:86B3H         PUBLIC        test
  D:00E0H         PUBLIC        ACC
  D:00D0H         PUBLIC        PSW
  -------         PROC          _UART1_INIT
  D:0004H         SYMBOL        BandRate
  -------         DO            
  X:02E6H         SYMBOL        COMx_InitStructure
  -------         ENDDO         
  C:76AFH         LINE#         24
  C:76AFH         LINE#         25
  C:76AFH         LINE#         27
  C:76B5H         LINE#         28
  C:76B9H         LINE#         29
  C:76BDH         LINE#         30
  C:76C3H         LINE#         31
  C:76C6H         LINE#         32
  C:76C9H         LINE#         33
  C:76CBH         LINE#         34
  C:76CEH         LINE#         35
  C:76D0H         LINE#         36
  C:76DBH         LINE#         37
  -------         ENDPROC       _UART1_INIT
  -------         PROC          TEST
  C:86B3H         LINE#         39
  C:86B3H         LINE#         40
  C:86B3H         LINE#         42
  -------         ENDPROC       TEST
  -------         PROC          SETUP
  C:6A41H         LINE#         43
  C:6A41H         LINE#         44
  C:6A41H         LINE#         46
  C:6A4CH         LINE#         47
  C:6A4FH         LINE#         48
BL51 BANKED LINKER/LOCATER V6.00                                                      08/08/2017  21:22:54  PAGE 19


  C:6A52H         LINE#         49
  C:6A55H         LINE#         50
  C:6A58H         LINE#         51
  C:6A5BH         LINE#         52
  C:6A5EH         LINE#         53
  C:6A61H         LINE#         54
  C:6A64H         LINE#         55
  C:6A70H         LINE#         56
  C:6A7AH         LINE#         57
  C:6A84H         LINE#         58
  C:6A8EH         LINE#         59
  C:6A98H         LINE#         60
  C:6A9BH         LINE#         65
  C:6AA0H         LINE#         66
  C:6AA5H         LINE#         67
  C:6AAAH         LINE#         68
  -------         ENDPROC       SETUP
  -------         ENDMOD        SETUP

  -------         MODULE        MODE
  C:0000H         SYMBOL        _ICE_DUMMY_
  D:0080H         PUBLIC        P0
  D:0090H         PUBLIC        P1
  D:00A0H         PUBLIC        P2
  D:00B0H         PUBLIC        P3
  D:00C0H         PUBLIC        P4
  D:00C8H         PUBLIC        P5
  D:00E8H         PUBLIC        P6
  D:00F8H         PUBLIC        P7
  D:00A8H         PUBLIC        IE
  D:00B8H         PUBLIC        IP
  D:00D8H         PUBLIC        CCON
  D:0098H         PUBLIC        SCON
  D:0088H         PUBLIC        TCON
  D:00F0H         PUBLIC        B
  D:00E0H         PUBLIC        ACC
  C:86B4H         PUBLIC        mode1
  C:86B5H         PUBLIC        mode2
  C:86B6H         PUBLIC        mode3
  C:86B7H         PUBLIC        mode4
  C:86B8H         PUBLIC        modeLauncher
  D:00D0H         PUBLIC        PSW
  -------         PROC          MODE1
  C:86B4H         LINE#         2
  C:86B4H         LINE#         3
  C:86B4H         LINE#         5
  -------         ENDPROC       MODE1
  -------         PROC          MODE2
  C:86B5H         LINE#         7
  C:86B5H         LINE#         8
  C:86B5H         LINE#         10
  -------         ENDPROC       MODE2
  -------         PROC          MODE3
  C:86B6H         LINE#         13
  C:86B6H         LINE#         14
  C:86B6H         LINE#         16
  -------         ENDPROC       MODE3
BL51 BANKED LINKER/LOCATER V6.00                                                      08/08/2017  21:22:54  PAGE 20


  -------         PROC          MODE4
  C:86B7H         LINE#         18
  C:86B7H         LINE#         19
  C:86B7H         LINE#         21
  -------         ENDPROC       MODE4
  -------         PROC          MODELAUNCHER
  C:86B8H         LINE#         22
  C:86B8H         LINE#         23
  C:86B8H         LINE#         25
  -------         ENDPROC       MODELAUNCHER
  -------         ENDMOD        MODE

  -------         MODULE        FILTER
  C:0000H         SYMBOL        _ICE_DUMMY_
  D:0080H         PUBLIC        P0
  D:0090H         PUBLIC        P1
  D:00A0H         PUBLIC        P2
  D:00B0H         PUBLIC        P3
  D:00C0H         PUBLIC        P4
  D:00C8H         PUBLIC        P5
  D:00E8H         PUBLIC        P6
  D:00F8H         PUBLIC        P7
  C:42BFH         PUBLIC        _filter
  D:00A8H         PUBLIC        IE
  D:00B8H         PUBLIC        IP
  C:6547H         PUBLIC        _shudderingFilter
  D:00D8H         PUBLIC        CCON
  D:0098H         PUBLIC        SCON
  D:0088H         PUBLIC        TCON
  C:5E5AH         PUBLIC        _movingAverageFilter
  D:00F0H         PUBLIC        B
  C:4E31H         PUBLIC        _KalmanFilter
  D:00E0H         PUBLIC        ACC
  C:6C4DH         PUBLIC        _limitingFilter
  D:00D0H         PUBLIC        PSW
  -------         PROC          _FILTER
  X:055BH         SYMBOL        ary
  X:055EH         SYMBOL        num
  X:055FH         SYMBOL        MaxValue
  X:0563H         SYMBOL        MinValue
  -------         DO            
  X:0567H         SYMBOL        angleDataloopTemp2
  X:0568H         SYMBOL        finalData
  X:056CH         SYMBOL        maxValue
  X:0570H         SYMBOL        minValue
  -------         ENDDO         
  C:42BFH         LINE#         14
  C:42CDH         LINE#         15
  C:42CDH         LINE#         17
  C:42D7H         LINE#         18
  C:42EBH         LINE#         19
  C:42FFH         LINE#         20
  C:4314H         LINE#         21
  C:4314H         LINE#         22
  C:4342H         LINE#         23
  C:4342H         LINE#         24
  C:4363H         LINE#         25
BL51 BANKED LINKER/LOCATER V6.00                                                      08/08/2017  21:22:54  PAGE 21


  C:4363H         LINE#         26
  C:4393H         LINE#         27
  C:4393H         LINE#         28
  C:43B4H         LINE#         29
  C:43B4H         LINE#         30
  C:43E6H         LINE#         31
  C:43EFH         LINE#         32
  C:443DH         LINE#         33
  C:447BH         LINE#         34
  C:4489H         LINE#         35
  -------         ENDPROC       _FILTER
  -------         PROC          _KALMANFILTER
  X:0AAEH         SYMBOL        ResrcData
  X:0AB2H         SYMBOL        ProcessNiose_Q
  X:0AB6H         SYMBOL        MeasureNoise_R
  X:0ABAH         SYMBOL        InitialPrediction
  -------         DO            
  X:0ABEH         SYMBOL        R
  X:0AC2H         SYMBOL        Q
  X:0000H         SYMBOL        x_last
  X:0AC6H         SYMBOL        x_mid
  X:0ACAH         SYMBOL        x_now
  X:0004H         SYMBOL        p_last
  X:0ACEH         SYMBOL        p_mid
  D:0004H         SYMBOL        p_now
  X:0AD2H         SYMBOL        kg
  -------         ENDDO         
  C:4E31H         LINE#         37
  C:4E37H         LINE#         38
  C:4E37H         LINE#         39
  C:4E4BH         LINE#         40
  C:4E5FH         LINE#         44
  C:4E73H         LINE#         53
  C:4E87H         LINE#         54
  C:4EACH         LINE#         55
  C:4EEAH         LINE#         56
  C:4F31H         LINE#         58
  C:4F5AH         LINE#         60
  C:4F60H         LINE#         61
  C:4F74H         LINE#         63
  C:4F82H         LINE#         64
  -------         ENDPROC       _KALMANFILTER
  -------         PROC          _LIMITINGFILTER
  X:055BH         SYMBOL        value
  X:055FH         SYMBOL        A
  -------         DO            
  X:0008H         SYMBOL        lastValue
  -------         ENDDO         
  C:6C4DH         LINE#         83
  C:6C53H         LINE#         84
  C:6C53H         LINE#         86
  C:6C88H         LINE#         87
  C:6C88H         LINE#         88
  C:6C8DH         LINE#         89
  C:6C8DH         LINE#         91
  C:6C8DH         LINE#         93
  C:6CA1H         LINE#         94
BL51 BANKED LINKER/LOCATER V6.00                                                      08/08/2017  21:22:54  PAGE 22


  C:6CAFH         LINE#         96
  C:6CAFH         LINE#         97
  -------         ENDPROC       _LIMITINGFILTER
  -------         PROC          _MOVINGAVERAGEFILTER
  X:055BH         SYMBOL        value
  -------         DO            
  X:000CH         SYMBOL        filter_buf
  X:055FH         SYMBOL        i
  X:0560H         SYMBOL        filter_sum
  -------         ENDDO         
  C:5E5AH         LINE#         115
  C:5E60H         LINE#         116
  C:5E60H         LINE#         120
  C:5E6AH         LINE#         121
  C:5E7EH         LINE#         122
  C:5E8DH         LINE#         123
  C:5EB9H         LINE#         124
  C:5EEDH         LINE#         125
  C:5EF5H         LINE#         126
  C:5F0DH         LINE#         127
  -------         ENDPROC       _MOVINGAVERAGEFILTER
  -------         PROC          _SHUDDERINGFILTER
  D:0004H         SYMBOL        value
  X:055FH         SYMBOL        filter_n
  -------         DO            
  X:02E0H         SYMBOL        i
  X:02E2H         SYMBOL        lastValue
  X:0560H         SYMBOL        newValue
  -------         ENDDO         
  C:6547H         LINE#         153
  C:6547H         LINE#         154
  C:6547H         LINE#         159
  C:6552H         LINE#         160
  C:6582H         LINE#         161
  C:6582H         LINE#         162
  C:6590H         LINE#         163
  C:65A3H         LINE#         164
  C:65A7H         LINE#         165
  C:65B9H         LINE#         166
  C:65B9H         LINE#         167
  C:65BBH         LINE#         169
  C:65BBH         LINE#         170
  C:65C2H         LINE#         171
  C:65C2H         LINE#         172
  C:65D0H         LINE#         174
  -------         ENDPROC       _SHUDDERINGFILTER
  -------         ENDMOD        FILTER

  -------         MODULE        PID
  C:0000H         SYMBOL        _ICE_DUMMY_
  D:0080H         PUBLIC        P0
  D:0090H         PUBLIC        P1
  D:00A0H         PUBLIC        P2
  C:7C3EH         PUBLIC        _setKi
  D:00B0H         PUBLIC        P3
  C:8048H         PUBLIC        _getErrLast
  C:7CC2H         PUBLIC        _setMaxError
BL51 BANKED LINKER/LOCATER V6.00                                                      08/08/2017  21:22:54  PAGE 23


  D:00C0H         PUBLIC        P4
  D:00C8H         PUBLIC        P5
  D:00E8H         PUBLIC        P6
  D:00F8H         PUBLIC        P7
  C:7BFCH         PUBLIC        _setParameterUpperLimit
  C:7C5FH         PUBLIC        _setKp
  C:71B0H         PUBLIC        _PosClassPID
  D:00A8H         PUBLIC        IE
  C:832EH         PUBLIC        _openPID
  C:3F0FH         PUBLIC        _Position_PID
  D:00B8H         PUBLIC        IP
  D:00D8H         PUBLIC        CCON
  C:26EBH         PUBLIC        _Anti_Windup_PID
  D:0098H         PUBLIC        SCON
  D:0088H         PUBLIC        TCON
  C:464EH         PUBLIC        _Incremental_PID
  C:4F83H         PUBLIC        _PID_config
  C:3CC9H         PUBLIC        _Integral_Separa_PID
  C:7BDBH         PUBLIC        _setParameterInferiorLimit
  D:00F0H         PUBLIC        B
  D:00E0H         PUBLIC        ACC
  C:7C1DH         PUBLIC        _setActualParameter
  C:80B0H         PUBLIC        _getOutput
  C:230AH         PUBLIC        _Trapezoidal_Integral_PID
  X:08CBH         SYMBOL        g_pid_n_info
  C:8014H         PUBLIC        _getParameter
  C:802EH         PUBLIC        _getErr
  C:8096H         PUBLIC        _getKd
  C:81B4H         PUBLIC        _IncClassPID
  C:7CA1H         PUBLIC        _setParameter
  C:807CH         PUBLIC        _getKi
  C:83E1H         PUBLIC        _closePID
  D:00D0H         PUBLIC        PSW
  C:80CAH         PUBLIC        _getIntegral
  C:8062H         PUBLIC        _getKp
  C:7C80H         PUBLIC        _setKd
  -------         PROC          _PID_CONFIG
  D:0003H         SYMBOL        PID_N
  X:0C66H         SYMBOL        kp
  X:0C6AH         SYMBOL        ki
  X:0C6EH         SYMBOL        kd
  C:4F83H         LINE#         53
  C:4F85H         LINE#         54
  C:4F85H         LINE#         55
  C:4F9AH         LINE#         56
  C:4FAFH         LINE#         57
  C:4FC4H         LINE#         58
  C:4FD9H         LINE#         59
  C:4FEEH         LINE#         60
  C:500DH         LINE#         61
  C:502CH         LINE#         62
  C:504BH         LINE#         63
  C:5075H         LINE#         64
  C:509FH         LINE#         65
  -------         ENDPROC       _PID_CONFIG
  -------         PROC          _OPENPID
  D:0007H         SYMBOL        PID_N
BL51 BANKED LINKER/LOCATER V6.00                                                      08/08/2017  21:22:54  PAGE 24


  C:832EH         LINE#         76
  C:832EH         LINE#         77
  C:832EH         LINE#         78
  C:833FH         LINE#         80
  -------         ENDPROC       _OPENPID
  -------         PROC          _CLOSEPID
  D:0007H         SYMBOL        PID_N
  C:83E1H         LINE#         90
  C:83E1H         LINE#         91
  C:83E1H         LINE#         92
  C:83F1H         LINE#         95
  -------         ENDPROC       _CLOSEPID
  -------         PROC          _POSITION_PID
  X:0D7FH         SYMBOL        PID_N
  C:3F0FH         LINE#         105
  C:3F14H         LINE#         106
  C:3F14H         LINE#         107
  C:3F27H         LINE#         108
  C:3F27H         LINE#         109
  C:3F75H         LINE#         110
  C:3FB8H         LINE#         111
  C:40BDH         LINE#         114
  C:40E7H         LINE#         115
  C:40E9H         LINE#         116
  C:40E9H         LINE#         117
  C:40EAH         LINE#         118
  -------         ENDPROC       _POSITION_PID
  -------         PROC          _INTEGRAL_SEPARA_PID
  X:0D5EH         SYMBOL        PID_N
  -------         DO            
  X:0D5FH         SYMBOL        multiple
  -------         ENDDO         
  C:3CC9H         LINE#         128
  C:3CCEH         LINE#         129
  C:3CCEH         LINE#         131
  C:3D19H         LINE#         132
  C:3D2DH         LINE#         133
  C:3D2DH         LINE#         134
  C:3D66H         LINE#         135
  C:3D66H         LINE#         136
  C:3D6DH         LINE#         137
  C:3D6FH         LINE#         139
  C:3D6FH         LINE#         140
  C:3D77H         LINE#         141
  C:3DBDH         LINE#         142
  C:3DBDH         LINE#         144
  C:3EE1H         LINE#         147
  C:3F0BH         LINE#         148
  C:3F0DH         LINE#         149
  C:3F0DH         LINE#         150
  C:3F0EH         LINE#         151
  -------         ENDPROC       _INTEGRAL_SEPARA_PID
  -------         PROC          _ANTI_WINDUP_PID
  X:0D61H         SYMBOL        PID_N
  -------         DO            
  X:0D62H         SYMBOL        multiple
  -------         ENDDO         
BL51 BANKED LINKER/LOCATER V6.00                                                      08/08/2017  21:22:54  PAGE 25


  C:26EBH         LINE#         161
  C:26F0H         LINE#         162
  C:26F0H         LINE#         164
  C:273BH         LINE#         165
  C:274FH         LINE#         166
  C:274FH         LINE#         167
  C:278BH         LINE#         168
  C:278BH         LINE#         169
  C:27D6H         LINE#         170
  C:27D6H         LINE#         171
  C:27D6H         LINE#         172
  C:27D9H         LINE#         174
  C:27D9H         LINE#         175
  C:27E1H         LINE#         176
  C:280CH         LINE#         177
  C:280CH         LINE#         178
  C:280CH         LINE#         179
  C:280CH         LINE#         180
  C:280CH         LINE#         181
  C:280FH         LINE#         182
  C:284FH         LINE#         183
  C:284FH         LINE#         184
  C:289AH         LINE#         185
  C:289AH         LINE#         186
  C:289AH         LINE#         187
  C:289CH         LINE#         189
  C:289CH         LINE#         190
  C:28A4H         LINE#         191
  C:28CDH         LINE#         192
  C:28CDH         LINE#         193
  C:28CDH         LINE#         194
  C:28CDH         LINE#         195
  C:28CDH         LINE#         196
  C:28CFH         LINE#         198
  C:28CFH         LINE#         199
  C:291AH         LINE#         200
  C:291AH         LINE#         201
  C:2921H         LINE#         202
  C:2923H         LINE#         204
  C:2923H         LINE#         205
  C:292BH         LINE#         206
  C:2971H         LINE#         207
  C:2971H         LINE#         208
  C:2971H         LINE#         210
  C:2A95H         LINE#         213
  C:2ABFH         LINE#         214
  C:2AC1H         LINE#         215
  C:2AC1H         LINE#         216
  C:2AC2H         LINE#         217
  -------         ENDPROC       _ANTI_WINDUP_PID
  -------         PROC          _TRAPEZOIDAL_INTEGRAL_PID
  X:0D64H         SYMBOL        PID_N
  -------         DO            
  X:0D65H         SYMBOL        multiple
  -------         ENDDO         
  C:230AH         LINE#         227
  C:230FH         LINE#         228
BL51 BANKED LINKER/LOCATER V6.00                                                      08/08/2017  21:22:54  PAGE 26


  C:230FH         LINE#         230
  C:235AH         LINE#         231
  C:236EH         LINE#         232
  C:236EH         LINE#         233
  C:23AAH         LINE#         234
  C:23AAH         LINE#         235
  C:23F5H         LINE#         236
  C:23F5H         LINE#         237
  C:23F5H         LINE#         238
  C:23F8H         LINE#         240
  C:23F8H         LINE#         241
  C:2400H         LINE#         242
  C:242BH         LINE#         243
  C:242BH         LINE#         244
  C:242BH         LINE#         245
  C:242BH         LINE#         246
  C:242BH         LINE#         247
  C:242EH         LINE#         248
  C:246EH         LINE#         249
  C:246EH         LINE#         250
  C:24B9H         LINE#         251
  C:24B9H         LINE#         252
  C:24B9H         LINE#         253
  C:24BBH         LINE#         255
  C:24BBH         LINE#         256
  C:24C3H         LINE#         257
  C:24ECH         LINE#         258
  C:24ECH         LINE#         259
  C:24ECH         LINE#         260
  C:24ECH         LINE#         261
  C:24ECH         LINE#         262
  C:24EEH         LINE#         264
  C:24EEH         LINE#         265
  C:2539H         LINE#         266
  C:2539H         LINE#         267
  C:2540H         LINE#         268
  C:2542H         LINE#         270
  C:2542H         LINE#         271
  C:254AH         LINE#         272
  C:2590H         LINE#         273
  C:2590H         LINE#         274
  C:2590H         LINE#         276
  C:26BDH         LINE#         279
  C:26E7H         LINE#         280
  C:26E9H         LINE#         281
  C:26E9H         LINE#         282
  C:26EAH         LINE#         283
  -------         ENDPROC       _TRAPEZOIDAL_INTEGRAL_PID
  -------         PROC          _INCREMENTAL_PID
  X:0D80H         SYMBOL        PID_N
  C:464EH         LINE#         293
  C:4653H         LINE#         294
  C:4653H         LINE#         295
  C:4666H         LINE#         296
  C:4666H         LINE#         297
  C:46B4H         LINE#         298
  C:4796H         LINE#         301
BL51 BANKED LINKER/LOCATER V6.00                                                      08/08/2017  21:22:54  PAGE 27


  C:47C0H         LINE#         302
  C:47EAH         LINE#         303
  C:47ECH         LINE#         304
  C:47ECH         LINE#         305
  C:47EDH         LINE#         306
  -------         ENDPROC       _INCREMENTAL_PID
  -------         PROC          _SETPARAMETERINFERIORLIMIT
  D:0003H         SYMBOL        PID_N
  X:0D12H         SYMBOL        value
  C:7BDBH         LINE#         317
  C:7BDDH         LINE#         318
  C:7BDDH         LINE#         319
  -------         ENDPROC       _SETPARAMETERINFERIORLIMIT
  -------         PROC          _SETPARAMETERUPPERLIMIT
  D:0003H         SYMBOL        PID_N
  X:0D17H         SYMBOL        value
  C:7BFCH         LINE#         331
  C:7BFEH         LINE#         332
  C:7BFEH         LINE#         333
  -------         ENDPROC       _SETPARAMETERUPPERLIMIT
  -------         PROC          _SETACTUALPARAMETER
  D:0003H         SYMBOL        PID_N
  X:0D1CH         SYMBOL        value
  C:7C1DH         LINE#         346
  C:7C1FH         LINE#         347
  C:7C1FH         LINE#         348
  -------         ENDPROC       _SETACTUALPARAMETER
  -------         PROC          _SETKI
  D:0003H         SYMBOL        PID_N
  X:0D21H         SYMBOL        value
  C:7C3EH         LINE#         361
  C:7C40H         LINE#         362
  C:7C40H         LINE#         363
  -------         ENDPROC       _SETKI
  -------         PROC          _SETKP
  D:0003H         SYMBOL        PID_N
  X:0D26H         SYMBOL        value
  C:7C5FH         LINE#         375
  C:7C61H         LINE#         376
  C:7C61H         LINE#         377
  -------         ENDPROC       _SETKP
  -------         PROC          _SETKD
  D:0003H         SYMBOL        PID_N
  X:0D2BH         SYMBOL        value
  C:7C80H         LINE#         389
  C:7C82H         LINE#         390
  C:7C82H         LINE#         391
  -------         ENDPROC       _SETKD
  -------         PROC          _SETPARAMETER
  D:0003H         SYMBOL        PID_N
  X:0D30H         SYMBOL        value
  C:7CA1H         LINE#         403
  C:7CA3H         LINE#         404
  C:7CA3H         LINE#         405
  -------         ENDPROC       _SETPARAMETER
  -------         PROC          _GETPARAMETER
  D:0007H         SYMBOL        PID_N
BL51 BANKED LINKER/LOCATER V6.00                                                      08/08/2017  21:22:54  PAGE 28


  C:8014H         LINE#         417
  C:8014H         LINE#         418
  C:8014H         LINE#         419
  C:802DH         LINE#         420
  -------         ENDPROC       _GETPARAMETER
  -------         PROC          _GETERR
  D:0007H         SYMBOL        PID_N
  C:802EH         LINE#         430
  C:802EH         LINE#         431
  C:802EH         LINE#         432
  C:8047H         LINE#         433
  -------         ENDPROC       _GETERR
  -------         PROC          _GETERRLAST
  D:0007H         SYMBOL        PID_N
  C:8048H         LINE#         443
  C:8048H         LINE#         444
  C:8048H         LINE#         445
  C:8061H         LINE#         446
  -------         ENDPROC       _GETERRLAST
  -------         PROC          _GETKP
  D:0007H         SYMBOL        PID_N
  C:8062H         LINE#         456
  C:8062H         LINE#         457
  C:8062H         LINE#         458
  C:807BH         LINE#         459
  -------         ENDPROC       _GETKP
  -------         PROC          _GETKI
  D:0007H         SYMBOL        PID_N
  C:807CH         LINE#         469
  C:807CH         LINE#         470
  C:807CH         LINE#         471
  C:8095H         LINE#         472
  -------         ENDPROC       _GETKI
  -------         PROC          _GETKD
  D:0007H         SYMBOL        PID_N
  C:8096H         LINE#         482
  C:8096H         LINE#         483
  C:8096H         LINE#         484
  C:80AFH         LINE#         485
  -------         ENDPROC       _GETKD
  -------         PROC          _GETOUTPUT
  D:0007H         SYMBOL        PID_N
  C:80B0H         LINE#         495
  C:80B0H         LINE#         496
  C:80B0H         LINE#         497
  C:80C9H         LINE#         498
  -------         ENDPROC       _GETOUTPUT
  -------         PROC          _GETINTEGRAL
  D:0007H         SYMBOL        PID_N
  C:80CAH         LINE#         508
  C:80CAH         LINE#         509
  C:80CAH         LINE#         510
  C:80E3H         LINE#         511
  -------         ENDPROC       _GETINTEGRAL
  -------         PROC          _SETMAXERROR
  D:0003H         SYMBOL        PID_N
  X:0D35H         SYMBOL        err_max
BL51 BANKED LINKER/LOCATER V6.00                                                      08/08/2017  21:22:54  PAGE 29


  C:7CC2H         LINE#         521
  C:7CC4H         LINE#         522
[...]
  -------         ENDMOD        ?C?LLDXDATA

  -------         MODULE        ?C?LLDPDATA
  C:1294H         PUBLIC        ?C?LLDPDATA
  -------         ENDMOD        ?C?LLDPDATA

  -------         MODULE        ?C?LLDCODE
  C:12A0H         PUBLIC        ?C?LLDCODE
  -------         ENDMOD        ?C?LLDCODE

  -------         MODULE        ?C?LLDIDATA0
  C:12B0H         PUBLIC        ?C?LLDIDATA0
  -------         ENDMOD        ?C?LLDIDATA0

  -------         MODULE        ?C?LLDXDATA0
  C:12BDH         PUBLIC        ?C?LLDXDATA0
  -------         ENDMOD        ?C?LLDXDATA0

  -------         MODULE        ?C?LLDPDATA0
  C:12C9H         PUBLIC        ?C?LLDPDATA0
  -------         ENDMOD        ?C?LLDPDATA0

  -------         MODULE        ?C?LLDCODE0
  C:12D6H         PUBLIC        ?C?LLDCODE0
  -------         ENDMOD        ?C?LLDCODE0

  -------         MODULE        ?C?PLDIDATA
  C:12E6H         PUBLIC        ?C?PLDIDATA
  -------         ENDMOD        ?C?PLDIDATA

  -------         MODULE        ?C?PLDXDATA
  C:12EFH         PUBLIC        ?C?PLDXDATA
  -------         ENDMOD        ?C?PLDXDATA

  -------         MODULE        ?C?PLDPDATA
  C:12F8H         PUBLIC        ?C?PLDPDATA
  -------         ENDMOD        ?C?PLDPDATA

  -------         MODULE        ?C?PLDCODE
  C:1301H         PUBLIC        ?C?PLDCODE
  -------         ENDMOD        ?C?PLDCODE

  -------         MODULE        INIT_MEM
  X:0CBCH         PUBLIC        __mem_avail__
  C:7473H         PUBLIC        _init_mempool
BL51 BANKED LINKER/LOCATER V6.00                                                      08/08/2017  21:22:54  PAGE 138


  -------         ENDMOD        INIT_MEM

*** WARNING L16: UNCALLED SEGMENT, IGNORED FOR OVERLAY PROCESS
    SEGMENT: ?PR?TEST?SETUP

*** WARNING L16: UNCALLED SEGMENT, IGNORED FOR OVERLAY PROCESS
    SEGMENT: ?PR?MODE1?MODE

*** WARNING L16: UNCALLED SEGMENT, IGNORED FOR OVERLAY PROCESS
    SEGMENT: ?PR?MODE2?MODE

*** WARNING L16: UNCALLED SEGMENT, IGNORED FOR OVERLAY PROCESS
    SEGMENT: ?PR?MODE3?MODE

*** WARNING L16: UNCALLED SEGMENT, IGNORED FOR OVERLAY PROCESS
    SEGMENT: ?PR?MODE4?MODE

*** WARNING L16: UNCALLED SEGMENT, IGNORED FOR OVERLAY PROCESS
    SEGMENT: ?PR?MODELAUNCHER?MODE

*** WARNING L16: UNCALLED SEGMENT, IGNORED FOR OVERLAY PROCESS
    SEGMENT: ?PR?_KALMANFILTER?FILTER

*** WARNING L16: UNCALLED SEGMENT, IGNORED FOR OVERLAY PROCESS
    SEGMENT: ?PR?_PID_CONFIG?PID

*** WARNING L16: UNCALLED SEGMENT, IGNORED FOR OVERLAY PROCESS
    SEGMENT: ?PR?_OPENPID?PID

*** WARNING L16: UNCALLED SEGMENT, IGNORED FOR OVERLAY PROCESS
    SEGMENT: ?PR?_CLOSEPID?PID

*** WARNING L16: UNCALLED SEGMENT, IGNORED FOR OVERLAY PROCESS
    SEGMENT: ?PR?_SETPARAMETERINFERIORLIMIT?PID

*** WARNING L16: UNCALLED SEGMENT, IGNORED FOR OVERLAY PROCESS
    SEGMENT: ?PR?_SETPARAMETERUPPERLIMIT?PID

*** WARNING L16: UNCALLED SEGMENT, IGNORED FOR OVERLAY PROCESS
    SEGMENT: ?PR?_SETACTUALPARAMETER?PID

*** WARNING L16: UNCALLED SEGMENT, IGNORED FOR OVERLAY PROCESS
    SEGMENT: ?PR?_SETKI?PID

*** WARNING L16: UNCALLED SEGMENT, IGNORED FOR OVERLAY PROCESS
    SEGMENT: ?PR?_SETKP?PID

*** WARNING L16: UNCALLED SEGMENT, IGNORED FOR OVERLAY PROCESS
    SEGMENT: ?PR?_SETKD?PID

*** WARNING L16: UNCALLED SEGMENT, IGNORED FOR OVERLAY PROCESS
    SEGMENT: ?PR?_SETPARAMETER?PID

*** WARNING L16: UNCALLED SEGMENT, IGNORED FOR OVERLAY PROCESS
    SEGMENT: ?PR?_GETPARAMETER?PID

*** WARNING L16: UNCALLED SEGMENT, IGNORED FOR OVERLAY PROCESS
BL51 BANKED LINKER/LOCATER V6.00                                                      08/08/2017  21:22:54  PAGE 139


    SEGMENT: ?PR?_GETERR?PID

*** WARNING L16: UNCALLED SEGMENT, IGNORED FOR OVERLAY PROCESS
    SEGMENT: ?PR?_GETERRLAST?PID

*** WARNING L16: UNCALLED SEGMENT, IGNORED FOR OVERLAY PROCESS
    SEGMENT: ?PR?_GETKP?PID

*** WARNING L16: UNCALLED SEGMENT, IGNORED FOR OVERLAY PROCESS
    SEGMENT: ?PR?_GETKI?PID

*** WARNING L16: UNCALLED SEGMENT, IGNORED FOR OVERLAY PROCESS
    SEGMENT: ?PR?_GETKD?PID

*** WARNING L16: UNCALLED SEGMENT, IGNORED FOR OVERLAY PROCESS
    SEGMENT: ?PR?_GETOUTPUT?PID

*** WARNING L16: UNCALLED SEGMENT, IGNORED FOR OVERLAY PROCESS
    SEGMENT: ?PR?_GETINTEGRAL?PID

*** WARNING L16: UNCALLED SEGMENT, IGNORED FOR OVERLAY PROCESS
    SEGMENT: ?PR?_SETMAXERROR?PID

*** WARNING L16: UNCALLED SEGMENT, IGNORED FOR OVERLAY PROCESS
    SEGMENT: ?PR?_POSCLASSPID?PID

*** WARNING L16: UNCALLED SEGMENT, IGNORED FOR OVERLAY PROCESS
    SEGMENT: ?PR?_INCCLASSPID?PID

*** WARNING L16: UNCALLED SEGMENT, IGNORED FOR OVERLAY PROCESS
    SEGMENT: ?PR?_GETBUTTONSTATE?BUTTON

*** WARNING L16: UNCALLED SEGMENT, IGNORED FOR OVERLAY PROCESS
    SEGMENT: ?PR?_LCD_CLR_ROW?LCD5510_V2

*** WARNING L16: UNCALLED SEGMENT, IGNORED FOR OVERLAY PROCESS
    SEGMENT: ?PR?_LCD_PRINTS?LCD5510_V2

*** WARNING L16: UNCALLED SEGMENT, IGNORED FOR OVERLAY PROCESS
    SEGMENT: ?PR?_LCD_PRINTNUM_I?LCD5510_V2

*** WARNING L16: UNCALLED SEGMENT, IGNORED FOR OVERLAY PROCESS
    SEGMENT: ?PR?_LCD_PRINTNUM_F?LCD5510_V2

*** WARNING L16: UNCALLED SEGMENT, IGNORED FOR OVERLAY PROCESS
    SEGMENT: ?PR?GETBOARD_LED_STATE?LED

*** WARNING L16: UNCALLED SEGMENT, IGNORED FOR OVERLAY PROCESS
    SEGMENT: ?PR?_BOARD_LED_PWM?LED

*** WARNING L16: UNCALLED SEGMENT, IGNORED FOR OVERLAY PROCESS
    SEGMENT: ?PR?_SETDC_MOTORSPEED?MOTOR

*** WARNING L16: UNCALLED SEGMENT, IGNORED FOR OVERLAY PROCESS
    SEGMENT: ?PR?_OPEN_DC_MOTOR?MOTOR

*** WARNING L16: UNCALLED SEGMENT, IGNORED FOR OVERLAY PROCESS
BL51 BANKED LINKER/LOCATER V6.00                                                      08/08/2017  21:22:54  PAGE 140


    SEGMENT: ?PR?_CLOSE_DC_MOTOR?MOTOR

*** WARNING L16: UNCALLED SEGMENT, IGNORED FOR OVERLAY PROCESS
    SEGMENT: ?PR?_GETDC_MOTORSTATE?MOTOR

*** WARNING L16: UNCALLED SEGMENT, IGNORED FOR OVERLAY PROCESS
    SEGMENT: ?PR?DC_MOTOR_CONFIG?MOTOR

*** WARNING L16: UNCALLED SEGMENT, IGNORED FOR OVERLAY PROCESS
    SEGMENT: ?PR?_INIT_STR_MOTOR?SERVO

*** WARNING L16: UNCALLED SEGMENT, IGNORED FOR OVERLAY PROCESS
    SEGMENT: ?PR?_SET_STR_ANGLE?SERVO

*** WARNING L16: UNCALLED SEGMENT, IGNORED FOR OVERLAY PROCESS
    SEGMENT: ?PR?_READ_STR_ANGLE?SERVO

*** WARNING L16: UNCALLED SEGMENT, IGNORED FOR OVERLAY PROCESS
    SEGMENT: ?PR?_OPEN_STR?SERVO

*** WARNING L16: UNCALLED SEGMENT, IGNORED FOR OVERLAY PROCESS
    SEGMENT: ?PR?_CLOSE_STR?SERVO

*** WARNING L16: UNCALLED SEGMENT, IGNORED FOR OVERLAY PROCESS
    SEGMENT: ?PR?_SETSTEPMOTORWITHDISTANCE?STEP_MOTOR

*** WARNING L16: UNCALLED SEGMENT, IGNORED FOR OVERLAY PROCESS
    SEGMENT: ?PR?_SETSTEPMOTORWITHROUND?STEP_MOTOR

*** WARNING L16: UNCALLED SEGMENT, IGNORED FOR OVERLAY PROCESS
    SEGMENT: ?PR?_SETSTEPMOTORSTATE?STEP_MOTOR

*** WARNING L16: UNCALLED SEGMENT, IGNORED FOR OVERLAY PROCESS
    SEGMENT: ?PR?_GETSTEPMOTORSTATE?STEP_MOTOR

*** WARNING L16: UNCALLED SEGMENT, IGNORED FOR OVERLAY PROCESS
    SEGMENT: ?PR?_SETSTEPMOTORDIVERSION?STEP_MOTOR

*** WARNING L16: UNCALLED SEGMENT, IGNORED FOR OVERLAY PROCESS
    SEGMENT: ?PR?_CLOSE_STEPMOTOR?STEP_MOTOR

*** WARNING L16: UNCALLED SEGMENT, IGNORED FOR OVERLAY PROCESS
    SEGMENT: ?PR?_OPEN_STEPMOTOR?STEP_MOTOR

*** WARNING L16: UNCALLED SEGMENT, IGNORED FOR OVERLAY PROCESS
    SEGMENT: ?PR?_FREESTEPMOTOR?STEP_MOTOR

*** WARNING L16: UNCALLED SEGMENT, IGNORED FOR OVERLAY PROCESS
    SEGMENT: ?PR?_LOCKSTEPMOTOR?STEP_MOTOR

*** WARNING L16: UNCALLED SEGMENT, IGNORED FOR OVERLAY PROCESS
    SEGMENT: ?PR?_STEPMOTOR_INIT?STEP_MOTOR

*** WARNING L16: UNCALLED SEGMENT, IGNORED FOR OVERLAY PROCESS
    SEGMENT: ?PR?_ADC_CONFIG?ANGLE

*** WARNING L16: UNCALLED SEGMENT, IGNORED FOR OVERLAY PROCESS
BL51 BANKED LINKER/LOCATER V6.00                                                      08/08/2017  21:22:54  PAGE 141


    SEGMENT: ?PR?GETANGLE?ANGLE

*** WARNING L16: UNCALLED SEGMENT, IGNORED FOR OVERLAY PROCESS
    SEGMENT: ?PR?_PH_CONFIG?PHSENSOR

*** WARNING L16: UNCALLED SEGMENT, IGNORED FOR OVERLAY PROCESS
    SEGMENT: ?PR?_SETPHCOEFFICIENT?PHSENSOR

*** WARNING L16: UNCALLED SEGMENT, IGNORED FOR OVERLAY PROCESS
    SEGMENT: ?PR?_GETPH_VALUE?PHSENSOR

*** WARNING L16: UNCALLED SEGMENT, IGNORED FOR OVERLAY PROCESS
    SEGMENT: ?PR?_SETSPEAKERPERIOD?SPEAKER

*** WARNING L16: UNCALLED SEGMENT, IGNORED FOR OVERLAY PROCESS
    SEGMENT: ?PR?_SETLENGTH?SPEAKER

*** WARNING L16: UNCALLED SEGMENT, IGNORED FOR OVERLAY PROCESS
    SEGMENT: ?PR?_OPEN_SPEAKER?SPEAKER

*** WARNING L16: UNCALLED SEGMENT, IGNORED FOR OVERLAY PROCESS
    SEGMENT: ?PR?_CLOSE_SPEAKER?SPEAKER

*** WARNING L16: UNCALLED SEGMENT, IGNORED FOR OVERLAY PROCESS
    SEGMENT: ?PR?BUZZSUCCEED?SPEAKER

*** WARNING L16: UNCALLED SEGMENT, IGNORED FOR OVERLAY PROCESS
    SEGMENT: ?PR?BUZZFAILED?SPEAKER

*** WARNING L16: UNCALLED SEGMENT, IGNORED FOR OVERLAY PROCESS
    SEGMENT: ?PR?_GETPULSERSTATE?FIXEDPULSER

*** WARNING L16: UNCALLED SEGMENT, IGNORED FOR OVERLAY PROCESS
    SEGMENT: ?PR?SETCARFORWARD?MT_1_L298N

*** WARNING L16: UNCALLED SEGMENT, IGNORED FOR OVERLAY PROCESS
    SEGMENT: ?PR?SETCARBACK?MT_1_L298N

*** WARNING L16: UNCALLED SEGMENT, IGNORED FOR OVERLAY PROCESS
    SEGMENT: ?PR?SETCARSTOP?MT_1_L298N

*** WARNING L16: UNCALLED SEGMENT, IGNORED FOR OVERLAY PROCESS
    SEGMENT: ?PR?SETCARRIGHTFORWARD?MT_1_L298N

*** WARNING L16: UNCALLED SEGMENT, IGNORED FOR OVERLAY PROCESS
    SEGMENT: ?PR?SETCARRIGHTBACK?MT_1_L298N

*** WARNING L16: UNCALLED SEGMENT, IGNORED FOR OVERLAY PROCESS
    SEGMENT: ?PR?SETCARRIGHTTURN?MT_1_L298N

*** WARNING L16: UNCALLED SEGMENT, IGNORED FOR OVERLAY PROCESS
    SEGMENT: ?PR?SETCARLEFTFORWARD?MT_1_L298N

*** WARNING L16: UNCALLED SEGMENT, IGNORED FOR OVERLAY PROCESS
    SEGMENT: ?PR?SETCARLEFTBACK?MT_1_L298N

*** WARNING L16: UNCALLED SEGMENT, IGNORED FOR OVERLAY PROCESS
BL51 BANKED LINKER/LOCATER V6.00                                                      08/08/2017  21:22:54  PAGE 142


    SEGMENT: ?PR?SETCARLEFTTURN?MT_1_L298N

*** WARNING L16: UNCALLED SEGMENT, IGNORED FOR OVERLAY PROCESS
    SEGMENT: ?PR?_INITJY901?MPU9250_SBUF

*** WARNING L16: UNCALLED SEGMENT, IGNORED FOR OVERLAY PROCESS
    SEGMENT: ?PR?_ENABLEJY901?MPU9250_SBUF

*** WARNING L16: UNCALLED SEGMENT, IGNORED FOR OVERLAY PROCESS
    SEGMENT: ?PR?_DISABLEJY901?MPU9250_SBUF

*** WARNING L16: UNCALLED SEGMENT, IGNORED FOR OVERLAY PROCESS
    SEGMENT: ?PR?_OPENJY901SBUFMODE?MPU9250_SBUF

*** WARNING L16: UNCALLED SEGMENT, IGNORED FOR OVERLAY PROCESS
    SEGMENT: ?PR?_CLOSEJY901SBUFMODE?MPU9250_SBUF

*** WARNING L16: UNCALLED SEGMENT, IGNORED FOR OVERLAY PROCESS
    SEGMENT: ?PR?_GETJY901ACCELERATION?MPU9250_SBUF

*** WARNING L16: UNCALLED SEGMENT, IGNORED FOR OVERLAY PROCESS
    SEGMENT: ?PR?_GETJY901PALSTANCE?MPU9250_SBUF

*** WARNING L16: UNCALLED SEGMENT, IGNORED FOR OVERLAY PROCESS
    SEGMENT: ?PR?_GETJY901ANGLE?MPU9250_SBUF

*** WARNING L16: UNCALLED SEGMENT, IGNORED FOR OVERLAY PROCESS
    SEGMENT: ?PR?_GETJY901MAGNETIC?MPU9250_SBUF

*** WARNING L16: UNCALLED SEGMENT, IGNORED FOR OVERLAY PROCESS
    SEGMENT: ?PR?RELAY_INIT?RELAY

*** WARNING L16: UNCALLED SEGMENT, IGNORED FOR OVERLAY PROCESS
    SEGMENT: ?PR?_OPENRELAYMODULAR?RELAY

*** WARNING L16: UNCALLED SEGMENT, IGNORED FOR OVERLAY PROCESS
    SEGMENT: ?PR?_CLOSERELAYMODULAR?RELAY

*** WARNING L16: UNCALLED SEGMENT, IGNORED FOR OVERLAY PROCESS
    SEGMENT: ?PR?_OPENRELAYKEY?RELAY

*** WARNING L16: UNCALLED SEGMENT, IGNORED FOR OVERLAY PROCESS
    SEGMENT: ?PR?_CLOSERELAYKEY?RELAY

*** WARNING L16: UNCALLED SEGMENT, IGNORED FOR OVERLAY PROCESS
    SEGMENT: ?PR?_TM1638LEDDISPLAY?TM1638

*** WARNING L16: UNCALLED SEGMENT, IGNORED FOR OVERLAY PROCESS
    SEGMENT: ?PR?CLOSETM1638DISPLAY?TM1638

*** WARNING L16: UNCALLED SEGMENT, IGNORED FOR OVERLAY PROCESS
    SEGMENT: ?PR?_CLOSE_ADS1115?ADS1115

*** WARNING L16: UNCALLED SEGMENT, IGNORED FOR OVERLAY PROCESS
    SEGMENT: ?PR?_HC595_INIT?74HC595

*** WARNING L16: UNCALLED SEGMENT, IGNORED FOR OVERLAY PROCESS
BL51 BANKED LINKER/LOCATER V6.00                                                      08/08/2017  21:22:54  PAGE 143


    SEGMENT: ?PR?_HC595SENDDATA?74HC595

*** WARNING L16: UNCALLED SEGMENT, IGNORED FOR OVERLAY PROCESS
    SEGMENT: ?PR?_CLOSE_ULTRASONIC?HC_SR04

*** WARNING L16: UNCALLED SEGMENT, IGNORED FOR OVERLAY PROCESS
    SEGMENT: ?PR?_GETULTRASONICSTATE?HC_SR04

*** WARNING L16: UNCALLED SEGMENT, IGNORED FOR OVERLAY PROCESS
    SEGMENT: ?PR?_SETTIMERVALUE?HC_SR04

*** WARNING L16: UNCALLED SEGMENT, IGNORED FOR OVERLAY PROCESS
    SEGMENT: ?PR?_GETDISTANCE?HC_SR04

*** WARNING L16: UNCALLED SEGMENT, IGNORED FOR OVERLAY PROCESS
    SEGMENT: ?PR?_NRF24L01_INIT?NRF24L01

*** WARNING L16: UNCALLED SEGMENT, IGNORED FOR OVERLAY PROCESS
    SEGMENT: ?PR?_CHOICEHALFDUPLEXMODE?NRF24L01

*** WARNING L16: UNCALLED SEGMENT, IGNORED FOR OVERLAY PROCESS
    SEGMENT: ?PR?_NRF24L01_RXPACKET?NRF24L01

*** WARNING L16: UNCALLED SEGMENT, IGNORED FOR OVERLAY PROCESS
    SEGMENT: ?PR?_NRF24L01_TXPACKET?NRF24L01

*** WARNING L16: UNCALLED SEGMENT, IGNORED FOR OVERLAY PROCESS
    SEGMENT: ?PR?_READ_RTC_DATE?RTC

*** WARNING L16: UNCALLED SEGMENT, IGNORED FOR OVERLAY PROCESS
    SEGMENT: ?PR?_WRITE_RTC_DATE?RTC

*** WARNING L16: UNCALLED SEGMENT, IGNORED FOR OVERLAY PROCESS
    SEGMENT: ?PR?_GET_RTC_TIME?RTC

*** WARNING L16: UNCALLED SEGMENT, IGNORED FOR OVERLAY PROCESS
    SEGMENT: ?PR?_ADC_POWERCONTROL?ADC

*** WARNING L16: UNCALLED SEGMENT, IGNORED FOR OVERLAY PROCESS
    SEGMENT: ?PR?_EEPROM_READ_N?STC15_EEPROM

*** WARNING L16: UNCALLED SEGMENT, IGNORED FOR OVERLAY PROCESS
    SEGMENT: ?PR?_EEPROM_SECTORERASE?STC15_EEPROM

*** WARNING L16: UNCALLED SEGMENT, IGNORED FOR OVERLAY PROCESS
    SEGMENT: ?PR?_EEPROM_WRITE_N?STC15_EEPROM

*** WARNING L16: UNCALLED SEGMENT, IGNORED FOR OVERLAY PROCESS
    SEGMENT: ?PR?_SETPINSTATE?GPIO

*** WARNING L16: UNCALLED SEGMENT, IGNORED FOR OVERLAY PROCESS
    SEGMENT: ?PR?_IIC_WRDATTOADD?STC15_IIC

*** WARNING L16: UNCALLED SEGMENT, IGNORED FOR OVERLAY PROCESS
    SEGMENT: ?PR?_IIC_RDDATFROMADD?STC15_IIC

*** WARNING L16: UNCALLED SEGMENT, IGNORED FOR OVERLAY PROCESS
BL51 BANKED LINKER/LOCATER V6.00                                                      08/08/2017  21:22:54  PAGE 144


    SEGMENT: ?PR?_PWMN_UPDATE?PCA

*** WARNING L16: UNCALLED SEGMENT, IGNORED FOR OVERLAY PROCESS
    SEGMENT: ?PR?_PCA_INIT?PCA

*** WARNING L16: UNCALLED SEGMENT, IGNORED FOR OVERLAY PROCESS
    SEGMENT: ?PR?_PWMOUTPUT?PCA

*** WARNING L16: UNCALLED SEGMENT, IGNORED FOR OVERLAY PROCESS
    SEGMENT: ?PR?_GET_PWM_PERIOD?STC15_PWM

*** WARNING L16: UNCALLED SEGMENT, IGNORED FOR OVERLAY PROCESS
    SEGMENT: ?PR?_GET_PWM_N_DUTY?STC15_PWM

*** WARNING L16: UNCALLED SEGMENT, IGNORED FOR OVERLAY PROCESS
    SEGMENT: ?PR?_GETPWM_DIV?STC15_PWM

*** WARNING L16: UNCALLED SEGMENT, IGNORED FOR OVERLAY PROCESS
    SEGMENT: ?PR?OPEN_PWM_ALL?STC15_PWM

*** WARNING L16: UNCALLED SEGMENT, IGNORED FOR OVERLAY PROCESS
    SEGMENT: ?PR?CLOSE_PWM_ALL?STC15_PWM

*** WARNING L16: UNCALLED SEGMENT, IGNORED FOR OVERLAY PROCESS
    SEGMENT: ?PR?_GET_PWM_N_STATE?STC15_PWM

*** WARNING L16: UNCALLED SEGMENT, IGNORED FOR OVERLAY PROCESS
    SEGMENT: ?PR?_PWM_INIT?STC15_PWM

*** WARNING L16: UNCALLED SEGMENT, IGNORED FOR OVERLAY PROCESS
    SEGMENT: ?PR?_SETSPIRX_DR?STC15_SPI

*** WARNING L16: UNCALLED SEGMENT, IGNORED FOR OVERLAY PROCESS
    SEGMENT: ?PR?_SETTIMEOUT?TIMER

*** WARNING L16: UNCALLED SEGMENT, IGNORED FOR OVERLAY PROCESS
    SEGMENT: ?PR?_GETTIMEROUT?TIMER

*** WARNING L16: UNCALLED SEGMENT, IGNORED FOR OVERLAY PROCESS
    SEGMENT: ?PR?_SETTIMERHERTZ?TIMER

*** WARNING L16: UNCALLED SEGMENT, IGNORED FOR OVERLAY PROCESS
    SEGMENT: ?PR?_GETTIMERHERTZ?TIMER

*** WARNING L16: UNCALLED SEGMENT, IGNORED FOR OVERLAY PROCESS
    SEGMENT: ?PR?_STOPTIMER?TIMER

*** WARNING L16: UNCALLED SEGMENT, IGNORED FOR OVERLAY PROCESS
    SEGMENT: ?PR?_ISSTOPPED?TIMER

*** WARNING L16: UNCALLED SEGMENT, IGNORED FOR OVERLAY PROCESS
    SEGMENT: ?PR?_ONRESTARTTIMER?TIMER

*** WARNING L16: UNCALLED SEGMENT, IGNORED FOR OVERLAY PROCESS
    SEGMENT: ?PR?GETMICROS?TIMER

*** WARNING L16: UNCALLED SEGMENT, IGNORED FOR OVERLAY PROCESS
BL51 BANKED LINKER/LOCATER V6.00                                                      08/08/2017  21:22:54  PAGE 145


    SEGMENT: ?PR?GETMILLIS?TIMER

*** WARNING L16: UNCALLED SEGMENT, IGNORED FOR OVERLAY PROCESS
    SEGMENT: ?PR?GETSECONDS?TIMER

*** WARNING L16: UNCALLED SEGMENT, IGNORED FOR OVERLAY PROCESS
    SEGMENT: ?PR?GETMINUTES?TIMER

*** WARNING L16: UNCALLED SEGMENT, IGNORED FOR OVERLAY PROCESS
    SEGMENT: ?PR?GETHOURS?TIMER

*** WARNING L16: UNCALLED SEGMENT, IGNORED FOR OVERLAY PROCESS
    SEGMENT: ?PR?GETDAYS?TIMER

*** WARNING L16: UNCALLED SEGMENT, IGNORED FOR OVERLAY PROCESS
    SEGMENT: ?PR?_PRINTSTRING2?USART1

*** WARNING L16: UNCALLED SEGMENT, IGNORED FOR OVERLAY PROCESS
    SEGMENT: ?PR?_PRINTSTRING3?USART1

*** WARNING L16: UNCALLED SEGMENT, IGNORED FOR OVERLAY PROCESS
    SEGMENT: ?PR?_PRINTSTRING4?USART1

*** WARNING L16: UNCALLED SEGMENT, IGNORED FOR OVERLAY PROCESS
    SEGMENT: ?PR?_USART1_PRINTF?USART1

*** WARNING L16: UNCALLED SEGMENT, IGNORED FOR OVERLAY PROCESS
    SEGMENT: ?PR?_INIT_MEMPOOL?INIT_MEM

*** WARNING L15: MULTIPLE CALL TO SEGMENT
    SEGMENT: ?PR?_GETADS1115CONVSIONDATA?ADS1115
    CALLER1: ?PR?PRINTDISTANCE?ABSTASK
    CALLER2: ?PR?DISTANCE?ABSTASK

*** WARNING L15: MULTIPLE CALL TO SEGMENT
    SEGMENT: ?PR?_WRITECONFIGREGISTER?ADS1115
    CALLER1: ?PR?PRINTDISTANCE?ABSTASK
    CALLER2: ?PR?DISTANCE?ABSTASK

*** WARNING L15: MULTIPLE CALL TO SEGMENT
    SEGMENT: ?PR?IIC_RDACK?STC15_IIC
    CALLER1: ?PR?PRINTDISTANCE?ABSTASK
    CALLER2: ?PR?DISTANCE?ABSTASK

*** WARNING L15: MULTIPLE CALL TO SEGMENT
    SEGMENT: ?PR?READCONVERSIONREGISTER?ADS1115
    CALLER1: ?PR?PRINTDISTANCE?ABSTASK
    CALLER2: ?PR?DISTANCE?ABSTASK

*** WARNING L15: MULTIPLE CALL TO SEGMENT
    SEGMENT: ?PR?OUTPUTONEBYTE?STC15_IIC
    CALLER1: ?PR?PRINTDISTANCE?ABSTASK
    CALLER2: ?PR?DISTANCE?ABSTASK

*** WARNING L15: MULTIPLE CALL TO SEGMENT
    SEGMENT: ?PR?_GETDS18B20_TEMPERATURE?DS18B20
    CALLER1: ?PR?PRINTTMP?ABSTASK
BL51 BANKED LINKER/LOCATER V6.00                                                      08/08/2017  21:22:54  PAGE 146


    CALLER2: ?PR?DISTANCE?ABSTASK

*** WARNING L15: MULTIPLE CALL TO SEGMENT
    SEGMENT: ?PR?_DATASCOPE_GET_CHANNEL_DATA?DATASCOPE_DP
    CALLER1: ?PR?PRINTDISTANCE?ABSTASK
    CALLER2: ?PR?DISTANCE?ABSTASK

*** WARNING L15: MULTIPLE CALL TO SEGMENT
    SEGMENT: ?PR?_FLOAT2BYTE?DATASCOPE_DP
    CALLER1: ?PR?PRINTDISTANCE?ABSTASK
    CALLER2: ?PR?DISTANCE?ABSTASK

*** WARNING L15: MULTIPLE CALL TO SEGMENT
    SEGMENT: ?PR?_SENDSCOPEDATA?DATASCOPE_DP
    CALLER1: ?PR?PRINTDISTANCE?ABSTASK
    CALLER2: ?PR?DISTANCE?ABSTASK

*** WARNING L15: MULTIPLE CALL TO SEGMENT
    SEGMENT: ?PR?_SETTM1638WRITE?TM1638
    CALLER1: ?PR?TASKSTART?ABSTASK
    CALLER2: ?PR?BUTTONSOUND?ABSTASK

*** WARNING L15: MULTIPLE CALL TO SEGMENT
    SEGMENT: ?PR?_BUZZ?SPEAKER
    CALLER1: ?PR?TASKSTART?ABSTASK
    CALLER2: ?PR?BUTTONSOUND?ABSTASK

*** WARNING L15: MULTIPLE CALL TO SEGMENT
    SEGMENT: ?PR?_SETPULSE?FIXEDPULSER
    CALLER1: ?PR?TASKSTART?ABSTASK
    CALLER2: ?PR?BUTTONSOUND?ABSTASK

*** WARNING L15: MULTIPLE CALL TO SEGMENT
    SEGMENT: ?PR?GETBUTTONNUM?TM1638
    CALLER1: ?PR?BUTTONSOUND?ABSTASK
    CALLER2: ?PR?BUTTONSTATEUPDATE?ABSTASK

*** WARNING L15: MULTIPLE CALL TO SEGMENT
    SEGMENT: ?PR?_SETTM1638WRITE?TM1638
    CALLER1: ?PR?BUTTONSOUND?ABSTASK
    CALLER2: ?PR?BUTTONSTATEUPDATE?ABSTASK

*** WARNING L15: MULTIPLE CALL TO SEGMENT
    SEGMENT: ?PR?GETTM1638READ?TM1638
    CALLER1: ?PR?BUTTONSOUND?ABSTASK
    CALLER2: ?PR?BUTTONSTATEUPDATE?ABSTASK

******************************************************************************
* RESTRICTED VERSION WITH FFFFH BYTE CODE SIZE LIMIT; USED: 6A5AH BYTE (41%) *
******************************************************************************

Program Size: data=79.5 xdata=3470 code=32493
LINK/LOCATE RUN COMPLETE.  157 WARNING(S),  0 ERROR(S)
