BL51 BANKED LINKER/LOCATER V6.00                                                        07/17/2017  11:56:12  PAGE 1


BL51 BANKED LINKER/LOCATER V6.00, INVOKED BY:
C:\KEIL_V5\C51\BIN\BL51.EXE .\absTask.obj, .\task.obj, .\setup.obj, .\mode.obj, .\Conf_tny.obj, .\PID.obj, .\FILTER.obj,
>>  .\DataScope_DP.obj, .\storage.obj, .\BUTTON.obj, .\LED.obj, .\MOTOR.obj, .\SERVO.obj, .\STEP_MOTOR.obj, .\RELAY.obj,
>>  .\ANGLE.obj, .\LCD1602.obj, .\74HC595.obj, .\fixedPulser.obj, .\ADC.obj, .\delay.obj, .\GPIO.obj, .\PCA.obj, .\stc15
>> _pwm.obj, .\timer.obj, .\USART1.obj, .\stc15_eeprom.obj TO 电子大赛程序框架 RTX51TINY RAMSIZE (256)


MEMORY MODEL: LARGE WITH FLOATING POINT ARITHMETIC


INPUT MODULES INCLUDED:
  .\absTask.obj (ABSTASK)
  .\task.obj (TASK)
  .\setup.obj (SETUP)
  .\mode.obj (MODE)
  .\Conf_tny.obj (?RTX51_TINY_KERNAL)
  .\PID.obj (PID)
  .\FILTER.obj (FILTER)
  .\DataScope_DP.obj (DATASCOPE_DP)
  .\storage.obj (STORAGE)
  .\BUTTON.obj (BUTTON)
  .\LED.obj (LED)
  .\MOTOR.obj (MOTOR)
  .\SERVO.obj (SERVO)
  .\STEP_MOTOR.obj (STEP_MOTOR)
  .\RELAY.obj (RELAY)
  .\ANGLE.obj (ANGLE)
  .\LCD1602.obj (LCD1602)
  .\74HC595.obj (74HC595)
  .\fixedPulser.obj (FIXEDPULSER)
  .\ADC.obj (ADC)
  .\delay.obj (DELAY)
  .\GPIO.obj (GPIO)
  .\PCA.obj (PCA)
  .\stc15_pwm.obj (STC15_PWM)
  .\timer.obj (TIMER)
  .\USART1.obj (USART1)
  .\stc15_eeprom.obj (STC15_EEPROM)
  C:\KEIL_V5\C51\LIB\RTX51TNY.LIB (?RTX51_TINY_OS_CREATE)
  C:\KEIL_V5\C51\LIB\RTX51TNY.LIB (?RTX51_TINY_OS_DELETE)
  C:\KEIL_V5\C51\LIB\RTX51TNY.LIB (?RTX51_TINY_OS_WAIT)
  C:\KEIL_V5\C51\LIB\C51FPL.LIB (?C?FPADD)
  C:\KEIL_V5\C51\LIB\C51FPL.LIB (?C?FPMUL)
  C:\KEIL_V5\C51\LIB\C51FPL.LIB (?C?FPDIV)
  C:\KEIL_V5\C51\LIB\C51FPL.LIB (?C?FPCMP)
  C:\KEIL_V5\C51\LIB\C51FPL.LIB (?C?FCAST)
  C:\KEIL_V5\C51\LIB\C51FPL.LIB (?C?CASTF)
  C:\KEIL_V5\C51\LIB\C51FPL.LIB (?C?FPGETOPN)
  C:\KEIL_V5\C51\LIB\C51L.LIB (?C_STARTUP)
  C:\KEIL_V5\C51\LIB\C51L.LIB (?C?CLDPTR)
  C:\KEIL_V5\C51\LIB\C51L.LIB (?C?CLDOPTR)
  C:\KEIL_V5\C51\LIB\C51L.LIB (?C?CSTPTR)
  C:\KEIL_V5\C51\LIB\C51L.LIB (?C?CSTOPTR)
  C:\KEIL_V5\C51\LIB\C51L.LIB (?C?IMUL)
  C:\KEIL_V5\C51\LIB\C51L.LIB (?C?UIDIV)
  C:\KEIL_V5\C51\LIB\C51L.LIB (?C?IILDX)
  C:\KEIL_V5\C51\LIB\C51L.LIB (?C?ILDIX)
  C:\KEIL_V5\C51\LIB\C51L.LIB (?C?ILDOPTR)
BL51 BANKED LINKER/LOCATER V6.00                                                      07/17/2017  11:56:12  PAGE 2


  C:\KEIL_V5\C51\LIB\C51L.LIB (?C?LMUL)
  C:\KEIL_V5\C51\LIB\C51L.LIB (?C?ULDIV)
  C:\KEIL_V5\C51\LIB\C51L.LIB (?C?SLDIV)
  C:\KEIL_V5\C51\LIB\C51L.LIB (?C?LNEG)
  C:\KEIL_V5\C51\LIB\C51L.LIB (?C?ULCMP)
  C:\KEIL_V5\C51\LIB\C51L.LIB (?C?ULSHR)
  C:\KEIL_V5\C51\LIB\C51L.LIB (?C?LLDOPTR0)
  C:\KEIL_V5\C51\LIB\C51L.LIB (?C?LSTXDATA)
  C:\KEIL_V5\C51\LIB\C51L.LIB (?C?LSTKXDATA)
  C:\KEIL_V5\C51\LIB\C51L.LIB (?C_INIT)
  C:\KEIL_V5\C51\LIB\C51L.LIB (?C?LLDIDATA0)
  C:\KEIL_V5\C51\LIB\C51L.LIB (?C?LLDXDATA0)
  C:\KEIL_V5\C51\LIB\C51L.LIB (?C?LLDPDATA0)
  C:\KEIL_V5\C51\LIB\C51L.LIB (?C?LLDCODE0)


TASK TABLE OF MODULE:  电子大赛程序框架 (ABSTASK)

TASKID   PRIORITY   REG-BANK   SEGMENT NAME
-------------------------------------------
0        0          0          ?PR?TASKSTART?ABSTASK
1        0          0          ?PR?TASK1?ABSTASK
2        0          0          ?PR?TASK2?ABSTASK
3        0          0          ?PR?TASK3?ABSTASK
5        0          0          ?PR?TASK5?ABSTASK
7        0          0          ?PR?TASK7?ABSTASK
8        0          0          ?PR?TASK8?ABSTASK
9        0          0          ?PR?TASK9?ABSTASK



LINK MAP OF MODULE:  电子大赛程序框架 (ABSTASK)


            TYPE    BASE      LENGTH    RELOCATION   SEGMENT NAME
            -----------------------------------------------------

            * * * * * * *   D A T A   M E M O R Y   * * * * * * *
            REG     0000H     0008H     ABSOLUTE     "REG BANK 0"
            DATA    0008H     0006H     ABSOLUTE     
            IDATA   000EH     000AH     UNIT         ?RTX?TASKSP?S
                    0018H     0008H                  *** GAP ***
            BIT     0020H.0   0000H.4   UNIT         ?BI?BUTTON
            BIT     0020H.4   0000H.3   UNIT         ?BI?PCA
            BIT     0020H.7   0000H.2   UNIT         _BIT_GROUP_
            BIT     0021H.1   0000H.1   UNIT         ?RTX?BITS
            BIT     0021H.2   0000H.1   UNIT         ?BI?LED
            BIT     0021H.3   0000H.1   UNIT         ?BI?_SETPINSTATE?GPIO
                    0021H.4   0000H.4                *** GAP ***
            IDATA   0022H     0014H     UNIT         ?RTX?TASKSTATE?S
            IDATA   0036H     0001H     UNIT         ?STACK

            * * * * * * *  X D A T A   M E M O R Y  * * * * * * *
            XDATA   0000H     028CH     UNIT         ?XD?USART1
            XDATA   028CH     0104H     UNIT         _XDATA_GROUP_
            XDATA   0390H     0072H     UNIT         ?XD?PID
            XDATA   0402H     005DH     UNIT         ?XD?SERVO
BL51 BANKED LINKER/LOCATER V6.00                                                      07/17/2017  11:56:12  PAGE 3


            XDATA   045FH     0036H     UNIT         ?XD?STC15_PWM
            XDATA   0495H     002AH     UNIT         ?XD?DATASCOPE_DP
            XDATA   04BFH     0021H     UNIT         ?XD?_INIT_STR_MOTOR?SERVO
            XDATA   04E0H     0016H     UNIT         ?XD?TIMER
            XDATA   04F6H     0015H     UNIT         ?XD?PCA
            XDATA   050BH     0012H     UNIT         ?XD?DC_MOTOR_CONFIG?MOTOR
            XDATA   051DH     0011H     UNIT         ?XD?TIMERINIT?TIMER
            XDATA   052EH     0010H     UNIT         ?XD?PULSERINIT?FIXEDPULSER
            XDATA   053EH     000DH     UNIT         ?XD?_PID_CONFIG?PID
            XDATA   054BH     000CH     UNIT         ?XD?STEP_MOTOR
            XDATA   0557H     000CH     UNIT         ?XD?FIXEDPULSER
            XDATA   0563H     0009H     UNIT         ?XD?_SET_STR_ANGLE?SERVO
            XDATA   056CH     0008H     UNIT         ?XD?ANGLE
            XDATA   0574H     0007H     UNIT         ?XD?_EEPROM_READ_N?STC15_EEPROM
            XDATA   057BH     0007H     UNIT         ?XD?_EEPROM_WRITE_N?STC15_EEPROM
            XDATA   0582H     0005H     UNIT         ?XD?_SETPARAMETERINFERIORLIMIT?PID
            XDATA   0587H     0005H     UNIT         ?XD?_SETPARAMETERUPPERLIMIT?PID
            XDATA   058CH     0005H     UNIT         ?XD?_SETACTUALPARAMETER?PID
            XDATA   0591H     0005H     UNIT         ?XD?_SETKI?PID
            XDATA   0596H     0005H     UNIT         ?XD?_SETKP?PID
            XDATA   059BH     0005H     UNIT         ?XD?_SETKD?PID
            XDATA   05A0H     0005H     UNIT         ?XD?_SETPARAMETER?PID
            XDATA   05A5H     0005H     UNIT         ?XD?_WRITEDATA?STORAGE
            XDATA   05AAH     0005H     UNIT         ?XD?_SETDC_MOTORSPEED?MOTOR
            XDATA   05AFH     0005H     UNIT         ?XD?_SETPULSE?FIXEDPULSER
            XDATA   05B4H     0004H     UNIT         ?XD?ABSTASK
            XDATA   05B8H     0004H     UNIT         ?XD?MOTOR
            XDATA   05BCH     0004H     UNIT         ?XD?_SETSTEPMOTORWITHROUND?STEP_MOTOR
            XDATA   05C0H     0004H     UNIT         ?XD?_HC595_INIT?74HC595
            XDATA   05C4H     0003H     UNIT         ?XD?RELAY
            XDATA   05C7H     0003H     UNIT         ?XD?_LCD1602_WRITE_WORD?LCD1602
            XDATA   05CAH     0003H     UNIT         ?XD?_PCA_INIT?PCA
            XDATA   05CDH     0003H     UNIT         ?XD?_PWMOUTPUT?PCA
            XDATA   05D0H     0001H     UNIT         ?XD?_PID?PID
            XDATA   05D1H     0001H     UNIT         ?XD?_BOARD_LED_PWM?LED
            XDATA   05D2H     0001H     UNIT         ?XD?_OPEN_DC_MOTOR?MOTOR
            XDATA   05D3H     0001H     UNIT         ?XD?_CLOSE_DC_MOTOR?MOTOR
            XDATA   05D4H     0001H     UNIT         ?XD?_OPEN_STR?SERVO
            XDATA   05D5H     0001H     UNIT         ?XD?_CLOSE_STR?SERVO
            XDATA   05D6H     0001H     UNIT         ?XD?_CLOSE_STEPMOTOR?STEP_MOTOR
            XDATA   05D7H     0001H     UNIT         ?XD?_OPEN_STEPMOTOR?STEP_MOTOR
            XDATA   05D8H     0001H     UNIT         ?XD?_LCD1602_WRITE_CHAR?LCD1602
            XDATA   05D9H     0001H     UNIT         ?XD?_HC595SENDDATA?74HC595
            XDATA   05DAH     0001H     UNIT         ?XD?_OPENPULSER?FIXEDPULSER
            XDATA   05DBH     0001H     UNIT         ?XD?_CLOSEPULSER?FIXEDPULSER

            * * * * * * *   C O D E   M E M O R Y   * * * * * * *
            CODE    0000H     0003H     ABSOLUTE     
                    0003H     0008H                  *** GAP ***
            CODE    000BH     0003H     ABSOLUTE     
                    000EH     000DH                  *** GAP ***
            CODE    001BH     0003H     ABSOLUTE     
                    001EH     0005H                  *** GAP ***
            CODE    0023H     0003H     ABSOLUTE     
                    0026H     0005H                  *** GAP ***
            CODE    002BH     0003H     ABSOLUTE     
                    002EH     000DH                  *** GAP ***
BL51 BANKED LINKER/LOCATER V6.00                                                      07/17/2017  11:56:12  PAGE 4


            CODE    003BH     0003H     ABSOLUTE     
                    003EH     0005H                  *** GAP ***
            CODE    0043H     0003H     ABSOLUTE     
                    0046H     0045H                  *** GAP ***
            CODE    008BH     0003H     ABSOLUTE     
                    008EH     0005H                  *** GAP ***
            CODE    0093H     0003H     ABSOLUTE     
                    0096H     0005H                  *** GAP ***
            CODE    009BH     0003H     ABSOLUTE     
                    009EH     0005H                  *** GAP ***
            CODE    00A3H     0003H     ABSOLUTE     
                    00A6H     000DH                  *** GAP ***
            CODE    00B3H     0003H     ABSOLUTE     
                    00B6H     074AH                  *** GAP ***
            CODE    0800H     0701H     UNIT         ?C?LIB_CODE
            CODE    0F01H     06E0H     UNIT         ?PR?_USART_CONFIGURATION?USART1
            CODE    15E1H     0386H     UNIT         ?PR?_PWM_INILIZE?STC15_PWM
            CODE    1967H     02E3H     UNIT         ?RTX?CODE
            CODE    1C4AH     0233H     UNIT         ?PR?_TIMER_INILIZE?TIMER
            CODE    1E7DH     01DAH     UNIT         ?PR?_PID?PID
            CODE    2057H     01C4H     UNIT         ?PR?_GPIO_INILIZE?GPIO
            CODE    221BH     01B0H     UNIT         ?PR?_INIT_STR_MOTOR?SERVO
            CODE    23CBH     019FH     UNIT         ?PR?_PCA_INIT?PCA
            CODE    256AH     013DH     UNIT         ?PR?_PWMOUTPUT?PCA
            CODE    26A7H     0137H     UNIT         ?PR?_PWM_SET_T12_PERIOD?STC15_PWM
            CODE    27DEH     0136H     UNIT         ?PR?_FILTER?FILTER
            CODE    2914H     0134H     UNIT         ?PR?_DATASCOPE_GET_CHANNEL_DATA?DATASCOPE_DP
            CODE    2A48H     0131H     UNIT         ?PR?_PID_CONFIG?PID
            CODE    2B79H     00E6H     UNIT         ?PR?_SET_PWM_DUTY?STC15_PWM
            CODE    2C5FH     00DEH     UNIT         ?PR?_SET_STR_ANGLE?SERVO
            CODE    2D3DH     00B1H     UNIT         ?CO?TIMER
            CODE    2DEEH     00AEH     UNIT         ?PR?_PWMN_UPDATE?PCA
            CODE    2E9CH     00AAH     UNIT         ?PR?_FLOAT2BYTE?DATASCOPE_DP
            CODE    2F46H     00A9H     UNIT         ?PR?TIMERINIT?TIMER
            CODE    2FEFH     00A5H     UNIT         ?PR?_DATASCOPE_DATA_GENERATE?DATASCOPE_DP
            CODE    3094H     00A3H     UNIT         ?PR?PCA_HANDLER?PCA
            CODE    3137H     0092H     UNIT         ?PR?_SETDC_MOTORSPEED?MOTOR
            CODE    31C9H     008CH     UNIT         ?C_C51STARTUP
            CODE    3255H     008AH     UNIT         ?PR?TIMER4_INT?TIMER
            CODE    32DFH     0089H     UNIT         ?PR?SETUP?SETUP
            CODE    3368H     0085H     UNIT         ?PR?UART2_INT?USART1
            CODE    33EDH     0085H     UNIT         ?PR?UART3_INT?USART1
            CODE    3472H     0085H     UNIT         ?PR?UART4_INT?USART1
            CODE    34F7H     0082H     UNIT         ?C_INITSEG
            CODE    3579H     007FH     UNIT         ?PR?UART1_INT?USART1
            CODE    35F8H     007AH     UNIT         ?PR?GETANGLE?ANGLE
            CODE    3672H     006BH     UNIT         ?PR?DC_MOTOR_CONFIG?MOTOR
            CODE    36DDH     0064H     UNIT         ?PR?PULSERINIT?FIXEDPULSER
            CODE    3741H     005EH     UNIT         ?PR?_GET_ADC10BITRESULT?ADC
            CODE    379FH     0057H     UNIT         ?PR?BUTTONSCAN?BUTTON
            CODE    37F6H     0056H     UNIT         ?PR?_SET_PWM_PERIOD?STC15_PWM
            CODE    384CH     0055H     UNIT         ?PR?_SETPULSE?FIXEDPULSER
            CODE    38A1H     0053H     UNIT         ?PR?PWM_ROUTINE?FIXEDPULSER
            CODE    38F4H     0053H     UNIT         ?PR?_ADC_INILIZE?ADC
            CODE    3947H     0048H     UNIT         ?PR?TIMER3_INT?TIMER
            CODE    398FH     0047H     UNIT         ?PR?TIMER1_ISR?TIMER
            CODE    39D6H     0044H     UNIT         ?C?LDIV
BL51 BANKED LINKER/LOCATER V6.00                                                      07/17/2017  11:56:12  PAGE 5


            CODE    3A1AH     003FH     UNIT         ?PR?_EEPROM_READ_N?STC15_EEPROM
            CODE    3A59H     003FH     UNIT         ?PR?_EEPROM_WRITE_N?STC15_EEPROM
            CODE    3A98H     0039H     UNIT         ?PR?_SENDSCOPEDATA?DATASCOPE_DP
            CODE    3AD1H     0031H     UNIT         ?PR?_SETSTEPMOTORWITHROUND?STEP_MOTOR
            CODE    3B02H     002FH     UNIT         ?PR?_LCD1602_WRITE_WORD?LCD1602
            CODE    3B31H     002CH     UNIT         ?PR?_UART1_INIT?SETUP
            CODE    3B5DH     002BH     UNIT         ?PR?TASKSTART?ABSTASK
            CODE    3B88H     0028H     UNIT         ?PR?BOARD_LED_INIT?LED
            CODE    3BB0H     0028H     UNIT         ?PR?_OPEN_PWM_N?STC15_PWM
            CODE    3BD8H     0028H     UNIT         ?PR?_TX2_WRITE2BUFF?USART1
            CODE    3C00H     0028H     UNIT         ?PR?_TX3_WRITE2BUFF?USART1
            CODE    3C28H     0028H     UNIT         ?PR?_TX4_WRITE2BUFF?USART1
            CODE    3C50H     0027H     UNIT         ?PR?_TX1_WRITE2BUFF?USART1
            CODE    3C77H     0025H     UNIT         ?PR?TASK8?ABSTASK
            CODE    3C9CH     0025H     UNIT         ?PR?_CLOSE_PWM_N?STC15_PWM
            CODE    3CC1H     0025H     UNIT         ?PR?_SETTIMEOUT?TIMER
            CODE    3CE6H     0022H     UNIT         ?PR?_BLINK?LED
            CODE    3D08H     0022H     UNIT         ?PR?_OPEN_STR?SERVO
            CODE    3D2AH     0021H     UNIT         ?PR?_SETPARAMETERINFERIORLIMIT?PID
            CODE    3D4BH     0021H     UNIT         ?PR?_SETPARAMETERUPPERLIMIT?PID
            CODE    3D6CH     0021H     UNIT         ?PR?_SETACTUALPARAMETER?PID
            CODE    3D8DH     0021H     UNIT         ?PR?_SETKI?PID
            CODE    3DAEH     0021H     UNIT         ?PR?_SETKP?PID
            CODE    3DCFH     0021H     UNIT         ?PR?_SETKD?PID
            CODE    3DF0H     0021H     UNIT         ?PR?_SETPARAMETER?PID
            CODE    3E11H     0021H     UNIT         ?PR?_CLOSE_STR?SERVO
            CODE    3E32H     0021H     UNIT         ?PR?_OPENPULSER?FIXEDPULSER
            CODE    3E53H     0020H     UNIT         ?PR?_CLOSEPULSER?FIXEDPULSER
            CODE    3E73H     0020H     UNIT         ?PR?_RESTARTTIMER?TIMER
            CODE    3E93H     0020H     UNIT         ?PR?_EEPROM_SECTORERASE?STC15_EEPROM
            CODE    3EB3H     001FH     UNIT         ?PR?BUTTON_CONFIG?BUTTON
            CODE    3ED2H     001FH     UNIT         ?PR?_ISEXPIREDTIMER?TIMER
            CODE    3EF1H     001FH     UNIT         ?PR?_ISSTOPPED?TIMER
            CODE    3F10H     001EH     UNIT         ?PR?_OPEN_DC_MOTOR?MOTOR
            CODE    3F2EH     001EH     UNIT         ?PR?LCD1602_GPIO_CONFIG?LCD1602
            CODE    3F4CH     001DH     UNIT         ?PR?_GETBUTTONSTATE?BUTTON
            CODE    3F69H     001DH     UNIT         ?PR?_CLOSE_DC_MOTOR?MOTOR
            CODE    3F86H     001DH     UNIT         ?PR?_OPEN_STEPMOTOR?STEP_MOTOR
            CODE    3FA3H     001DH     UNIT         ?PR?LCD1602_INIT?LCD1602
            CODE    3FC0H     001DH     UNIT         ?PR?_ISACTIVETIMER?TIMER
            CODE    3FDDH     001CH     UNIT         ?PR?_CLOSE_STEPMOTOR?STEP_MOTOR
            CODE    3FF9H     001CH     UNIT         ?PR?_ADC_CONFIG?ANGLE
            CODE    4015H     001CH     UNIT         ?PR?_LCD1602_WRITE_CHAR?LCD1602
            CODE    4031H     001CH     UNIT         ?PR?_LCD1602_WRITE_COM?LCD1602
            CODE    404DH     001CH     UNIT         ?PR?_SETTIMERHERTZ?TIMER
            CODE    4069H     001BH     UNIT         ?PR?TASK7?ABSTASK
            CODE    4084H     001AH     UNIT         ?PR?TASK9?ABSTASK
            CODE    409EH     001AH     UNIT         ?PR?_GETPARAMETER?PID
            CODE    40B8H     001AH     UNIT         ?PR?_GETERR?PID
            CODE    40D2H     001AH     UNIT         ?PR?_GETERRLAST?PID
            CODE    40ECH     001AH     UNIT         ?PR?_GETKP?PID
            CODE    4106H     001AH     UNIT         ?PR?_GETKI?PID
            CODE    4120H     001AH     UNIT         ?PR?_GETKD?PID
            CODE    413AH     001AH     UNIT         ?PR?_GETOUTPUT?PID
            CODE    4154H     001AH     UNIT         ?PR?_GETINTEGRAL?PID
            CODE    416EH     001AH     UNIT         ?PR?_READ_STR_ANGLE?SERVO
            CODE    4188H     001AH     UNIT         ?PR?_GET_PWM_PERIOD?STC15_PWM
BL51 BANKED LINKER/LOCATER V6.00                                                      07/17/2017  11:56:12  PAGE 6


            CODE    41A2H     001AH     UNIT         ?PR?_GET_PWM_N_DUTY?STC15_PWM
            CODE    41BCH     001AH     UNIT         ?PR?_GETTIMEROUT?TIMER
            CODE    41D6H     001AH     UNIT         ?PR?_GETTIMERHERTZ?TIMER
            CODE    41F0H     0019H     UNIT         ?PR?TASK5?ABSTASK
            CODE    4209H     0019H     UNIT         ?PR?_HC595_INIT?74HC595
            CODE    4222H     0019H     UNIT         ?PR?_STOPTIMER?TIMER
            CODE    423BH     0018H     UNIT         ?PR?TASK3?ABSTASK
            CODE    4253H     0018H     UNIT         ?PR?_PWM_SET_PERIOD?STC15_PWM
            CODE    426BH     0017H     UNIT         ?PR?_PRINTSTRING1?USART1
            CODE    4282H     0014H     UNIT         ?RTX?TASKENT?S
            CODE    4296H     0013H     UNIT         ?PR?_PRINTSTRING2?USART1
            CODE    42A9H     0013H     UNIT         ?PR?_PRINTSTRING3?USART1
            CODE    42BCH     0013H     UNIT         ?PR?_PRINTSTRING4?USART1
            CODE    42CFH     0012H     UNIT         ?PR?_OPENPID?PID
            CODE    42E1H     0012H     UNIT         ?PR?_WRITEDATA?STORAGE
            CODE    42F3H     0012H     UNIT         ?PR?_GETSTEPMOTORSTATE?STEP_MOTOR
            CODE    4305H     0012H     UNIT         ?PR?_GETPULSERSTATE?FIXEDPULSER
            CODE    4317H     0012H     UNIT         ?PR?_GET_PWM_N_STATE?STC15_PWM
            CODE    4329H     0011H     UNIT         ?PR?TASK1?ABSTASK
            CODE    433AH     0011H     UNIT         ?PR?_CLOSEPID?PID
            CODE    434BH     0011H     UNIT         ?PR?_SETSTEPMOTORWITHANGLE?STEP_MOTOR
            CODE    435CH     0011H     UNIT         ?PR?_HC595SENDDATA?74HC595
            CODE    436DH     0010H     UNIT         ?PR?_GETDC_MOTORSTATE?MOTOR
            CODE    437DH     0010H     UNIT         ?PR?_DELAY_MS?DELAY
            CODE    438DH     000FH     UNIT         ?PR?_SETRELAY?RELAY
            CODE    439CH     000EH     UNIT         ?PR?_UNSETRELAY?RELAY
            CODE    43AAH     000EH     UNIT         ?PR?_ONRESTARTTIMER?TIMER
            CODE    43B8H     000EH     UNIT         ?PR?DISABLEEEPROM?STC15_EEPROM
            CODE    43C6H     000CH     UNIT         ?PR?_ADC_POWERCONTROL?ADC
            CODE    43D2H     000AH     UNIT         ?PR?_DIGITALREAD?BUTTON
            CODE    43DCH     000AH     UNIT         ?PR?OPEN_PWM_ALL?STC15_PWM
            CODE    43E6H     000AH     UNIT         ?PR?CLOSE_PWM_ALL?STC15_PWM
            CODE    43F0H     0009H     UNIT         ?PR?GETMICROS?TIMER
            CODE    43F9H     0009H     UNIT         ?PR?GETMILLIS?TIMER
            CODE    4402H     0006H     UNIT         ?PR?_BOARD_LED_PWM?LED
            CODE    4408H     0006H     UNIT         ?PR?GETSECONDS?TIMER
            CODE    440EH     0006H     UNIT         ?PR?GETMINUTES?TIMER
            CODE    4414H     0006H     UNIT         ?PR?GETHOURS?TIMER
            CODE    441AH     0006H     UNIT         ?PR?GETDAYS?TIMER
            CODE    4420H     0005H     UNIT         ?PR?OPEN_BOARD_LED?LED
            CODE    4425H     0005H     UNIT         ?PR?CLOSE_BOARD_LED?LED
            CODE    442AH     0004H     UNIT         ?PR?ADC_INT?ADC
            CODE    442EH     0003H     UNIT         ?PR?GETBOARD_LED_STATE?LED
            CODE    4431H     0003H     UNIT         ?PR?STEPMOTOR_INIT?STEP_MOTOR
            CODE    4434H     0003H     UNIT         ?PR?_SETPINSTATE?GPIO
            CODE    4437H     0001H     UNIT         ?PR?TASK2?ABSTASK
            CODE    4438H     0001H     UNIT         ?PR?MODE1?MODE
            CODE    4439H     0001H     UNIT         ?PR?MODE2?MODE
            CODE    443AH     0001H     UNIT         ?PR?MODE3?MODE
            CODE    443BH     0001H     UNIT         ?PR?MODE4?MODE
            CODE    443CH     0001H     UNIT         ?PR?MODELAUNCHER?MODE
            CODE    443DH     0001H     UNIT         ?PR?RELAY_INIT?RELAY



OVERLAY MAP OF MODULE:   电子大赛程序框架 (ABSTASK)

BL51 BANKED LINKER/LOCATER V6.00                                                      07/17/2017  11:56:12  PAGE 7



SEGMENT                                             BIT_GROUP          XDATA_GROUP
  +--> CALLED SEGMENT                            START    LENGTH     START    LENGTH
------------------------------------------------------------------------------------
?PR?TASKSTART?ABSTASK                            -----    -----      -----    -----
  +--> ?PR?SETUP?SETUP
  +--> ?PR?_BLINK?LED

?PR?SETUP?SETUP                                  -----    -----      028CH    0012H
  +--> ?PR?_UART1_INIT?SETUP
  +--> ?PR?BOARD_LED_INIT?LED
  +--> ?PR?BUTTON_CONFIG?BUTTON
  +--> ?PR?_ADC_CONFIG?ANGLE
  +--> ?PR?LCD1602_INIT?LCD1602
  +--> ?PR?_GPIO_INILIZE?GPIO
  +--> ?PR?_PWM_INILIZE?STC15_PWM
  +--> ?PR?_SET_PWM_PERIOD?STC15_PWM
  +--> ?PR?_SET_PWM_DUTY?STC15_PWM
  +--> ?PR?_OPEN_PWM_N?STC15_PWM

?PR?_UART1_INIT?SETUP                            -----    -----      029EH    000DH
  +--> ?PR?_USART_CONFIGURATION?USART1

?PR?_USART_CONFIGURATION?USART1                  -----    -----      02ABH    0009H

?PR?BOARD_LED_INIT?LED                           -----    -----      029EH    0002H
  +--> ?PR?_GPIO_INILIZE?GPIO
  +--> ?PR?OPEN_BOARD_LED?LED
  +--> ?PR?_DELAY_MS?DELAY
  +--> ?PR?CLOSE_BOARD_LED?LED

?PR?BUTTON_CONFIG?BUTTON                         -----    -----      029EH    0002H
  +--> ?PR?_GPIO_INILIZE?GPIO

?PR?_ADC_CONFIG?ANGLE                            -----    -----      029EH    0006H
  +--> ?PR?_ADC_INILIZE?ADC

?PR?LCD1602_INIT?LCD1602                         -----    -----      -----    -----
  +--> ?PR?LCD1602_GPIO_CONFIG?LCD1602
  +--> ?PR?_LCD1602_WRITE_COM?LCD1602

?PR?_LCD1602_WRITE_COM?LCD1602                   -----    -----      029EH    0001H
  +--> ?PR?_DELAY_MS?DELAY

?PR?_PWM_INILIZE?STC15_PWM                       -----    -----      029EH    0002H

?PR?_SET_PWM_PERIOD?STC15_PWM                    -----    -----      029EH    0002H
  +--> ?PR?_PWM_SET_PERIOD?STC15_PWM

?PR?_SET_PWM_DUTY?STC15_PWM                      -----    -----      029EH    0005H
  +--> ?PR?_PWM_SET_T12_PERIOD?STC15_PWM

?PR?_PWM_SET_T12_PERIOD?STC15_PWM                -----    -----      02A3H    0007H

?PR?_BLINK?LED                                   -----    -----      028CH    0001H
  +--> ?PR?OPEN_BOARD_LED?LED
  +--> ?PR?_DELAY_MS?DELAY
BL51 BANKED LINKER/LOCATER V6.00                                                      07/17/2017  11:56:12  PAGE 8


  +--> ?PR?CLOSE_BOARD_LED?LED

*** NEW ROOT ***************************************************

?PR?TASK1?ABSTASK                                -----    -----      02B4H    0001H

*** NEW ROOT ***************************************************

?PR?TASK2?ABSTASK                                -----    -----      02B5H    0028H

*** NEW ROOT ***************************************************

?PR?TASK3?ABSTASK                                -----    -----      02DDH    0065H

*** NEW ROOT ***************************************************

?PR?TASK5?ABSTASK                                -----    -----      0342H    0004H
  +--> ?PR?BUTTONSCAN?BUTTON

?PR?BUTTONSCAN?BUTTON                            -----    -----      -----    -----
  +--> ?PR?_DIGITALREAD?BUTTON

*** NEW ROOT ***************************************************

?PR?TASK7?ABSTASK                                -----    -----      -----    -----
  +--> ?PR?_GETBUTTONSTATE?BUTTON
  +--> ?PR?OPEN_BOARD_LED?LED
  +--> ?PR?CLOSE_BOARD_LED?LED

*** NEW ROOT ***************************************************

?PR?TASK8?ABSTASK                                -----    -----      -----    -----
  +--> ?PR?GETANGLE?ANGLE
  +--> ?PR?OPEN_BOARD_LED?LED
  +--> ?PR?CLOSE_BOARD_LED?LED

?PR?GETANGLE?ANGLE                               0021H.0  0000H.1    036BH    0015H
  +--> ?PR?_GET_ADC10BITRESULT?ADC
  +--> ?PR?_FILTER?FILTER

?PR?_FILTER?FILTER                               -----    -----      0380H    0010H

*** NEW ROOT ***************************************************

?PR?TASK9?ABSTASK                                -----    -----      -----    -----
  +--> ?PR?GETANGLE?ANGLE
  +--> ?PR?_SENDSCOPEDATA?DATASCOPE_DP

?PR?_SENDSCOPEDATA?DATASCOPE_DP                  -----    -----      036BH    0006H
  +--> ?PR?_DATASCOPE_GET_CHANNEL_DATA?DATAS...
  +--> ?PR?_DATASCOPE_DATA_GENERATE?DATASCOP...
  +--> ?PR?_TX1_WRITE2BUFF?USART1

?PR?_DATASCOPE_GET_CHANNEL_DATA?DATAS...         -----    -----      0371H    0005H
  +--> ?PR?_FLOAT2BYTE?DATASCOPE_DP

?PR?_FLOAT2BYTE?DATASCOPE_DP                     -----    -----      0376H    000AH
BL51 BANKED LINKER/LOCATER V6.00                                                      07/17/2017  11:56:12  PAGE 9



*** NEW ROOT ***************************************************

?C_C51STARTUP                                    -----    -----      -----    -----
  +--> ?C_INITSEG



SYMBOL TABLE OF MODULE:  电子大赛程序框架 (ABSTASK)

  VALUE           TYPE          NAME
  ----------------------------------

  -------         MODULE        ABSTASK
  C:0000H         SYMBOL        _ICE_DUMMY_
  D:0080H         PUBLIC        P0
  D:0090H         PUBLIC        P1
  D:00A0H         PUBLIC        P2
  D:00B0H         PUBLIC        P3
  D:00C0H         PUBLIC        P4
  D:00C8H         PUBLIC        P5
  D:00E8H         PUBLIC        P6
  D:00F8H         PUBLIC        P7
  D:00A8H         PUBLIC        IE
  D:00B8H         PUBLIC        IP
  D:00D8H         PUBLIC        CCON
  D:0098H         PUBLIC        SCON
  D:0088H         PUBLIC        TCON
  D:00F0H         PUBLIC        B
  C:3B5DH         PUBLIC        taskStart
  D:00E0H         PUBLIC        ACC
  C:4329H         PUBLIC        task1
  C:4437H         PUBLIC        task2
  C:423BH         PUBLIC        task3
  C:41F0H         PUBLIC        task5
  C:4069H         PUBLIC        task7
  C:3C77H         PUBLIC        task8
  C:4084H         PUBLIC        task9
  D:00D0H         PUBLIC        PSW
  -------         PROC          TASKSTART
  C:3B5DH         LINE#         13
  C:3B5DH         LINE#         15
  C:3B60H         LINE#         16
  C:3B65H         LINE#         17
  C:3B6AH         LINE#         19
  C:3B6FH         LINE#         20
  C:3B74H         LINE#         22
  C:3B79H         LINE#         23
  C:3B7EH         LINE#         24
  C:3B83H         LINE#         25
  -------         ENDPROC       TASKSTART
  -------         PROC          TASK1
  -------         DO            
  X:02B4H         SYMBOL        i
  -------         ENDDO         
  C:4329H         LINE#         27
  C:4329H         LINE#         29
BL51 BANKED LINKER/LOCATER V6.00                                                      07/17/2017  11:56:12  PAGE 10


  C:432EH         LINE#         30
  C:432EH         LINE#         31
  C:432EH         LINE#         33
  C:4338H         LINE#         35
  -------         ENDPROC       TASK1
  -------         PROC          TASK2
  -------         DO            
  X:05B4H         SYMBOL        count
  X:02B5H         SYMBOL        test
  -------         ENDDO         
  C:4437H         LINE#         37
  C:4437H         LINE#         45
  -------         ENDPROC       TASK2
  -------         PROC          TASK3
  -------         DO            
  X:02DDH         SYMBOL        string
  X:05B6H         SYMBOL        count
  X:0341H         SYMBOL        i
  -------         ENDDO         
  C:423BH         LINE#         46
  C:423BH         LINE#         50
  C:4241H         LINE#         51
  C:4241H         LINE#         52
  C:4247H         LINE#         54
  C:4251H         LINE#         56
  -------         ENDPROC       TASK3
  -------         PROC          TASK5
  -------         DO            
  X:0342H         SYMBOL        count
  -------         ENDDO         
  C:41F0H         LINE#         59
  C:41F0H         LINE#         61
  C:41FAH         LINE#         62
  C:41FAH         LINE#         63
  C:41FAH         LINE#         65
  C:41FDH         LINE#         66
  C:4207H         LINE#         67
  -------         ENDPROC       TASK5
  -------         PROC          TASK7
  C:4069H         LINE#         70
  C:4069H         LINE#         72
  C:4069H         LINE#         73
  C:4069H         LINE#         74
  C:4070H         LINE#         75
  C:4070H         LINE#         76
  C:4073H         LINE#         77
  C:4075H         LINE#         79
  C:4075H         LINE#         80
  C:4078H         LINE#         81
  C:4078H         LINE#         82
  C:4082H         LINE#         83
  -------         ENDPROC       TASK7
  -------         PROC          TASK8
  C:3C77H         LINE#         85
  C:3C77H         LINE#         87
  C:3C77H         LINE#         88
  C:3C77H         LINE#         89
BL51 BANKED LINKER/LOCATER V6.00                                                      07/17/2017  11:56:12  PAGE 11


  C:3C88H         LINE#         90
  C:3C88H         LINE#         91
  C:3C8BH         LINE#         92
  C:3C8DH         LINE#         94
  C:3C8DH         LINE#         95
  C:3C90H         LINE#         96
  C:3C90H         LINE#         97
  C:3C9AH         LINE#         98
  -------         ENDPROC       TASK8
  -------         PROC          TASK9
  C:4084H         LINE#         100
  C:4084H         LINE#         102
  C:4084H         LINE#         103
  C:4084H         LINE#         104
  C:4092H         LINE#         105
  C:409CH         LINE#         107
  -------         ENDPROC       TASK9
  -------         ENDMOD        ABSTASK

  -------         MODULE        TASK
  C:0000H         SYMBOL        _ICE_DUMMY_
  D:0080H         PUBLIC        P0
  D:0090H         PUBLIC        P1
  D:00A0H         PUBLIC        P2
  D:00B0H         PUBLIC        P3
  D:00C0H         PUBLIC        P4
  D:00C8H         PUBLIC        P5
  D:00E8H         PUBLIC        P6
  D:00F8H         PUBLIC        P7
  D:00A8H         PUBLIC        IE
  D:00B8H         PUBLIC        IP
  D:00D8H         PUBLIC        CCON
  D:0098H         PUBLIC        SCON
  D:0088H         PUBLIC        TCON
  D:00F0H         PUBLIC        B
  D:00E0H         PUBLIC        ACC
  D:00D0H         PUBLIC        PSW
  -------         ENDMOD        TASK

  -------         MODULE        SETUP
  C:0000H         SYMBOL        _ICE_DUMMY_
  D:0080H         PUBLIC        P0
  D:0090H         PUBLIC        P1
  D:00A0H         PUBLIC        P2
  D:00B0H         PUBLIC        P3
  D:00C0H         PUBLIC        P4
  D:00C8H         PUBLIC        P5
  B:00A8H.7       PUBLIC        EA
  D:00E8H         PUBLIC        P6
  C:3B31H         PUBLIC        _UART1_init
  D:00F8H         PUBLIC        P7
  D:00BAH         PUBLIC        P_SW2
  D:00A8H         PUBLIC        IE
  D:00B8H         PUBLIC        IP
  D:00D8H         PUBLIC        CCON
  D:0098H         PUBLIC        SCON
  C:32DFH         PUBLIC        setup
BL51 BANKED LINKER/LOCATER V6.00                                                      07/17/2017  11:56:12  PAGE 12


  D:0088H         PUBLIC        TCON
  B:00B0H.7       PUBLIC        P37
  D:00F0H         PUBLIC        B
  D:00E0H         PUBLIC        ACC
  D:00D0H         PUBLIC        PSW
  -------         PROC          _UART1_INIT
  D:0004H         SYMBOL        BandRate
  -------         DO            
  X:029EH         SYMBOL        COMx_InitStructure
  -------         ENDDO         
  C:3B31H         LINE#         24
  C:3B31H         LINE#         25
  C:3B31H         LINE#         27
  C:3B37H         LINE#         28
  C:3B3BH         LINE#         29
  C:3B3FH         LINE#         30
  C:3B45H         LINE#         31
  C:3B48H         LINE#         32
  C:3B4BH         LINE#         33
  C:3B4DH         LINE#         34
  C:3B50H         LINE#         35
  C:3B52H         LINE#         36
  -------         ENDPROC       _UART1_INIT
  -------         PROC          SETUP
  -------         DO            
  X:028CH         SYMBOL        GPIO_InitStructure
  X:028EH         SYMBOL        PWM_InitStructure
  -------         ENDDO         
  C:32DFH         LINE#         39
  C:32DFH         LINE#         40
  C:32DFH         LINE#         44
  C:32EAH         LINE#         46
  C:32EDH         LINE#         47
  C:32F0H         LINE#         48
  C:32F7H         LINE#         49
  C:32FAH         LINE#         51
  C:32FFH         LINE#         53
  C:3303H         LINE#         54
  C:330EH         LINE#         55
  C:3310H         LINE#         56
  C:3313H         LINE#         57
  C:3318H         LINE#         58
  C:331AH         LINE#         59
  C:331CH         LINE#         60
  C:331FH         LINE#         61
  C:3322H         LINE#         62
  C:3324H         LINE#         63
  C:3326H         LINE#         64
  C:3328H         LINE#         65
  C:332AH         LINE#         66
  C:332CH         LINE#         67
  C:3330H         LINE#         68
  C:3333H         LINE#         69
  C:3335H         LINE#         70
  C:3337H         LINE#         71
  C:3339H         LINE#         72
  C:333BH         LINE#         73
BL51 BANKED LINKER/LOCATER V6.00                                                      07/17/2017  11:56:12  PAGE 13


  C:3345H         LINE#         74
  C:3348H         LINE#         75
  C:3351H         LINE#         76
  C:3360H         LINE#         77
  C:3365H         LINE#         78
  C:3367H         LINE#         80
  -------         ENDPROC       SETUP
  -------         ENDMOD        SETUP

  -------         MODULE        MODE
  C:0000H         SYMBOL        _ICE_DUMMY_
  C:4438H         PUBLIC        mode1
  C:4439H         PUBLIC        mode2
  C:443AH         PUBLIC        mode3
  C:443BH         PUBLIC        mode4
  C:443CH         PUBLIC        modeLauncher
  -------         PROC          MODE1
  C:4438H         LINE#         2
  C:4438H         LINE#         3
  C:4438H         LINE#         5
  -------         ENDPROC       MODE1
  -------         PROC          MODE2
  C:4439H         LINE#         7
  C:4439H         LINE#         8
  C:4439H         LINE#         10
  -------         ENDPROC       MODE2
  -------         PROC          MODE3
  C:443AH         LINE#         13
  C:443AH         LINE#         14
  C:443AH         LINE#         16
  -------         ENDPROC       MODE3
  -------         PROC          MODE4
  C:443BH         LINE#         18
  C:443BH         LINE#         19
  C:443BH         LINE#         21
  -------         ENDPROC       MODE4
  -------         PROC          MODELAUNCHER
  C:443CH         LINE#         22
  C:443CH         LINE#         23
  C:443CH         LINE#         25
  -------         ENDPROC       MODELAUNCHER
  -------         ENDMOD        MODE

  -------         MODULE        ?RTX51_TINY_KERNAL
  C:4282H         SEGMENT       ?RTX?TASKENT?S
  I:000EH         SEGMENT       ?RTX?TASKSP?S
  I:0022H         SEGMENT       ?RTX?TASKSTATE?S
  B:0021H.1       SEGMENT       ?RTX?BITS
  C:1967H         SEGMENT       ?RTX?CODE
  C:19B6H         PUBLIC        ?RTX?SET_ISR
  D:000CH         PUBLIC        ?RTX_CURRENTTASK
  D:0007H         PUBLIC        ?RTX_NEXTID
  C:19F9H         PUBLIC        ?RTX_NEXTTASK
  N:00FFH         PUBLIC        ?RTX_RAMTOP
  C:4282H         PUBLIC        ?RTX_TASKENTRY
  C:1AD8H         PUBLIC        ?RTX_TASKIDX
  I:000EH         PUBLIC        ?RTX_TASKSP
BL51 BANKED LINKER/LOCATER V6.00                                                      07/17/2017  11:56:12  PAGE 14


  I:0022H         PUBLIC        ?RTX_TASKSTATUS
  C:1A9CH         PUBLIC        MAIN
  C:19E2H         PUBLIC        OS_SWITCH_TASK
  C:19EBH         SYMBOL        ?C0001
  C:19F5H         SYMBOL        ?C0003
  C:19FAH         SYMBOL        ?C0005
  C:1A14H         SYMBOL        ?C0007
  C:1A16H         SYMBOL        ?C0009
  C:1A20H         SYMBOL        ?C0011
  C:1A4DH         SYMBOL        ?C0012
  C:1A33H         SYMBOL        ?C0013
  C:1A38H         SYMBOL        ?C0015
  C:1A43H         SYMBOL        ?C0016
  N:0000H         SYMBOL        ?RTX51_TINY_KERNAL
  N:F63CH         SYMBOL        ?RTX_CLOCK
  N:0008H         SYMBOL        ?RTX_REGISTERBANK
  D:000DH         SYMBOL        ?RTX_ROBINTIME
  D:000AH         SYMBOL        ?RTX_SAVEACC
  D:000BH         SYMBOL        ?RTX_SAVEPSW
  C:1967H         SYMBOL        ?RTX_STACKERROR
  C:19BAH         SYMBOL        ?RTX_TASKSWITCHING
  B:0021H.1       SYMBOL        ?RTX_TS_DELAY
  D:00E0H         SYMBOL        ACC
  D:00F0H         SYMBOL        B
  N:0005H         SYMBOL        B_ACTIVE
  N:0007H         SYMBOL        B_IVL
  N:0007H         SYMBOL        B_RDY
  N:0004H         SYMBOL        B_READY
  N:0006H         SYMBOL        B_ROBIN
  N:0002H         SYMBOL        B_SIGNAL
  N:0003H         SYMBOL        B_TIMEOUT
  N:0000H         SYMBOL        B_WAITSIG
  N:0001H         SYMBOL        B_WAITTIM
  C:19B7H         SYMBOL        CHECKROBINTIME
  C:1991H         SYMBOL        CHECKSTACK
  N:0000H         SYMBOL        CODE_BANKING
  N:0000H         SYMBOL        CPU_IDLE_CODE
  D:0083H         SYMBOL        DPH
  D:0082H         SYMBOL        DPL
  B:00A8H.7       SYMBOL        EA
  B:00A8H.4       SYMBOL        ES
  B:00A8H.1       SYMBOL        ET0
  B:00A8H.3       SYMBOL        ET1
  B:00A8H.0       SYMBOL        EX0
  B:00A8H.2       SYMBOL        EX1
  N:0014H         SYMBOL        FREE_STACK
  C:196BH         SYMBOL        HW_TIMER
  D:00A8H         SYMBOL        IE
  B:0088H.1       SYMBOL        IE0
  B:0088H.3       SYMBOL        IE1
  N:09C4H         SYMBOL        INT_CLOCK
  N:0001H         SYMBOL        INT_REGBANK
  B:0088H.0       SYMBOL        IT0
  B:0088H.2       SYMBOL        IT1
  N:0020H         SYMBOL        K_ACTIVE
  N:0080H         SYMBOL        K_IVL
  N:0080H         SYMBOL        K_RDY
BL51 BANKED LINKER/LOCATER V6.00                                                      07/17/2017  11:56:12  PAGE 15


  N:0010H         SYMBOL        K_READY
  N:0040H         SYMBOL        K_ROBIN
  N:0001H         SYMBOL        K_SIG
  N:0002H         SYMBOL        K_TMO
  N:0000H         SYMBOL        LONG_USR_INTR
  C:1AA5H         SYMBOL        MAIN1
  C:1AAFH         SYMBOL        MAIN1X
  C:1AAAH         SYMBOL        MAIN2
  C:1A70H         SYMBOL        NOEVENT
  C:19B6H         SYMBOL        NOROBINTIMEOUT
  C:19ADH         SYMBOL        NOTIMEOUT
  C:19ABH         SYMBOL        NOWAITTIMEOUT
  C:19E2H         SYMBOL        OS_SWITCH_TASK1
  D:0087H         SYMBOL        PCON
  D:00D0H         SYMBOL        PSW
  N:00FFH         SYMBOL        RAMTOP
  N:0080H         SYMBOL        RDY_EVENT
  C:1A7CH         SYMBOL        ROBINON
  C:1A64H         SYMBOL        SIGNALOFF
  C:1A70H         SYMBOL        SIGNALON
  N:0004H         SYMBOL        SIG_EVENT
  D:0081H         SYMBOL        SP
  I:0023H         SYMBOL        TASKSTATE
  D:0088H         SYMBOL        TCON
  B:0088H.5       SYMBOL        TF0
  B:0088H.7       SYMBOL        TF1
  D:008CH         SYMBOL        TH0
  D:008DH         SYMBOL        TH1
  C:1A6CH         SYMBOL        TIMEOUTON
  C:196CH         SYMBOL        TIMERINT
  C:199DH         SYMBOL        TIMERLOOP
  I:0022H         SYMBOL        TIMERVAL
  N:000AH         SYMBOL        TIMESHARING
  D:008AH         SYMBOL        TL0
  D:008BH         SYMBOL        TL1
  D:0089H         SYMBOL        TMOD
  N:0008H         SYMBOL        TMO_EVENT
  B:0088H.4       SYMBOL        TR0
  B:0088H.6       SYMBOL        TR1
  C:000BH         LINE#         271
  C:1967H         LINE#         279
  C:196BH         LINE#         282
  C:196CH         LINE#         299
  C:196FH         LINE#         301
  C:1972H         LINE#         302
  C:1975H         LINE#         303
  C:1977H         LINE#         305
  C:1979H         LINE#         306
  C:197BH         LINE#         307
  C:197DH         LINE#         308
  C:197FH         LINE#         309
  C:1981H         LINE#         310
  C:1983H         LINE#         311
  C:1985H         LINE#         312
  C:1987H         LINE#         316
  C:1988H         LINE#         317
  C:198AH         LINE#         318
BL51 BANKED LINKER/LOCATER V6.00                                                      07/17/2017  11:56:12  PAGE 16


  C:198BH         LINE#         319
  C:198CH         LINE#         320
  C:198FH         LINE#         321
  C:1991H         LINE#         322
  C:1992H         LINE#         323
  C:1994H         LINE#         324
  C:1997H         LINE#         325
  C:1999H         LINE#         329
  C:199BH         LINE#         330
  C:199DH         LINE#         331
  C:199EH         LINE#         332
  C:199FH         LINE#         333
  C:19A0H         LINE#         334
  C:19A2H         LINE#         335
  C:19A4H         LINE#         336
  C:19A5H         LINE#         337
  C:19A8H         LINE#         338
  C:19AAH         LINE#         339
  C:19ABH         LINE#         340
  C:19ADH         LINE#         341
  C:19AEH         LINE#         342
  C:19B0H         LINE#         344
  C:19B1H         LINE#         345
  C:19B3H         LINE#         360
  C:19B6H         LINE#         366
  C:19B7H         LINE#         367
  C:19BAH         LINE#         370
  C:19BCH         LINE#         371
  C:19BEH         LINE#         372
  C:19C0H         LINE#         373
  C:19C2H         LINE#         374
  C:19C4H         LINE#         375
  C:19C6H         LINE#         376
  C:19C8H         LINE#         377
  C:19CAH         LINE#         378
  C:19CCH         LINE#         379
  C:19CEH         LINE#         380
  C:19D0H         LINE#         381
  C:19D2H         LINE#         382
  C:19D4H         LINE#         387
  C:19D6H         LINE#         388
  C:19D7H         LINE#         389
  C:19D9H         LINE#         390
  C:19DAH         LINE#         391
  C:19DCH         LINE#         392
  C:19DEH         LINE#         393
  C:19DFH         LINE#         394
  C:19E0H         LINE#         395
  C:19E2H         LINE#         424
  C:19E4H         LINE#         426
  C:19E6H         LINE#         427
  C:19E7H         LINE#         429
  C:19E8H         LINE#         430
  C:19EAH         LINE#         431
  C:19EBH         LINE#         434
  C:19ECH         LINE#         435
  C:19EDH         LINE#         436
BL51 BANKED LINKER/LOCATER V6.00                                                      07/17/2017  11:56:12  PAGE 17


  C:19EEH         LINE#         444
  C:19F1H         LINE#         445
  C:19F3H         LINE#         446
  C:19F5H         LINE#         449
  C:19F6H         LINE#         450
  C:19F9H         LINE#         458
  C:19FAH         LINE#         462
  C:19FCH         LINE#         463
  C:19FDH         LINE#         464
  C:19FEH         LINE#         465
  C:1A00H         LINE#         468
  C:1A02H         LINE#         470
  C:1A04H         LINE#         471
  C:1A06H         LINE#         472
  C:1A07H         LINE#         473
  C:1A08H         LINE#         474
  C:1A09H         LINE#         476
  C:1A0BH         LINE#         478
  C:1A0CH         LINE#         479
  C:1A0DH         LINE#         480
  C:1A0FH         LINE#         481
  C:1A12H         LINE#         482
  C:1A14H         LINE#         484
  C:1A15H         LINE#         485
  C:1A16H         LINE#         490
  C:1A17H         LINE#         491
  C:1A18H         LINE#         492
  C:1A1AH         LINE#         496
  C:1A1BH         LINE#         497
  C:1A1CH         LINE#         498
  C:1A1EH         LINE#         499
  C:1A20H         LINE#         505
  C:1A22H         LINE#         506
  C:1A23H         LINE#         507
  C:1A24H         LINE#         508
  C:1A26H         LINE#         510
  C:1A28H         LINE#         511
  C:1A2AH         LINE#         512
  C:1A2BH         LINE#         513
  C:1A2CH         LINE#         516
  C:1A2EH         LINE#         517
  C:1A31H         LINE#         518
  C:1A33H         LINE#         520
  C:1A34H         LINE#         522
  C:1A35H         LINE#         523
  C:1A36H         LINE#         524
  C:1A37H         LINE#         525
  C:1A38H         LINE#         529
  C:1A3AH         LINE#         530
  C:1A3BH         LINE#         531
  C:1A3DH         LINE#         535
  C:1A3FH         LINE#         536
  C:1A40H         LINE#         537
  C:1A41H         LINE#         539
  C:1A43H         LINE#         543
  C:1A45H         LINE#         544
  C:1A47H         LINE#         545
BL51 BANKED LINKER/LOCATER V6.00                                                      07/17/2017  11:56:12  PAGE 18


  C:1A48H         LINE#         546
  C:1A49H         LINE#         548
  C:1A4BH         LINE#         549
  C:1A4DH         LINE#         555
  C:1A50H         LINE#         559
  C:1A52H         LINE#         560
  C:1A53H         LINE#         561
  C:1A55H         LINE#         562
  C:1A56H         LINE#         563
  C:1A58H         LINE#         564
  C:1A5AH         LINE#         565
  C:1A5BH         LINE#         567
  C:1A5EH         LINE#         571
  C:1A61H         LINE#         572
  C:1A64H         LINE#         576
  C:1A66H         LINE#         577
  C:1A69H         LINE#         578
  C:1A6CH         LINE#         580
  C:1A6EH         LINE#         581
  C:1A70H         LINE#         583
  C:1A72H         LINE#         584
  C:1A73H         LINE#         585
  C:1A75H         LINE#         587
  C:1A77H         LINE#         588
  C:1A79H         LINE#         594
  C:1A7BH         LINE#         595
  C:1A7CH         LINE#         608
  C:1A7DH         LINE#         609
  C:1A7FH         LINE#         614
  C:1A81H         LINE#         615
  C:1A83H         LINE#         616
  C:1A85H         LINE#         617
  C:1A87H         LINE#         618
  C:1A89H         LINE#         619
  C:1A8BH         LINE#         620
  C:1A8DH         LINE#         621
  C:1A8FH         LINE#         622
  C:1A91H         LINE#         623
  C:1A93H         LINE#         624
  C:1A95H         LINE#         625
  C:1A97H         LINE#         626
  C:1A99H         LINE#         627
  C:1A9BH         LINE#         628
  C:1A9CH         LINE#         642
  C:1A9EH         LINE#         643
  C:1AA0H         LINE#         644
  C:1AA2H         LINE#         645
  C:1AA4H         LINE#         646
  C:1AA5H         LINE#         647
  C:1AA6H         LINE#         648
  C:1AA8H         LINE#         649
  C:1AAAH         LINE#         650
  C:1AACH         LINE#         651
  C:1AADH         LINE#         652
  C:1AAFH         LINE#         653
  C:1AB0H         LINE#         654
  C:1AB1H         LINE#         655
BL51 BANKED LINKER/LOCATER V6.00                                                      07/17/2017  11:56:12  PAGE 19


  C:1AB2H         LINE#         656
  C:1AB3H         LINE#         657
  C:1AB5H         LINE#         658
  C:1AB7H         LINE#         659
  C:1AB9H         LINE#         660
  C:1ABCH         LINE#         661
  C:1ABEH         LINE#         662
  C:1ABFH         LINE#         663
  C:1AC1H         LINE#         664
  C:1AC2H         LINE#         665
  C:1AC3H         LINE#         666
  C:1AC5H         LINE#         668
  C:1AC8H         LINE#         670
  C:1ACBH         LINE#         671
  C:1ACEH         LINE#         672
  C:1AD1H         LINE#         673
  C:1AD3H         LINE#         674
  C:1AD5H         LINE#         675
  C:1AD7H         LINE#         676
  -------         ENDMOD        ?RTX51_TINY_KERNAL

  -------         MODULE        PID
  C:0000H         SYMBOL        _ICE_DUMMY_
  D:0080H         PUBLIC        P0
  D:0090H         PUBLIC        P1
  D:00A0H         PUBLIC        P2
  C:3D8DH         PUBLIC        _setKi
  D:00B0H         PUBLIC        P3
  C:40D2H         PUBLIC        _getErrLast
  D:00C0H         PUBLIC        P4
  D:00C8H         PUBLIC        P5
  D:00E8H         PUBLIC        P6
  D:00F8H         PUBLIC        P7
  C:3D4BH         PUBLIC        _setParameterUpperLimit
  C:3DAEH         PUBLIC        _setKp
  D:00A8H         PUBLIC        IE
  C:42CFH         PUBLIC        _openPID
  D:00B8H         PUBLIC        IP
  D:00D8H         PUBLIC        CCON
  D:0098H         PUBLIC        SCON
  D:0088H         PUBLIC        TCON
  C:2A48H         PUBLIC        _PID_config
  C:3D2AH         PUBLIC        _setParameterInferiorLimit
  D:00F0H         PUBLIC        B
  D:00E0H         PUBLIC        ACC
  C:3D6CH         PUBLIC        _setActualParameter
  C:413AH         PUBLIC        _getOutput
  C:1E7DH         PUBLIC        _PID
  X:0390H         SYMBOL        g_pid_n_info
  C:409EH         PUBLIC        _getParameter
  C:40B8H         PUBLIC        _getErr
  C:4120H         PUBLIC        _getKd
  C:3DF0H         PUBLIC        _setParameter
  C:4106H         PUBLIC        _getKi
  C:433AH         PUBLIC        _closePID
  D:00D0H         PUBLIC        PSW
  C:4154H         PUBLIC        _getIntegral
BL51 BANKED LINKER/LOCATER V6.00                                                      07/17/2017  11:56:12  PAGE 20


  C:40ECH         PUBLIC        _getKp
  C:3DCFH         PUBLIC        _setKd
  -------         PROC          _PID_CONFIG
  D:0003H         SYMBOL        PID_N
  X:053FH         SYMBOL        kp
  X:0543H         SYMBOL        ki
  X:0547H         SYMBOL        kd
  C:2A48H         LINE#         49
  C:2A4AH         LINE#         50
  C:2A4AH         LINE#         51
  C:2A5FH         LINE#         52
  C:2A74H         LINE#         53
  C:2A89H         LINE#         54
  C:2A9EH         LINE#         55
  C:2ABDH         LINE#         56
  C:2ADCH         LINE#         57
  C:2AFBH         LINE#         58
  C:2B25H         LINE#         59
  C:2B4FH         LINE#         60
  -------         ENDPROC       _PID_CONFIG
  -------         PROC          _OPENPID
  D:0007H         SYMBOL        PID_N
  C:42CFH         LINE#         70
  C:42CFH         LINE#         71
  C:42CFH         LINE#         72
  C:42E0H         LINE#         74
  -------         ENDPROC       _OPENPID
  -------         PROC          _CLOSEPID
  D:0007H         SYMBOL        PID_N
  C:433AH         LINE#         83
  C:433AH         LINE#         84
  C:433AH         LINE#         85
  C:434AH         LINE#         88
  -------         ENDPROC       _CLOSEPID
  -------         PROC          _PID
  X:05D0H         SYMBOL        PID_N
  C:1E7DH         LINE#         97
  C:1E82H         LINE#         98
  C:1E82H         LINE#         101
  C:1E95H         LINE#         102
  C:1E95H         LINE#         104
  C:1EE3H         LINE#         120
  C:1F26H         LINE#         123
  C:202BH         LINE#         126
  C:2055H         LINE#         129
  C:2056H         LINE#         130
  C:2056H         LINE#         132
  -------         ENDPROC       _PID
  -------         PROC          _SETPARAMETERINFERIORLIMIT
  D:0003H         SYMBOL        PID_N
  X:0583H         SYMBOL        value
  C:3D2AH         LINE#         142
  C:3D2CH         LINE#         143
  C:3D2CH         LINE#         144
  -------         ENDPROC       _SETPARAMETERINFERIORLIMIT
  -------         PROC          _SETPARAMETERUPPERLIMIT
  D:0003H         SYMBOL        PID_N
BL51 BANKED LINKER/LOCATER V6.00                                                      07/17/2017  11:56:12  PAGE 21


  X:0588H         SYMBOL        value
  C:3D4BH         LINE#         156
  C:3D4DH         LINE#         157
  C:3D4DH         LINE#         158
  -------         ENDPROC       _SETPARAMETERUPPERLIMIT
  -------         PROC          _SETACTUALPARAMETER
  D:0003H         SYMBOL        PID_N
  X:058DH         SYMBOL        value
  C:3D6CH         LINE#         171
  C:3D6EH         LINE#         172
  C:3D6EH         LINE#         173
  -------         ENDPROC       _SETACTUALPARAMETER
  -------         PROC          _SETKI
  D:0003H         SYMBOL        PID_N
  X:0592H         SYMBOL        value
  C:3D8DH         LINE#         186
  C:3D8FH         LINE#         187
  C:3D8FH         LINE#         188
  -------         ENDPROC       _SETKI
  -------         PROC          _SETKP
  D:0003H         SYMBOL        PID_N
  X:0597H         SYMBOL        value
  C:3DAEH         LINE#         200
  C:3DB0H         LINE#         201
  C:3DB0H         LINE#         202
  -------         ENDPROC       _SETKP
  -------         PROC          _SETKD
  D:0003H         SYMBOL        PID_N
  X:059CH         SYMBOL        value
  C:3DCFH         LINE#         214
  C:3DD1H         LINE#         215
  C:3DD1H         LINE#         216
  -------         ENDPROC       _SETKD
  -------         PROC          _SETPARAMETER
  D:0003H         SYMBOL        PID_N
  X:05A1H         SYMBOL        value
  C:3DF0H         LINE#         228
  C:3DF2H         LINE#         229
  C:3DF2H         LINE#         230
  -------         ENDPROC       _SETPARAMETER
  -------         PROC          _GETPARAMETER
  D:0007H         SYMBOL        PID_N
  C:409EH         LINE#         242
  C:409EH         LINE#         243
  C:409EH         LINE#         244
  C:40B7H         LINE#         245
  -------         ENDPROC       _GETPARAMETER
  -------         PROC          _GETERR
  D:0007H         SYMBOL        PID_N
  C:40B8H         LINE#         255
  C:40B8H         LINE#         256
  C:40B8H         LINE#         257
  C:40D1H         LINE#         258
  -------         ENDPROC       _GETERR
  -------         PROC          _GETERRLAST
  D:0007H         SYMBOL        PID_N
  C:40D2H         LINE#         268
BL51 BANKED LINKER/LOCATER V6.00                                                      07/17/2017  11:56:12  PAGE 22


  C:40D2H         LINE#         269
  C:40D2H         LINE#         270
  C:40EBH         LINE#         271
  -------         ENDPROC       _GETERRLAST
  -------         PROC          _GETKP
  D:0007H         SYMBOL        PID_N
  C:40ECH         LINE#         280
  C:40ECH         LINE#         281
  C:40ECH         LINE#         282
  C:4105H         LINE#         283
  -------         ENDPROC       _GETKP
  -------         PROC          _GETKI
  D:0007H         SYMBOL        PID_N
  C:4106H         LINE#         293
  C:4106H         LINE#         294
  C:4106H         LINE#         295
  C:411FH         LINE#         296
  -------         ENDPROC       _GETKI
  -------         PROC          _GETKD
  D:0007H         SYMBOL        PID_N
  C:4120H         LINE#         306
  C:4120H         LINE#         307
  C:4120H         LINE#         308
  C:4139H         LINE#         309
  -------         ENDPROC       _GETKD
  -------         PROC          _GETOUTPUT
  D:0007H         SYMBOL        PID_N
  C:413AH         LINE#         319
  C:413AH         LINE#         320
  C:413AH         LINE#         321
  C:4153H         LINE#         322
  -------         ENDPROC       _GETOUTPUT
  -------         PROC          _GETINTEGRAL
  D:0007H         SYMBOL        PID_N
  C:4154H         LINE#         332
  C:4154H         LINE#         333
  C:4154H         LINE#         334
  C:416DH         LINE#         335
  -------         ENDPROC       _GETINTEGRAL
  -------         ENDMOD        PID

  -------         MODULE        FILTER
  C:0000H         SYMBOL        _ICE_DUMMY_
  D:0080H         PUBLIC        P0
  D:0090H         PUBLIC        P1
  D:00A0H         PUBLIC        P2
  D:00B0H         PUBLIC        P3
  D:00C0H         PUBLIC        P4
  D:00C8H         PUBLIC        P5
  D:00E8H         PUBLIC        P6
  D:00F8H         PUBLIC        P7
  C:27DEH         PUBLIC        _filter
  D:00A8H         PUBLIC        IE
  D:00B8H         PUBLIC        IP
  D:00D8H         PUBLIC        CCON
  D:0098H         PUBLIC        SCON
  D:0088H         PUBLIC        TCON
BL51 BANKED LINKER/LOCATER V6.00                                                      07/17/2017  11:56:12  PAGE 23


  D:00F0H         PUBLIC        B
  D:00E0H         PUBLIC        ACC
  D:00D0H         PUBLIC        PSW
  -------         PROC          _FILTER
  D:0001H         SYMBOL        ary
  X:0383H         SYMBOL        num
  X:0384H         SYMBOL        MaxValue
  X:0386H         SYMBOL        MinValue
  -------         DO            
  X:0388H         SYMBOL        angleDataloopTemp2
  X:038AH         SYMBOL        finalData
  X:038CH         SYMBOL        maxValue
  X:038EH         SYMBOL        minValue
  -------         ENDDO         
  C:27DEH         LINE#         2
  C:27E3H         LINE#         3
  C:27E3H         LINE#         5
  C:27EAH         LINE#         6
  C:27F9H         LINE#         7
  C:2808H         LINE#         8
  C:282AH         LINE#         9
  C:282AH         LINE#         10
  C:2846H         LINE#         11
  C:2846H         LINE#         12
  C:2863H         LINE#         13
  C:2863H         LINE#         14
  C:2885H         LINE#         15
  C:2885H         LINE#         16
  C:28A2H         LINE#         17
  C:28A2H         LINE#         18
  C:28C4H         LINE#         19
  C:28D8H         LINE#         20
  C:28FDH         LINE#         21
  C:2913H         LINE#         22
  C:2913H         LINE#         23
  -------         ENDPROC       _FILTER
  -------         ENDMOD        FILTER

  -------         MODULE        DATASCOPE_DP
  C:0000H         SYMBOL        _ICE_DUMMY_
  D:0080H         PUBLIC        P0
  D:0090H         PUBLIC        P1
  D:00A0H         PUBLIC        P2
  D:00B0H         PUBLIC        P3
  D:00C0H         PUBLIC        P4
  D:00C8H         PUBLIC        P5
  D:00E8H         PUBLIC        P6
  D:00F8H         PUBLIC        P7
  X:0495H         PUBLIC        DataScope_OutPut_Buffer
  D:00A8H         PUBLIC        IE
  D:00B8H         PUBLIC        IP
  D:00D8H         PUBLIC        CCON
  C:3A98H         PUBLIC        _sendScopeData
  D:0098H         PUBLIC        SCON
  D:0088H         PUBLIC        TCON
  D:00F0H         PUBLIC        B
  C:2E9CH         PUBLIC        _Float2Byte
BL51 BANKED LINKER/LOCATER V6.00                                                      07/17/2017  11:56:12  PAGE 24


  D:00E0H         PUBLIC        ACC
  C:2FEFH         PUBLIC        _DataScope_Data_Generate
  C:2914H         PUBLIC        _DataScope_Get_Channel_Data
  D:00D0H         PUBLIC        PSW
  -------         PROC          _FLOAT2BYTE
  D:0001H         SYMBOL        target
  X:0379H         SYMBOL        buf
  X:037CH         SYMBOL        beg
  -------         DO            
  X:037DH         SYMBOL        point
  -------         ENDDO         
  C:2E9CH         LINE#         26
  C:2E9CH         LINE#         27
  C:2E9CH         LINE#         29
  C:2EA7H         LINE#         30
  C:2EC5H         LINE#         31
  C:2EF1H         LINE#         32
  C:2F1DH         LINE#         33
  -------         ENDPROC       _FLOAT2BYTE
  -------         PROC          _SENDSCOPEDATA
  D:0004H         SYMBOL        Data
  X:036FH         SYMBOL        channel
  -------         DO            
  X:0370H         SYMBOL        a
  -------         ENDDO         
  C:3A98H         LINE#         43
  C:3A98H         LINE#         44
  C:3A98H         LINE#         47
  C:3AA3H         LINE#         49
  C:3AB9H         LINE#         50
  C:3AB9H         LINE#         51
  C:3AC8H         LINE#         52
  C:3AD0H         LINE#         54
  -------         ENDPROC       _SENDSCOPEDATA
  -------         PROC          _DATASCOPE_GET_CHANNEL_DATA
  X:0371H         SYMBOL        Data
  X:0375H         SYMBOL        Channel
  C:2914H         LINE#         60
  C:291AH         LINE#         61
  C:291AH         LINE#         62
  C:292DH         LINE#         63
  C:292DH         LINE#         65
  C:292DH         LINE#         67
  C:292DH         LINE#         68
  C:2963H         LINE#         69
  C:2963H         LINE#         70
  C:2963H         LINE#         71
  C:2976H         LINE#         72
  C:2979H         LINE#         73
  C:2979H         LINE#         74
  C:298DH         LINE#         75
  C:2990H         LINE#         76
  C:2990H         LINE#         77
  C:29A4H         LINE#         78
  C:29A7H         LINE#         79
  C:29A7H         LINE#         80
  C:29BBH         LINE#         81
BL51 BANKED LINKER/LOCATER V6.00                                                      07/17/2017  11:56:12  PAGE 25


  C:29BEH         LINE#         82
  C:29BEH         LINE#         83
  C:29D2H         LINE#         84
  C:29D4H         LINE#         85
  C:29D4H         LINE#         86
  C:29E8H         LINE#         87
  C:29EAH         LINE#         88
  C:29EAH         LINE#         89
  C:29FEH         LINE#         90
  C:2A00H         LINE#         91
  C:2A00H         LINE#         92
  C:2A14H         LINE#         93
  C:2A16H         LINE#         94
  C:2A16H         LINE#         95
  C:2A2AH         LINE#         96
  C:2A2CH         LINE#         97
  C:2A2CH         LINE#         98
  C:2A47H         LINE#         99
  C:2A47H         LINE#         100
  C:2A47H         LINE#         101
  C:2A47H         LINE#         102
  -------         ENDPROC       _DATASCOPE_GET_CHANNEL_DATA
  -------         PROC          _DATASCOPE_DATA_GENERATE
  D:0007H         SYMBOL        Channel_Number
  C:2FEFH         LINE#         107
  C:2FEFH         LINE#         108
  C:2FEFH         LINE#         109
  C:2FF8H         LINE#         110
  C:2FF8H         LINE#         111
  C:2FFBH         LINE#         112
  C:2FFBH         LINE#         114
  C:2FFBH         LINE#         115
  C:3001H         LINE#         116
  C:3037H         LINE#         117
  C:3037H         LINE#         118
  C:3037H         LINE#         119
  C:303DH         LINE#         120
  C:3040H         LINE#         121
  C:3040H         LINE#         122
  C:3040H         LINE#         123
  C:3046H         LINE#         124
  C:3049H         LINE#         125
  C:3049H         LINE#         126
  C:3049H         LINE#         127
  C:304FH         LINE#         128
  C:3052H         LINE#         129
  C:3052H         LINE#         130
  C:3052H         LINE#         131
  C:3058H         LINE#         132
  C:305BH         LINE#         133
  C:305BH         LINE#         134
  C:305BH         LINE#         135
  C:3061H         LINE#         136
  C:3064H         LINE#         137
  C:3064H         LINE#         138
  C:3064H         LINE#         139
  C:306AH         LINE#         140
BL51 BANKED LINKER/LOCATER V6.00                                                      07/17/2017  11:56:12  PAGE 26


  C:306DH         LINE#         141
  C:306DH         LINE#         142
  C:306DH         LINE#         143
  C:3073H         LINE#         144
  C:3076H         LINE#         145
  C:3076H         LINE#         146
  C:3076H         LINE#         147
  C:307CH         LINE#         148
  C:307FH         LINE#         149
  C:307FH         LINE#         150
  C:307FH         LINE#         151
  C:3085H         LINE#         152
  C:3088H         LINE#         153
  C:3088H         LINE#         154
  C:3088H         LINE#         155
  C:308EH         LINE#         156
  C:3091H         LINE#         157
  C:3091H         LINE#         158
  C:3091H         LINE#         159
  C:3091H         LINE#         160
  C:3093H         LINE#         161
  -------         ENDPROC       _DATASCOPE_DATA_GENERATE
  -------         ENDMOD        DATASCOPE_DP

  -------         MODULE        STORAGE
  C:0000H         SYMBOL        _ICE_DUMMY_
  D:0080H         PUBLIC        P0
  D:0090H         PUBLIC        P1
  D:00A0H         PUBLIC        P2
  D:00B0H         PUBLIC        P3
  D:00C0H         PUBLIC        P4
  D:00C8H         PUBLIC        P5
  D:00E8H         PUBLIC        P6
  D:00F8H         PUBLIC        P7
  D:00A8H         PUBLIC        IE
  D:00B8H         PUBLIC        IP
  D:00D8H         PUBLIC        CCON
  C:42E1H         PUBLIC        _writeData
  D:0098H         PUBLIC        SCON
  D:0088H         PUBLIC        TCON
  D:00F0H         PUBLIC        B
  D:00E0H         PUBLIC        ACC
  D:00D0H         PUBLIC        PSW
  -------         PROC          _WRITEDATA
  X:05A5H         SYMBOL        add
  X:05A7H         SYMBOL        Data
  C:42E1H         LINE#         3
  C:42F2H         LINE#         4
  C:42F2H         LINE#         6
  -------         ENDPROC       _WRITEDATA
  -------         ENDMOD        STORAGE

  -------         MODULE        BUTTON
  C:0000H         SYMBOL        _ICE_DUMMY_
  D:0080H         PUBLIC        P0
  D:0090H         PUBLIC        P1
  D:00A0H         PUBLIC        P2
BL51 BANKED LINKER/LOCATER V6.00                                                      07/17/2017  11:56:12  PAGE 27


  D:00B0H         PUBLIC        P3
  D:00C0H         PUBLIC        P4
  D:00C8H         PUBLIC        P5
  D:00E8H         PUBLIC        P6
  D:00F8H         PUBLIC        P7
  D:00A8H         PUBLIC        IE
  D:00B8H         PUBLIC        IP
  D:00D8H         PUBLIC        CCON
  C:379FH         PUBLIC        buttonScan
  B:0020H.0       SYMBOL        BUTTON1_bit
  B:0020H.1       SYMBOL        BUTTON2_bit
  B:0020H.2       SYMBOL        BUTTON3_bit
  B:0020H.3       SYMBOL        BUTTON4_bit
  D:0098H         PUBLIC        SCON
  B:00A0H.3       PUBLIC        P23
  D:0088H         PUBLIC        TCON
  B:00A0H.4       PUBLIC        P24
  B:00A0H.5       PUBLIC        P25
  B:00A0H.6       PUBLIC        P26
  D:00F0H         PUBLIC        B
  C:3F4CH         PUBLIC        _getButtonState
  D:00E0H         PUBLIC        ACC
  C:3EB3H         PUBLIC        Button_config
  C:43D2H         SYMBOL        _digitalRead
  D:00D0H         PUBLIC        PSW
  -------         PROC          BUTTON_CONFIG
  -------         DO            
  X:029EH         SYMBOL        GPIO_InitStructure
  -------         ENDDO         
  C:3EB3H         LINE#         25
  C:3EB3H         LINE#         26
  C:3EB3H         LINE#         28
  C:3EB9H         LINE#         29
  C:3EBEH         LINE#         30
  C:3EC9H         LINE#         31
  C:3ECBH         LINE#         32
  C:3ECDH         LINE#         33
  C:3ECFH         LINE#         34
  C:3ED1H         LINE#         35
  -------         ENDPROC       BUTTON_CONFIG
  -------         PROC          _DIGITALREAD
  D:0006H         SYMBOL        pin
  C:43D2H         LINE#         43
  C:43D2H         LINE#         44
  C:43D2H         LINE#         45
  C:43D6H         LINE#         46
  C:43D6H         LINE#         47
  C:43DBH         LINE#         48
  C:43DBH         LINE#         49
  -------         ENDPROC       _DIGITALREAD
  -------         PROC          _GETBUTTONSTATE
  D:0007H         SYMBOL        BUTTON_data
  C:3F4CH         LINE#         61
  C:3F4CH         LINE#         62
  C:3F4CH         LINE#         63
  C:3F5DH         LINE#         64
  C:3F5DH         LINE#         65
BL51 BANKED LINKER/LOCATER V6.00                                                      07/17/2017  11:56:12  PAGE 28


  C:3F5DH         LINE#         66
  C:3F60H         LINE#         67
  C:3F60H         LINE#         68
  C:3F60H         LINE#         69
  C:3F63H         LINE#         70
  C:3F63H         LINE#         71
  C:3F63H         LINE#         72
  C:3F66H         LINE#         73
  C:3F66H         LINE#         74
  C:3F66H         LINE#         75
  C:3F68H         LINE#         76
  C:3F68H         LINE#         77
  C:3F68H         LINE#         78
  -------         ENDPROC       _GETBUTTONSTATE
  -------         PROC          BUTTONSCAN
  C:379FH         LINE#         88
  C:379FH         LINE#         89
  C:379FH         LINE#         90
  C:37AAH         LINE#         91
  C:37AAH         LINE#         92
  C:37B4H         LINE#         93
  C:37B4H         LINE#         97
  C:37B6H         LINE#         98
  C:37B6H         LINE#         99
  C:37B8H         LINE#         101
  C:37B8H         LINE#         102
  C:37BAH         LINE#         103
  C:37BAH         LINE#         104
  C:37C5H         LINE#         105
  C:37C5H         LINE#         106
  C:37C8H         LINE#         107
  C:37C8H         LINE#         111
  C:37CAH         LINE#         112
  C:37CAH         LINE#         113
  C:37CCH         LINE#         115
  C:37CCH         LINE#         116
  C:37CEH         LINE#         117
  C:37CEH         LINE#         118
  C:37D9H         LINE#         119
  C:37D9H         LINE#         120
  C:37DCH         LINE#         121
  C:37DCH         LINE#         125
  C:37DEH         LINE#         127
  C:37DEH         LINE#         128
  C:37E0H         LINE#         130
  C:37E0H         LINE#         131
  C:37E2H         LINE#         132
  C:37E2H         LINE#         133
  C:37EDH         LINE#         134
  C:37EDH         LINE#         135
  C:37F0H         LINE#         136
  C:37F0H         LINE#         140
  C:37F2H         LINE#         142
  C:37F2H         LINE#         143
  C:37F3H         LINE#         145
  C:37F3H         LINE#         146
  C:37F5H         LINE#         147
BL51 BANKED LINKER/LOCATER V6.00                                                      07/17/2017  11:56:12  PAGE 29


  C:37F5H         LINE#         148
  -------         ENDPROC       BUTTONSCAN
  -------         ENDMOD        BUTTON

  -------         MODULE        LED
  C:0000H         SYMBOL        _ICE_DUMMY_
  D:0080H         PUBLIC        P0
  D:0090H         PUBLIC        P1
  D:00A0H         PUBLIC        P2
  D:00B0H         PUBLIC        P3
  D:00C0H         PUBLIC        P4
  D:00C8H         PUBLIC        P5
  B:0021H.2       SYMBOL        Board_LED_State
  D:00E8H         PUBLIC        P6
  D:00F8H         PUBLIC        P7
  D:00A8H         PUBLIC        IE
  C:3CE6H         PUBLIC        _blink
  C:3B88H         PUBLIC        Board_LED_Init
  D:00B8H         PUBLIC        IP
  C:4425H         PUBLIC        close_Board_LED
  D:00D8H         PUBLIC        CCON
  D:0098H         PUBLIC        SCON
  D:0088H         PUBLIC        TCON
  C:4420H         PUBLIC        open_Board_LED
  B:00C8H.5       PUBLIC        P55
  D:00F0H         PUBLIC        B
  D:00E0H         PUBLIC        ACC
  C:442EH         PUBLIC        getBoard_LED_State
  C:4402H         PUBLIC        _Board_LED_PWM
  D:00D0H         PUBLIC        PSW
  -------         PROC          BOARD_LED_INIT
  -------         DO            
  X:029EH         SYMBOL        GPIO_InitStructure
  -------         ENDDO         
  C:3B88H         LINE#         8
  C:3B88H         LINE#         9
  C:3B88H         LINE#         11
  C:3B8EH         LINE#         12
  C:3B93H         LINE#         13
  C:3B9EH         LINE#         14
  C:3BA1H         LINE#         15
  C:3BA6H         LINE#         16
  C:3BA9H         LINE#         17
  C:3BAEH         LINE#         18
  C:3BAFH         LINE#         19
  -------         ENDPROC       BOARD_LED_INIT
  -------         PROC          OPEN_BOARD_LED
  C:4420H         LINE#         20
  C:4420H         LINE#         21
  C:4420H         LINE#         22
  C:4422H         LINE#         23
  C:4424H         LINE#         24
  -------         ENDPROC       OPEN_BOARD_LED
  -------         PROC          CLOSE_BOARD_LED
  C:4425H         LINE#         25
  C:4425H         LINE#         26
  C:4425H         LINE#         27
BL51 BANKED LINKER/LOCATER V6.00                                                      07/17/2017  11:56:12  PAGE 30


  C:4427H         LINE#         28
  C:4429H         LINE#         30
  -------         ENDPROC       CLOSE_BOARD_LED
  -------         PROC          _BLINK
  X:028CH         SYMBOL        time
  C:3CE6H         LINE#         31
  C:3CEBH         LINE#         32
  C:3CEBH         LINE#         33
  C:3CF5H         LINE#         34
  C:3CF5H         LINE#         35
  C:3CF8H         LINE#         36
  C:3CFDH         LINE#         37
  C:3D00H         LINE#         38
  C:3D05H         LINE#         40
  C:3D07H         LINE#         41
  -------         ENDPROC       _BLINK
  -------         PROC          GETBOARD_LED_STATE
  C:442EH         LINE#         42
  C:442EH         LINE#         43
  C:442EH         LINE#         44
  C:4430H         LINE#         45
  -------         ENDPROC       GETBOARD_LED_STATE
  -------         PROC          _BOARD_LED_PWM
  X:05D1H         SYMBOL        luminance
  C:4402H         LINE#         46
  C:4407H         LINE#         47
  C:4407H         LINE#         48
  C:4407H         LINE#         49
  C:4407H         LINE#         52
  C:4407H         LINE#         54
  -------         ENDPROC       _BOARD_LED_PWM
  -------         ENDMOD        LED

  -------         MODULE        MOTOR
  C:0000H         SYMBOL        _ICE_DUMMY_
  D:0080H         PUBLIC        P0
  D:0090H         PUBLIC        P1
  D:00A0H         PUBLIC        P2
  D:00B0H         PUBLIC        P3
  D:00C0H         PUBLIC        P4
  D:00C8H         PUBLIC        P5
  D:00E8H         PUBLIC        P6
  D:00F8H         PUBLIC        P7
  D:00BAH         PUBLIC        P_SW2
  D:00A8H         PUBLIC        IE
  C:3F10H         PUBLIC        _open_DC_Motor
  D:00B8H         PUBLIC        IP
  D:00D8H         PUBLIC        CCON
  B:00A0H.2       PUBLIC        P22
  D:0098H         PUBLIC        SCON
  B:00A0H.3       PUBLIC        P23
  D:0088H         PUBLIC        TCON
  C:3137H         PUBLIC        _setDC_MotorSpeed
  D:00F0H         PUBLIC        B
  X:05B8H         SYMBOL        g_DC_Motor
  C:436DH         PUBLIC        _getDC_MotorState
  D:00E0H         PUBLIC        ACC
BL51 BANKED LINKER/LOCATER V6.00                                                      07/17/2017  11:56:12  PAGE 31


  C:3672H         PUBLIC        DC_MOTOR_config
  C:3F69H         PUBLIC        _close_DC_Motor
  D:00D0H         PUBLIC        PSW
  -------         PROC          _SETDC_MOTORSPEED
  X:05AAH         SYMBOL        motor
  X:05ABH         SYMBOL        speed
  C:3137H         LINE#         38
  C:313CH         LINE#         39
  C:313CH         LINE#         41
  C:3157H         LINE#         42
  C:3157H         LINE#         43
  C:3161H         LINE#         44
  C:3161H         LINE#         45
  C:317CH         LINE#         46
  C:317CH         LINE#         48
  C:3186H         LINE#         49
  C:3186H         LINE#         52
  C:31A6H         LINE#         53
  C:31C8H         LINE#         54
  -------         ENDPROC       _SETDC_MOTORSPEED
  -------         PROC          _OPEN_DC_MOTOR
  X:05D2H         SYMBOL        motor
  C:3F10H         LINE#         55
  C:3F15H         LINE#         56
  C:3F15H         LINE#         57
  C:3F1BH         LINE#         58
  C:3F2DH         LINE#         59
  -------         ENDPROC       _OPEN_DC_MOTOR
  -------         PROC          _CLOSE_DC_MOTOR
  X:05D3H         SYMBOL        motor
  C:3F69H         LINE#         60
  C:3F6EH         LINE#         61
  C:3F6EH         LINE#         62
  C:3F74H         LINE#         63
  C:3F85H         LINE#         67
  -------         ENDPROC       _CLOSE_DC_MOTOR
  -------         PROC          _GETDC_MOTORSTATE
  D:0007H         SYMBOL        motor
  C:436DH         LINE#         68
  C:436DH         LINE#         69
  C:436DH         LINE#         70
  C:437CH         LINE#         72
  -------         ENDPROC       _GETDC_MOTORSTATE
  -------         PROC          DC_MOTOR_CONFIG
  -------         DO            
  X:050BH         SYMBOL        GPIO_InitStructure
  X:050DH         SYMBOL        PWM_InitStructure
  -------         ENDDO         
  C:3672H         LINE#         80
  C:3672H         LINE#         81
  C:3672H         LINE#         85
  C:3677H         LINE#         88
  C:367BH         LINE#         89
  C:3686H         LINE#         93
  C:368CH         LINE#         94
  C:3697H         LINE#         95
  C:3699H         LINE#         96
BL51 BANKED LINKER/LOCATER V6.00                                                      07/17/2017  11:56:12  PAGE 32


  C:369BH         LINE#         99
  C:369EH         LINE#         100
  C:36A3H         LINE#         101
  C:36A5H         LINE#         102
  C:36A7H         LINE#         103
  C:36AAH         LINE#         104
  C:36ADH         LINE#         105
  C:36AFH         LINE#         106
  C:36B1H         LINE#         107
  C:36B3H         LINE#         108
  C:36B5H         LINE#         109
  C:36B7H         LINE#         110
  C:36B9H         LINE#         111
  C:36BBH         LINE#         112
  C:36BDH         LINE#         113
  C:36BFH         LINE#         114
  C:36C1H         LINE#         115
  C:36C3H         LINE#         116
  C:36CEH         LINE#         117
  C:36D9H         LINE#         119
  C:36DCH         LINE#         122
  -------         ENDPROC       DC_MOTOR_CONFIG
  -------         ENDMOD        MOTOR

  -------         MODULE        SERVO
  C:0000H         SYMBOL        _ICE_DUMMY_
  D:0080H         PUBLIC        P0
  D:0090H         PUBLIC        P1
  D:00A0H         PUBLIC        P2
  D:00B0H         PUBLIC        P3
  D:00C0H         PUBLIC        P4
  D:00C8H         PUBLIC        P5
  D:00E8H         PUBLIC        P6
  D:00F8H         PUBLIC        P7
  D:00BAH         PUBLIC        P_SW2
  D:00A8H         PUBLIC        IE
  C:3D08H         PUBLIC        _open_STR
  C:2C5FH         PUBLIC        _set_STR_angle
  D:00B8H         PUBLIC        IP
  D:00D8H         PUBLIC        CCON
  C:221BH         PUBLIC        _Init_Str_Motor
  D:0098H         PUBLIC        SCON
  D:0088H         PUBLIC        TCON
  B:00B0H.7       PUBLIC        P37
  D:00F0H         PUBLIC        B
  D:00E0H         PUBLIC        ACC
  C:416EH         PUBLIC        _read_STR_angle
  X:0402H         SYMBOL        str_motor
  C:3E11H         PUBLIC        _close_STR
  D:00D0H         PUBLIC        PSW
  -------         PROC          _INIT_STR_MOTOR
  X:04BFH         SYMBOL        MOTOR
  X:04C0H         SYMBOL        pl
  X:04C4H         SYMBOL        ph
  X:04C8H         SYMBOL        ma
  X:04CCH         SYMBOL        n
  -------         DO            
[...]
  C:35E4H         LINE#         345
  C:35E6H         LINE#         346
  C:35EBH         LINE#         347
  C:35EBH         LINE#         348
  -------         ENDPROC       UART1_INT
  -------         PROC          UART2_INT
  C:3368H         LINE#         351
  C:3377H         LINE#         353
  C:337CH         LINE#         354
  C:337CH         LINE#         355
  C:337FH         LINE#         356
  C:3385H         LINE#         357
  C:3385H         LINE#         358
  C:3390H         LINE#         359
  C:33A4H         LINE#         360
  C:33AAH         LINE#         361
  C:33AAH         LINE#         362
  C:33AAH         LINE#         364
  C:33AFH         LINE#         365
  C:33AFH         LINE#         366
  C:33B2H         LINE#         367
  C:33BFH         LINE#         368
  C:33BFH         LINE#         369
  C:33CCH         LINE#         370
  C:33D9H         LINE#         371
  C:33DBH         LINE#         372
  C:33E0H         LINE#         373
  C:33E0H         LINE#         375
  -------         ENDPROC       UART2_INT
  -------         PROC          UART3_INT
  C:33EDH         LINE#         379
  C:33FCH         LINE#         381
  C:3401H         LINE#         382
  C:3401H         LINE#         383
  C:3404H         LINE#         384
BL51 BANKED LINKER/LOCATER V6.00                                                      07/17/2017  11:56:12  PAGE 78


  C:340AH         LINE#         385
  C:340AH         LINE#         386
  C:3415H         LINE#         387
  C:3429H         LINE#         388
  C:342FH         LINE#         389
  C:342FH         LINE#         390
  C:342FH         LINE#         392
  C:3434H         LINE#         393
  C:3434H         LINE#         394
  C:3437H         LINE#         395
  C:3444H         LINE#         396
  C:3444H         LINE#         397
  C:3451H         LINE#         398
  C:345EH         LINE#         399
  C:3460H         LINE#         400
  C:3465H         LINE#         401
  C:3465H         LINE#         403
  -------         ENDPROC       UART3_INT
  -------         PROC          UART4_INT
  C:3472H         LINE#         407
  C:3481H         LINE#         409
  C:3486H         LINE#         410
  C:3486H         LINE#         411
  C:3489H         LINE#         412
  C:348FH         LINE#         413
  C:348FH         LINE#         414
  C:349AH         LINE#         415
  C:34AEH         LINE#         416
  C:34B4H         LINE#         417
  C:34B4H         LINE#         418
  C:34B4H         LINE#         420
  C:34B9H         LINE#         421
  C:34B9H         LINE#         422
  C:34BCH         LINE#         423
  C:34C9H         LINE#         424
  C:34C9H         LINE#         425
  C:34D6H         LINE#         426
  C:34E3H         LINE#         427
  C:34E5H         LINE#         428
  C:34EAH         LINE#         429
  C:34EAH         LINE#         431
  -------         ENDPROC       UART4_INT
  -------         ENDMOD        USART1

  -------         MODULE        STC15_EEPROM
  C:0000H         SYMBOL        _ICE_DUMMY_
  D:0080H         PUBLIC        P0
  D:0090H         PUBLIC        P1
  D:00A0H         PUBLIC        P2
  D:00B0H         PUBLIC        P3
  C:43B8H         PUBLIC        DisableEEPROM
  D:00C0H         PUBLIC        P4
  D:00C8H         PUBLIC        P5
  D:00C6H         PUBLIC        ISP_TRIG
  B:00A8H.7       PUBLIC        EA
  D:00E8H         PUBLIC        P6
  D:00F8H         PUBLIC        P7
BL51 BANKED LINKER/LOCATER V6.00                                                      07/17/2017  11:56:12  PAGE 79


  D:00A8H         PUBLIC        IE
  C:3E93H         PUBLIC        _EEPROM_SectorErase
  C:3A1AH         PUBLIC        _EEPROM_read_n
  D:00B8H         PUBLIC        IP
  D:00C5H         PUBLIC        ISP_CMD
  D:00D8H         PUBLIC        CCON
  C:3A59H         PUBLIC        _EEPROM_write_n
  D:00C3H         PUBLIC        ISP_ADDRH
  D:0098H         PUBLIC        SCON
  D:0088H         PUBLIC        TCON
  D:00C4H         PUBLIC        ISP_ADDRL
  D:00F0H         PUBLIC        B
  D:00E0H         PUBLIC        ACC
  D:00C7H         PUBLIC        ISP_CONTR
  D:00C2H         PUBLIC        ISP_DATA
  D:00D0H         PUBLIC        PSW
  -------         PROC          DISABLEEEPROM
  C:43B8H         LINE#         30
  C:43B8H         LINE#         31
  C:43B8H         LINE#         32
  C:43BBH         LINE#         33
  C:43BDH         LINE#         34
  C:43BFH         LINE#         35
  C:43C2H         LINE#         36
  C:43C5H         LINE#         37
  -------         ENDPROC       DISABLEEEPROM
  -------         PROC          _EEPROM_READ_N
  D:0004H         SYMBOL        EE_address
  D:0001H         SYMBOL        DataAddress
  X:0579H         SYMBOL        number
  C:3A1AH         LINE#         49
  C:3A1EH         LINE#         50
  C:3A1EH         LINE#         51
  C:3A20H         LINE#         52
  C:3A23H         LINE#         53
  C:3A26H         LINE#         55
  C:3A26H         LINE#         56
  C:3A29H         LINE#         57
  C:3A2DH         LINE#         58
  C:3A33H         LINE#         61
  C:3A34H         LINE#         62
  C:3A39H         LINE#         63
  C:3A3EH         LINE#         64
  C:3A45H         LINE#         65
  C:3A53H         LINE#         67
  C:3A56H         LINE#         68
  C:3A58H         LINE#         69
  -------         ENDPROC       _EEPROM_READ_N
  -------         PROC          _EEPROM_SECTORERASE
  D:0004H         SYMBOL        EE_address
  C:3E93H         LINE#         80
  C:3E97H         LINE#         81
  C:3E97H         LINE#         82
  C:3E99H         LINE#         85
  C:3E9CH         LINE#         86
  C:3EA0H         LINE#         87
  C:3EA3H         LINE#         88
BL51 BANKED LINKER/LOCATER V6.00                                                      07/17/2017  11:56:12  PAGE 80


  C:3EA6H         LINE#         89
  C:3EACH         LINE#         90
  C:3EADH         LINE#         91
  C:3EB0H         LINE#         92
  C:3EB2H         LINE#         93
  -------         ENDPROC       _EEPROM_SECTORERASE
  -------         PROC          _EEPROM_WRITE_N
  D:0004H         SYMBOL        EE_address
  D:0001H         SYMBOL        DataAddress
  X:0580H         SYMBOL        number
  C:3A59H         LINE#         104
  C:3A5DH         LINE#         105
  C:3A5DH         LINE#         106
  C:3A5FH         LINE#         108
  C:3A62H         LINE#         109
  C:3A65H         LINE#         111
  C:3A65H         LINE#         112
  C:3A68H         LINE#         113
  C:3A6CH         LINE#         114
  C:3A71H         LINE#         115
  C:3A77H         LINE#         116
  C:3A78H         LINE#         117
  C:3A7DH         LINE#         118
  C:3A84H         LINE#         119
  C:3A92H         LINE#         121
  C:3A95H         LINE#         122
  C:3A97H         LINE#         123
  -------         ENDPROC       _EEPROM_WRITE_N
  -------         ENDMOD        STC15_EEPROM

  -------         MODULE        ?C?FPADD
  C:0807H         PUBLIC        ?C?FPADD
  C:0803H         PUBLIC        ?C?FPSUB
  -------         ENDMOD        ?C?FPADD

  -------         MODULE        ?C?FPMUL
  C:08F8H         PUBLIC        ?C?FPMUL
  -------         ENDMOD        ?C?FPMUL

  -------         MODULE        ?C?FPDIV
  C:0A01H         PUBLIC        ?C?FPDIV
  -------         ENDMOD        ?C?FPDIV

  -------         MODULE        ?C?FPCMP
  C:0AA0H         PUBLIC        ?C?FPCMP
  C:0A9EH         PUBLIC        ?C?FPCMP3
  -------         ENDMOD        ?C?FPCMP

  -------         MODULE        ?C?FCAST
  C:0B15H         PUBLIC        ?C?FCASTC
  C:0B10H         PUBLIC        ?C?FCASTI
  C:0B0BH         PUBLIC        ?C?FCASTL
  -------         ENDMOD        ?C?FCAST

  -------         MODULE        ?C?CASTF
  C:0B49H         PUBLIC        ?C?CASTF
  -------         ENDMOD        ?C?CASTF
BL51 BANKED LINKER/LOCATER V6.00                                                      07/17/2017  11:56:12  PAGE 81



  -------         MODULE        ?C?CLDPTR
  C:0BCAH         PUBLIC        ?C?CLDPTR
  -------         ENDMOD        ?C?CLDPTR

  -------         MODULE        ?C?CLDOPTR
  C:0BE3H         PUBLIC        ?C?CLDOPTR
  -------         ENDMOD        ?C?CLDOPTR

  -------         MODULE        ?C?CSTPTR
  C:0C10H         PUBLIC        ?C?CSTPTR
  -------         ENDMOD        ?C?CSTPTR

  -------         MODULE        ?C?CSTOPTR
  C:0C22H         PUBLIC        ?C?CSTOPTR
  -------         ENDMOD        ?C?CSTOPTR

  -------         MODULE        ?C?IMUL
  C:0C44H         PUBLIC        ?C?IMUL
  -------         ENDMOD        ?C?IMUL

  -------         MODULE        ?C?UIDIV
  C:0C56H         PUBLIC        ?C?UIDIV
  -------         ENDMOD        ?C?UIDIV

  -------         MODULE        ?C?IILDX
  C:0CABH         PUBLIC        ?C?IILDX
  -------         ENDMOD        ?C?IILDX

  -------         MODULE        ?C?ILDIX
  C:0CC1H         PUBLIC        ?C?ILDIX
  -------         ENDMOD        ?C?ILDIX

  -------         MODULE        ?C?ILDOPTR
  C:0CD7H         PUBLIC        ?C?ILDOPTR
  -------         ENDMOD        ?C?ILDOPTR

  -------         MODULE        ?C?LMUL
  C:0D0FH         PUBLIC        ?C?LMUL
  -------         ENDMOD        ?C?LMUL

  -------         MODULE        ?C?ULDIV
  C:0D9AH         PUBLIC        ?C?ULDIV
  -------         ENDMOD        ?C?ULDIV

  -------         MODULE        ?C?SLDIV
  C:39D6H         PUBLIC        ?C?SLDIV
  -------         ENDMOD        ?C?SLDIV

  -------         MODULE        ?C?LNEG
  C:0E2CH         PUBLIC        ?C?LNEG
  -------         ENDMOD        ?C?LNEG

  -------         MODULE        ?C?ULCMP
  C:0E3AH         PUBLIC        ?C?ULCMP
  -------         ENDMOD        ?C?ULCMP

BL51 BANKED LINKER/LOCATER V6.00                                                      07/17/2017  11:56:12  PAGE 82


  -------         MODULE        ?C?ULSHR
  C:0E4BH         PUBLIC        ?C?ULSHR
  -------         ENDMOD        ?C?ULSHR

  -------         MODULE        ?C?LLDOPTR0
  C:0E5EH         PUBLIC        ?C?LLDOPTR0
  -------         ENDMOD        ?C?LLDOPTR0

  -------         MODULE        ?C?LSTXDATA
  C:0E8EH         PUBLIC        ?C?LSTXDATA
  -------         ENDMOD        ?C?LSTXDATA

  -------         MODULE        ?C?LSTKXDATA
  C:0E9AH         PUBLIC        ?C?LSTKXDATA
  -------         ENDMOD        ?C?LSTKXDATA

  -------         MODULE        ?C?LLDIDATA0
  C:0ECBH         PUBLIC        ?C?LLDIDATA0
  -------         ENDMOD        ?C?LLDIDATA0

  -------         MODULE        ?C?LLDXDATA0
  C:0ED8H         PUBLIC        ?C?LLDXDATA0
  -------         ENDMOD        ?C?LLDXDATA0

  -------         MODULE        ?C?LLDPDATA0
  C:0EE4H         PUBLIC        ?C?LLDPDATA0
  -------         ENDMOD        ?C?LLDPDATA0

  -------         MODULE        ?C?LLDCODE0
  C:0EF1H         PUBLIC        ?C?LLDCODE0
  -------         ENDMOD        ?C?LLDCODE0

*** WARNING L16: UNCALLED SEGMENT, IGNORED FOR OVERLAY PROCESS
    SEGMENT: ?PR?MODE1?MODE

*** WARNING L16: UNCALLED SEGMENT, IGNORED FOR OVERLAY PROCESS
    SEGMENT: ?PR?MODE2?MODE

*** WARNING L16: UNCALLED SEGMENT, IGNORED FOR OVERLAY PROCESS
    SEGMENT: ?PR?MODE3?MODE

*** WARNING L16: UNCALLED SEGMENT, IGNORED FOR OVERLAY PROCESS
    SEGMENT: ?PR?MODE4?MODE

*** WARNING L16: UNCALLED SEGMENT, IGNORED FOR OVERLAY PROCESS
    SEGMENT: ?PR?MODELAUNCHER?MODE

*** WARNING L16: UNCALLED SEGMENT, IGNORED FOR OVERLAY PROCESS
    SEGMENT: ?PR?_PID_CONFIG?PID

*** WARNING L16: UNCALLED SEGMENT, IGNORED FOR OVERLAY PROCESS
    SEGMENT: ?PR?_OPENPID?PID

*** WARNING L16: UNCALLED SEGMENT, IGNORED FOR OVERLAY PROCESS
    SEGMENT: ?PR?_CLOSEPID?PID

*** WARNING L16: UNCALLED SEGMENT, IGNORED FOR OVERLAY PROCESS
BL51 BANKED LINKER/LOCATER V6.00                                                      07/17/2017  11:56:12  PAGE 83


    SEGMENT: ?PR?_PID?PID

*** WARNING L16: UNCALLED SEGMENT, IGNORED FOR OVERLAY PROCESS
    SEGMENT: ?PR?_SETPARAMETERINFERIORLIMIT?PID

*** WARNING L16: UNCALLED SEGMENT, IGNORED FOR OVERLAY PROCESS
    SEGMENT: ?PR?_SETPARAMETERUPPERLIMIT?PID

*** WARNING L16: UNCALLED SEGMENT, IGNORED FOR OVERLAY PROCESS
    SEGMENT: ?PR?_SETACTUALPARAMETER?PID

*** WARNING L16: UNCALLED SEGMENT, IGNORED FOR OVERLAY PROCESS
    SEGMENT: ?PR?_SETKI?PID

*** WARNING L16: UNCALLED SEGMENT, IGNORED FOR OVERLAY PROCESS
    SEGMENT: ?PR?_SETKP?PID

*** WARNING L16: UNCALLED SEGMENT, IGNORED FOR OVERLAY PROCESS
    SEGMENT: ?PR?_SETKD?PID

*** WARNING L16: UNCALLED SEGMENT, IGNORED FOR OVERLAY PROCESS
    SEGMENT: ?PR?_SETPARAMETER?PID

*** WARNING L16: UNCALLED SEGMENT, IGNORED FOR OVERLAY PROCESS
    SEGMENT: ?PR?_GETPARAMETER?PID

*** WARNING L16: UNCALLED SEGMENT, IGNORED FOR OVERLAY PROCESS
    SEGMENT: ?PR?_GETERR?PID

*** WARNING L16: UNCALLED SEGMENT, IGNORED FOR OVERLAY PROCESS
    SEGMENT: ?PR?_GETERRLAST?PID

*** WARNING L16: UNCALLED SEGMENT, IGNORED FOR OVERLAY PROCESS
    SEGMENT: ?PR?_GETKP?PID

*** WARNING L16: UNCALLED SEGMENT, IGNORED FOR OVERLAY PROCESS
    SEGMENT: ?PR?_GETKI?PID

*** WARNING L16: UNCALLED SEGMENT, IGNORED FOR OVERLAY PROCESS
    SEGMENT: ?PR?_GETKD?PID

*** WARNING L16: UNCALLED SEGMENT, IGNORED FOR OVERLAY PROCESS
    SEGMENT: ?PR?_GETOUTPUT?PID

*** WARNING L16: UNCALLED SEGMENT, IGNORED FOR OVERLAY PROCESS
    SEGMENT: ?PR?_GETINTEGRAL?PID

*** WARNING L16: UNCALLED SEGMENT, IGNORED FOR OVERLAY PROCESS
    SEGMENT: ?PR?_WRITEDATA?STORAGE

*** WARNING L16: UNCALLED SEGMENT, IGNORED FOR OVERLAY PROCESS
    SEGMENT: ?PR?GETBOARD_LED_STATE?LED

*** WARNING L16: UNCALLED SEGMENT, IGNORED FOR OVERLAY PROCESS
    SEGMENT: ?PR?_BOARD_LED_PWM?LED

*** WARNING L16: UNCALLED SEGMENT, IGNORED FOR OVERLAY PROCESS
BL51 BANKED LINKER/LOCATER V6.00                                                      07/17/2017  11:56:12  PAGE 84


    SEGMENT: ?PR?_SETDC_MOTORSPEED?MOTOR

*** WARNING L16: UNCALLED SEGMENT, IGNORED FOR OVERLAY PROCESS
    SEGMENT: ?PR?_OPEN_DC_MOTOR?MOTOR

*** WARNING L16: UNCALLED SEGMENT, IGNORED FOR OVERLAY PROCESS
    SEGMENT: ?PR?_CLOSE_DC_MOTOR?MOTOR

*** WARNING L16: UNCALLED SEGMENT, IGNORED FOR OVERLAY PROCESS
    SEGMENT: ?PR?_GETDC_MOTORSTATE?MOTOR

*** WARNING L16: UNCALLED SEGMENT, IGNORED FOR OVERLAY PROCESS
    SEGMENT: ?PR?DC_MOTOR_CONFIG?MOTOR

*** WARNING L16: UNCALLED SEGMENT, IGNORED FOR OVERLAY PROCESS
    SEGMENT: ?PR?_INIT_STR_MOTOR?SERVO

*** WARNING L16: UNCALLED SEGMENT, IGNORED FOR OVERLAY PROCESS
    SEGMENT: ?PR?_SET_STR_ANGLE?SERVO

*** WARNING L16: UNCALLED SEGMENT, IGNORED FOR OVERLAY PROCESS
    SEGMENT: ?PR?_READ_STR_ANGLE?SERVO

*** WARNING L16: UNCALLED SEGMENT, IGNORED FOR OVERLAY PROCESS
    SEGMENT: ?PR?_OPEN_STR?SERVO

*** WARNING L16: UNCALLED SEGMENT, IGNORED FOR OVERLAY PROCESS
    SEGMENT: ?PR?_CLOSE_STR?SERVO

*** WARNING L16: UNCALLED SEGMENT, IGNORED FOR OVERLAY PROCESS
    SEGMENT: ?PR?_SETSTEPMOTORWITHROUND?STEP_MOTOR

*** WARNING L16: UNCALLED SEGMENT, IGNORED FOR OVERLAY PROCESS
    SEGMENT: ?PR?_GETSTEPMOTORSTATE?STEP_MOTOR

*** WARNING L16: UNCALLED SEGMENT, IGNORED FOR OVERLAY PROCESS
    SEGMENT: ?PR?_CLOSE_STEPMOTOR?STEP_MOTOR

*** WARNING L16: UNCALLED SEGMENT, IGNORED FOR OVERLAY PROCESS
    SEGMENT: ?PR?_OPEN_STEPMOTOR?STEP_MOTOR

*** WARNING L16: UNCALLED SEGMENT, IGNORED FOR OVERLAY PROCESS
    SEGMENT: ?PR?STEPMOTOR_INIT?STEP_MOTOR

*** WARNING L16: UNCALLED SEGMENT, IGNORED FOR OVERLAY PROCESS
    SEGMENT: ?PR?_SETRELAY?RELAY

*** WARNING L16: UNCALLED SEGMENT, IGNORED FOR OVERLAY PROCESS
    SEGMENT: ?PR?_UNSETRELAY?RELAY

*** WARNING L16: UNCALLED SEGMENT, IGNORED FOR OVERLAY PROCESS
    SEGMENT: ?PR?RELAY_INIT?RELAY

*** WARNING L16: UNCALLED SEGMENT, IGNORED FOR OVERLAY PROCESS
    SEGMENT: ?PR?_LCD1602_WRITE_WORD?LCD1602

*** WARNING L16: UNCALLED SEGMENT, IGNORED FOR OVERLAY PROCESS
BL51 BANKED LINKER/LOCATER V6.00                                                      07/17/2017  11:56:12  PAGE 85


    SEGMENT: ?PR?_HC595_INIT?74HC595

*** WARNING L16: UNCALLED SEGMENT, IGNORED FOR OVERLAY PROCESS
    SEGMENT: ?PR?_HC595SENDDATA?74HC595

*** WARNING L16: UNCALLED SEGMENT, IGNORED FOR OVERLAY PROCESS
    SEGMENT: ?PR?_GETPULSERSTATE?FIXEDPULSER

*** WARNING L16: UNCALLED SEGMENT, IGNORED FOR OVERLAY PROCESS
    SEGMENT: ?PR?_ADC_POWERCONTROL?ADC

*** WARNING L16: UNCALLED SEGMENT, IGNORED FOR OVERLAY PROCESS
    SEGMENT: ?PR?_SETPINSTATE?GPIO

*** WARNING L16: UNCALLED SEGMENT, IGNORED FOR OVERLAY PROCESS
    SEGMENT: ?PR?_PWMN_UPDATE?PCA

*** WARNING L16: UNCALLED SEGMENT, IGNORED FOR OVERLAY PROCESS
    SEGMENT: ?PR?_PCA_INIT?PCA

*** WARNING L16: UNCALLED SEGMENT, IGNORED FOR OVERLAY PROCESS
    SEGMENT: ?PR?_PWMOUTPUT?PCA

*** WARNING L16: UNCALLED SEGMENT, IGNORED FOR OVERLAY PROCESS
    SEGMENT: ?PR?_GET_PWM_PERIOD?STC15_PWM

*** WARNING L16: UNCALLED SEGMENT, IGNORED FOR OVERLAY PROCESS
    SEGMENT: ?PR?_GET_PWM_N_DUTY?STC15_PWM

*** WARNING L16: UNCALLED SEGMENT, IGNORED FOR OVERLAY PROCESS
    SEGMENT: ?PR?OPEN_PWM_ALL?STC15_PWM

*** WARNING L16: UNCALLED SEGMENT, IGNORED FOR OVERLAY PROCESS
    SEGMENT: ?PR?CLOSE_PWM_ALL?STC15_PWM

*** WARNING L16: UNCALLED SEGMENT, IGNORED FOR OVERLAY PROCESS
    SEGMENT: ?PR?_GET_PWM_N_STATE?STC15_PWM

*** WARNING L16: UNCALLED SEGMENT, IGNORED FOR OVERLAY PROCESS
    SEGMENT: ?PR?TIMERINIT?TIMER

*** WARNING L16: UNCALLED SEGMENT, IGNORED FOR OVERLAY PROCESS
    SEGMENT: ?PR?_SETTIMEOUT?TIMER

*** WARNING L16: UNCALLED SEGMENT, IGNORED FOR OVERLAY PROCESS
    SEGMENT: ?PR?_GETTIMEROUT?TIMER

*** WARNING L16: UNCALLED SEGMENT, IGNORED FOR OVERLAY PROCESS
    SEGMENT: ?PR?_SETTIMERHERTZ?TIMER

*** WARNING L16: UNCALLED SEGMENT, IGNORED FOR OVERLAY PROCESS
    SEGMENT: ?PR?_GETTIMERHERTZ?TIMER

*** WARNING L16: UNCALLED SEGMENT, IGNORED FOR OVERLAY PROCESS
    SEGMENT: ?PR?_STOPTIMER?TIMER

*** WARNING L16: UNCALLED SEGMENT, IGNORED FOR OVERLAY PROCESS
BL51 BANKED LINKER/LOCATER V6.00                                                      07/17/2017  11:56:12  PAGE 86


    SEGMENT: ?PR?_ISSTOPPED?TIMER

*** WARNING L16: UNCALLED SEGMENT, IGNORED FOR OVERLAY PROCESS
    SEGMENT: ?PR?_ONRESTARTTIMER?TIMER

*** WARNING L16: UNCALLED SEGMENT, IGNORED FOR OVERLAY PROCESS
    SEGMENT: ?PR?GETMICROS?TIMER

*** WARNING L16: UNCALLED SEGMENT, IGNORED FOR OVERLAY PROCESS
    SEGMENT: ?PR?GETMILLIS?TIMER

*** WARNING L16: UNCALLED SEGMENT, IGNORED FOR OVERLAY PROCESS
    SEGMENT: ?PR?GETSECONDS?TIMER

*** WARNING L16: UNCALLED SEGMENT, IGNORED FOR OVERLAY PROCESS
    SEGMENT: ?PR?GETMINUTES?TIMER

*** WARNING L16: UNCALLED SEGMENT, IGNORED FOR OVERLAY PROCESS
    SEGMENT: ?PR?GETHOURS?TIMER

*** WARNING L16: UNCALLED SEGMENT, IGNORED FOR OVERLAY PROCESS
    SEGMENT: ?PR?GETDAYS?TIMER

*** WARNING L16: UNCALLED SEGMENT, IGNORED FOR OVERLAY PROCESS
    SEGMENT: ?PR?_PRINTSTRING2?USART1

*** WARNING L16: UNCALLED SEGMENT, IGNORED FOR OVERLAY PROCESS
    SEGMENT: ?PR?_PRINTSTRING3?USART1

*** WARNING L16: UNCALLED SEGMENT, IGNORED FOR OVERLAY PROCESS
    SEGMENT: ?PR?_PRINTSTRING4?USART1

*** WARNING L16: UNCALLED SEGMENT, IGNORED FOR OVERLAY PROCESS
    SEGMENT: ?PR?_EEPROM_READ_N?STC15_EEPROM

*** WARNING L16: UNCALLED SEGMENT, IGNORED FOR OVERLAY PROCESS
    SEGMENT: ?PR?_EEPROM_SECTORERASE?STC15_EEPROM

*** WARNING L16: UNCALLED SEGMENT, IGNORED FOR OVERLAY PROCESS
    SEGMENT: ?PR?_EEPROM_WRITE_N?STC15_EEPROM

*** WARNING L15: MULTIPLE CALL TO SEGMENT
    SEGMENT: ?PR?GETANGLE?ANGLE
    CALLER1: ?PR?TASK8?ABSTASK
    CALLER2: ?PR?TASK9?ABSTASK

*** WARNING L15: MULTIPLE CALL TO SEGMENT
    SEGMENT: ?PR?_FILTER?FILTER
    CALLER1: ?PR?TASK8?ABSTASK
    CALLER2: ?PR?TASK9?ABSTASK

******************************************************************************
* RESTRICTED VERSION WITH FFFFH BYTE CODE SIZE LIMIT; USED: 3308H BYTE (19%) *
******************************************************************************

Program Size: data=46.4 xdata=1500 code=15458
LINK/LOCATE RUN COMPLETE.  81 WARNING(S),  0 ERROR(S)
