BL51 BANKED LINKER/LOCATER V6.00                                                        08/07/2017  17:31:50  PAGE 1


BL51 BANKED LINKER/LOCATER V6.00, INVOKED BY:
C:\KEIL_V5\C51\BIN\BL51.EXE .\absTask.obj, .\setup.obj, .\mode.obj, .\FILTER.obj, .\PID.obj, .\DataScope_DP.obj, .\BUTTO
>> N.obj, .\LCD5510_V2.obj, .\LED.obj, .\MOTOR.obj, .\SERVO.obj, .\STEP_MOTOR.obj, .\ANGLE.obj, .\phSensor.obj, .\liquid
>> ometer.obj, .\speaker.obj, .\fixedPulser.obj, .\MT_1_L298N.obj, .\MPU9250_SBUF.obj, .\RELAY.obj, .\TM1638.obj, .\ADS1
>> 115.obj, .\74HC595.obj, .\DS1302.obj, .\hc_sr04.obj, .\ADC.obj, .\delay.obj, .\stc15_eeprom.obj, .\stc15_exti.obj, .\
>> GPIO.obj, .\stc15_iic.obj, .\PCA.obj, .\stc15_pwm.obj, .\stc15_spi.obj, .\timer.obj, .\USART1.obj, .\Conf_tny.obj TO 
>> 电子大赛程序框架 RTX51TINY RAMSIZE (256)


MEMORY MODEL: LARGE WITH FLOATING POINT ARITHMETIC


INPUT MODULES INCLUDED:
  .\absTask.obj (ABSTASK)
  .\setup.obj (SETUP)
  .\mode.obj (MODE)
  .\FILTER.obj (FILTER)
  .\PID.obj (PID)
  .\DataScope_DP.obj (DATASCOPE_DP)
  .\BUTTON.obj (BUTTON)
  .\LCD5510_V2.obj (LCD5510_V2)
  .\LED.obj (LED)
  .\MOTOR.obj (MOTOR)
  .\SERVO.obj (SERVO)
  .\STEP_MOTOR.obj (STEP_MOTOR)
  .\ANGLE.obj (ANGLE)
  .\phSensor.obj (PHSENSOR)
  .\liquidometer.obj (LIQUIDOMETER)
  .\speaker.obj (SPEAKER)
  .\fixedPulser.obj (FIXEDPULSER)
  .\MT_1_L298N.obj (MT_1_L298N)
  .\MPU9250_SBUF.obj (MPU9250_SBUF)
  .\RELAY.obj (RELAY)
  .\TM1638.obj (TM1638)
  .\ADS1115.obj (ADS1115)
  .\74HC595.obj (74HC595)
  .\DS1302.obj (DS1302)
  .\hc_sr04.obj (HC_SR04)
  .\ADC.obj (ADC)
  .\delay.obj (DELAY)
  .\stc15_eeprom.obj (STC15_EEPROM)
  .\stc15_exti.obj (STC15_EXTI)
  .\GPIO.obj (GPIO)
  .\stc15_iic.obj (STC15_IIC)
  .\PCA.obj (PCA)
  .\stc15_pwm.obj (STC15_PWM)
  .\stc15_spi.obj (STC15_SPI)
  .\timer.obj (TIMER)
  .\USART1.obj (USART1)
  .\Conf_tny.obj (?RTX51_TINY_KERNAL)
  C:\KEIL_V5\C51\LIB\RTX51TNY.LIB (?RTX51_TINY_OS_CREATE)
  C:\KEIL_V5\C51\LIB\RTX51TNY.LIB (?RTX51_TINY_OS_DELETE)
  C:\KEIL_V5\C51\LIB\RTX51TNY.LIB (?RTX51_TINY_OS_WAIT)
  C:\KEIL_V5\C51\LIB\C51FPL.LIB (?C?FPADD)
  C:\KEIL_V5\C51\LIB\C51FPL.LIB (?C?FPMUL)
  C:\KEIL_V5\C51\LIB\C51FPL.LIB (?C?FPDIV)
  C:\KEIL_V5\C51\LIB\C51FPL.LIB (?C?FPCMP)
  C:\KEIL_V5\C51\LIB\C51FPL.LIB (?C?FCAST)
BL51 BANKED LINKER/LOCATER V6.00                                                      08/07/2017  17:31:50  PAGE 2


  C:\KEIL_V5\C51\LIB\C51FPL.LIB (?C?CASTF)
  C:\KEIL_V5\C51\LIB\C51FPL.LIB (PRINTF)
  C:\KEIL_V5\C51\LIB\C51FPL.LIB (FABS)
  C:\KEIL_V5\C51\LIB\C51FPL.LIB (?C?FPGETOPN)
  C:\KEIL_V5\C51\LIB\C51FPL.LIB (?C?FPROUND)
  C:\KEIL_V5\C51\LIB\C51FPL.LIB (?C?FPCONVERT)
  C:\KEIL_V5\C51\LIB\C51FPL.LIB (?C?FTNPWR)
  C:\KEIL_V5\C51\LIB\C51L.LIB (?C_STARTUP)
  C:\KEIL_V5\C51\LIB\C51L.LIB (?C?COPY)
  C:\KEIL_V5\C51\LIB\C51L.LIB (?C?CLDPTR)
  C:\KEIL_V5\C51\LIB\C51L.LIB (?C?CLDOPTR)
  C:\KEIL_V5\C51\LIB\C51L.LIB (?C?CSTPTR)
  C:\KEIL_V5\C51\LIB\C51L.LIB (?C?CSTOPTR)
  C:\KEIL_V5\C51\LIB\C51L.LIB (?C?IMUL)
  C:\KEIL_V5\C51\LIB\C51L.LIB (?C?UIDIV)
  C:\KEIL_V5\C51\LIB\C51L.LIB (?C?IILDX)
  C:\KEIL_V5\C51\LIB\C51L.LIB (?C?ILDIX)
  C:\KEIL_V5\C51\LIB\C51L.LIB (?C?ILDPTR)
  C:\KEIL_V5\C51\LIB\C51L.LIB (?C?ILDOPTR)
  C:\KEIL_V5\C51\LIB\C51L.LIB (?C?LMUL)
  C:\KEIL_V5\C51\LIB\C51L.LIB (?C?ULDIV)
  C:\KEIL_V5\C51\LIB\C51L.LIB (?C?SLDIV)
  C:\KEIL_V5\C51\LIB\C51L.LIB (?C?LNEG)
  C:\KEIL_V5\C51\LIB\C51L.LIB (?C?ULCMP)
  C:\KEIL_V5\C51\LIB\C51L.LIB (?C?ULSHR)
  C:\KEIL_V5\C51\LIB\C51L.LIB (?C?LLDPTR)
  C:\KEIL_V5\C51\LIB\C51L.LIB (?C?LLDOPTR)
  C:\KEIL_V5\C51\LIB\C51L.LIB (?C?LLDOPTR0)
  C:\KEIL_V5\C51\LIB\C51L.LIB (?C?LSTXDATA)
  C:\KEIL_V5\C51\LIB\C51L.LIB (?C?LSTKXDATA)
  C:\KEIL_V5\C51\LIB\C51L.LIB (?C?OFFXADD)
  C:\KEIL_V5\C51\LIB\C51L.LIB (?C?PLDIXDATA)
  C:\KEIL_V5\C51\LIB\C51L.LIB (?C?PSTXDATA)
  C:\KEIL_V5\C51\LIB\C51L.LIB (?C?PLDPTR)
  C:\KEIL_V5\C51\LIB\C51L.LIB (?C?CCASE)
  C:\KEIL_V5\C51\LIB\C51L.LIB (?C?ICALL)
  C:\KEIL_V5\C51\LIB\C51L.LIB (PUTCHAR)
  C:\KEIL_V5\C51\LIB\C51L.LIB (ABS)
  C:\KEIL_V5\C51\LIB\C51L.LIB (MALLOC)
  C:\KEIL_V5\C51\LIB\C51L.LIB (FREE)
  C:\KEIL_V5\C51\LIB\C51L.LIB (?C_INIT)
  C:\KEIL_V5\C51\LIB\C51L.LIB (?C?LLDIDATA)
  C:\KEIL_V5\C51\LIB\C51L.LIB (?C?LLDXDATA)
  C:\KEIL_V5\C51\LIB\C51L.LIB (?C?LLDPDATA)
  C:\KEIL_V5\C51\LIB\C51L.LIB (?C?LLDCODE)
  C:\KEIL_V5\C51\LIB\C51L.LIB (?C?LLDIDATA0)
  C:\KEIL_V5\C51\LIB\C51L.LIB (?C?LLDXDATA0)
  C:\KEIL_V5\C51\LIB\C51L.LIB (?C?LLDPDATA0)
  C:\KEIL_V5\C51\LIB\C51L.LIB (?C?LLDCODE0)
  C:\KEIL_V5\C51\LIB\C51L.LIB (?C?PLDIDATA)
  C:\KEIL_V5\C51\LIB\C51L.LIB (?C?PLDXDATA)
  C:\KEIL_V5\C51\LIB\C51L.LIB (?C?PLDPDATA)
  C:\KEIL_V5\C51\LIB\C51L.LIB (?C?PLDCODE)
  C:\KEIL_V5\C51\LIB\C51L.LIB (INIT_MEM)


TASK TABLE OF MODULE:  电子大赛程序框架 (ABSTASK)
BL51 BANKED LINKER/LOCATER V6.00                                                      08/07/2017  17:31:50  PAGE 3



TASKID   PRIORITY   REG-BANK   SEGMENT NAME
-------------------------------------------
0        0          0          ?PR?TASKSTART?ABSTASK
1        0          0          ?PR?PRINTANGLEDATA?ABSTASK
2        0          0          ?PR?DATAUPDATE?ABSTASK
3        0          0          ?PR?PRINTADS1115?ABSTASK
4        0          0          ?PR?ABUTTONSCAN?ABSTASK
5        0          0          ?PR?PRINTDISTANCE?ABSTASK
6        0          0          ?PR?DISTANCEUPDATA?ABSTASK
7        0          0          ?PR?PRINTFBUTTON?ABSTASK
8        0          0          ?PR?BUZZ?ABSTASK
10       0          0          ?PR?BUTTONSOUND?ABSTASK
12       0          0          ?PR?DISTANCE?ABSTASK



LINK MAP OF MODULE:  电子大赛程序框架 (ABSTASK)


            TYPE    BASE      LENGTH    RELOCATION   SEGMENT NAME
            -----------------------------------------------------

            * * * * * * *   D A T A   M E M O R Y   * * * * * * *
            REG     0000H     0008H     ABSOLUTE     "REG BANK 0"
            DATA    0008H     0006H     ABSOLUTE     
            DATA    000EH     0008H     UNIT         ?DT?TM1638
            DATA    0016H     0005H     UNIT         _DATA_GROUP_
                    001BH     0005H                  *** GAP ***
            BIT     0020H.0   0001H.2   UNIT         _BIT_GROUP_
            BIT     0021H.2   0000H.3   UNIT         ?BI?PCA
            BIT     0021H.5   0000H.2   UNIT         ?BI?FIXEDPULSER
            BIT     0021H.7   0000H.1   UNIT         ?BI?LED
            BIT     0022H.0   0000H.1   UNIT         ?BI?_SETSTEPMOTORDIVERSION?STEP_MOTOR
            BIT     0022H.1   0000H.1   UNIT         ?BI?GETANGLE?ANGLE
            BIT     0022H.2   0000H.1   UNIT         ?BI?_SETPINSTATE?GPIO
            BIT     0022H.3   0000H.1   UNIT         ?RTX?BITS
                    0022H.4   0000H.4                *** GAP ***
            IDATA   0023H     0040H     UNIT         ?ID?STC15_SPI
            IDATA   0063H     001AH     UNIT         ?RTX?TASKSTATE?S
            IDATA   007DH     000DH     UNIT         ?RTX?TASKSP?S
            IDATA   008AH     0001H     UNIT         ?STACK

            * * * * * * *  X D A T A   M E M O R Y  * * * * * * *
            XDATA   0000H     0290H     UNIT         ?XD?USART1
            XDATA   0290H     01E3H     UNIT         _XDATA_GROUP_
            XDATA   0473H     01A6H     UNIT         ?XD?FILTER
            XDATA   0619H     00A3H     UNIT         ?XD?MPU9250_SBUF
            XDATA   06BCH     0082H     UNIT         ?XD?PID
            XDATA   073EH     0053H     UNIT         ?XD?_USART1_PRINTF?USART1
            XDATA   0791H     004AH     UNIT         ?XD?SERVO
            XDATA   07DBH     003CH     UNIT         ?XD?STC15_PWM
            XDATA   0817H     002EH     UNIT         ?XD?_COPESERIALDATA?MPU9250_SBUF
            XDATA   0845H     002AH     UNIT         ?XD?DATASCOPE_DP
            XDATA   086FH     0021H     UNIT         ?XD?_INIT_STR_MOTOR?SERVO
            XDATA   0890H     0020H     UNIT         ?XD?HC_SR04
            XDATA   08B0H     001CH     UNIT         ?XD?STEP_MOTOR
BL51 BANKED LINKER/LOCATER V6.00                                                      08/07/2017  17:31:50  PAGE 4


            XDATA   08CCH     0018H     UNIT         ?XD?FIXEDPULSER
            XDATA   08E4H     0016H     UNIT         ?XD?TIMER
            XDATA   08FAH     0015H     UNIT         ?XD?GETANGLE?ANGLE
            XDATA   090FH     0015H     UNIT         ?XD?PCA
            XDATA   0924H     0014H     UNIT         ?XD?_ITOA?USART1
            XDATA   0938H     0013H     UNIT         ?XD?_TM1638LEDDISPLAY?TM1638
            XDATA   094BH     0012H     UNIT         ?XD?DC_MOTOR_CONFIG?MOTOR
            XDATA   095DH     0010H     UNIT         ?XD?BUTTON
            XDATA   096DH     0010H     UNIT         ?XD?ADS1115
            XDATA   097DH     0010H     UNIT         ?XD?DS1302
            XDATA   098DH     000EH     UNIT         ?XD?_STEPMOTOR_INIT?STEP_MOTOR
            XDATA   099BH     000DH     UNIT         ?XD?_PID_CONFIG?PID
            XDATA   09A8H     000BH     UNIT         ?XD?_LCD_PRINTNUM_F?LCD5510_V2
            XDATA   09B3H     000AH     UNIT         ?XD?RELAY
            XDATA   09BDH     0009H     UNIT         ?XD?_SET_STR_ANGLE?SERVO
            XDATA   09C6H     0008H     UNIT         ?XD?ANGLE
            XDATA   09CEH     0008H     UNIT         ?XD?INIT_MEM
            XDATA   09D6H     0007H     UNIT         ?XD?_SETSTEPMOTORWITHPULSE?STEP_MOTOR
            XDATA   09DDH     0007H     UNIT         ?XD?_SETSTEPMOTORWITHDISTANCE?STEP_MOTOR
            XDATA   09E4H     0007H     UNIT         ?XD?_SETSTEPMOTORWITHANGLE?STEP_MOTOR
            XDATA   09EBH     0007H     UNIT         ?XD?_EEPROM_READ_N?STC15_EEPROM
            XDATA   09F2H     0007H     UNIT         ?XD?_EEPROM_WRITE_N?STC15_EEPROM
            XDATA   09F9H     0006H     UNIT         ?XD?_CHARTOLONG?MPU9250_SBUF
            XDATA   09FFH     0006H     UNIT         ?XD?_IIC_WRDATTOADD?STC15_IIC
            XDATA   0A05H     0006H     UNIT         ?XD?_IIC_RDDATFROMADD?STC15_IIC
            XDATA   0A0BH     0005H     UNIT         ?XD?_SETPARAMETERINFERIORLIMIT?PID
            XDATA   0A10H     0005H     UNIT         ?XD?_SETPARAMETERUPPERLIMIT?PID
            XDATA   0A15H     0005H     UNIT         ?XD?_SETACTUALPARAMETER?PID
            XDATA   0A1AH     0005H     UNIT         ?XD?_SETKI?PID
            XDATA   0A1FH     0005H     UNIT         ?XD?_SETKP?PID
            XDATA   0A24H     0005H     UNIT         ?XD?_SETKD?PID
            XDATA   0A29H     0005H     UNIT         ?XD?_SETPARAMETER?PID
            XDATA   0A2EH     0005H     UNIT         ?XD?_SETMAXERROR?PID
            XDATA   0A33H     0005H     UNIT         ?XD?_LCD_PRINTS?LCD5510_V2
            XDATA   0A38H     0005H     UNIT         ?XD?_SETDC_MOTORSPEED?MOTOR
            XDATA   0A3DH     0005H     UNIT         ?XD?_SET_PWM_DUTY?STC15_PWM
            XDATA   0A42H     0004H     UNIT         ?XD?MOTOR
            XDATA   0A46H     0004H     UNIT         ?XD?_HC595_INIT?74HC595
            XDATA   0A4AH     0004H     UNIT         ?XD?STC15_SPI
            XDATA   0A4EH     0003H     UNIT         ?XD?_INTEGRAL_SEPARA_PID?PID
            XDATA   0A51H     0003H     UNIT         ?XD?_ANTI_WINDUP_PID?PID
            XDATA   0A54H     0003H     UNIT         ?XD?_TRAPEZOIDAL_INTEGRAL_PID?PID
            XDATA   0A57H     0003H     UNIT         ?XD?_PCA_INIT?PCA
            XDATA   0A5AH     0003H     UNIT         ?XD?_PWMOUTPUT?PCA
            XDATA   0A5DH     0002H     UNIT         ?XD?_SETSTEPMOTORWITHROUND?STEP_MOTOR
            XDATA   0A5FH     0002H     UNIT         ?XD?_SETSPEAKERPERIOD?SPEAKER
            XDATA   0A61H     0002H     UNIT         ?XD?_SETLENGTH?SPEAKER
            XDATA   0A63H     0002H     UNIT         ?XD?RELAY_INIT?RELAY
            XDATA   0A65H     0002H     UNIT         ?XD?_DS1302_READ_BYTE?DS1302
            XDATA   0A67H     0002H     UNIT         ?XD?DS1302_INIT?DS1302
            XDATA   0A69H     0002H     UNIT         ?XD?_SET_PWM_PERIOD?STC15_PWM
            XDATA   0A6BH     0002H     UNIT         ?XD?_PWM_INILIZE?STC15_PWM
            XDATA   0A6DH     0001H     UNIT         ?XD?_POSITION_PID?PID
            XDATA   0A6EH     0001H     UNIT         ?XD?_INCREMENTAL_PID?PID
            XDATA   0A6FH     0001H     UNIT         ?XD?_POSCLASSPID?PID
            XDATA   0A70H     0001H     UNIT         ?XD?_BOARD_LED_PWM?LED
            XDATA   0A71H     0001H     UNIT         ?XD?_OPEN_DC_MOTOR?MOTOR
BL51 BANKED LINKER/LOCATER V6.00                                                      08/07/2017  17:31:50  PAGE 5


            XDATA   0A72H     0001H     UNIT         ?XD?_CLOSE_DC_MOTOR?MOTOR
            XDATA   0A73H     0001H     UNIT         ?XD?_OPEN_STR?SERVO
            XDATA   0A74H     0001H     UNIT         ?XD?_CLOSE_STR?SERVO
            XDATA   0A75H     0001H     UNIT         ?XD?_CLOSE_STEPMOTOR?STEP_MOTOR
            XDATA   0A76H     0001H     UNIT         ?XD?_OPEN_SPEAKER?SPEAKER
            XDATA   0A77H     0001H     UNIT         ?XD?_CLOSE_SPEAKER?SPEAKER
            XDATA   0A78H     0001H     UNIT         ?XD?_HC595SENDDATA?74HC595

            * * * * * * *   C O D E   M E M O R Y   * * * * * * *
            CODE    0000H     0003H     ABSOLUTE     
            CODE    0003H     0003H     ABSOLUTE     
                    0006H     0005H                  *** GAP ***
            CODE    000BH     0003H     ABSOLUTE     
                    000EH     0005H                  *** GAP ***
            CODE    0013H     0003H     ABSOLUTE     
                    0016H     000DH                  *** GAP ***
            CODE    0023H     0003H     ABSOLUTE     
                    0026H     0005H                  *** GAP ***
            CODE    002BH     0003H     ABSOLUTE     
                    002EH     000DH                  *** GAP ***
            CODE    003BH     0003H     ABSOLUTE     
                    003EH     0005H                  *** GAP ***
            CODE    0043H     0003H     ABSOLUTE     
                    0046H     0005H                  *** GAP ***
            CODE    004BH     0003H     ABSOLUTE     
                    004EH     0005H                  *** GAP ***
            CODE    0053H     0003H     ABSOLUTE     
                    0056H     0005H                  *** GAP ***
            CODE    005BH     0003H     ABSOLUTE     
                    005EH     0005H                  *** GAP ***
            CODE    0063H     0003H     ABSOLUTE     
                    0066H     001DH                  *** GAP ***
            CODE    0083H     0003H     ABSOLUTE     
                    0086H     0005H                  *** GAP ***
            CODE    008BH     0003H     ABSOLUTE     
                    008EH     0005H                  *** GAP ***
            CODE    0093H     0003H     ABSOLUTE     
                    0096H     0005H                  *** GAP ***
            CODE    009BH     0003H     ABSOLUTE     
                    009EH     0005H                  *** GAP ***
            CODE    00A3H     0003H     ABSOLUTE     
                    00A6H     075AH                  *** GAP ***
            CODE    0800H     0AF7H     UNIT         ?C?LIB_CODE
            CODE    12F7H     06E0H     UNIT         ?PR?_USART_CONFIGURATION?USART1
            CODE    19D7H     049AH     UNIT         ?PR?_COPESERIALDATA?MPU9250_SBUF
            CODE    1E71H     0483H     UNIT         ?PR?PRINTF?PRINTF
            CODE    22F4H     03E1H     UNIT         ?PR?_TRAPEZOIDAL_INTEGRAL_PID?PID
            CODE    26D5H     03D8H     UNIT         ?PR?_ANTI_WINDUP_PID?PID
            CODE    2AADH     039AH     UNIT         ?PR?_PWM_INILIZE?STC15_PWM
            CODE    2E47H     0393H     UNIT         ?PR?_TM1638LEDDISPLAY?TM1638
            CODE    31DAH     033AH     UNIT         ?PR?_USART1_PRINTF?USART1
            CODE    3514H     02E3H     UNIT         ?RTX?CODE
            CODE    37F7H     026AH     UNIT         ?CO?LCD5510_V2
            CODE    3A61H     0252H     UNIT         ?PR?_TIMER_INILIZE?TIMER
            CODE    3CB3H     0246H     UNIT         ?PR?_INTEGRAL_SEPARA_PID?PID
            CODE    3EF9H     01DCH     UNIT         ?PR?_POSITION_PID?PID
            CODE    40D5H     01D4H     UNIT         ?PR?_INIT_STR_MOTOR?SERVO
BL51 BANKED LINKER/LOCATER V6.00                                                      08/07/2017  17:31:50  PAGE 6


            CODE    42A9H     01CBH     UNIT         ?PR?_FILTER?FILTER
            CODE    4474H     01C4H     UNIT         ?PR?_GPIO_INILIZE?GPIO
            CODE    4638H     01A0H     UNIT         ?PR?_INCREMENTAL_PID?PID
            CODE    47D8H     019FH     UNIT         ?PR?_PCA_INIT?PCA
            CODE    4977H     0183H     UNIT         ?PR?_ITOA?USART1
            CODE    4AFAH     016DH     UNIT         ?PR?DISTANCE?ABSTASK
            CODE    4C67H     0152H     UNIT         ?PR?_KALMANFILTER?FILTER
            CODE    4DB9H     0146H     UNIT         ?PR?_PID_CONFIG?PID
            CODE    4EFFH     013EH     UNIT         ?PR?_FREE?FREE
            CODE    503DH     013DH     UNIT         ?PR?_PWMOUTPUT?PCA
            CODE    517AH     013BH     UNIT         ?PR?GETBUTTONNUM?TM1638
            CODE    52B5H     0134H     UNIT         ?PR?_DATASCOPE_GET_CHANNEL_DATA?DATASCOPE_DP
            CODE    53E9H     0116H     UNIT         ?PR?_SET_STR_ANGLE?SERVO
            CODE    54FFH     00ECH     UNIT         ?PR?_SETPULSE?FIXEDPULSER
            CODE    55EBH     00E4H     UNIT         ?PR?_SET_PWM_DUTY?STC15_PWM
            CODE    56CFH     00D1H     UNIT         ?PR?_MALLOC?MALLOC
            CODE    57A0H     00CEH     UNIT         ?PR?DISTANCEUPDATA?ABSTASK
            CODE    586EH     00C7H     UNIT         ?PR?_SETSTEPMOTORWITHDISTANCE?STEP_MOTOR
            CODE    5935H     00C4H     UNIT         ?C_INITSEG
            CODE    59F9H     00C2H     UNIT         ?PR?_BUZZ?SPEAKER
            CODE    5ABBH     00B6H     UNIT         ?PR?_EXT_INILIZE?STC15_EXTI
            CODE    5B71H     00B4H     UNIT         ?PR?_MOVINGAVERAGEFILTER?FILTER
            CODE    5C25H     00AFH     UNIT         ?PR?UART1_INT?USART1
            CODE    5CD4H     00AEH     UNIT         ?PR?_PWMN_UPDATE?PCA
            CODE    5D82H     00AAH     UNIT         ?PR?_FLOAT2BYTE?DATASCOPE_DP
            CODE    5E2CH     00A5H     UNIT         ?PR?_DATASCOPE_DATA_GENERATE?DATASCOPE_DP
            CODE    5ED1H     00A3H     UNIT         ?PR?PCA_HANDLER?PCA
            CODE    5F74H     009FH     UNIT         ?PR?_STEPMOTOR_INIT?STEP_MOTOR
            CODE    6013H     009AH     UNIT         ?PR?_PWM_SET_T12_PERIOD?STC15_PWM
            CODE    60ADH     0094H     UNIT         ?PR?DS1302_WRITE_TIME?DS1302
            CODE    6141H     0093H     UNIT         ?PR?_CHARTOLONG?MPU9250_SBUF
            CODE    61D4H     0092H     UNIT         ?PR?_SETDC_MOTORSPEED?MOTOR
            CODE    6266H     0091H     UNIT         ?PR?_SPI_INIT?STC15_SPI
            CODE    62F7H     008DH     UNIT         ?PR?DS1302_READ_TIME?DS1302
            CODE    6384H     008CH     UNIT         ?C_C51STARTUP
            CODE    6410H     008AH     UNIT         ?PR?_SHUDDERINGFILTER?FILTER
            CODE    649AH     0086H     UNIT         ?PR?_RELAYKEYCHANGE?RELAY
            CODE    6520H     0085H     UNIT         ?PR?UART2_INT?USART1
            CODE    65A5H     0085H     UNIT         ?PR?UART3_INT?USART1
            CODE    662AH     0085H     UNIT         ?PR?UART4_INT?USART1
            CODE    66AFH     007CH     UNIT         ?PR?TIMERINIT?TIMER
            CODE    672BH     007BH     UNIT         ?PR?PULSER_1INT?FIXEDPULSER
            CODE    67A6H     007BH     UNIT         ?PR?PULSER_2INT?FIXEDPULSER
            CODE    6821H     0079H     UNIT         ?PR?GETANGLE?ANGLE
            CODE    689AH     0070H     UNIT         ?PR?_LCD_PRINTNUM_F?LCD5510_V2
            CODE    690AH     006FH     UNIT         ?PR?_DS1302_READ_BYTE?DS1302
            CODE    6979H     006BH     UNIT         ?PR?DC_MOTOR_CONFIG?MOTOR
            CODE    69E4H     0069H     UNIT         ?PR?PRINTADS1115?ABSTASK
            CODE    6A4DH     0069H     UNIT         ?PR?EXT_INT0?HC_SR04
            CODE    6AB6H     0065H     UNIT         ?PR?_LCD_PRINTNUM_I?LCD5510_V2
            CODE    6B1BH     0065H     UNIT         ?PR?_SETSTEPMOTORWITHANGLE?STEP_MOTOR
            CODE    6B80H     0063H     UNIT         ?PR?_LIMITINGFILTER?FILTER
            CODE    6BE3H     0062H     UNIT         ?PR?TEST?SETUP
            CODE    6C45H     0061H     UNIT         ?PR?_SET_PWM_PERIOD?STC15_PWM
            CODE    6CA6H     005EH     UNIT         ?PR?_GET_ADC10BITRESULT?ADC
            CODE    6D04H     005BH     UNIT         ?PR?DATAUPDATE?ABSTASK
            CODE    6D5FH     0059H     UNIT         ?PR?SETUP?SETUP
BL51 BANKED LINKER/LOCATER V6.00                                                      08/07/2017  17:31:50  PAGE 7


            CODE    6DB8H     0055H     UNIT         ?PR?SPI_TRANSIVION?STC15_SPI
            CODE    6E0DH     0054H     UNIT         ?PR?_LCD_PRINTSL?LCD5510_V2
            CODE    6E61H     0053H     UNIT         ?PR?_ADC_INILIZE?ADC
            CODE    6EB4H     0053H     UNIT         ?PR?_IIC_RDDATFROMADD?STC15_IIC
            CODE    6F07H     0050H     UNIT         ?PR?PRINTFBUTTON?ABSTASK
            CODE    6F57H     004AH     UNIT         ?PR?_GETJY901ACCELERATION?MPU9250_SBUF
            CODE    6FA1H     004AH     UNIT         ?PR?_GETJY901PALSTANCE?MPU9250_SBUF
            CODE    6FEBH     0048H     UNIT         ?PR?_WRITECONFIGREGISTER?ADS1115
            CODE    7033H     0048H     UNIT         ?PR?TIMER4_INT?TIMER
            CODE    707BH     0047H     UNIT         ?CO?SETUP
            CODE    70C2H     0047H     UNIT         ?PR?GETTM1638READ?TM1638
            CODE    7109H     0046H     UNIT         ?PR?HC_SR04_INIT?HC_SR04
            CODE    714FH     0045H     UNIT         ?PR?_POSCLASSPID?PID
            CODE    7194H     0044H     UNIT         ?C?LDIV
            CODE    71D8H     0043H     UNIT         ?PR?LCD5510_INIT?LCD5510_V2
            CODE    721BH     0040H     UNIT         ?PR?PRINTANGLEDATA?ABSTASK
            CODE    725BH     003FH     UNIT         ?PR?_EEPROM_READ_N?STC15_EEPROM
            CODE    729AH     003FH     UNIT         ?PR?_EEPROM_WRITE_N?STC15_EEPROM
            CODE    72D9H     003EH     UNIT         ?PR?_DS1302_WRITE_BYTE?DS1302
            CODE    7317H     003DH     UNIT         ?PR?_LCD_PRINTC?LCD5510_V2
            CODE    7354H     003CH     UNIT         ?PR?_SETTM1638WRITE?TM1638
            CODE    7390H     003CH     UNIT         ?PR?_INIT_MEMPOOL?INIT_MEM
            CODE    73CCH     003BH     UNIT         ?PR?_LCD_PRINTS?LCD5510_V2
            CODE    7407H     003BH     UNIT         ?PR?_INITJY901?MPU9250_SBUF
            CODE    7442H     003BH     UNIT         ?PR?_CLOSERELAYMODULAR?RELAY
            CODE    747DH     0039H     UNIT         ?PR?_SETSTEPMOTORWITHROUND?STEP_MOTOR
            CODE    74B6H     0038H     UNIT         ?PR?BUTTONSCAN?BUTTON
            CODE    74EEH     0036H     UNIT         ?PR?_GETJY901MAGNETIC?MPU9250_SBUF
            CODE    7524H     0036H     UNIT         ?PR?_IIC_WRDATTOADD?STC15_IIC
            CODE    755AH     0035H     UNIT         ?PR?BUZZ?ABSTASK
            CODE    758FH     0035H     UNIT         ?PR?_UART1_INIT?SETUP
            CODE    75C4H     0033H     UNIT         ?PR?READCONVERSIONREGISTER?ADS1115
            CODE    75F7H     0032H     UNIT         ?PR?_GETJY901ANGLE?MPU9250_SBUF
            CODE    7629H     0031H     UNIT         ?PR?_SENDSCOPEDATA?DATASCOPE_DP
            CODE    765AH     0031H     UNIT         ?PR?_CLOSERELAYKEY?RELAY
            CODE    768BH     0030H     UNIT         ?PR?_OPENRELAYKEY?RELAY
            CODE    76BBH     002FH     UNIT         ?PR?INIT_TM1638?TM1638
            CODE    76EAH     002EH     UNIT         ?PR?_DELAY_US?DELAY
            CODE    7718H     002DH     UNIT         ?PR?PULSERINIT?FIXEDPULSER
            CODE    7745H     002DH     UNIT         ?PR?DS1302_INIT?DS1302
            CODE    7772H     0029H     UNIT         ?PR?_SETTIMEOUT?TIMER
            CODE    779BH     0028H     UNIT         ?PR?BOARD_LED_INIT?LED
            CODE    77C3H     0028H     UNIT         ?PR?_OPEN_PWM_N?STC15_PWM
            CODE    77EBH     0028H     UNIT         ?PR?_TX2_WRITE2BUFF?USART1
            CODE    7813H     0028H     UNIT         ?PR?_TX3_WRITE2BUFF?USART1
            CODE    783BH     0028H     UNIT         ?PR?_TX4_WRITE2BUFF?USART1
            CODE    7863H     0027H     UNIT         ?PR?IIC_RDACK?STC15_IIC
            CODE    788AH     0027H     UNIT         ?PR?SPI_TRIGTX?STC15_SPI
            CODE    78B1H     0027H     UNIT         ?PR?_TX1_WRITE2BUFF?USART1
            CODE    78D8H     0027H     UNIT         ?PR?PUTCHAR?PUTCHAR
            CODE    78FFH     0026H     UNIT         ?PR?_INPUTONEBYTE?STC15_IIC
            CODE    7925H     0025H     UNIT         ?PR?_SETSTEPMOTORWITHPULSE?STEP_MOTOR
            CODE    794AH     0025H     UNIT         ?PR?_CLOSE_PWM_N?STC15_PWM
            CODE    796FH     0024H     UNIT         ?PR?SPEAKER_INIT?SPEAKER
            CODE    7993H     0024H     UNIT         ?PR?OUTPUTONEBYTE?STC15_IIC
            CODE    79B7H     0024H     UNIT         ?PR?SPI_SPI_READBYTETORXBUF?STC15_SPI
            CODE    79DBH     0022H     UNIT         ?PR?_BLINK?LED
BL51 BANKED LINKER/LOCATER V6.00                                                      08/07/2017  17:31:50  PAGE 8


            CODE    79FDH     0021H     UNIT         ?PR?_SETPARAMETERINFERIORLIMIT?PID
            CODE    7A1EH     0021H     UNIT         ?PR?_SETPARAMETERUPPERLIMIT?PID
            CODE    7A3FH     0021H     UNIT         ?PR?_SETACTUALPARAMETER?PID
            CODE    7A60H     0021H     UNIT         ?PR?_SETKI?PID
            CODE    7A81H     0021H     UNIT         ?PR?_SETKP?PID
            CODE    7AA2H     0021H     UNIT         ?PR?_SETKD?PID
            CODE    7AC3H     0021H     UNIT         ?PR?_SETPARAMETER?PID
            CODE    7AE4H     0021H     UNIT         ?PR?_SETMAXERROR?PID
            CODE    7B05H     0021H     UNIT         ?PR?LCD_CLR_SCR?LCD5510_V2
            CODE    7B26H     0021H     UNIT         ?PR?BUZZSUCCEED?SPEAKER
            CODE    7B47H     0021H     UNIT         ?PR?BUZZFAILED?SPEAKER
            CODE    7B68H     0021H     UNIT         ?PR?_SETDISTANCE?HC_SR04
            CODE    7B89H     0020H     UNIT         ?PR?_LCD_WRITE_BYTE?LCD5510_V2
            CODE    7BA9H     0020H     UNIT         ?PR?_OPEN_STR?SERVO
            CODE    7BC9H     0020H     UNIT         ?PR?_EEPROM_SECTORERASE?STC15_EEPROM
            CODE    7BE9H     001FH     UNIT         ?PR?PRINTDISTANCE?ABSTASK
            CODE    7C08H     001FH     UNIT         ?PR?_CLOSE_STR?SERVO
            CODE    7C27H     001FH     UNIT         ?PR?_SETTM1638COM?TM1638
            CODE    7C46H     001FH     UNIT         ?PR?_UPDATEDISTANCE?HC_SR04
            CODE    7C65H     001FH     UNIT         ?PR?_PWM_SET_PERIOD?STC15_PWM
            CODE    7C84H     001FH     UNIT         ?PR?_SPI_WRITENBYTETOTXBUF?STC15_SPI
            CODE    7CA3H     001FH     UNIT         ?PR?_ISACTIVETIMER?TIMER
            CODE    7CC2H     001FH     UNIT         ?PR?_ISEXPIREDTIMER?TIMER
            CODE    7CE1H     001EH     UNIT         ?PR?_OPEN_DC_MOTOR?MOTOR
            CODE    7CFFH     001EH     UNIT         ?PR?_OPENPULSER?FIXEDPULSER
            CODE    7D1DH     001EH     UNIT         ?PR?_GETADS1115CONVSIONDATA?ADS1115
            CODE    7D3BH     001DH     UNIT         ?PR?_CLOSE_DC_MOTOR?MOTOR
            CODE    7D58H     001DH     UNIT         ?PR?_CLOSE_STEPMOTOR?STEP_MOTOR
            CODE    7D75H     001DH     UNIT         ?PR?_CLOSEPULSER?FIXEDPULSER
            CODE    7D92H     001DH     UNIT         ?PR?_ISSTOPPED?TIMER
            CODE    7DAFH     001CH     UNIT         ?PR?_FREESTEPMOTOR?STEP_MOTOR
            CODE    7DCBH     001CH     UNIT         ?PR?_LOCKSTEPMOTOR?STEP_MOTOR
            CODE    7DE7H     001CH     UNIT         ?PR?_ADC_CONFIG?ANGLE
            CODE    7E03H     001CH     UNIT         ?PR?_SETTIMERHERTZ?TIMER
            CODE    7E1FH     001BH     UNIT         ?PR?_GETBUTTONSTATE?BUTTON
            CODE    7E3AH     001BH     UNIT         ?PR?_SETSTEPMOTORDIVERSION?STEP_MOTOR
            CODE    7E55H     001BH     UNIT         ?PR?_SPI_SPI_READTHENBYTETORXBUF?STC15_SPI
            CODE    7E70H     001AH     UNIT         ?PR?_GETPARAMETER?PID
            CODE    7E8AH     001AH     UNIT         ?PR?_GETERR?PID
            CODE    7EA4H     001AH     UNIT         ?PR?_GETERRLAST?PID
            CODE    7EBEH     001AH     UNIT         ?PR?_GETKP?PID
            CODE    7ED8H     001AH     UNIT         ?PR?_GETKI?PID
            CODE    7EF2H     001AH     UNIT         ?PR?_GETKD?PID
            CODE    7F0CH     001AH     UNIT         ?PR?_GETOUTPUT?PID
            CODE    7F26H     001AH     UNIT         ?PR?_GETINTEGRAL?PID
            CODE    7F40H     001AH     UNIT         ?PR?_READ_STR_ANGLE?SERVO
            CODE    7F5AH     001AH     UNIT         ?PR?_ADS1115_CONFIG?ADS1115
            CODE    7F74H     001AH     UNIT         ?PR?_GETDISTANCE?HC_SR04
            CODE    7F8EH     001AH     UNIT         ?PR?_GET_PWM_PERIOD?STC15_PWM
            CODE    7FA8H     001AH     UNIT         ?PR?_GET_PWM_N_DUTY?STC15_PWM
            CODE    7FC2H     001AH     UNIT         ?PR?_GETTIMEROUT?TIMER
            CODE    7FDCH     001AH     UNIT         ?PR?_GETTIMERHERTZ?TIMER
            CODE    7FF6H     001AH     UNIT         ?RTX?TASKENT?S
            CODE    8010H     0019H     UNIT         ?PR?_INCCLASSPID?PID
            CODE    8029H     0019H     UNIT         ?PR?_HC595_INIT?74HC595
            CODE    8042H     0019H     UNIT         ?PR?_IIC_WRDEVADDANDDATADD?STC15_IIC
            CODE    805BH     0017H     UNIT         ?PR?BUTTON_CONFIG?BUTTON
BL51 BANKED LINKER/LOCATER V6.00                                                      08/07/2017  17:31:50  PAGE 9


            CODE    8072H     0017H     UNIT         ?PR?_PRINTSTRING1?USART1
            CODE    8089H     0016H     UNIT         ?CO?TM1638
            CODE    809FH     0016H     UNIT         ?PR?CHANGEREGISTER?ADS1115
            CODE    80B5H     0015H     UNIT         ?PR?BUTTONSOUND?ABSTASK
            CODE    80CAH     0015H     UNIT         ?PR?_RESTARTTIMER?TIMER
            CODE    80DFH     0014H     UNIT         ?PR?_LCD_POS_BYTE?LCD5510_V2
            CODE    80F3H     0014H     UNIT         ?PR?RELAY_INIT?RELAY
            CODE    8107H     0014H     UNIT         ?PR?_SETTIMERVALUE?HC_SR04
            CODE    811BH     0014H     UNIT         ?PR?_GETTIMERVALUE?HC_SR04
            CODE    812FH     0014H     UNIT         ?PR?_SPI_WRITEBYTETOTXBUF?STC15_SPI
            CODE    8143H     0013H     UNIT         ?CO?ABSTASK
            CODE    8156H     0013H     UNIT         ?PR?_LCD_CLR_ROW?LCD5510_V2
            CODE    8169H     0013H     UNIT         ?PR?_OPEN_STEPMOTOR?STEP_MOTOR
            CODE    817CH     0013H     UNIT         ?PR?_PRINTSTRING2?USART1
            CODE    818FH     0013H     UNIT         ?PR?_PRINTSTRING3?USART1
            CODE    81A2H     0013H     UNIT         ?PR?_PRINTSTRING4?USART1
            CODE    81B5H     0012H     UNIT         ?PR?TASKSTART?ABSTASK
            CODE    81C7H     0012H     UNIT         ?PR?_OPENPID?PID
            CODE    81D9H     0012H     UNIT         ?PR?_GETPULSERSTATE?FIXEDPULSER
            CODE    81EBH     0012H     UNIT         ?PR?_ENABLEJY901?MPU9250_SBUF
            CODE    81FDH     0012H     UNIT         ?PR?_OPENJY901SBUFMODE?MPU9250_SBUF
            CODE    820FH     0012H     UNIT         ?PR?_OPENRELAYMODULAR?RELAY
            CODE    8221H     0012H     UNIT         ?PR?_OPEN_ADS1115?ADS1115
            CODE    8233H     0012H     UNIT         ?PR?_OPEN_HC_SR04?HC_SR04
            CODE    8245H     0012H     UNIT         ?PR?_GET_PWM_N_STATE?STC15_PWM
            CODE    8257H     0011H     UNIT         ?PR?_CLOSEPID?PID
            CODE    8268H     0011H     UNIT         ?PR?_GETSTEPMOTORSTATE?STEP_MOTOR
            CODE    8279H     0011H     UNIT         ?PR?_DISABLEJY901?MPU9250_SBUF
            CODE    828AH     0011H     UNIT         ?PR?_CLOSEJY901SBUFMODE?MPU9250_SBUF
            CODE    829BH     0011H     UNIT         ?PR?_CLOSE_ADS1115?ADS1115
            CODE    82ACH     0011H     UNIT         ?PR?_HC595SENDDATA?74HC595
            CODE    82BDH     0011H     UNIT         ?PR?_CLOSE_HC_SR04?HC_SR04
            CODE    82CEH     0011H     UNIT         ?PR?_GETHC_SR04_STATE?HC_SR04
            CODE    82DFH     0011H     UNIT         ?PR?_SETPWM_DIV?STC15_PWM
            CODE    82F0H     0011H     UNIT         ?PR?_GETPWM_DIV?STC15_PWM
            CODE    8301H     0011H     UNIT         ?PR?_SETUART1INTERRUPT?USART1
            CODE    8312H     0010H     UNIT         ?PR?_GETDC_MOTORSTATE?MOTOR
            CODE    8322H     0010H     UNIT         ?PR?_DELAY_MS?DELAY
            CODE    8332H     000FH     UNIT         ?PR?ABUTTONSCAN?ABSTASK
            CODE    8341H     000FH     UNIT         ?PR?_SETSTEPMOTORSTATE?STEP_MOTOR
            CODE    8350H     000FH     UNIT         ?CO?DS1302
            CODE    835FH     000EH     UNIT         ?PR?DISABLEEEPROM?STC15_EEPROM
            CODE    836DH     000EH     UNIT         ?PR?DELAY5US?STC15_IIC
            CODE    837BH     000EH     UNIT         ?PR?_ONRESTARTTIMER?TIMER
            CODE    8389H     000DH     UNIT         ?PR?IIC_ACK?STC15_IIC
            CODE    8396H     000DH     UNIT         ?PR?_STOPTIMER?TIMER
            CODE    83A3H     000DH     UNIT         ?PR?_FABS?FABS
            CODE    83B0H     000CH     UNIT         ?PR?_ADC_POWERCONTROL?ADC
            CODE    83BCH     000CH     UNIT         ?PR?_ABS?ABS
            CODE    83C8H     000BH     UNIT         ?PR?BUZZWAIT?SPEAKER
            CODE    83D3H     000BH     UNIT         ?PR?_SPI_SETMODE?STC15_SPI
            CODE    83DEH     000AH     UNIT         ?PR?IIC_START?STC15_IIC
            CODE    83E8H     000AH     UNIT         ?PR?IIC_NACK?STC15_IIC
            CODE    83F2H     000AH     UNIT         ?PR?OPEN_PWM_ALL?STC15_PWM
            CODE    83FCH     000AH     UNIT         ?PR?CLOSE_PWM_ALL?STC15_PWM
            CODE    8406H     0009H     UNIT         ?PR?_SETSPEAKERPERIOD?SPEAKER
            CODE    840FH     0009H     UNIT         ?PR?_SETLENGTH?SPEAKER
BL51 BANKED LINKER/LOCATER V6.00                                                      08/07/2017  17:31:50  PAGE 10


            CODE    8418H     0009H     UNIT         ?PR?SETCARFORWARD?MT_1_L298N
            CODE    8421H     0009H     UNIT         ?PR?SETCARBACK?MT_1_L298N
            CODE    842AH     0009H     UNIT         ?PR?SETCARSTOP?MT_1_L298N
            CODE    8433H     0009H     UNIT         ?PR?SETCARRIGHTFORWARD?MT_1_L298N
            CODE    843CH     0009H     UNIT         ?PR?SETCARRIGHTBACK?MT_1_L298N
            CODE    8445H     0009H     UNIT         ?PR?SETCARRIGHTTURN?MT_1_L298N
            CODE    844EH     0009H     UNIT         ?PR?SETCARLEFTFORWARD?MT_1_L298N
            CODE    8457H     0009H     UNIT         ?PR?SETCARLEFTBACK?MT_1_L298N
            CODE    8460H     0009H     UNIT         ?PR?SETCARLEFTTURN?MT_1_L298N
            CODE    8469H     0009H     UNIT         ?PR?GETMICROS?TIMER
            CODE    8472H     0009H     UNIT         ?PR?GETMILLIS?TIMER
            CODE    847BH     0006H     UNIT         ?PR?_BOARD_LED_PWM?LED
            CODE    8481H     0006H     UNIT         ?PR?_OPEN_SPEAKER?SPEAKER
            CODE    8487H     0006H     UNIT         ?PR?_CLOSE_SPEAKER?SPEAKER
            CODE    848DH     0006H     UNIT         ?PR?IIC_STOP?STC15_IIC
            CODE    8493H     0006H     UNIT         ?PR?GETSECONDS?TIMER
            CODE    8499H     0006H     UNIT         ?PR?GETMINUTES?TIMER
            CODE    849FH     0006H     UNIT         ?PR?GETHOURS?TIMER
            CODE    84A5H     0006H     UNIT         ?PR?GETDAYS?TIMER
            CODE    84ABH     0005H     UNIT         ?PR?OPEN_BOARD_LED?LED
            CODE    84B0H     0005H     UNIT         ?PR?CLOSE_BOARD_LED?LED
            CODE    84B5H     0005H     UNIT         ?PR?CLOSETM1638DISPLAY?TM1638
            CODE    84BAH     0004H     UNIT         ?PR?ADC_INT?ADC
            CODE    84BEH     0003H     UNIT         ?PR?GETBOARD_LED_STATE?LED
            CODE    84C1H     0003H     UNIT         ?PR?_SETPINSTATE?GPIO
            CODE    84C4H     0001H     UNIT         ?PR?MODE1?MODE
            CODE    84C5H     0001H     UNIT         ?PR?MODE2?MODE
            CODE    84C6H     0001H     UNIT         ?PR?MODE3?MODE
            CODE    84C7H     0001H     UNIT         ?PR?MODE4?MODE
            CODE    84C8H     0001H     UNIT         ?PR?MODELAUNCHER?MODE
            CODE    84C9H     0001H     UNIT         ?PR?EXT_INT1?STC15_EXTI
            CODE    84CAH     0001H     UNIT         ?PR?EXT_INT2?STC15_EXTI
            CODE    84CBH     0001H     UNIT         ?PR?EXT_INT3?STC15_EXTI
            CODE    84CCH     0001H     UNIT         ?PR?EXT_INT4?STC15_EXTI



OVERLAY MAP OF MODULE:   电子大赛程序框架 (ABSTASK)


SEGMENT                                             BIT_GROUP          DATA_GROUP          XDATA_GROUP
  +--> CALLED SEGMENT                            START    LENGTH     START    LENGTH     START    LENGTH
--------------------------------------------------------------------------------------------------------
?PR?TASKSTART?ABSTASK                            -----    -----      -----    -----      -----    -----
  +--> ?PR?SETUP?SETUP
  +--> ?PR?_BLINK?LED

?PR?SETUP?SETUP                                  -----    -----      -----    -----      -----    -----
  +--> ?PR?_UART1_INIT?SETUP
  +--> ?PR?TIMERINIT?TIMER
  +--> ?PR?BOARD_LED_INIT?LED
  +--> ?PR?LCD5510_INIT?LCD5510_V2
  +--> ?CO?SETUP
  +--> ?PR?_LCD_PRINTSL?LCD5510_V2
  +--> ?PR?LCD_CLR_SCR?LCD5510_V2
  +--> ?PR?BUTTON_CONFIG?BUTTON
  +--> ?PR?SPEAKER_INIT?SPEAKER
BL51 BANKED LINKER/LOCATER V6.00                                                      08/07/2017  17:31:50  PAGE 11


  +--> ?PR?_ADC_CONFIG?ANGLE
  +--> ?PR?_ADS1115_CONFIG?ADS1115
  +--> ?PR?HC_SR04_INIT?HC_SR04
  +--> ?PR?_OPEN_HC_SR04?HC_SR04
  +--> ?PR?_OPEN_ADS1115?ADS1115

?PR?_UART1_INIT?SETUP                            -----    -----      -----    -----      0290H    000DH
  +--> ?PR?_USART_CONFIGURATION?USART1
  +--> ?CO?SETUP
  +--> ?PR?_PRINTSTRING1?USART1

?PR?_USART_CONFIGURATION?USART1                  -----    -----      -----    -----      029DH    0009H

?PR?_PRINTSTRING1?USART1                         -----    -----      -----    -----      -----    -----
  +--> ?PR?_TX1_WRITE2BUFF?USART1

?PR?TIMERINIT?TIMER                              -----    -----      -----    -----      0290H    0021H
  +--> ?PR?_TIMER_INILIZE?TIMER

?PR?BOARD_LED_INIT?LED                           -----    -----      -----    -----      0290H    0002H
  +--> ?PR?_GPIO_INILIZE?GPIO
  +--> ?PR?OPEN_BOARD_LED?LED
  +--> ?PR?_DELAY_MS?DELAY
  +--> ?PR?CLOSE_BOARD_LED?LED

?PR?LCD5510_INIT?LCD5510_V2                      -----    -----      -----    -----      0290H    0002H
  +--> ?PR?_GPIO_INILIZE?GPIO
  +--> ?PR?_LCD_WRITE_BYTE?LCD5510_V2
  +--> ?PR?LCD_CLR_SCR?LCD5510_V2

?PR?LCD_CLR_SCR?LCD5510_V2                       -----    -----      -----    -----      -----    -----
  +--> ?PR?_LCD_WRITE_BYTE?LCD5510_V2

?PR?_LCD_PRINTSL?LCD5510_V2                      -----    -----      -----    -----      032AH    0005H
  +--> ?PR?_LCD_PRINTC?LCD5510_V2

?PR?_LCD_PRINTC?LCD5510_V2                       -----    -----      -----    -----      -----    -----
  +--> ?PR?_LCD_POS_BYTE?LCD5510_V2
  +--> ?CO?LCD5510_V2
  +--> ?PR?_LCD_WRITE_BYTE?LCD5510_V2

?PR?_LCD_POS_BYTE?LCD5510_V2                     -----    -----      -----    -----      -----    -----
  +--> ?PR?_LCD_WRITE_BYTE?LCD5510_V2

?PR?BUTTON_CONFIG?BUTTON                         -----    -----      -----    -----      0290H    0002H
  +--> ?PR?_GPIO_INILIZE?GPIO
  +--> ?PR?INIT_TM1638?TM1638

?PR?INIT_TM1638?TM1638                           -----    -----      -----    -----      0292H    0001H
  +--> ?PR?_SETTM1638COM?TM1638
  +--> ?PR?_SETTM1638WRITE?TM1638

?PR?_SETTM1638COM?TM1638                         -----    -----      -----    -----      0293H    0001H
  +--> ?PR?_DELAY_US?DELAY
  +--> ?PR?_SETTM1638WRITE?TM1638

?PR?_SETTM1638WRITE?TM1638                       -----    -----      -----    -----      0467H    0002H
BL51 BANKED LINKER/LOCATER V6.00                                                      08/07/2017  17:31:50  PAGE 12


  +--> ?PR?_DELAY_US?DELAY

?PR?SPEAKER_INIT?SPEAKER                         -----    -----      -----    -----      -----    -----
  +--> ?PR?PULSERINIT?FIXEDPULSER
  +--> ?PR?_BUZZ?SPEAKER

?PR?PULSERINIT?FIXEDPULSER                       -----    -----      -----    -----      0290H    0002H
  +--> ?PR?_GPIO_INILIZE?GPIO

?PR?_BUZZ?SPEAKER                                -----    -----      -----    -----      0461H    0007H
  +--> ?PR?_CLOSEPULSER?FIXEDPULSER
  +--> ?PR?_SETPULSE?FIXEDPULSER
  +--> ?PR?_OPENPULSER?FIXEDPULSER

?PR?_SETPULSE?FIXEDPULSER                        -----    -----      -----    -----      0468H    000BH

?PR?_ADC_CONFIG?ANGLE                            -----    -----      -----    -----      0290H    0006H
  +--> ?PR?_ADC_INILIZE?ADC

?PR?_ADS1115_CONFIG?ADS1115                      -----    -----      -----    -----      0290H    0004H
  +--> ?PR?_GPIO_INILIZE?GPIO

?PR?HC_SR04_INIT?HC_SR04                         -----    -----      -----    -----      0290H    0005H
  +--> ?PR?_GPIO_INILIZE?GPIO
  +--> ?PR?_EXT_INILIZE?STC15_EXTI

?PR?_BLINK?LED                                   -----    -----      -----    -----      0290H    0001H
  +--> ?PR?OPEN_BOARD_LED?LED
  +--> ?PR?_DELAY_MS?DELAY
  +--> ?PR?CLOSE_BOARD_LED?LED

*** NEW ROOT ***************************************************

?PR?PRINTANGLEDATA?ABSTASK                       -----    -----      -----    -----      -----    -----
  +--> ?PR?_GETJY901ANGLE?MPU9250_SBUF
  +--> ?PR?_DATASCOPE_GET_CHANNEL_DATA?DATAS...
  +--> ?PR?_SENDSCOPEDATA?DATASCOPE_DP

?PR?_DATASCOPE_GET_CHANNEL_DATA?DATAS...         -----    -----      -----    -----      0448H    0005H
  +--> ?PR?_FLOAT2BYTE?DATASCOPE_DP

?PR?_FLOAT2BYTE?DATASCOPE_DP                     -----    -----      -----    -----      044DH    000AH

?PR?_SENDSCOPEDATA?DATASCOPE_DP                  -----    -----      -----    -----      0448H    0002H
  +--> ?PR?_DATASCOPE_DATA_GENERATE?DATASCOP...
  +--> ?PR?_TX1_WRITE2BUFF?USART1

*** NEW ROOT ***************************************************

?PR?DATAUPDATE?ABSTASK                           -----    -----      -----    -----      -----    -----
  +--> ?PR?_GETJY901ANGLE?MPU9250_SBUF
  +--> ?PR?_LCD_PRINTNUM_I?LCD5510_V2

?PR?_LCD_PRINTNUM_I?LCD5510_V2                   -----    -----      -----    -----      02C0H    0008H
  +--> ?PR?_MALLOC?MALLOC
  +--> ?CO?LCD5510_V2
  +--> ?PR?PRINTF?PRINTF
BL51 BANKED LINKER/LOCATER V6.00                                                      08/07/2017  17:31:50  PAGE 13


  +--> ?PR?_LCD_PRINTSL?LCD5510_V2
  +--> ?PR?_FREE?FREE

?PR?_MALLOC?MALLOC                               -----    -----      -----    -----      02C8H    0006H

?PR?PRINTF?PRINTF                                0020H.0  0001H.1    0016H    0005H      02C8H    0030H
  +--> ?PR?PUTCHAR?PUTCHAR

?PR?_FREE?FREE                                   -----    -----      -----    -----      02C8H    0006H

*** NEW ROOT ***************************************************

?PR?PRINTADS1115?ABSTASK                         -----    -----      -----    -----      -----    -----
  +--> ?PR?_GETADS1115CONVSIONDATA?ADS1115
  +--> ?PR?_DATASCOPE_GET_CHANNEL_DATA?DATAS...
  +--> ?PR?_SENDSCOPEDATA?DATASCOPE_DP

?PR?_GETADS1115CONVSIONDATA?ADS1115              -----    -----      -----    -----      02F8H    0002H
  +--> ?PR?_WRITECONFIGREGISTER?ADS1115
  +--> ?PR?CHANGEREGISTER?ADS1115
  +--> ?PR?READCONVERSIONREGISTER?ADS1115

?PR?_WRITECONFIGREGISTER?ADS1115                 -----    -----      -----    -----      02FAH    0001H
  +--> ?PR?IIC_START?STC15_IIC
  +--> ?PR?_INPUTONEBYTE?STC15_IIC
  +--> ?PR?IIC_RDACK?STC15_IIC
  +--> ?PR?IIC_STOP?STC15_IIC

?PR?IIC_START?STC15_IIC                          -----    -----      -----    -----      -----    -----
  +--> ?PR?DELAY5US?STC15_IIC

?PR?_INPUTONEBYTE?STC15_IIC                      -----    -----      -----    -----      -----    -----
  +--> ?PR?DELAY5US?STC15_IIC

?PR?IIC_RDACK?STC15_IIC                          0021H.1  0000H.1    -----    -----      -----    -----
  +--> ?PR?_INPUTONEBYTE?STC15_IIC
  +--> ?PR?DELAY5US?STC15_IIC

?PR?IIC_STOP?STC15_IIC                           -----    -----      -----    -----      -----    -----
  +--> ?PR?DELAY5US?STC15_IIC

?PR?CHANGEREGISTER?ADS1115                       -----    -----      -----    -----      -----    -----
  +--> ?PR?IIC_START?STC15_IIC
  +--> ?PR?_INPUTONEBYTE?STC15_IIC
  +--> ?PR?IIC_RDACK?STC15_IIC
  +--> ?PR?IIC_STOP?STC15_IIC

?PR?READCONVERSIONREGISTER?ADS1115               -----    -----      -----    -----      02FAH    000CH
  +--> ?PR?IIC_START?STC15_IIC
  +--> ?PR?_INPUTONEBYTE?STC15_IIC
  +--> ?PR?IIC_RDACK?STC15_IIC
  +--> ?PR?OUTPUTONEBYTE?STC15_IIC
  +--> ?PR?IIC_ACK?STC15_IIC
  +--> ?PR?IIC_STOP?STC15_IIC

?PR?OUTPUTONEBYTE?STC15_IIC                      -----    -----      -----    -----      0306H    0008H
  +--> ?PR?DELAY5US?STC15_IIC
BL51 BANKED LINKER/LOCATER V6.00                                                      08/07/2017  17:31:50  PAGE 14



?PR?IIC_ACK?STC15_IIC                            -----    -----      -----    -----      -----    -----
  +--> ?PR?DELAY5US?STC15_IIC

*** NEW ROOT ***************************************************

?PR?BUZZ?ABSTASK                                 -----    -----      -----    -----      -----    -----
  +--> ?PR?_GETBUTTONSTATE?BUTTON
  +--> ?PR?_BUZZ?SPEAKER
  +--> ?PR?BUZZSUCCEED?SPEAKER
  +--> ?PR?BUZZFAILED?SPEAKER

?PR?BUZZSUCCEED?SPEAKER                          -----    -----      -----    -----      -----    -----
  +--> ?PR?_BUZZ?SPEAKER

?PR?BUZZFAILED?SPEAKER                           -----    -----      -----    -----      -----    -----
  +--> ?PR?_BUZZ?SPEAKER

*** NEW ROOT ***************************************************

?PR?ABUTTONSCAN?ABSTASK                          -----    -----      -----    -----      -----    -----
  +--> ?PR?BUTTONSCAN?BUTTON

?PR?BUTTONSCAN?BUTTON                            -----    -----      -----    -----      0320H    0002H
  +--> ?PR?GETBUTTONNUM?TM1638

?PR?GETBUTTONNUM?TM1638                          -----    -----      -----    -----      0461H    0006H
  +--> ?CO?TM1638
  +--> ?PR?_SETTM1638WRITE?TM1638
  +--> ?PR?_DELAY_US?DELAY
  +--> ?PR?GETTM1638READ?TM1638

?PR?GETTM1638READ?TM1638                         -----    -----      -----    -----      0467H    0002H
  +--> ?PR?_DELAY_US?DELAY

*** NEW ROOT ***************************************************

?PR?PRINTFBUTTON?ABSTASK                         -----    -----      -----    -----      -----    -----
  +--> ?PR?_GETBUTTONSTATE?BUTTON
  +--> ?CO?ABSTASK
  +--> ?PR?_LCD_PRINTSL?LCD5510_V2
  +--> ?PR?LCD_CLR_SCR?LCD5510_V2

*** NEW ROOT ***************************************************

?PR?PRINTDISTANCE?ABSTASK                        -----    -----      -----    -----      -----    -----
  +--> ?PR?_GETDISTANCE?HC_SR04
  +--> ?PR?_DATASCOPE_GET_CHANNEL_DATA?DATAS...
  +--> ?PR?_SENDSCOPEDATA?DATASCOPE_DP

*** NEW ROOT ***************************************************

?PR?DISTANCEUPDATA?ABSTASK                       -----    -----      -----    -----      033EH    0085H
  +--> ?PR?_UPDATEDISTANCE?HC_SR04
  +--> ?PR?_GETTIMERVALUE?HC_SR04
  +--> ?PR?_KALMANFILTER?FILTER
  +--> ?PR?_SETDISTANCE?HC_SR04
BL51 BANKED LINKER/LOCATER V6.00                                                      08/07/2017  17:31:50  PAGE 15



?PR?_UPDATEDISTANCE?HC_SR04                      -----    -----      -----    -----      -----    -----
  +--> ?PR?_DELAY_US?DELAY

?PR?_KALMANFILTER?FILTER                         -----    -----      -----    -----      03C3H    0028H

?PR?_SETDISTANCE?HC_SR04                         -----    -----      -----    -----      03C3H    0005H

*** NEW ROOT ***************************************************

?PR?DISTANCE?ABSTASK                             -----    -----      -----    -----      03EBH    005DH
  +--> ?PR?_UPDATEDISTANCE?HC_SR04
  +--> ?PR?_GETTIMERVALUE?HC_SR04
  +--> ?PR?_LIMITINGFILTER?FILTER
  +--> ?PR?_SHUDDERINGFILTER?FILTER
  +--> ?PR?_MOVINGAVERAGEFILTER?FILTER
  +--> ?PR?_FILTER?FILTER
  +--> ?PR?_DATASCOPE_GET_CHANNEL_DATA?DATAS...
  +--> ?PR?_SENDSCOPEDATA?DATASCOPE_DP

?PR?_LIMITINGFILTER?FILTER                       -----    -----      -----    -----      0448H    0008H
  +--> ?PR?_FABS?FABS

?PR?_SHUDDERINGFILTER?FILTER                     -----    -----      -----    -----      0448H    0007H
  +--> ?PR?_FABS?FABS

?PR?_MOVINGAVERAGEFILTER?FILTER                  -----    -----      -----    -----      0448H    0009H

?PR?_FILTER?FILTER                               -----    -----      -----    -----      0448H    0019H

*** NEW ROOT ***************************************************

?PR?BUTTONSOUND?ABSTASK                          -----    -----      -----    -----      -----    -----
  +--> ?PR?GETBUTTONNUM?TM1638
  +--> ?PR?BUZZWAIT?SPEAKER

?PR?BUZZWAIT?SPEAKER                             -----    -----      -----    -----      -----    -----
  +--> ?PR?_BUZZ?SPEAKER

*** NEW ROOT ***************************************************

?PR?PULSER_1INT?FIXEDPULSER                      -----    -----      -----    -----      -----    -----
  +--> ?PR?_CLOSEPULSER?FIXEDPULSER

*** NEW ROOT ***************************************************

?PR?PULSER_2INT?FIXEDPULSER                      -----    -----      -----    -----      -----    -----
  +--> ?PR?_CLOSEPULSER?FIXEDPULSER

*** NEW ROOT ***************************************************

?C_C51STARTUP                                    -----    -----      -----    -----      -----    -----
  +--> ?C_INITSEG



SYMBOL TABLE OF MODULE:  电子大赛程序框架 (ABSTASK)
BL51 BANKED LINKER/LOCATER V6.00                                                      08/07/2017  17:31:50  PAGE 16



  VALUE           TYPE          NAME
  ----------------------------------

  -------         MODULE        ABSTASK
  C:0000H         SYMBOL        _ICE_DUMMY_
  D:0080H         PUBLIC        P0
  D:0090H         PUBLIC        P1
  D:00A0H         PUBLIC        P2
  D:00B0H         PUBLIC        P3
  C:6D04H         PUBLIC        dataUpdate
  D:00C0H         PUBLIC        P4
  D:00C8H         PUBLIC        P5
  D:00E8H         PUBLIC        P6
  D:00F8H         PUBLIC        P7
  C:80B5H         PUBLIC        ButtonSound
  D:00A8H         PUBLIC        IE
  C:6F07H         PUBLIC        printfButton
  C:721BH         PUBLIC        printAngleData
  D:00B8H         PUBLIC        IP
  D:00D8H         PUBLIC        CCON
  C:755AH         PUBLIC        Buzz
  C:4AFAH         PUBLIC        Distance
  C:57A0H         PUBLIC        distanceUpdata
  D:0098H         PUBLIC        SCON
  D:0088H         PUBLIC        TCON
  D:00F0H         PUBLIC        B
  C:81B5H         PUBLIC        taskStart
  D:00E0H         PUBLIC        ACC
  C:69E4H         PUBLIC        printADS1115
  C:7BE9H         PUBLIC        printDistance
  C:8332H         PUBLIC        aButtonScan
  D:00D0H         PUBLIC        PSW
  -------         PROC          TASKSTART
  C:81B5H         LINE#         3
  C:81B5H         LINE#         5
  C:81B8H         LINE#         6
  C:81BDH         LINE#         7
  C:81C2H         LINE#         9
  -------         ENDPROC       TASKSTART
  -------         PROC          PRINTANGLEDATA
  C:721BH         LINE#         12
  C:721BH         LINE#         14
  C:721BH         LINE#         15
  C:721BH         LINE#         16
  C:722AH         LINE#         17
  C:723AH         LINE#         18
  C:724AH         LINE#         19
  C:724FH         LINE#         20
  C:7259H         LINE#         21
  -------         ENDPROC       PRINTANGLEDATA
  -------         PROC          DATAUPDATE
  C:6D04H         LINE#         23
  C:6D04H         LINE#         25
  C:6D04H         LINE#         26
  C:6D04H         LINE#         27
  C:6D1DH         LINE#         28
BL51 BANKED LINKER/LOCATER V6.00                                                      08/07/2017  17:31:50  PAGE 17


  C:6D38H         LINE#         29
  C:6D53H         LINE#         30
  C:6D5DH         LINE#         32
  -------         ENDPROC       DATAUPDATE
  -------         PROC          PRINTADS1115
  C:69E4H         LINE#         35
  C:69E4H         LINE#         37
  C:69E4H         LINE#         38
  C:69E4H         LINE#         39
  C:69FAH         LINE#         40
  C:6A10H         LINE#         41
  C:6A26H         LINE#         42
  C:6A3CH         LINE#         43
  C:6A41H         LINE#         44
  C:6A4BH         LINE#         46
  -------         ENDPROC       PRINTADS1115
  -------         PROC          BUZZ
  C:755AH         LINE#         49
  C:755AH         LINE#         51
  C:755AH         LINE#         52
  C:755AH         LINE#         54
  C:7562H         LINE#         55
  C:7562H         LINE#         56
  C:756DH         LINE#         58
  C:756DH         LINE#         59
  C:7575H         LINE#         60
  C:7575H         LINE#         61
  C:7578H         LINE#         62
  C:7578H         LINE#         63
  C:7580H         LINE#         64
  C:7580H         LINE#         65
  C:7583H         LINE#         66
  C:7583H         LINE#         67
  C:758DH         LINE#         68
  -------         ENDPROC       BUZZ
  -------         PROC          ABUTTONSCAN
  C:8332H         LINE#         71
  C:8332H         LINE#         73
  C:8332H         LINE#         74
  C:8332H         LINE#         75
  C:8335H         LINE#         78
  C:833FH         LINE#         80
  -------         ENDPROC       ABUTTONSCAN
  -------         PROC          PRINTFBUTTON
  C:6F07H         LINE#         83
  C:6F07H         LINE#         85
  C:6F07H         LINE#         86
  C:6F07H         LINE#         87
  C:6F0FH         LINE#         88
  C:6F0FH         LINE#         89
  C:6F1CH         LINE#         90
  C:6F26H         LINE#         91
  C:6F29H         LINE#         93
  C:6F29H         LINE#         94
  C:6F31H         LINE#         95
  C:6F31H         LINE#         96
  C:6F3EH         LINE#         97
BL51 BANKED LINKER/LOCATER V6.00                                                      08/07/2017  17:31:50  PAGE 18


  C:6F48H         LINE#         98
  C:6F4BH         LINE#         100
  C:6F4BH         LINE#         101
  C:6F55H         LINE#         102
  -------         ENDPROC       PRINTFBUTTON
  -------         PROC          PRINTDISTANCE
  C:7BE9H         LINE#         104
  C:7BE9H         LINE#         106
  C:7BE9H         LINE#         107
  C:7BE9H         LINE#         108
  C:7BF7H         LINE#         110
  C:7BFCH         LINE#         111
  C:7C06H         LINE#         112
  -------         ENDPROC       PRINTDISTANCE
  -------         PROC          DISTANCEUPDATA
  -------         DO            
  X:033EH         SYMBOL        time
  X:0342H         SYMBOL        distance
  X:0346H         SYMBOL        i
  X:0347H         SYMBOL        Data
  -------         ENDDO         
  C:57A0H         LINE#         114
  C:57A0H         LINE#         116
  C:57AAH         LINE#         117
  C:57B4H         LINE#         119
  C:57B9H         LINE#         121
  C:57B9H         LINE#         122
  C:57B9H         LINE#         124
  C:57B9H         LINE#         125
  C:57BEH         LINE#         126
  C:57C8H         LINE#         128
  C:57C8H         LINE#         130
  C:580CH         LINE#         131
  C:582BH         LINE#         133
  C:5852H         LINE#         135
  C:586BH         LINE#         138
  -------         ENDPROC       DISTANCEUPDATA
  -------         PROC          DISTANCE
  -------         DO            
  X:03EBH         SYMBOL        value
  X:03EFH         SYMBOL        actValue
  X:03F3H         SYMBOL        Data
  X:0447H         SYMBOL        i
  -------         ENDDO         
  C:4AFAH         LINE#         140
  C:4AFAH         LINE#         145
  C:4AFFH         LINE#         146
  C:4AFFH         LINE#         147
  C:4AFFH         LINE#         148
  C:4B04H         LINE#         149
  C:4B04H         LINE#         150
  C:4B09H         LINE#         151
  C:4B13H         LINE#         152
  C:4B26H         LINE#         153
  C:4B47H         LINE#         154
  C:4B64H         LINE#         155
  C:4B7BH         LINE#         156
BL51 BANKED LINKER/LOCATER V6.00                                                      08/07/2017  17:31:50  PAGE 19


  C:4B9DH         LINE#         157
  C:4BACH         LINE#         158
  C:4BD1H         LINE#         159
  C:4BE8H         LINE#         160
  C:4BFFH         LINE#         161
  C:4C2AH         LINE#         162
  C:4C55H         LINE#         163
  C:4C5AH         LINE#         165
  C:4C64H         LINE#         167
  -------         ENDPROC       DISTANCE
  -------         PROC          BUTTONSOUND
  C:80B5H         LINE#         169
  C:80B5H         LINE#         171
  C:80B5H         LINE#         172
  C:80B5H         LINE#         173
  C:80BBH         LINE#         174
  C:80BBH         LINE#         175
  C:80BEH         LINE#         176
  C:80BEH         LINE#         177
  C:80C8H         LINE#         178
  -------         ENDPROC       BUTTONSOUND
  -------         ENDMOD        ABSTASK

  -------         MODULE        SETUP
  C:0000H         SYMBOL        _ICE_DUMMY_
  D:0080H         PUBLIC        P0
  D:0090H         PUBLIC        P1
  D:00A0H         PUBLIC        P2
  D:00B0H         PUBLIC        P3
  D:00C0H         PUBLIC        P4
  D:00C8H         PUBLIC        P5
  C:758FH         PUBLIC        _UART1_init
  D:00E8H         PUBLIC        P6
  D:00F8H         PUBLIC        P7
  D:00A8H         PUBLIC        IE
  D:00B8H         PUBLIC        IP
  D:00D8H         PUBLIC        CCON
  C:6D5FH         PUBLIC        setup
  D:0098H         PUBLIC        SCON
  D:0088H         PUBLIC        TCON
  D:00F0H         PUBLIC        B
  C:6BE3H         PUBLIC        test
  D:00E0H         PUBLIC        ACC
  D:00D0H         PUBLIC        PSW
  -------         PROC          _UART1_INIT
  D:0004H         SYMBOL        BandRate
  -------         DO            
  X:0290H         SYMBOL        COMx_InitStructure
  -------         ENDDO         
  C:758FH         LINE#         24
  C:758FH         LINE#         25
  C:758FH         LINE#         27
  C:7595H         LINE#         28
  C:7599H         LINE#         29
  C:759DH         LINE#         30
  C:75A3H         LINE#         31
  C:75A6H         LINE#         32
BL51 BANKED LINKER/LOCATER V6.00                                                      08/07/2017  17:31:50  PAGE 20


  C:75A9H         LINE#         33
  C:75ABH         LINE#         34
  C:75AEH         LINE#         35
  C:75B0H         LINE#         36
  C:75BBH         LINE#         37
  -------         ENDPROC       _UART1_INIT
  -------         PROC          TEST
  -------         DO            
  D:0007H         SYMBOL        i
  -------         ENDDO         
  C:6BE3H         LINE#         39
  C:6BE3H         LINE#         40
  C:6BE3H         LINE#         41
  C:6BE5H         LINE#         42
  C:6BE8H         LINE#         43
  C:6BF1H         LINE#         44
  C:6BF1H         LINE#         45
  C:6BF1H         LINE#         46
  C:6BFCH         LINE#         47
  C:6BFEH         LINE#         48
  C:6BFEH         LINE#         49
  C:6BFEH         LINE#         50
  C:6BFEH         LINE#         51
  C:6C01H         LINE#         52
  C:6C3EH         LINE#         53
  C:6C43H         LINE#         54
  C:6C43H         LINE#         55
  -------         ENDPROC       TEST
  -------         PROC          SETUP
  C:6D5FH         LINE#         57
  C:6D5FH         LINE#         58
  C:6D5FH         LINE#         60
  C:6D6AH         LINE#         61
  C:6D6DH         LINE#         62
  C:6D70H         LINE#         63
  C:6D73H         LINE#         64
  C:6D7FH         LINE#         65
  C:6D89H         LINE#         66
  C:6D8CH         LINE#         67
  C:6D8FH         LINE#         68
  C:6D92H         LINE#         74
  C:6D99H         LINE#         75
  C:6D9CH         LINE#         76
  C:6D9FH         LINE#         77
  C:6DA4H         LINE#         78
  C:6DA9H         LINE#         79
  C:6DAEH         LINE#         80
  C:6DB3H         LINE#         81
  -------         ENDPROC       SETUP
  -------         ENDMOD        SETUP

  -------         MODULE        MODE
  C:0000H         SYMBOL        _ICE_DUMMY_
  D:0080H         PUBLIC        P0
  D:0090H         PUBLIC        P1
  D:00A0H         PUBLIC        P2
  D:00B0H         PUBLIC        P3
BL51 BANKED LINKER/LOCATER V6.00                                                      08/07/2017  17:31:50  PAGE 21


  D:00C0H         PUBLIC        P4
  D:00C8H         PUBLIC        P5
  D:00E8H         PUBLIC        P6
  D:00F8H         PUBLIC        P7
  D:00A8H         PUBLIC        IE
  D:00B8H         PUBLIC        IP
  D:00D8H         PUBLIC        CCON
  D:0098H         PUBLIC        SCON
  D:0088H         PUBLIC        TCON
  D:00F0H         PUBLIC        B
  D:00E0H         PUBLIC        ACC
  C:84C4H         PUBLIC        mode1
  C:84C5H         PUBLIC        mode2
  C:84C6H         PUBLIC        mode3
  C:84C7H         PUBLIC        mode4
  C:84C8H         PUBLIC        modeLauncher
  D:00D0H         PUBLIC        PSW
  -------         PROC          MODE1
  C:84C4H         LINE#         2
  C:84C4H         LINE#         3
  C:84C4H         LINE#         5
  -------         ENDPROC       MODE1
  -------         PROC          MODE2
  C:84C5H         LINE#         7
  C:84C5H         LINE#         8
  C:84C5H         LINE#         10
  -------         ENDPROC       MODE2
  -------         PROC          MODE3
  C:84C6H         LINE#         13
  C:84C6H         LINE#         14
  C:84C6H         LINE#         16
  -------         ENDPROC       MODE3
  -------         PROC          MODE4
  C:84C7H         LINE#         18
  C:84C7H         LINE#         19
  C:84C7H         LINE#         21
  -------         ENDPROC       MODE4
  -------         PROC          MODELAUNCHER
  C:84C8H         LINE#         22
  C:84C8H         LINE#         23
  C:84C8H         LINE#         25
  -------         ENDPROC       MODELAUNCHER
  -------         ENDMOD        MODE

  -------         MODULE        FILTER
  C:0000H         SYMBOL        _ICE_DUMMY_
  D:0080H         PUBLIC        P0
  D:0090H         PUBLIC        P1
  D:00A0H         PUBLIC        P2
  D:00B0H         PUBLIC        P3
  D:00C0H         PUBLIC        P4
  D:00C8H         PUBLIC        P5
  D:00E8H         PUBLIC        P6
  D:00F8H         PUBLIC        P7
  C:42A9H         PUBLIC        _filter
  D:00A8H         PUBLIC        IE
  D:00B8H         PUBLIC        IP
BL51 BANKED LINKER/LOCATER V6.00                                                      08/07/2017  17:31:50  PAGE 22


  C:6410H         PUBLIC        _shudderingFilter
  D:00D8H         PUBLIC        CCON
  D:0098H         PUBLIC        SCON
  D:0088H         PUBLIC        TCON
  C:5B71H         PUBLIC        _movingAverageFilter
  D:00F0H         PUBLIC        B
  C:4C67H         PUBLIC        _KalmanFilter
  D:00E0H         PUBLIC        ACC
  C:6B80H         PUBLIC        _limitingFilter
  D:00D0H         PUBLIC        PSW
  -------         PROC          _FILTER
  X:0448H         SYMBOL        ary
  X:044BH         SYMBOL        num
  X:044CH         SYMBOL        MaxValue
  X:0450H         SYMBOL        MinValue
  -------         DO            
  X:0454H         SYMBOL        angleDataloopTemp2
  X:0455H         SYMBOL        finalData
  X:0459H         SYMBOL        maxValue
  X:045DH         SYMBOL        minValue
  -------         ENDDO         
  C:42A9H         LINE#         15
  C:42B7H         LINE#         16
  C:42B7H         LINE#         18
  C:42C1H         LINE#         19
  C:42D5H         LINE#         20
  C:42E9H         LINE#         21
  C:42FEH         LINE#         22
  C:42FEH         LINE#         23
  C:432CH         LINE#         24
  C:432CH         LINE#         25
  C:434DH         LINE#         26
  C:434DH         LINE#         27
  C:437DH         LINE#         28
  C:437DH         LINE#         29
  C:439EH         LINE#         30
  C:439EH         LINE#         31
  C:43D0H         LINE#         32
  C:43D9H         LINE#         33
  C:4427H         LINE#         34
  C:4465H         LINE#         35
  C:4473H         LINE#         36
  -------         ENDPROC       _FILTER
  -------         PROC          _KALMANFILTER
  X:03C3H         SYMBOL        ResrcData
  X:03C7H         SYMBOL        ProcessNiose_Q
  X:03CBH         SYMBOL        MeasureNoise_R
  X:03CFH         SYMBOL        InitialPrediction
  -------         DO            
  X:03D3H         SYMBOL        R
  X:03D7H         SYMBOL        Q
  X:0473H         SYMBOL        x_last
  X:03DBH         SYMBOL        x_mid
  X:03DFH         SYMBOL        x_now
  X:0477H         SYMBOL        p_last
  X:03E3H         SYMBOL        p_mid
  D:0004H         SYMBOL        p_now
BL51 BANKED LINKER/LOCATER V6.00                                                      08/07/2017  17:31:50  PAGE 23


  X:03E7H         SYMBOL        kg
  -------         ENDDO         
  C:4C67H         LINE#         38
  C:4C6DH         LINE#         39
  C:4C6DH         LINE#         40
  C:4C81H         LINE#         41
  C:4C95H         LINE#         45
  C:4CA9H         LINE#         54
  C:4CBDH         LINE#         55
  C:4CE2H         LINE#         56
  C:4D20H         LINE#         57
  C:4D67H         LINE#         59
  C:4D90H         LINE#         61
  C:4D96H         LINE#         62
  C:4DAAH         LINE#         64
  C:4DB8H         LINE#         65
  -------         ENDPROC       _KALMANFILTER
  -------         PROC          _LIMITINGFILTER
  X:0448H         SYMBOL        value
  X:044CH         SYMBOL        A
  -------         DO            
  X:047BH         SYMBOL        lastValue
  -------         ENDDO         
  C:6B80H         LINE#         84
  C:6B86H         LINE#         85
  C:6B86H         LINE#         87
  C:6BBBH         LINE#         88
  C:6BBBH         LINE#         89
  C:6BC0H         LINE#         90
  C:6BC0H         LINE#         92
  C:6BC0H         LINE#         94
  C:6BD4H         LINE#         95
  C:6BE2H         LINE#         97
  C:6BE2H         LINE#         98
  -------         ENDPROC       _LIMITINGFILTER
  -------         PROC          _MOVINGAVERAGEFILTER
  X:0448H         SYMBOL        value
  -------         DO            
  X:047FH         SYMBOL        filter_buf
  X:044CH         SYMBOL        i
  X:044DH         SYMBOL        filter_sum
  -------         ENDDO         
  C:5B71H         LINE#         116
  C:5B77H         LINE#         117
  C:5B77H         LINE#         121
  C:5B81H         LINE#         122
  C:5B95H         LINE#         123
  C:5BA4H         LINE#         124
  C:5BD0H         LINE#         125
  C:5C04H         LINE#         126
  C:5C0CH         LINE#         127
  C:5C24H         LINE#         128
  -------         ENDPROC       _MOVINGAVERAGEFILTER
  -------         PROC          _SHUDDERINGFILTER
  D:0004H         SYMBOL        value
  X:044CH         SYMBOL        filter_n
  -------         DO            
BL51 BANKED LINKER/LOCATER V6.00                                                      08/07/2017  17:31:50  PAGE 24


  X:0613H         SYMBOL        i
  X:0615H         SYMBOL        lastValue
  X:044DH         SYMBOL        newValue
  -------         ENDDO         
  C:6410H         LINE#         154
  C:6410H         LINE#         155
  C:6410H         LINE#         160
  C:641BH         LINE#         161
  C:644BH         LINE#         162
  C:644BH         LINE#         163
  C:6459H         LINE#         164
  C:646CH         LINE#         165
  C:6470H         LINE#         166
  C:6482H         LINE#         167
  C:6482H         LINE#         168
  C:6484H         LINE#         170
  C:6484H         LINE#         171
  C:648BH         LINE#         172
  C:648BH         LINE#         173
  C:6499H         LINE#         175
  -------         ENDPROC       _SHUDDERINGFILTER
  -------         ENDMOD        FILTER

  -------         MODULE        PID
  C:0000H         SYMBOL        _ICE_DUMMY_
  D:0080H         PUBLIC        P0
  D:0090H         PUBLIC        P1
  D:00A0H         PUBLIC        P2
  C:7A60H         PUBLIC        _setKi
  D:00B0H         PUBLIC        P3
  C:7EA4H         PUBLIC        _getErrLast
  C:7AE4H         PUBLIC        _setMaxError
  D:00C0H         PUBLIC        P4
  D:00C8H         PUBLIC        P5
  D:00E8H         PUBLIC        P6
  D:00F8H         PUBLIC        P7
  C:7A1EH         PUBLIC        _setParameterUpperLimit
  C:7A81H         PUBLIC        _setKp
  C:714FH         PUBLIC        _PosClassPID
  D:00A8H         PUBLIC        IE
  C:81C7H         PUBLIC        _openPID
  C:3EF9H         PUBLIC        _Position_PID
  D:00B8H         PUBLIC        IP
  D:00D8H         PUBLIC        CCON
  C:26D5H         PUBLIC        _Anti_Windup_PID
  D:0098H         PUBLIC        SCON
  D:0088H         PUBLIC        TCON
  C:4638H         PUBLIC        _Incremental_PID
  C:4DB9H         PUBLIC        _PID_config
  C:3CB3H         PUBLIC        _Integral_Separa_PID
  C:79FDH         PUBLIC        _setParameterInferiorLimit
  D:00F0H         PUBLIC        B
  D:00E0H         PUBLIC        ACC
  C:7A3FH         PUBLIC        _setActualParameter
  C:7F0CH         PUBLIC        _getOutput
  C:22F4H         PUBLIC        _Trapezoidal_Integral_PID
  X:06BCH         SYMBOL        g_pid_n_info
BL51 BANKED LINKER/LOCATER V6.00                                                      08/07/2017  17:31:50  PAGE 25


  C:7E70H         PUBLIC        _getParameter
  C:7E8AH         PUBLIC        _getErr
  C:7EF2H         PUBLIC        _getKd
  C:8010H         PUBLIC        _IncClassPID
  C:7AC3H         PUBLIC        _setParameter
  C:7ED8H         PUBLIC        _getKi
  C:8257H         PUBLIC        _closePID
  D:00D0H         PUBLIC        PSW
  C:7F26H         PUBLIC        _getIntegral
  C:7EBEH         PUBLIC        _getKp
  C:7AA2H         PUBLIC        _setKd
  -------         PROC          _PID_CONFIG
  D:0003H         SYMBOL        PID_N
  X:099CH         SYMBOL        kp
  X:09A0H         SYMBOL        ki
  X:09A4H         SYMBOL        kd
  C:4DB9H         LINE#         53
  C:4DBBH         LINE#         54
  C:4DBBH         LINE#         55
  C:4DD0H         LINE#         56
  C:4DE5H         LINE#         57
  C:4DFAH         LINE#         58
  C:4E0FH         LINE#         59
  C:4E24H         LINE#         60
  C:4E43H         LINE#         61
  C:4E62H         LINE#         62
  C:4E81H         LINE#         63
  C:4EABH         LINE#         64
  C:4ED5H         LINE#         65
  -------         ENDPROC       _PID_CONFIG
  -------         PROC          _OPENPID
  D:0007H         SYMBOL        PID_N
  C:81C7H         LINE#         76
  C:81C7H         LINE#         77
  C:81C7H         LINE#         78
  C:81D8H         LINE#         80
  -------         ENDPROC       _OPENPID
  -------         PROC          _CLOSEPID
  D:0007H         SYMBOL        PID_N
  C:8257H         LINE#         90
  C:8257H         LINE#         91
  C:8257H         LINE#         92
  C:8267H         LINE#         95
  -------         ENDPROC       _CLOSEPID
  -------         PROC          _POSITION_PID
  X:0A6DH         SYMBOL        PID_N
  C:3EF9H         LINE#         105
  C:3EFEH         LINE#         106
  C:3EFEH         LINE#         107
  C:3F11H         LINE#         108
  C:3F11H         LINE#         109
  C:3F5FH         LINE#         110
  C:3FA2H         LINE#         111
  C:40A7H         LINE#         114
  C:40D1H         LINE#         115
  C:40D3H         LINE#         116
  C:40D3H         LINE#         117
BL51 BANKED LINKER/LOCATER V6.00                                                      08/07/2017  17:31:50  PAGE 26


  C:40D4H         LINE#         118
  -------         ENDPROC       _POSITION_PID
  -------         PROC          _INTEGRAL_SEPARA_PID
  X:0A4EH         SYMBOL        PID_N
  -------         DO            
  X:0A4FH         SYMBOL        multiple
  -------         ENDDO         
  C:3CB3H         LINE#         128
  C:3CB8H         LINE#         129
  C:3CB8H         LINE#         131
  C:3D03H         LINE#         132
  C:3D17H         LINE#         133
  C:3D17H         LINE#         134
  C:3D50H         LINE#         135
  C:3D50H         LINE#         136
  C:3D57H         LINE#         137
  C:3D59H         LINE#         139
  C:3D59H         LINE#         140
  C:3D61H         LINE#         141
  C:3DA7H         LINE#         142
  C:3DA7H         LINE#         144
  C:3ECBH         LINE#         147
  C:3EF5H         LINE#         148
  C:3EF7H         LINE#         149
  C:3EF7H         LINE#         150
  C:3EF8H         LINE#         151
  -------         ENDPROC       _INTEGRAL_SEPARA_PID
  -------         PROC          _ANTI_WINDUP_PID
  X:0A51H         SYMBOL        PID_N
  -------         DO            
  X:0A52H         SYMBOL        multiple
  -------         ENDDO         
  C:26D5H         LINE#         161
  C:26DAH         LINE#         162
  C:26DAH         LINE#         164
  C:2725H         LINE#         165
  C:2739H         LINE#         166
  C:2739H         LINE#         167
  C:2775H         LINE#         168
  C:2775H         LINE#         169
  C:27C0H         LINE#         170
  C:27C0H         LINE#         171
  C:27C0H         LINE#         172
  C:27C3H         LINE#         174
  C:27C3H         LINE#         175
  C:27CBH         LINE#         176
  C:27F6H         LINE#         177
  C:27F6H         LINE#         178
  C:27F6H         LINE#         179
  C:27F6H         LINE#         180
  C:27F6H         LINE#         181
  C:27F9H         LINE#         182
  C:2839H         LINE#         183
  C:2839H         LINE#         184
  C:2884H         LINE#         185
  C:2884H         LINE#         186
  C:2884H         LINE#         187
BL51 BANKED LINKER/LOCATER V6.00                                                      08/07/2017  17:31:50  PAGE 27


  C:2886H         LINE#         189
  C:2886H         LINE#         190
  C:288EH         LINE#         191
  C:28B7H         LINE#         192
  C:28B7H         LINE#         193
  C:28B7H         LINE#         194
  C:28B7H         LINE#         195
  C:28B7H         LINE#         196
  C:28B9H         LINE#         198
  C:28B9H         LINE#         199
  C:2904H         LINE#         200
  C:2904H         LINE#         201
  C:290BH         LINE#         202
  C:290DH         LINE#         204
  C:290DH         LINE#         205
  C:2915H         LINE#         206
  C:295BH         LINE#         207
  C:295BH         LINE#         208
  C:295BH         LINE#         210
  C:2A7FH         LINE#         213
  C:2AA9H         LINE#         214
  C:2AABH         LINE#         215
  C:2AABH         LINE#         216
  C:2AACH         LINE#         217
  -------         ENDPROC       _ANTI_WINDUP_PID
  -------         PROC          _TRAPEZOIDAL_INTEGRAL_PID
  X:0A54H         SYMBOL        PID_N
  -------         DO            
  X:0A55H         SYMBOL        multiple
  -------         ENDDO         
  C:22F4H         LINE#         227
  C:22F9H         LINE#         228
  C:22F9H         LINE#         230
  C:2344H         LINE#         231
  C:2358H         LINE#         232
  C:2358H         LINE#         233
  C:2394H         LINE#         234
  C:2394H         LINE#         235
  C:23DFH         LINE#         236
  C:23DFH         LINE#         237
  C:23DFH         LINE#         238
  C:23E2H         LINE#         240
  C:23E2H         LINE#         241
  C:23EAH         LINE#         242
  C:2415H         LINE#         243
  C:2415H         LINE#         244
  C:2415H         LINE#         245
  C:2415H         LINE#         246
  C:2415H         LINE#         247
  C:2418H         LINE#         248
  C:2458H         LINE#         249
  C:2458H         LINE#         250
  C:24A3H         LINE#         251
  C:24A3H         LINE#         252
  C:24A3H         LINE#         253
  C:24A5H         LINE#         255
  C:24A5H         LINE#         256
BL51 BANKED LINKER/LOCATER V6.00                                                      08/07/2017  17:31:50  PAGE 28


  C:24ADH         LINE#         257
  C:24D6H         LINE#         258
  C:24D6H         LINE#         259
  C:24D6H         LINE#         260
  C:24D6H         LINE#         261
  C:24D6H         LINE#         262
  C:24D8H         LINE#         264
  C:24D8H         LINE#         265
  C:2523H         LINE#         266
  C:2523H         LINE#         267
  C:252AH         LINE#         268
  C:252CH         LINE#         270
  C:252CH         LINE#         271
  C:2534H         LINE#         272
  C:257AH         LINE#         273
  C:257AH         LINE#         274
  C:257AH         LINE#         276
  C:26A7H         LINE#         279
  C:26D1H         LINE#         280
  C:26D3H         LINE#         281
  C:26D3H         LINE#         282
  C:26D4H         LINE#         283
  -------         ENDPROC       _TRAPEZOIDAL_INTEGRAL_PID
  -------         PROC          _INCREMENTAL_PID
  X:0A6EH         SYMBOL        PID_N
  C:4638H         LINE#         293
  C:463DH         LINE#         294
  C:463DH         LINE#         295
  C:4650H         LINE#         296
  C:4650H         LINE#         297
  C:469EH         LINE#         298
  C:4780H         LINE#         301
  C:47AAH         LINE#         302
  C:47D4H         LINE#         303
  C:47D6H         LINE#         304
  C:47D6H         LINE#         305
  C:47D7H         LINE#         306
  -------         ENDPROC       _INCREMENTAL_PID
  -------         PROC          _SETPARAMETERINFERIORLIMIT
  D:0003H         SYMBOL        PID_N
  X:0A0CH         SYMBOL        value
  C:79FDH         LINE#         317
  C:79FFH         LINE#         318
  C:79FFH         LINE#         319
  -------         ENDPROC       _SETPARAMETERINFERIORLIMIT
  -------         PROC          _SETPARAMETERUPPERLIMIT
  D:0003H         SYMBOL        PID_N
  X:0A11H         SYMBOL        value
  C:7A1EH         LINE#         331
  C:7A20H         LINE#         332
  C:7A20H         LINE#         333
  -------         ENDPROC       _SETPARAMETERUPPERLIMIT
  -------         PROC          _SETACTUALPARAMETER
  D:0003H         SYMBOL        PID_N
  X:0A16H         SYMBOL        value
  C:7A3FH         LINE#         346
  C:7A41H         LINE#         347
BL51 BANKED LINKER/LOCATER V6.00                                                      08/07/2017  17:31:50  PAGE 29


  C:7A41H         LINE#         348
  -------         ENDPROC       _SETACTUALPARAMETER
  -------         PROC          _SETKI
  D:0003H         SYMBOL        PID_N
  X:0A1BH         SYMBOL        value
  C:7A60H         LINE#         361
[...]
  -------         ENDMOD        ?C?CCASE

  -------         MODULE        ?C?ICALL
  C:1260H         PUBLIC        ?C?ICALL
  C:1264H         PUBLIC        ?C?ICALL2
  -------         ENDMOD        ?C?ICALL

  -------         MODULE        PUTCHAR
  C:78D8H         PUBLIC        _PUTCHAR
  -------         ENDMOD        PUTCHAR

  -------         MODULE        ABS
  C:83BCH         PUBLIC        _ABS
  -------         ENDMOD        ABS

  -------         MODULE        MALLOC
  C:56CFH         PUBLIC        _malloc
  -------         ENDMOD        MALLOC

  -------         MODULE        FREE
BL51 BANKED LINKER/LOCATER V6.00                                                      08/07/2017  17:31:50  PAGE 133


  C:4EFFH         PUBLIC        _free
  -------         ENDMOD        FREE

  -------         MODULE        ?C?LLDIDATA
  C:1266H         PUBLIC        ?C?LLDIDATA
  -------         ENDMOD        ?C?LLDIDATA

  -------         MODULE        ?C?LLDXDATA
  C:1272H         PUBLIC        ?C?LLDXDATA
  -------         ENDMOD        ?C?LLDXDATA

  -------         MODULE        ?C?LLDPDATA
  C:127EH         PUBLIC        ?C?LLDPDATA
  -------         ENDMOD        ?C?LLDPDATA

  -------         MODULE        ?C?LLDCODE
  C:128AH         PUBLIC        ?C?LLDCODE
  -------         ENDMOD        ?C?LLDCODE

  -------         MODULE        ?C?LLDIDATA0
  C:129AH         PUBLIC        ?C?LLDIDATA0
  -------         ENDMOD        ?C?LLDIDATA0

  -------         MODULE        ?C?LLDXDATA0
  C:12A7H         PUBLIC        ?C?LLDXDATA0
  -------         ENDMOD        ?C?LLDXDATA0

  -------         MODULE        ?C?LLDPDATA0
  C:12B3H         PUBLIC        ?C?LLDPDATA0
  -------         ENDMOD        ?C?LLDPDATA0

  -------         MODULE        ?C?LLDCODE0
  C:12C0H         PUBLIC        ?C?LLDCODE0
  -------         ENDMOD        ?C?LLDCODE0

  -------         MODULE        ?C?PLDIDATA
  C:12D0H         PUBLIC        ?C?PLDIDATA
  -------         ENDMOD        ?C?PLDIDATA

  -------         MODULE        ?C?PLDXDATA
  C:12D9H         PUBLIC        ?C?PLDXDATA
  -------         ENDMOD        ?C?PLDXDATA

  -------         MODULE        ?C?PLDPDATA
  C:12E2H         PUBLIC        ?C?PLDPDATA
  -------         ENDMOD        ?C?PLDPDATA

  -------         MODULE        ?C?PLDCODE
  C:12EBH         PUBLIC        ?C?PLDCODE
  -------         ENDMOD        ?C?PLDCODE

  -------         MODULE        INIT_MEM
  X:09CEH         PUBLIC        __mem_avail__
  C:7390H         PUBLIC        _init_mempool
  -------         ENDMOD        INIT_MEM

*** WARNING L16: UNCALLED SEGMENT, IGNORED FOR OVERLAY PROCESS
BL51 BANKED LINKER/LOCATER V6.00                                                      08/07/2017  17:31:50  PAGE 134


    SEGMENT: ?PR?TEST?SETUP

*** WARNING L16: UNCALLED SEGMENT, IGNORED FOR OVERLAY PROCESS
    SEGMENT: ?PR?MODE1?MODE

*** WARNING L16: UNCALLED SEGMENT, IGNORED FOR OVERLAY PROCESS
    SEGMENT: ?PR?MODE2?MODE

*** WARNING L16: UNCALLED SEGMENT, IGNORED FOR OVERLAY PROCESS
    SEGMENT: ?PR?MODE3?MODE

*** WARNING L16: UNCALLED SEGMENT, IGNORED FOR OVERLAY PROCESS
    SEGMENT: ?PR?MODE4?MODE

*** WARNING L16: UNCALLED SEGMENT, IGNORED FOR OVERLAY PROCESS
    SEGMENT: ?PR?MODELAUNCHER?MODE

*** WARNING L16: UNCALLED SEGMENT, IGNORED FOR OVERLAY PROCESS
    SEGMENT: ?PR?_PID_CONFIG?PID

*** WARNING L16: UNCALLED SEGMENT, IGNORED FOR OVERLAY PROCESS
    SEGMENT: ?PR?_OPENPID?PID

*** WARNING L16: UNCALLED SEGMENT, IGNORED FOR OVERLAY PROCESS
    SEGMENT: ?PR?_CLOSEPID?PID

*** WARNING L16: UNCALLED SEGMENT, IGNORED FOR OVERLAY PROCESS
    SEGMENT: ?PR?_SETPARAMETERINFERIORLIMIT?PID

*** WARNING L16: UNCALLED SEGMENT, IGNORED FOR OVERLAY PROCESS
    SEGMENT: ?PR?_SETPARAMETERUPPERLIMIT?PID

*** WARNING L16: UNCALLED SEGMENT, IGNORED FOR OVERLAY PROCESS
    SEGMENT: ?PR?_SETACTUALPARAMETER?PID

*** WARNING L16: UNCALLED SEGMENT, IGNORED FOR OVERLAY PROCESS
    SEGMENT: ?PR?_SETKI?PID

*** WARNING L16: UNCALLED SEGMENT, IGNORED FOR OVERLAY PROCESS
    SEGMENT: ?PR?_SETKP?PID

*** WARNING L16: UNCALLED SEGMENT, IGNORED FOR OVERLAY PROCESS
    SEGMENT: ?PR?_SETKD?PID

*** WARNING L16: UNCALLED SEGMENT, IGNORED FOR OVERLAY PROCESS
    SEGMENT: ?PR?_SETPARAMETER?PID

*** WARNING L16: UNCALLED SEGMENT, IGNORED FOR OVERLAY PROCESS
    SEGMENT: ?PR?_GETPARAMETER?PID

*** WARNING L16: UNCALLED SEGMENT, IGNORED FOR OVERLAY PROCESS
    SEGMENT: ?PR?_GETERR?PID

*** WARNING L16: UNCALLED SEGMENT, IGNORED FOR OVERLAY PROCESS
    SEGMENT: ?PR?_GETERRLAST?PID

*** WARNING L16: UNCALLED SEGMENT, IGNORED FOR OVERLAY PROCESS
BL51 BANKED LINKER/LOCATER V6.00                                                      08/07/2017  17:31:50  PAGE 135


    SEGMENT: ?PR?_GETKP?PID

*** WARNING L16: UNCALLED SEGMENT, IGNORED FOR OVERLAY PROCESS
    SEGMENT: ?PR?_GETKI?PID

*** WARNING L16: UNCALLED SEGMENT, IGNORED FOR OVERLAY PROCESS
    SEGMENT: ?PR?_GETKD?PID

*** WARNING L16: UNCALLED SEGMENT, IGNORED FOR OVERLAY PROCESS
    SEGMENT: ?PR?_GETOUTPUT?PID

*** WARNING L16: UNCALLED SEGMENT, IGNORED FOR OVERLAY PROCESS
    SEGMENT: ?PR?_GETINTEGRAL?PID

*** WARNING L16: UNCALLED SEGMENT, IGNORED FOR OVERLAY PROCESS
    SEGMENT: ?PR?_SETMAXERROR?PID

*** WARNING L16: UNCALLED SEGMENT, IGNORED FOR OVERLAY PROCESS
    SEGMENT: ?PR?_POSCLASSPID?PID

*** WARNING L16: UNCALLED SEGMENT, IGNORED FOR OVERLAY PROCESS
    SEGMENT: ?PR?_INCCLASSPID?PID

*** WARNING L16: UNCALLED SEGMENT, IGNORED FOR OVERLAY PROCESS
    SEGMENT: ?PR?_LCD_CLR_ROW?LCD5510_V2

*** WARNING L16: UNCALLED SEGMENT, IGNORED FOR OVERLAY PROCESS
    SEGMENT: ?PR?_LCD_PRINTS?LCD5510_V2

*** WARNING L16: UNCALLED SEGMENT, IGNORED FOR OVERLAY PROCESS
    SEGMENT: ?PR?_LCD_PRINTNUM_F?LCD5510_V2

*** WARNING L16: UNCALLED SEGMENT, IGNORED FOR OVERLAY PROCESS
    SEGMENT: ?PR?GETBOARD_LED_STATE?LED

*** WARNING L16: UNCALLED SEGMENT, IGNORED FOR OVERLAY PROCESS
    SEGMENT: ?PR?_BOARD_LED_PWM?LED

*** WARNING L16: UNCALLED SEGMENT, IGNORED FOR OVERLAY PROCESS
    SEGMENT: ?PR?_SETDC_MOTORSPEED?MOTOR

*** WARNING L16: UNCALLED SEGMENT, IGNORED FOR OVERLAY PROCESS
    SEGMENT: ?PR?_OPEN_DC_MOTOR?MOTOR

*** WARNING L16: UNCALLED SEGMENT, IGNORED FOR OVERLAY PROCESS
    SEGMENT: ?PR?_CLOSE_DC_MOTOR?MOTOR

*** WARNING L16: UNCALLED SEGMENT, IGNORED FOR OVERLAY PROCESS
    SEGMENT: ?PR?_GETDC_MOTORSTATE?MOTOR

*** WARNING L16: UNCALLED SEGMENT, IGNORED FOR OVERLAY PROCESS
    SEGMENT: ?PR?DC_MOTOR_CONFIG?MOTOR

*** WARNING L16: UNCALLED SEGMENT, IGNORED FOR OVERLAY PROCESS
    SEGMENT: ?PR?_INIT_STR_MOTOR?SERVO

*** WARNING L16: UNCALLED SEGMENT, IGNORED FOR OVERLAY PROCESS
BL51 BANKED LINKER/LOCATER V6.00                                                      08/07/2017  17:31:50  PAGE 136


    SEGMENT: ?PR?_SET_STR_ANGLE?SERVO

*** WARNING L16: UNCALLED SEGMENT, IGNORED FOR OVERLAY PROCESS
    SEGMENT: ?PR?_READ_STR_ANGLE?SERVO

*** WARNING L16: UNCALLED SEGMENT, IGNORED FOR OVERLAY PROCESS
    SEGMENT: ?PR?_OPEN_STR?SERVO

*** WARNING L16: UNCALLED SEGMENT, IGNORED FOR OVERLAY PROCESS
    SEGMENT: ?PR?_CLOSE_STR?SERVO

*** WARNING L16: UNCALLED SEGMENT, IGNORED FOR OVERLAY PROCESS
    SEGMENT: ?PR?_SETSTEPMOTORWITHDISTANCE?STEP_MOTOR

*** WARNING L16: UNCALLED SEGMENT, IGNORED FOR OVERLAY PROCESS
    SEGMENT: ?PR?_SETSTEPMOTORWITHROUND?STEP_MOTOR

*** WARNING L16: UNCALLED SEGMENT, IGNORED FOR OVERLAY PROCESS
    SEGMENT: ?PR?_SETSTEPMOTORSTATE?STEP_MOTOR

*** WARNING L16: UNCALLED SEGMENT, IGNORED FOR OVERLAY PROCESS
    SEGMENT: ?PR?_GETSTEPMOTORSTATE?STEP_MOTOR

*** WARNING L16: UNCALLED SEGMENT, IGNORED FOR OVERLAY PROCESS
    SEGMENT: ?PR?_SETSTEPMOTORDIVERSION?STEP_MOTOR

*** WARNING L16: UNCALLED SEGMENT, IGNORED FOR OVERLAY PROCESS
    SEGMENT: ?PR?_CLOSE_STEPMOTOR?STEP_MOTOR

*** WARNING L16: UNCALLED SEGMENT, IGNORED FOR OVERLAY PROCESS
    SEGMENT: ?PR?_OPEN_STEPMOTOR?STEP_MOTOR

*** WARNING L16: UNCALLED SEGMENT, IGNORED FOR OVERLAY PROCESS
    SEGMENT: ?PR?_FREESTEPMOTOR?STEP_MOTOR

*** WARNING L16: UNCALLED SEGMENT, IGNORED FOR OVERLAY PROCESS
    SEGMENT: ?PR?_LOCKSTEPMOTOR?STEP_MOTOR

*** WARNING L16: UNCALLED SEGMENT, IGNORED FOR OVERLAY PROCESS
    SEGMENT: ?PR?_STEPMOTOR_INIT?STEP_MOTOR

*** WARNING L16: UNCALLED SEGMENT, IGNORED FOR OVERLAY PROCESS
    SEGMENT: ?PR?GETANGLE?ANGLE

*** WARNING L16: UNCALLED SEGMENT, IGNORED FOR OVERLAY PROCESS
    SEGMENT: ?PR?_SETSPEAKERPERIOD?SPEAKER

*** WARNING L16: UNCALLED SEGMENT, IGNORED FOR OVERLAY PROCESS
    SEGMENT: ?PR?_SETLENGTH?SPEAKER

*** WARNING L16: UNCALLED SEGMENT, IGNORED FOR OVERLAY PROCESS
    SEGMENT: ?PR?_OPEN_SPEAKER?SPEAKER

*** WARNING L16: UNCALLED SEGMENT, IGNORED FOR OVERLAY PROCESS
    SEGMENT: ?PR?_CLOSE_SPEAKER?SPEAKER

*** WARNING L16: UNCALLED SEGMENT, IGNORED FOR OVERLAY PROCESS
BL51 BANKED LINKER/LOCATER V6.00                                                      08/07/2017  17:31:50  PAGE 137


    SEGMENT: ?PR?_GETPULSERSTATE?FIXEDPULSER

*** WARNING L16: UNCALLED SEGMENT, IGNORED FOR OVERLAY PROCESS
    SEGMENT: ?PR?SETCARFORWARD?MT_1_L298N

*** WARNING L16: UNCALLED SEGMENT, IGNORED FOR OVERLAY PROCESS
    SEGMENT: ?PR?SETCARBACK?MT_1_L298N

*** WARNING L16: UNCALLED SEGMENT, IGNORED FOR OVERLAY PROCESS
    SEGMENT: ?PR?SETCARSTOP?MT_1_L298N

*** WARNING L16: UNCALLED SEGMENT, IGNORED FOR OVERLAY PROCESS
    SEGMENT: ?PR?SETCARRIGHTFORWARD?MT_1_L298N

*** WARNING L16: UNCALLED SEGMENT, IGNORED FOR OVERLAY PROCESS
    SEGMENT: ?PR?SETCARRIGHTBACK?MT_1_L298N

*** WARNING L16: UNCALLED SEGMENT, IGNORED FOR OVERLAY PROCESS
    SEGMENT: ?PR?SETCARRIGHTTURN?MT_1_L298N

*** WARNING L16: UNCALLED SEGMENT, IGNORED FOR OVERLAY PROCESS
    SEGMENT: ?PR?SETCARLEFTFORWARD?MT_1_L298N

*** WARNING L16: UNCALLED SEGMENT, IGNORED FOR OVERLAY PROCESS
    SEGMENT: ?PR?SETCARLEFTBACK?MT_1_L298N

*** WARNING L16: UNCALLED SEGMENT, IGNORED FOR OVERLAY PROCESS
    SEGMENT: ?PR?SETCARLEFTTURN?MT_1_L298N

*** WARNING L16: UNCALLED SEGMENT, IGNORED FOR OVERLAY PROCESS
    SEGMENT: ?PR?_INITJY901?MPU9250_SBUF

*** WARNING L16: UNCALLED SEGMENT, IGNORED FOR OVERLAY PROCESS
    SEGMENT: ?PR?_ENABLEJY901?MPU9250_SBUF

*** WARNING L16: UNCALLED SEGMENT, IGNORED FOR OVERLAY PROCESS
    SEGMENT: ?PR?_DISABLEJY901?MPU9250_SBUF

*** WARNING L16: UNCALLED SEGMENT, IGNORED FOR OVERLAY PROCESS
    SEGMENT: ?PR?_OPENJY901SBUFMODE?MPU9250_SBUF

*** WARNING L16: UNCALLED SEGMENT, IGNORED FOR OVERLAY PROCESS
    SEGMENT: ?PR?_CLOSEJY901SBUFMODE?MPU9250_SBUF

*** WARNING L16: UNCALLED SEGMENT, IGNORED FOR OVERLAY PROCESS
    SEGMENT: ?PR?_GETJY901ACCELERATION?MPU9250_SBUF

*** WARNING L16: UNCALLED SEGMENT, IGNORED FOR OVERLAY PROCESS
    SEGMENT: ?PR?_GETJY901PALSTANCE?MPU9250_SBUF

*** WARNING L16: UNCALLED SEGMENT, IGNORED FOR OVERLAY PROCESS
    SEGMENT: ?PR?_GETJY901MAGNETIC?MPU9250_SBUF

*** WARNING L16: UNCALLED SEGMENT, IGNORED FOR OVERLAY PROCESS
    SEGMENT: ?PR?RELAY_INIT?RELAY

*** WARNING L16: UNCALLED SEGMENT, IGNORED FOR OVERLAY PROCESS
BL51 BANKED LINKER/LOCATER V6.00                                                      08/07/2017  17:31:50  PAGE 138


    SEGMENT: ?PR?_OPENRELAYMODULAR?RELAY

*** WARNING L16: UNCALLED SEGMENT, IGNORED FOR OVERLAY PROCESS
    SEGMENT: ?PR?_CLOSERELAYMODULAR?RELAY

*** WARNING L16: UNCALLED SEGMENT, IGNORED FOR OVERLAY PROCESS
    SEGMENT: ?PR?_OPENRELAYKEY?RELAY

*** WARNING L16: UNCALLED SEGMENT, IGNORED FOR OVERLAY PROCESS
    SEGMENT: ?PR?_CLOSERELAYKEY?RELAY

*** WARNING L16: UNCALLED SEGMENT, IGNORED FOR OVERLAY PROCESS
    SEGMENT: ?PR?_TM1638LEDDISPLAY?TM1638

*** WARNING L16: UNCALLED SEGMENT, IGNORED FOR OVERLAY PROCESS
    SEGMENT: ?PR?CLOSETM1638DISPLAY?TM1638

*** WARNING L16: UNCALLED SEGMENT, IGNORED FOR OVERLAY PROCESS
    SEGMENT: ?PR?_CLOSE_ADS1115?ADS1115

*** WARNING L16: UNCALLED SEGMENT, IGNORED FOR OVERLAY PROCESS
    SEGMENT: ?PR?_HC595_INIT?74HC595

*** WARNING L16: UNCALLED SEGMENT, IGNORED FOR OVERLAY PROCESS
    SEGMENT: ?PR?_HC595SENDDATA?74HC595

*** WARNING L16: UNCALLED SEGMENT, IGNORED FOR OVERLAY PROCESS
    SEGMENT: ?PR?DS1302_WRITE_TIME?DS1302

*** WARNING L16: UNCALLED SEGMENT, IGNORED FOR OVERLAY PROCESS
    SEGMENT: ?PR?_CLOSE_HC_SR04?HC_SR04

*** WARNING L16: UNCALLED SEGMENT, IGNORED FOR OVERLAY PROCESS
    SEGMENT: ?PR?_GETHC_SR04_STATE?HC_SR04

*** WARNING L16: UNCALLED SEGMENT, IGNORED FOR OVERLAY PROCESS
    SEGMENT: ?PR?_SETTIMERVALUE?HC_SR04

*** WARNING L16: UNCALLED SEGMENT, IGNORED FOR OVERLAY PROCESS
    SEGMENT: ?PR?_ADC_POWERCONTROL?ADC

*** WARNING L16: UNCALLED SEGMENT, IGNORED FOR OVERLAY PROCESS
    SEGMENT: ?PR?_EEPROM_READ_N?STC15_EEPROM

*** WARNING L16: UNCALLED SEGMENT, IGNORED FOR OVERLAY PROCESS
    SEGMENT: ?PR?_EEPROM_SECTORERASE?STC15_EEPROM

*** WARNING L16: UNCALLED SEGMENT, IGNORED FOR OVERLAY PROCESS
    SEGMENT: ?PR?_EEPROM_WRITE_N?STC15_EEPROM

*** WARNING L16: UNCALLED SEGMENT, IGNORED FOR OVERLAY PROCESS
    SEGMENT: ?PR?_SETPINSTATE?GPIO

*** WARNING L16: UNCALLED SEGMENT, IGNORED FOR OVERLAY PROCESS
    SEGMENT: ?PR?_IIC_WRDATTOADD?STC15_IIC

*** WARNING L16: UNCALLED SEGMENT, IGNORED FOR OVERLAY PROCESS
BL51 BANKED LINKER/LOCATER V6.00                                                      08/07/2017  17:31:50  PAGE 139


    SEGMENT: ?PR?_IIC_RDDATFROMADD?STC15_IIC

*** WARNING L16: UNCALLED SEGMENT, IGNORED FOR OVERLAY PROCESS
    SEGMENT: ?PR?_PWMN_UPDATE?PCA

*** WARNING L16: UNCALLED SEGMENT, IGNORED FOR OVERLAY PROCESS
    SEGMENT: ?PR?_PCA_INIT?PCA

*** WARNING L16: UNCALLED SEGMENT, IGNORED FOR OVERLAY PROCESS
    SEGMENT: ?PR?_PWMOUTPUT?PCA

*** WARNING L16: UNCALLED SEGMENT, IGNORED FOR OVERLAY PROCESS
    SEGMENT: ?PR?_GET_PWM_PERIOD?STC15_PWM

*** WARNING L16: UNCALLED SEGMENT, IGNORED FOR OVERLAY PROCESS
    SEGMENT: ?PR?_GET_PWM_N_DUTY?STC15_PWM

*** WARNING L16: UNCALLED SEGMENT, IGNORED FOR OVERLAY PROCESS
    SEGMENT: ?PR?_GETPWM_DIV?STC15_PWM

*** WARNING L16: UNCALLED SEGMENT, IGNORED FOR OVERLAY PROCESS
    SEGMENT: ?PR?OPEN_PWM_ALL?STC15_PWM

*** WARNING L16: UNCALLED SEGMENT, IGNORED FOR OVERLAY PROCESS
    SEGMENT: ?PR?CLOSE_PWM_ALL?STC15_PWM

*** WARNING L16: UNCALLED SEGMENT, IGNORED FOR OVERLAY PROCESS
    SEGMENT: ?PR?_GET_PWM_N_STATE?STC15_PWM

*** WARNING L16: UNCALLED SEGMENT, IGNORED FOR OVERLAY PROCESS
    SEGMENT: ?PR?_SPI_INIT?STC15_SPI

*** WARNING L16: UNCALLED SEGMENT, IGNORED FOR OVERLAY PROCESS
    SEGMENT: ?PR?_SPI_WRITENBYTETOTXBUF?STC15_SPI

*** WARNING L16: UNCALLED SEGMENT, IGNORED FOR OVERLAY PROCESS
    SEGMENT: ?PR?SPI_TRIGTX?STC15_SPI

*** WARNING L16: UNCALLED SEGMENT, IGNORED FOR OVERLAY PROCESS
    SEGMENT: ?PR?_SPI_SPI_READTHENBYTETORXBUF?STC15_SPI

*** WARNING L16: UNCALLED SEGMENT, IGNORED FOR OVERLAY PROCESS
    SEGMENT: ?PR?_SETTIMEOUT?TIMER

*** WARNING L16: UNCALLED SEGMENT, IGNORED FOR OVERLAY PROCESS
    SEGMENT: ?PR?_GETTIMEROUT?TIMER

*** WARNING L16: UNCALLED SEGMENT, IGNORED FOR OVERLAY PROCESS
    SEGMENT: ?PR?_SETTIMERHERTZ?TIMER

*** WARNING L16: UNCALLED SEGMENT, IGNORED FOR OVERLAY PROCESS
    SEGMENT: ?PR?_GETTIMERHERTZ?TIMER

*** WARNING L16: UNCALLED SEGMENT, IGNORED FOR OVERLAY PROCESS
    SEGMENT: ?PR?_STOPTIMER?TIMER

*** WARNING L16: UNCALLED SEGMENT, IGNORED FOR OVERLAY PROCESS
BL51 BANKED LINKER/LOCATER V6.00                                                      08/07/2017  17:31:50  PAGE 140


    SEGMENT: ?PR?_ISSTOPPED?TIMER

*** WARNING L16: UNCALLED SEGMENT, IGNORED FOR OVERLAY PROCESS
    SEGMENT: ?PR?_ONRESTARTTIMER?TIMER

*** WARNING L16: UNCALLED SEGMENT, IGNORED FOR OVERLAY PROCESS
    SEGMENT: ?PR?GETMICROS?TIMER

*** WARNING L16: UNCALLED SEGMENT, IGNORED FOR OVERLAY PROCESS
    SEGMENT: ?PR?GETMILLIS?TIMER

*** WARNING L16: UNCALLED SEGMENT, IGNORED FOR OVERLAY PROCESS
    SEGMENT: ?PR?GETSECONDS?TIMER

*** WARNING L16: UNCALLED SEGMENT, IGNORED FOR OVERLAY PROCESS
    SEGMENT: ?PR?GETMINUTES?TIMER

*** WARNING L16: UNCALLED SEGMENT, IGNORED FOR OVERLAY PROCESS
    SEGMENT: ?PR?GETHOURS?TIMER

*** WARNING L16: UNCALLED SEGMENT, IGNORED FOR OVERLAY PROCESS
    SEGMENT: ?PR?GETDAYS?TIMER

*** WARNING L16: UNCALLED SEGMENT, IGNORED FOR OVERLAY PROCESS
    SEGMENT: ?PR?_PRINTSTRING2?USART1

*** WARNING L16: UNCALLED SEGMENT, IGNORED FOR OVERLAY PROCESS
    SEGMENT: ?PR?_PRINTSTRING3?USART1

*** WARNING L16: UNCALLED SEGMENT, IGNORED FOR OVERLAY PROCESS
    SEGMENT: ?PR?_PRINTSTRING4?USART1

*** WARNING L16: UNCALLED SEGMENT, IGNORED FOR OVERLAY PROCESS
    SEGMENT: ?PR?_INIT_MEMPOOL?INIT_MEM

*** WARNING L15: MULTIPLE CALL TO SEGMENT
    SEGMENT: ?PR?_LCD_PRINTSL?LCD5510_V2
    CALLER1: ?PR?TASKSTART?ABSTASK
    CALLER2: ?PR?DATAUPDATE?ABSTASK

*** WARNING L15: MULTIPLE CALL TO SEGMENT
    SEGMENT: ?PR?_DATASCOPE_GET_CHANNEL_DATA?DATASCOPE_DP
    CALLER1: ?PR?PRINTANGLEDATA?ABSTASK
    CALLER2: ?PR?PRINTADS1115?ABSTASK

*** WARNING L15: MULTIPLE CALL TO SEGMENT
    SEGMENT: ?PR?_FLOAT2BYTE?DATASCOPE_DP
    CALLER1: ?PR?PRINTANGLEDATA?ABSTASK
    CALLER2: ?PR?PRINTADS1115?ABSTASK

*** WARNING L15: MULTIPLE CALL TO SEGMENT
    SEGMENT: ?PR?_SENDSCOPEDATA?DATASCOPE_DP
    CALLER1: ?PR?PRINTANGLEDATA?ABSTASK
    CALLER2: ?PR?PRINTADS1115?ABSTASK

*** WARNING L15: MULTIPLE CALL TO SEGMENT
    SEGMENT: ?PR?_BUZZ?SPEAKER
BL51 BANKED LINKER/LOCATER V6.00                                                      08/07/2017  17:31:50  PAGE 141


    CALLER1: ?PR?TASKSTART?ABSTASK
    CALLER2: ?PR?BUZZ?ABSTASK

*** WARNING L15: MULTIPLE CALL TO SEGMENT
    SEGMENT: ?PR?_SETPULSE?FIXEDPULSER
    CALLER1: ?PR?TASKSTART?ABSTASK
    CALLER2: ?PR?BUZZ?ABSTASK

*** WARNING L15: MULTIPLE CALL TO SEGMENT
    SEGMENT: ?PR?_SETTM1638WRITE?TM1638
    CALLER1: ?PR?TASKSTART?ABSTASK
    CALLER2: ?PR?ABUTTONSCAN?ABSTASK

*** WARNING L15: MULTIPLE CALL TO SEGMENT
    SEGMENT: ?PR?_LCD_PRINTSL?LCD5510_V2
    CALLER1: ?PR?DATAUPDATE?ABSTASK
    CALLER2: ?PR?PRINTFBUTTON?ABSTASK

*** WARNING L15: MULTIPLE CALL TO SEGMENT
    SEGMENT: ?PR?_DATASCOPE_GET_CHANNEL_DATA?DATASCOPE_DP
    CALLER1: ?PR?PRINTADS1115?ABSTASK
    CALLER2: ?PR?PRINTDISTANCE?ABSTASK

*** WARNING L15: MULTIPLE CALL TO SEGMENT
    SEGMENT: ?PR?_FLOAT2BYTE?DATASCOPE_DP
    CALLER1: ?PR?PRINTADS1115?ABSTASK
    CALLER2: ?PR?PRINTDISTANCE?ABSTASK

*** WARNING L15: MULTIPLE CALL TO SEGMENT
    SEGMENT: ?PR?_SENDSCOPEDATA?DATASCOPE_DP
    CALLER1: ?PR?PRINTADS1115?ABSTASK
    CALLER2: ?PR?PRINTDISTANCE?ABSTASK

*** WARNING L15: MULTIPLE CALL TO SEGMENT
    SEGMENT: ?PR?_DATASCOPE_GET_CHANNEL_DATA?DATASCOPE_DP
    CALLER1: ?PR?PRINTDISTANCE?ABSTASK
    CALLER2: ?PR?DISTANCE?ABSTASK

*** WARNING L15: MULTIPLE CALL TO SEGMENT
    SEGMENT: ?PR?_FLOAT2BYTE?DATASCOPE_DP
    CALLER1: ?PR?PRINTDISTANCE?ABSTASK
    CALLER2: ?PR?DISTANCE?ABSTASK

*** WARNING L15: MULTIPLE CALL TO SEGMENT
    SEGMENT: ?PR?_SENDSCOPEDATA?DATASCOPE_DP
    CALLER1: ?PR?PRINTDISTANCE?ABSTASK
    CALLER2: ?PR?DISTANCE?ABSTASK

*** WARNING L15: MULTIPLE CALL TO SEGMENT
    SEGMENT: ?PR?GETBUTTONNUM?TM1638
    CALLER1: ?PR?ABUTTONSCAN?ABSTASK
    CALLER2: ?PR?BUTTONSOUND?ABSTASK

*** WARNING L15: MULTIPLE CALL TO SEGMENT
    SEGMENT: ?PR?_SETTM1638WRITE?TM1638
    CALLER1: ?PR?ABUTTONSCAN?ABSTASK
    CALLER2: ?PR?BUTTONSOUND?ABSTASK
BL51 BANKED LINKER/LOCATER V6.00                                                      08/07/2017  17:31:50  PAGE 142



*** WARNING L15: MULTIPLE CALL TO SEGMENT
    SEGMENT: ?PR?GETTM1638READ?TM1638
    CALLER1: ?PR?ABUTTONSCAN?ABSTASK
    CALLER2: ?PR?BUTTONSOUND?ABSTASK

*** WARNING L15: MULTIPLE CALL TO SEGMENT
    SEGMENT: ?PR?_BUZZ?SPEAKER
    CALLER1: ?PR?BUZZ?ABSTASK
    CALLER2: ?PR?BUTTONSOUND?ABSTASK

*** WARNING L15: MULTIPLE CALL TO SEGMENT
    SEGMENT: ?PR?_SETPULSE?FIXEDPULSER
    CALLER1: ?PR?BUZZ?ABSTASK
    CALLER2: ?PR?BUTTONSOUND?ABSTASK

******************************************************************************
* RESTRICTED VERSION WITH FFFFH BYTE CODE SIZE LIMIT; USED: 6891H BYTE (40%) *
******************************************************************************

Program Size: data=133.4 xdata=2681 code=32000
LINK/LOCATE RUN COMPLETE.  145 WARNING(S),  0 ERROR(S)
