BL51 BANKED LINKER/LOCATER V6.00                                                        06/28/2017  20:35:47  PAGE 1


BL51 BANKED LINKER/LOCATER V6.00, INVOKED BY:
C:\KEIL_V5\C51\BIN\BL51.EXE .\absTask.obj, .\task.obj, .\setup.obj, .\mode.obj, .\Conf_tny.obj, .\DataScope_DP.obj, .\BU
>> TTON.obj, .\MOTOR.obj, .\ADC.obj, .\delay.obj, .\GPIO.obj, .\PCA.obj, .\stc15_exti.obj, .\stc15_iic.obj, .\stc15_pwm.
>> obj, .\stc15_spi.obj, .\timer.obj, .\USART1.obj TO 电子大赛程序框架 RTX51TINY RAMSIZE (256)


MEMORY MODEL: LARGE WITH FLOATING POINT ARITHMETIC


INPUT MODULES INCLUDED:
  .\absTask.obj (ABSTASK)
  .\task.obj (TASK)
  .\setup.obj (SETUP)
  .\mode.obj (MODE)
  .\Conf_tny.obj (?RTX51_TINY_KERNAL)
  .\DataScope_DP.obj (DATASCOPE_DP)
  .\BUTTON.obj (BUTTON)
  .\MOTOR.obj (MOTOR)
  .\ADC.obj (ADC)
  .\delay.obj (DELAY)
  .\GPIO.obj (GPIO)
  .\PCA.obj (PCA)
  .\stc15_exti.obj (STC15_EXTI)
  .\stc15_iic.obj (STC15_IIC)
  .\stc15_pwm.obj (STC15_PWM)
  .\stc15_spi.obj (STC15_SPI)
  .\timer.obj (TIMER)
  .\USART1.obj (USART1)
  C:\KEIL_V5\C51\LIB\RTX51TNY.LIB (?RTX51_TINY_OS_CREATE)
  C:\KEIL_V5\C51\LIB\RTX51TNY.LIB (?RTX51_TINY_OS_DELETE)
  C:\KEIL_V5\C51\LIB\RTX51TNY.LIB (?RTX51_TINY_OS_WAIT)
  C:\KEIL_V5\C51\LIB\C51FPL.LIB (?C?FPMUL)
  C:\KEIL_V5\C51\LIB\C51FPL.LIB (?C?FPCMP)
  C:\KEIL_V5\C51\LIB\C51FPL.LIB (?C?FCAST)
  C:\KEIL_V5\C51\LIB\C51FPL.LIB (?C?CASTF)
  C:\KEIL_V5\C51\LIB\C51FPL.LIB (?C?FPGETOPN)
  C:\KEIL_V5\C51\LIB\C51L.LIB (?C_STARTUP)
  C:\KEIL_V5\C51\LIB\C51L.LIB (?C?CLDPTR)
  C:\KEIL_V5\C51\LIB\C51L.LIB (?C?CLDOPTR)
  C:\KEIL_V5\C51\LIB\C51L.LIB (?C?CSTPTR)
  C:\KEIL_V5\C51\LIB\C51L.LIB (?C?IMUL)
  C:\KEIL_V5\C51\LIB\C51L.LIB (?C?UIDIV)
  C:\KEIL_V5\C51\LIB\C51L.LIB (?C?IILDX)
  C:\KEIL_V5\C51\LIB\C51L.LIB (?C?ILDIX)
  C:\KEIL_V5\C51\LIB\C51L.LIB (?C?ILDOPTR)
  C:\KEIL_V5\C51\LIB\C51L.LIB (?C?ULDIV)
  C:\KEIL_V5\C51\LIB\C51L.LIB (?C?SLDIV)
  C:\KEIL_V5\C51\LIB\C51L.LIB (?C?LNEG)
  C:\KEIL_V5\C51\LIB\C51L.LIB (?C?ULCMP)
  C:\KEIL_V5\C51\LIB\C51L.LIB (?C?ULSHR)
  C:\KEIL_V5\C51\LIB\C51L.LIB (?C?LLDOPTR0)
  C:\KEIL_V5\C51\LIB\C51L.LIB (?C?LSTXDATA)
  C:\KEIL_V5\C51\LIB\C51L.LIB (?C?LSTKXDATA)
  C:\KEIL_V5\C51\LIB\C51L.LIB (?C_INIT)
  C:\KEIL_V5\C51\LIB\C51L.LIB (?C?LLDIDATA0)
  C:\KEIL_V5\C51\LIB\C51L.LIB (?C?LLDXDATA0)
  C:\KEIL_V5\C51\LIB\C51L.LIB (?C?LLDPDATA0)
  C:\KEIL_V5\C51\LIB\C51L.LIB (?C?LLDCODE0)
BL51 BANKED LINKER/LOCATER V6.00                                                      06/28/2017  20:35:47  PAGE 2




TASK TABLE OF MODULE:  电子大赛程序框架 (ABSTASK)

TASKID   PRIORITY   REG-BANK   SEGMENT NAME
-------------------------------------------
0        0          0          ?PR?TASKSTART?ABSTASK
1        0          0          ?PR?TASK1?ABSTASK
2        0          0          ?PR?TASK2?ABSTASK
3        0          0          ?PR?TASK3?ABSTASK



LINK MAP OF MODULE:  电子大赛程序框架 (ABSTASK)


            TYPE    BASE      LENGTH    RELOCATION   SEGMENT NAME
            -----------------------------------------------------

            * * * * * * *   D A T A   M E M O R Y   * * * * * * *
            REG     0000H     0008H     ABSOLUTE     "REG BANK 0"
            DATA    0008H     0006H     ABSOLUTE     
            IDATA   000EH     0008H     UNIT         ?RTX?TASKSTATE?S
            IDATA   0016H     0004H     UNIT         ?RTX?TASKSP?S
                    001AH     0006H                  *** GAP ***
            BIT     0020H.0   0000H.3   UNIT         ?BI?PCA
            BIT     0020H.3   0000H.1   UNIT         ?RTX?BITS
            BIT     0020H.4   0000H.1   UNIT         ?BI?_SETPINSTATE?GPIO
            BIT     0020H.5   0000H.1   UNIT         ?BI?IIC_RDACK?STC15_IIC
            BIT     0020H.6   0000H.1   UNIT         ?BI?STC15_PWM
                    0020H.7   0000H.1                *** GAP ***
            IDATA   0021H     0040H     UNIT         ?ID?STC15_SPI
            IDATA   0061H     0001H     UNIT         ?STACK

            * * * * * * *  X D A T A   M E M O R Y  * * * * * * *
            XDATA   0000H     028CH     UNIT         ?XD?USART1
            XDATA   028CH     001CH     UNIT         ?XD?STC15_PWM
            XDATA   02A8H     0018H     UNIT         _XDATA_GROUP_
            XDATA   02C0H     0016H     UNIT         ?XD?TIMER
            XDATA   02D6H     0015H     UNIT         ?XD?PCA
            XDATA   02EBH     0013H     UNIT         ?XD?_PWM_CONFIG?STC15_PWM
            XDATA   02FEH     0009H     UNIT         ?XD?_PWM_DUTY?STC15_PWM
            XDATA   0307H     0007H     UNIT         ?XD?_PWM_SET_T12_PERIOD?STC15_PWM
            XDATA   030EH     0006H     UNIT         ?XD?_IIC_WRDATTOADD?STC15_IIC
            XDATA   0314H     0006H     UNIT         ?XD?_IIC_RDDATFROMADD?STC15_IIC
            XDATA   031AH     0004H     UNIT         ?XD?STC15_SPI
            XDATA   031EH     0003H     UNIT         ?XD?_PCA_INIT?PCA
            XDATA   0321H     0003H     UNIT         ?XD?_PWMOUTPUT?PCA

            * * * * * * *   C O D E   M E M O R Y   * * * * * * *
            CODE    0000H     0003H     ABSOLUTE     
            CODE    0003H     0003H     ABSOLUTE     
                    0006H     0005H                  *** GAP ***
            CODE    000BH     0003H     ABSOLUTE     
                    000EH     0005H                  *** GAP ***
            CODE    0013H     0003H     ABSOLUTE     
                    0016H     0005H                  *** GAP ***
BL51 BANKED LINKER/LOCATER V6.00                                                      06/28/2017  20:35:47  PAGE 3


            CODE    001BH     0003H     ABSOLUTE     
                    001EH     0005H                  *** GAP ***
            CODE    0023H     0003H     ABSOLUTE     
                    0026H     0005H                  *** GAP ***
            CODE    002BH     0003H     ABSOLUTE     
                    002EH     000DH                  *** GAP ***
            CODE    003BH     0003H     ABSOLUTE     
                    003EH     0005H                  *** GAP ***
            CODE    0043H     0003H     ABSOLUTE     
                    0046H     0005H                  *** GAP ***
            CODE    004BH     0003H     ABSOLUTE     
                    004EH     0005H                  *** GAP ***
            CODE    0053H     0003H     ABSOLUTE     
                    0056H     0005H                  *** GAP ***
            CODE    005BH     0003H     ABSOLUTE     
                    005EH     0025H                  *** GAP ***
            CODE    0083H     0003H     ABSOLUTE     
                    0086H     0005H                  *** GAP ***
            CODE    008BH     0003H     ABSOLUTE     
                    008EH     0005H                  *** GAP ***
            CODE    0093H     0003H     ABSOLUTE     
                    0096H     0005H                  *** GAP ***
            CODE    009BH     0003H     ABSOLUTE     
                    009EH     0005H                  *** GAP ***
            CODE    00A3H     0003H     ABSOLUTE     
                    00A6H     075AH                  *** GAP ***
            CODE    0800H     06E0H     UNIT         ?PR?_USART_CONFIGURATION?USART1
            CODE    0EE0H     04F8H     UNIT         ?C?LIB_CODE
            CODE    13D8H     0317H     UNIT         ?PR?_PWM_INILIZE?STC15_PWM
            CODE    16EFH     02E3H     UNIT         ?RTX?CODE
            CODE    19D2H     0233H     UNIT         ?PR?_TIMER_INILIZE?TIMER
            CODE    1C05H     01C4H     UNIT         ?PR?_GPIO_INILIZE?GPIO
            CODE    1DC9H     01B2H     UNIT         ?PR?_PWM_DUTY?STC15_PWM
            CODE    1F7BH     019FH     UNIT         ?PR?_PCA_INIT?PCA
            CODE    211AH     013DH     UNIT         ?PR?_PWMOUTPUT?PCA
            CODE    2257H     0137H     UNIT         ?PR?_PWM_SET_T12_PERIOD?STC15_PWM
            CODE    238EH     00F3H     UNIT         ?PR?_PWM_CONFIG?STC15_PWM
            CODE    2481H     00B6H     UNIT         ?PR?_EXT_INILIZE?STC15_EXTI
            CODE    2537H     00B2H     UNIT         ?PR?TIMER4_INT?TIMER
            CODE    25E9H     00AEH     UNIT         ?PR?_PWMN_UPDATE?PCA
            CODE    2697H     00A3H     UNIT         ?PR?PCA_HANDLER?PCA
            CODE    273AH     0091H     UNIT         ?PR?_SPI_INIT?STC15_SPI
            CODE    27CBH     008CH     UNIT         ?C_C51STARTUP
            CODE    2857H     0085H     UNIT         ?PR?UART2_INT?USART1
            CODE    28DCH     0085H     UNIT         ?PR?UART3_INT?USART1
            CODE    2961H     0085H     UNIT         ?PR?UART4_INT?USART1
            CODE    29E6H     007FH     UNIT         ?PR?UART1_INT?USART1
            CODE    2A65H     005EH     UNIT         ?PR?_GET_ADC10BITRESULT?ADC
            CODE    2AC3H     0055H     UNIT         ?PR?SPI_TRANSIVION?STC15_SPI
            CODE    2B18H     0053H     UNIT         ?PR?_ADC_INILIZE?ADC
            CODE    2B6BH     0053H     UNIT         ?PR?_IIC_RDDATFROMADD?STC15_IIC
            CODE    2BBEH     0050H     UNIT         ?PR?TIMERINIT?TIMER
            CODE    2C0EH     0046H     UNIT         ?PR?SENDSCOPEDATA?TASK
            CODE    2C54H     0046H     UNIT         ?PR?TIMER3_INT?TIMER
            CODE    2C9AH     0045H     UNIT         ?PR?TIMER1_ISR?TIMER
            CODE    2CDFH     0044H     UNIT         ?C?LDIV
            CODE    2D23H     003CH     UNIT         ?PR?_GETPWM_N_DUTY?STC15_PWM
BL51 BANKED LINKER/LOCATER V6.00                                                      06/28/2017  20:35:47  PAGE 4


            CODE    2D5FH     0036H     UNIT         ?PR?_IIC_WRDATTOADD?STC15_IIC
            CODE    2D95H     0035H     UNIT         ?PR?_UART1_INIT?SETUP
            CODE    2DCAH     0031H     UNIT         ?C_INITSEG
            CODE    2DFBH     002FH     UNIT         ?PR?_PWM_PERIOD?STC15_PWM
            CODE    2E2AH     0028H     UNIT         ?PR?_TX2_WRITE2BUFF?USART1
            CODE    2E52H     0028H     UNIT         ?PR?_TX3_WRITE2BUFF?USART1
            CODE    2E7AH     0028H     UNIT         ?PR?_TX4_WRITE2BUFF?USART1
            CODE    2EA2H     0027H     UNIT         ?PR?IIC_RDACK?STC15_IIC
            CODE    2EC9H     0027H     UNIT         ?PR?SPI_TRIGTX?STC15_SPI
            CODE    2EF0H     0027H     UNIT         ?PR?_TX1_WRITE2BUFF?USART1
            CODE    2F17H     0026H     UNIT         ?PR?_INPUTONEBYTE?STC15_IIC
            CODE    2F3DH     0025H     UNIT         ?PR?_SETTIMEOUT?TIMER
            CODE    2F62H     0024H     UNIT         ?PR?SPI_SPI_READBYTETORXBUF?STC15_SPI
            CODE    2F86H     0020H     UNIT         ?CO?SETUP
            CODE    2FA6H     0020H     UNIT         ?PR?_RESTARTTIMER?TIMER
            CODE    2FC6H     001FH     UNIT         ?PR?_SPI_WRITENBYTETOTXBUF?STC15_SPI
            CODE    2FE5H     001FH     UNIT         ?PR?_ISEXPIREDTIMER?TIMER
            CODE    3004H     001FH     UNIT         ?PR?_ISSTOPPED?TIMER
            CODE    3023H     001EH     UNIT         ?PR?OUTPUTONEBYTE?STC15_IIC
            CODE    3041H     001DH     UNIT         ?PR?_ISACTIVETIMER?TIMER
            CODE    305EH     001CH     UNIT         ?PR?_SETTIMERHERTZ?TIMER
            CODE    307AH     001BH     UNIT         ?PR?_SPI_SPI_READTHENBYTETORXBUF?STC15_SPI
            CODE    3095H     001AH     UNIT         ?PR?_GETTIMERHERTZ?TIMER
            CODE    30AFH     001AH     UNIT         ?PR?_GETTIMEROUT?TIMER
            CODE    30C9H     0019H     UNIT         ?PR?_IIC_WRDEVADDANDDATADD?STC15_IIC
            CODE    30E2H     0019H     UNIT         ?PR?_STOPTIMER?TIMER
            CODE    30FBH     0018H     UNIT         ?PR?_PWM_SET_PERIOD?STC15_PWM
            CODE    3113H     0014H     UNIT         ?PR?_SPI_WRITEBYTETOTXBUF?STC15_SPI
            CODE    3127H     0013H     UNIT         ?PR?_PRINTSTRING1?USART1
            CODE    313AH     0013H     UNIT         ?PR?_PRINTSTRING2?USART1
            CODE    314DH     0013H     UNIT         ?PR?_PRINTSTRING3?USART1
            CODE    3160H     0013H     UNIT         ?PR?_PRINTSTRING4?USART1
            CODE    3173H     0010H     UNIT         ?PR?_DELAY_MS?DELAY
            CODE    3183H     000FH     UNIT         ?PR?TASK1?ABSTASK
            CODE    3192H     000FH     UNIT         ?PR?GETPWM_PERIOD?STC15_PWM
            CODE    31A1H     000FH     UNIT         ?PR?GETMICROS?TIMER
            CODE    31B0H     000FH     UNIT         ?PR?GETMILLIS?TIMER
            CODE    31BFH     000EH     UNIT         ?PR?_ONRESTARTTIMER?TIMER
            CODE    31CDH     000DH     UNIT         ?PR?TASKSTART?ABSTASK
            CODE    31DAH     000DH     UNIT         ?PR?DELAY5US?STC15_IIC
            CODE    31E7H     000DH     UNIT         ?PR?IIC_ACK?STC15_IIC
            CODE    31F4H     000CH     UNIT         ?PR?_ADC_POWERCONTROL?ADC
            CODE    3200H     000CH     UNIT         ?PR?OPEN_PWM?STC15_PWM
            CODE    320CH     000CH     UNIT         ?PR?CLOSE_PWM?STC15_PWM
            CODE    3218H     000BH     UNIT         ?PR?_SPI_SETMODE?STC15_SPI
            CODE    3223H     000AH     UNIT         ?PR?IIC_START?STC15_IIC
            CODE    322DH     000AH     UNIT         ?PR?IIC_NACK?STC15_IIC
            CODE    3237H     0009H     UNIT         ?PR?SETUP?SETUP
            CODE    3240H     0008H     UNIT         ?RTX?TASKENT?S
            CODE    3248H     0006H     UNIT         ?PR?IIC_STOP?STC15_IIC
            CODE    324EH     0004H     UNIT         ?PR?ADC_INT?ADC
            CODE    3252H     0003H     UNIT         ?PR?_SETPINSTATE?GPIO
            CODE    3255H     0003H     UNIT         ?PR?GETPWM_STATE?STC15_PWM
            CODE    3258H     0002H     UNIT         ?PR?TASK2?ABSTASK
            CODE    325AH     0002H     UNIT         ?PR?TASK3?ABSTASK
            CODE    325CH     0001H     UNIT         ?PR?MODE1?MODE
            CODE    325DH     0001H     UNIT         ?PR?MODE2?MODE
BL51 BANKED LINKER/LOCATER V6.00                                                      06/28/2017  20:35:47  PAGE 5


            CODE    325EH     0001H     UNIT         ?PR?MODE3?MODE
            CODE    325FH     0001H     UNIT         ?PR?MODE4?MODE
            CODE    3260H     0001H     UNIT         ?PR?MODELAUNCHER?MODE
            CODE    3261H     0001H     UNIT         ?PR?EXT_INT0?STC15_EXTI
            CODE    3262H     0001H     UNIT         ?PR?EXT_INT1?STC15_EXTI
            CODE    3263H     0001H     UNIT         ?PR?EXT_INT2?STC15_EXTI
            CODE    3264H     0001H     UNIT         ?PR?EXT_INT3?STC15_EXTI
            CODE    3265H     0001H     UNIT         ?PR?EXT_INT4?STC15_EXTI



OVERLAY MAP OF MODULE:   电子大赛程序框架 (ABSTASK)


SEGMENT                                            XDATA_GROUP
  +--> CALLED SEGMENT                            START    LENGTH
----------------------------------------------------------------
?PR?TASKSTART?ABSTASK                            -----    -----
  +--> ?PR?SETUP?SETUP

?PR?SETUP?SETUP                                  -----    -----
  +--> ?PR?_UART1_INIT?SETUP
  +--> ?PR?TIMERINIT?TIMER

?PR?_UART1_INIT?SETUP                            02A8H    000DH
  +--> ?PR?_USART_CONFIGURATION?USART1
  +--> ?CO?SETUP
  +--> ?PR?_PRINTSTRING1?USART1

?PR?_USART_CONFIGURATION?USART1                  02B5H    0009H

?PR?_PRINTSTRING1?USART1                         -----    -----
  +--> ?PR?_TX1_WRITE2BUFF?USART1

?PR?TIMERINIT?TIMER                              02A8H    0010H
  +--> ?PR?_TIMER_INILIZE?TIMER

*** NEW ROOT ***************************************************

?PR?TASK1?ABSTASK                                -----    -----
  +--> ?PR?SENDSCOPEDATA?TASK

?PR?SENDSCOPEDATA?TASK                           02BEH    0002H
  +--> ?PR?_TX1_WRITE2BUFF?USART1

*** NEW ROOT ***************************************************

?C_C51STARTUP                                    -----    -----
  +--> ?C_INITSEG



UNRESOLVED EXTERNAL SYMBOLS:
   ?_DATASCOPE_GET_CHANNEL_DATA?BYTE
   BUTTON_CONFIG
   DATASCOPE_OUTPUT_BUFFER
   _DATASCOPE_DATA_GENERATE
BL51 BANKED LINKER/LOCATER V6.00                                                      06/28/2017  20:35:47  PAGE 6


   _DATASCOPE_GET_CHANNEL_DATA



SYMBOL TABLE OF MODULE:  电子大赛程序框架 (ABSTASK)

  VALUE           TYPE          NAME
  ----------------------------------

  -------         MODULE        ABSTASK
  C:0000H         SYMBOL        _ICE_DUMMY_
  D:0080H         PUBLIC        P0
  D:0090H         PUBLIC        P1
  D:00A0H         PUBLIC        P2
  D:00B0H         PUBLIC        P3
  D:00C0H         PUBLIC        P4
  D:00C8H         PUBLIC        P5
  D:00E8H         PUBLIC        P6
  D:00F8H         PUBLIC        P7
  D:00A8H         PUBLIC        IE
  D:00B8H         PUBLIC        IP
  D:00D8H         PUBLIC        CCON
  D:0098H         PUBLIC        SCON
  D:0088H         PUBLIC        TCON
  D:00F0H         PUBLIC        B
  C:31CDH         PUBLIC        taskStart
  D:00E0H         PUBLIC        ACC
  C:3183H         PUBLIC        task1
  C:3258H         PUBLIC        task2
  C:325AH         PUBLIC        task3
  D:00D0H         PUBLIC        PSW
  -------         PROC          TASKSTART
  C:31CDH         LINE#         5
  C:31CDH         LINE#         7
  C:31D0H         LINE#         8
  C:31D5H         LINE#         9
  -------         ENDPROC       TASKSTART
  -------         PROC          TASK1
  C:3183H         LINE#         11
  C:3183H         LINE#         12
  C:3183H         LINE#         13
  C:3183H         LINE#         14
  C:3186H         LINE#         15
  C:3190H         LINE#         16
  -------         ENDPROC       TASK1
  -------         PROC          TASK2
  C:3258H         LINE#         18
  C:3258H         LINE#         20
  C:3258H         LINE#         21
  C:3258H         LINE#         24
  -------         ENDPROC       TASK2
  -------         PROC          TASK3
  C:325AH         LINE#         27
  C:325AH         LINE#         29
  C:325AH         LINE#         30
  C:325AH         LINE#         33
  -------         ENDPROC       TASK3
BL51 BANKED LINKER/LOCATER V6.00                                                      06/28/2017  20:35:47  PAGE 7


  -------         ENDMOD        ABSTASK

  -------         MODULE        TASK
  C:0000H         SYMBOL        _ICE_DUMMY_
  D:0080H         PUBLIC        P0
  D:0090H         PUBLIC        P1
  D:00A0H         PUBLIC        P2
  D:00B0H         PUBLIC        P3
  D:00C0H         PUBLIC        P4
  D:00C8H         PUBLIC        P5
  D:00E8H         PUBLIC        P6
  D:00F8H         PUBLIC        P7
  D:00A8H         PUBLIC        IE
  D:00B8H         PUBLIC        IP
  D:00D8H         PUBLIC        CCON
  C:2C0EH         PUBLIC        sendScopeData
  D:0098H         PUBLIC        SCON
  D:0088H         PUBLIC        TCON
  D:00F0H         PUBLIC        B
  D:00E0H         PUBLIC        ACC
  D:00D0H         PUBLIC        PSW
  -------         PROC          SENDSCOPEDATA
  -------         DO            
  X:02BEH         SYMBOL        a
  X:02BFH         SYMBOL        Send_Count
  -------         ENDDO         
  C:2C0EH         LINE#         4
  C:2C0EH         LINE#         5
  C:2C0EH         LINE#         9
  C:2C1FH         LINE#         17
  C:2C29H         LINE#         18
  C:2C3CH         LINE#         19
  C:2C3CH         LINE#         20
  C:2C4BH         LINE#         21
  C:2C53H         LINE#         23
  -------         ENDPROC       SENDSCOPEDATA
  -------         ENDMOD        TASK

  -------         MODULE        SETUP
  C:0000H         SYMBOL        _ICE_DUMMY_
  D:0080H         PUBLIC        P0
  D:0090H         PUBLIC        P1
  D:00A0H         PUBLIC        P2
  D:00B0H         PUBLIC        P3
  D:00C0H         PUBLIC        P4
  D:00C8H         PUBLIC        P5
  C:2D95H         PUBLIC        _UART1_init
  D:00E8H         PUBLIC        P6
  D:00F8H         PUBLIC        P7
  D:00A8H         PUBLIC        IE
  D:00B8H         PUBLIC        IP
  D:00D8H         PUBLIC        CCON
  C:3237H         PUBLIC        setup
  D:0098H         PUBLIC        SCON
  D:0088H         PUBLIC        TCON
  D:00F0H         PUBLIC        B
  D:00E0H         PUBLIC        ACC
BL51 BANKED LINKER/LOCATER V6.00                                                      06/28/2017  20:35:47  PAGE 8


  D:00D0H         PUBLIC        PSW
  -------         PROC          _UART1_INIT
  D:0004H         SYMBOL        BandRate
  -------         DO            
  X:02A8H         SYMBOL        COMx_InitStructure
  -------         ENDDO         
  C:2D95H         LINE#         11
  C:2D95H         LINE#         12
  C:2D95H         LINE#         14
  C:2D9BH         LINE#         15
  C:2D9FH         LINE#         16
  C:2DA3H         LINE#         17
  C:2DA9H         LINE#         18
  C:2DACH         LINE#         19
  C:2DAFH         LINE#         20
  C:2DB1H         LINE#         21
  C:2DB4H         LINE#         22
  C:2DB6H         LINE#         23
  C:2DC1H         LINE#         24
  -------         ENDPROC       _UART1_INIT
  -------         PROC          SETUP
  C:3237H         LINE#         26
  C:3237H         LINE#         27
  C:3237H         LINE#         28
  C:323AH         LINE#         29
  C:323DH         LINE#         30
  -------         ENDPROC       SETUP
  -------         ENDMOD        SETUP

  -------         MODULE        MODE
  C:0000H         SYMBOL        _ICE_DUMMY_
  C:3260H         PUBLIC        modelauncher
  C:325CH         PUBLIC        mode1
  C:325DH         PUBLIC        mode2
  C:325EH         PUBLIC        mode3
  C:325FH         PUBLIC        mode4
  -------         PROC          MODE1
  C:325CH         LINE#         2
  C:325CH         LINE#         3
  C:325CH         LINE#         5
  -------         ENDPROC       MODE1
  -------         PROC          MODE2
  C:325DH         LINE#         7
  C:325DH         LINE#         8
  C:325DH         LINE#         10
  -------         ENDPROC       MODE2
  -------         PROC          MODE3
  C:325EH         LINE#         13
  C:325EH         LINE#         14
  C:325EH         LINE#         16
  -------         ENDPROC       MODE3
  -------         PROC          MODE4
  C:325FH         LINE#         18
  C:325FH         LINE#         19
  C:325FH         LINE#         21
  -------         ENDPROC       MODE4
  -------         PROC          MODELAUNCHER
BL51 BANKED LINKER/LOCATER V6.00                                                      06/28/2017  20:35:47  PAGE 9


  C:3260H         LINE#         22
  C:3260H         LINE#         23
  C:3260H         LINE#         25
  -------         ENDPROC       MODELAUNCHER
  -------         ENDMOD        MODE

  -------         MODULE        ?RTX51_TINY_KERNAL
  C:3240H         SEGMENT       ?RTX?TASKENT?S
  I:0016H         SEGMENT       ?RTX?TASKSP?S
  I:000EH         SEGMENT       ?RTX?TASKSTATE?S
  B:0020H.3       SEGMENT       ?RTX?BITS
  C:16EFH         SEGMENT       ?RTX?CODE
  C:173EH         PUBLIC        ?RTX?SET_ISR
  D:000CH         PUBLIC        ?RTX_CURRENTTASK
  D:0007H         PUBLIC        ?RTX_NEXTID
  C:1781H         PUBLIC        ?RTX_NEXTTASK
  N:00FFH         PUBLIC        ?RTX_RAMTOP
  C:3240H         PUBLIC        ?RTX_TASKENTRY
  C:1860H         PUBLIC        ?RTX_TASKIDX
  I:0016H         PUBLIC        ?RTX_TASKSP
  I:000EH         PUBLIC        ?RTX_TASKSTATUS
  C:1824H         PUBLIC        MAIN
  C:176AH         PUBLIC        OS_SWITCH_TASK
  C:1773H         SYMBOL        ?C0001
  C:177DH         SYMBOL        ?C0003
  C:1782H         SYMBOL        ?C0005
  C:179CH         SYMBOL        ?C0007
  C:179EH         SYMBOL        ?C0009
  C:17A8H         SYMBOL        ?C0011
  C:17D5H         SYMBOL        ?C0012
  C:17BBH         SYMBOL        ?C0013
  C:17C0H         SYMBOL        ?C0015
  C:17CBH         SYMBOL        ?C0016
  N:0000H         SYMBOL        ?RTX51_TINY_KERNAL
  N:EC78H         SYMBOL        ?RTX_CLOCK
  N:0008H         SYMBOL        ?RTX_REGISTERBANK
  D:000DH         SYMBOL        ?RTX_ROBINTIME
  D:000AH         SYMBOL        ?RTX_SAVEACC
  D:000BH         SYMBOL        ?RTX_SAVEPSW
  C:16EFH         SYMBOL        ?RTX_STACKERROR
  C:1742H         SYMBOL        ?RTX_TASKSWITCHING
  B:0020H.3       SYMBOL        ?RTX_TS_DELAY
  D:00E0H         SYMBOL        ACC
  D:00F0H         SYMBOL        B
  N:0005H         SYMBOL        B_ACTIVE
  N:0007H         SYMBOL        B_IVL
  N:0007H         SYMBOL        B_RDY
  N:0004H         SYMBOL        B_READY
  N:0006H         SYMBOL        B_ROBIN
  N:0002H         SYMBOL        B_SIGNAL
  N:0003H         SYMBOL        B_TIMEOUT
  N:0000H         SYMBOL        B_WAITSIG
  N:0001H         SYMBOL        B_WAITTIM
  C:173FH         SYMBOL        CHECKROBINTIME
  C:1719H         SYMBOL        CHECKSTACK
  N:0000H         SYMBOL        CODE_BANKING
  N:0000H         SYMBOL        CPU_IDLE_CODE
BL51 BANKED LINKER/LOCATER V6.00                                                      06/28/2017  20:35:47  PAGE 10


  D:0083H         SYMBOL        DPH
  D:0082H         SYMBOL        DPL
  B:00A8H.7       SYMBOL        EA
  B:00A8H.4       SYMBOL        ES
  B:00A8H.1       SYMBOL        ET0
  B:00A8H.3       SYMBOL        ET1
  B:00A8H.0       SYMBOL        EX0
  B:00A8H.2       SYMBOL        EX1
  N:0014H         SYMBOL        FREE_STACK
  C:16F3H         SYMBOL        HW_TIMER
  D:00A8H         SYMBOL        IE
  B:0088H.1       SYMBOL        IE0
  B:0088H.3       SYMBOL        IE1
  N:1388H         SYMBOL        INT_CLOCK
  N:0001H         SYMBOL        INT_REGBANK
  B:0088H.0       SYMBOL        IT0
  B:0088H.2       SYMBOL        IT1
  N:0020H         SYMBOL        K_ACTIVE
  N:0080H         SYMBOL        K_IVL
  N:0080H         SYMBOL        K_RDY
  N:0010H         SYMBOL        K_READY
  N:0040H         SYMBOL        K_ROBIN
  N:0001H         SYMBOL        K_SIG
  N:0002H         SYMBOL        K_TMO
  N:0000H         SYMBOL        LONG_USR_INTR
  C:182DH         SYMBOL        MAIN1
  C:1837H         SYMBOL        MAIN1X
  C:1832H         SYMBOL        MAIN2
  C:17F8H         SYMBOL        NOEVENT
  C:173EH         SYMBOL        NOROBINTIMEOUT
  C:1735H         SYMBOL        NOTIMEOUT
  C:1733H         SYMBOL        NOWAITTIMEOUT
  C:176AH         SYMBOL        OS_SWITCH_TASK1
  D:0087H         SYMBOL        PCON
  D:00D0H         SYMBOL        PSW
  N:00FFH         SYMBOL        RAMTOP
  N:0080H         SYMBOL        RDY_EVENT
  C:1804H         SYMBOL        ROBINON
  C:17ECH         SYMBOL        SIGNALOFF
  C:17F8H         SYMBOL        SIGNALON
  N:0004H         SYMBOL        SIG_EVENT
  D:0081H         SYMBOL        SP
  I:000FH         SYMBOL        TASKSTATE
  D:0088H         SYMBOL        TCON
  B:0088H.5       SYMBOL        TF0
  B:0088H.7       SYMBOL        TF1
  D:008CH         SYMBOL        TH0
  D:008DH         SYMBOL        TH1
  C:17F4H         SYMBOL        TIMEOUTON
  C:16F4H         SYMBOL        TIMERINT
  C:1725H         SYMBOL        TIMERLOOP
  I:000EH         SYMBOL        TIMERVAL
  N:0005H         SYMBOL        TIMESHARING
  D:008AH         SYMBOL        TL0
  D:008BH         SYMBOL        TL1
  D:0089H         SYMBOL        TMOD
  N:0008H         SYMBOL        TMO_EVENT
BL51 BANKED LINKER/LOCATER V6.00                                                      06/28/2017  20:35:47  PAGE 11


  B:0088H.4       SYMBOL        TR0
  B:0088H.6       SYMBOL        TR1
  C:000BH         LINE#         271
  C:16EFH         LINE#         279
  C:16F3H         LINE#         282
  C:16F4H         LINE#         299
  C:16F7H         LINE#         301
  C:16FAH         LINE#         302
  C:16FDH         LINE#         303
  C:16FFH         LINE#         305
  C:1701H         LINE#         306
  C:1703H         LINE#         307
  C:1705H         LINE#         308
  C:1707H         LINE#         309
  C:1709H         LINE#         310
  C:170BH         LINE#         311
  C:170DH         LINE#         312
  C:170FH         LINE#         316
  C:1710H         LINE#         317
  C:1712H         LINE#         318
  C:1713H         LINE#         319
  C:1714H         LINE#         320
  C:1717H         LINE#         321
  C:1719H         LINE#         322
  C:171AH         LINE#         323
  C:171CH         LINE#         324
  C:171FH         LINE#         325
  C:1721H         LINE#         329
  C:1723H         LINE#         330
  C:1725H         LINE#         331
  C:1726H         LINE#         332
  C:1727H         LINE#         333
  C:1728H         LINE#         334
  C:172AH         LINE#         335
  C:172CH         LINE#         336
  C:172DH         LINE#         337
  C:1730H         LINE#         338
  C:1732H         LINE#         339
  C:1733H         LINE#         340
  C:1735H         LINE#         341
  C:1736H         LINE#         342
  C:1738H         LINE#         344
  C:1739H         LINE#         345
  C:173BH         LINE#         360
  C:173EH         LINE#         366
  C:173FH         LINE#         367
  C:1742H         LINE#         370
  C:1744H         LINE#         371
  C:1746H         LINE#         372
  C:1748H         LINE#         373
  C:174AH         LINE#         374
  C:174CH         LINE#         375
  C:174EH         LINE#         376
  C:1750H         LINE#         377
  C:1752H         LINE#         378
  C:1754H         LINE#         379
  C:1756H         LINE#         380
BL51 BANKED LINKER/LOCATER V6.00                                                      06/28/2017  20:35:47  PAGE 12


  C:1758H         LINE#         381
  C:175AH         LINE#         382
  C:175CH         LINE#         387
  C:175EH         LINE#         388
  C:175FH         LINE#         389
  C:1761H         LINE#         390
  C:1762H         LINE#         391
  C:1764H         LINE#         392
  C:1766H         LINE#         393
  C:1767H         LINE#         394
  C:1768H         LINE#         395
  C:176AH         LINE#         424
  C:176CH         LINE#         426
  C:176EH         LINE#         427
  C:176FH         LINE#         429
  C:1770H         LINE#         430
  C:1772H         LINE#         431
  C:1773H         LINE#         434
  C:1774H         LINE#         435
  C:1775H         LINE#         436
  C:1776H         LINE#         444
  C:1779H         LINE#         445
  C:177BH         LINE#         446
  C:177DH         LINE#         449
  C:177EH         LINE#         450
  C:1781H         LINE#         458
  C:1782H         LINE#         462
  C:1784H         LINE#         463
  C:1785H         LINE#         464
  C:1786H         LINE#         465
  C:1788H         LINE#         468
  C:178AH         LINE#         470
  C:178CH         LINE#         471
  C:178EH         LINE#         472
  C:178FH         LINE#         473
  C:1790H         LINE#         474
  C:1791H         LINE#         476
  C:1793H         LINE#         478
  C:1794H         LINE#         479
  C:1795H         LINE#         480
  C:1797H         LINE#         481
  C:179AH         LINE#         482
  C:179CH         LINE#         484
  C:179DH         LINE#         485
  C:179EH         LINE#         490
  C:179FH         LINE#         491
  C:17A0H         LINE#         492
  C:17A2H         LINE#         496
  C:17A3H         LINE#         497
  C:17A4H         LINE#         498
  C:17A6H         LINE#         499
  C:17A8H         LINE#         505
  C:17AAH         LINE#         506
  C:17ABH         LINE#         507
  C:17ACH         LINE#         508
  C:17AEH         LINE#         510
  C:17B0H         LINE#         511
BL51 BANKED LINKER/LOCATER V6.00                                                      06/28/2017  20:35:47  PAGE 13


  C:17B2H         LINE#         512
  C:17B3H         LINE#         513
  C:17B4H         LINE#         516
  C:17B6H         LINE#         517
  C:17B9H         LINE#         518
  C:17BBH         LINE#         520
  C:17BCH         LINE#         522
  C:17BDH         LINE#         523
  C:17BEH         LINE#         524
  C:17BFH         LINE#         525
  C:17C0H         LINE#         529
  C:17C2H         LINE#         530
  C:17C3H         LINE#         531
  C:17C5H         LINE#         535
  C:17C7H         LINE#         536
  C:17C8H         LINE#         537
  C:17C9H         LINE#         539
  C:17CBH         LINE#         543
  C:17CDH         LINE#         544
  C:17CFH         LINE#         545
  C:17D0H         LINE#         546
  C:17D1H         LINE#         548
  C:17D3H         LINE#         549
  C:17D5H         LINE#         555
  C:17D8H         LINE#         559
  C:17DAH         LINE#         560
  C:17DBH         LINE#         561
  C:17DDH         LINE#         562
  C:17DEH         LINE#         563
  C:17E0H         LINE#         564
  C:17E2H         LINE#         565
  C:17E3H         LINE#         567
  C:17E6H         LINE#         571
  C:17E9H         LINE#         572
  C:17ECH         LINE#         576
  C:17EEH         LINE#         577
  C:17F1H         LINE#         578
  C:17F4H         LINE#         580
  C:17F6H         LINE#         581
  C:17F8H         LINE#         583
  C:17FAH         LINE#         584
  C:17FBH         LINE#         585
  C:17FDH         LINE#         587
  C:17FFH         LINE#         588
  C:1801H         LINE#         594
  C:1803H         LINE#         595
  C:1804H         LINE#         608
  C:1805H         LINE#         609
  C:1807H         LINE#         614
  C:1809H         LINE#         615
  C:180BH         LINE#         616
  C:180DH         LINE#         617
  C:180FH         LINE#         618
  C:1811H         LINE#         619
  C:1813H         LINE#         620
  C:1815H         LINE#         621
  C:1817H         LINE#         622
BL51 BANKED LINKER/LOCATER V6.00                                                      06/28/2017  20:35:47  PAGE 14


  C:1819H         LINE#         623
  C:181BH         LINE#         624
  C:181DH         LINE#         625
  C:181FH         LINE#         626
  C:1821H         LINE#         627
  C:1823H         LINE#         628
  C:1824H         LINE#         642
  C:1826H         LINE#         643
  C:1828H         LINE#         644
  C:182AH         LINE#         645
  C:182CH         LINE#         646
  C:182DH         LINE#         647
  C:182EH         LINE#         648
  C:1830H         LINE#         649
  C:1832H         LINE#         650
  C:1834H         LINE#         651
  C:1835H         LINE#         652
  C:1837H         LINE#         653
  C:1838H         LINE#         654
  C:1839H         LINE#         655
  C:183AH         LINE#         656
  C:183BH         LINE#         657
  C:183DH         LINE#         658
  C:183FH         LINE#         659
  C:1841H         LINE#         660
  C:1844H         LINE#         661
  C:1846H         LINE#         662
  C:1847H         LINE#         663
  C:1849H         LINE#         664
  C:184AH         LINE#         665
  C:184BH         LINE#         666
  C:184DH         LINE#         668
  C:1850H         LINE#         670
  C:1853H         LINE#         671
  C:1856H         LINE#         672
  C:1859H         LINE#         673
  C:185BH         LINE#         674
  C:185DH         LINE#         675
  C:185FH         LINE#         676
  -------         ENDMOD        ?RTX51_TINY_KERNAL

  -------         MODULE        DATASCOPE_DP
  C:0000H         SYMBOL        _ICE_DUMMY_
  -------         ENDMOD        DATASCOPE_DP

  -------         MODULE        BUTTON
  C:0000H         SYMBOL        _ICE_DUMMY_
  D:0080H         PUBLIC        P0
  D:0090H         PUBLIC        P1
  D:00A0H         PUBLIC        P2
  D:00B0H         PUBLIC        P3
  D:00C0H         PUBLIC        P4
  D:00C8H         PUBLIC        P5
  D:00E8H         PUBLIC        P6
  D:00F8H         PUBLIC        P7
  D:00A8H         PUBLIC        IE
  D:00B8H         PUBLIC        IP
BL51 BANKED LINKER/LOCATER V6.00                                                      06/28/2017  20:35:47  PAGE 15


  D:00D8H         PUBLIC        CCON
  D:0098H         PUBLIC        SCON
  D:0088H         PUBLIC        TCON
  D:00F0H         PUBLIC        B
  D:00E0H         PUBLIC        ACC
  D:00D0H         PUBLIC        PSW
  -------         ENDMOD        BUTTON

  -------         MODULE        MOTOR
  C:0000H         SYMBOL        _ICE_DUMMY_
  D:0080H         PUBLIC        P0
  D:0090H         PUBLIC        P1
  D:00A0H         PUBLIC        P2
  D:00B0H         PUBLIC        P3
  D:00C0H         PUBLIC        P4
  D:00C8H         PUBLIC        P5
  D:00E8H         PUBLIC        P6
  D:00F8H         PUBLIC        P7
  D:00A8H         PUBLIC        IE
  D:00B8H         PUBLIC        IP
  D:00D8H         PUBLIC        CCON
  D:0098H         PUBLIC        SCON
  D:0088H         PUBLIC        TCON
  D:00F0H         PUBLIC        B
  D:00E0H         PUBLIC        ACC
  D:00D0H         PUBLIC        PSW
  -------         ENDMOD        MOTOR

  -------         MODULE        ADC
  C:0000H         SYMBOL        _ICE_DUMMY_
  D:0080H         PUBLIC        P0
  D:0090H         PUBLIC        P1
  C:2B18H         PUBLIC        _ADC_Inilize
  D:00A0H         PUBLIC        P2
  D:00B0H         PUBLIC        P3
  D:00C0H         PUBLIC        P4
  D:00C8H         PUBLIC        P5
  D:00E8H         PUBLIC        P6
  D:00F8H         PUBLIC        P7
  B:00A8H.5       PUBLIC        EADC
  D:00A8H         PUBLIC        IE
  D:00BDH         PUBLIC        ADC_RES
  B:00B8H.5       PUBLIC        PADC
  D:00B8H         PUBLIC        IP
  C:31F4H         PUBLIC        _ADC_PowerControl
  D:00D8H         PUBLIC        CCON
  D:00BCH         PUBLIC        ADC_CONTR
  D:0098H         PUBLIC        SCON
  D:0088H         PUBLIC        TCON
  D:00F0H         PUBLIC        B
  D:00E0H         PUBLIC        ACC
  D:009DH         PUBLIC        P1ASF
  D:00BEH         PUBLIC        ADC_RESL
  D:0097H         PUBLIC        PCON2
  C:2A65H         PUBLIC        _Get_ADC10bitResult
  C:324EH         PUBLIC        ADC_int
  D:00D0H         PUBLIC        PSW
BL51 BANKED LINKER/LOCATER V6.00                                                      06/28/2017  20:35:47  PAGE 16


  -------         PROC          _ADC_INILIZE
  D:0001H         SYMBOL        ADCx
  C:2B18H         LINE#         22
  C:2B18H         LINE#         23
  C:2B18H         LINE#         24
  C:2B1DH         LINE#         25
  C:2B2BH         LINE#         26
  C:2B34H         LINE#         27
  C:2B34H         LINE#         28
  C:2B37H         LINE#         29
  C:2B39H         LINE#         31
  C:2B39H         LINE#         32
  C:2B3CH         LINE#         33
  C:2B3CH         LINE#         34
  C:2B45H         LINE#         35
  C:2B45H         LINE#         36
  C:2B48H         LINE#         37
  C:2B4AH         LINE#         39
  C:2B4AH         LINE#         40
  C:2B4DH         LINE#         41
  C:2B4DH         LINE#         42
  C:2B56H         LINE#         43
  C:2B56H         LINE#         44
  C:2B58H         LINE#         45
  C:2B5AH         LINE#         47
  C:2B5AH         LINE#         48
  C:2B5CH         LINE#         49
  C:2B5CH         LINE#         50
  C:2B65H         LINE#         51
  C:2B65H         LINE#         52
  C:2B67H         LINE#         53
  C:2B68H         LINE#         55
  C:2B68H         LINE#         56
  C:2B6AH         LINE#         57
  C:2B6AH         LINE#         58
  -------         ENDPROC       _ADC_INILIZE
  -------         PROC          _ADC_POWERCONTROL
  D:0007H         SYMBOL        pwr
  C:31F4H         LINE#         66
  C:31F4H         LINE#         67
  C:31F4H         LINE#         68
  C:31F8H         LINE#         69
  C:31F8H         LINE#         70
  C:31FBH         LINE#         71
  C:31FCH         LINE#         73
  C:31FCH         LINE#         74
  C:31FFH         LINE#         75
  C:31FFH         LINE#         76
  -------         ENDPROC       _ADC_POWERCONTROL
  -------         PROC          _GET_ADC10BITRESULT
  D:0007H         SYMBOL        channel
  -------         DO            
  D:0004H         SYMBOL        adc
  D:0003H         SYMBOL        i
  -------         ENDDO         
  C:2A65H         LINE#         84
  C:2A65H         LINE#         85
BL51 BANKED LINKER/LOCATER V6.00                                                      06/28/2017  20:35:47  PAGE 17


  C:2A65H         LINE#         88
  C:2A6BH         LINE#         89
  C:2A6BH         LINE#         90
  C:2A6DH         LINE#         91
  C:2A6DH         LINE#         92
  C:2A70H         LINE#         93
  C:2A72H         LINE#         94
  C:2A7BH         LINE#         95
  C:2A7FH         LINE#         96
  C:2A81H         LINE#         97
  C:2A81H         LINE#         98
  C:2A86H         LINE#         99
  C:2A86H         LINE#         100
  C:2A89H         LINE#         101
  C:2A8EH         LINE#         102
  C:2A8EH         LINE#         103
  C:2A92H         LINE#         104
  C:2A95H         LINE#         105
  C:2A97H         LINE#         107
  C:2A97H         LINE#         108
  C:2A9DH         LINE#         109
  C:2AB4H         LINE#         110
  C:2AB4H         LINE#         111
  C:2AB9H         LINE#         112
  C:2AB9H         LINE#         113
  C:2ABEH         LINE#         114
  C:2AC2H         LINE#         115
  -------         ENDPROC       _GET_ADC10BITRESULT
  -------         PROC          ADC_INT
  C:324EH         LINE#         123
  C:324EH         LINE#         125
  C:3251H         LINE#         126
  -------         ENDPROC       ADC_INT
  -------         ENDMOD        ADC

  -------         MODULE        DELAY
  C:0000H         SYMBOL        _ICE_DUMMY_
  D:0080H         PUBLIC        P0
  D:0090H         PUBLIC        P1
  D:00A0H         PUBLIC        P2
  D:00B0H         PUBLIC        P3
  D:00C0H         PUBLIC        P4
  D:00C8H         PUBLIC        P5
  D:00E8H         PUBLIC        P6
  D:00F8H         PUBLIC        P7
  D:00A8H         PUBLIC        IE
  D:00B8H         PUBLIC        IP
  D:00D8H         PUBLIC        CCON
  D:0098H         PUBLIC        SCON
  D:0088H         PUBLIC        TCON
  D:00F0H         PUBLIC        B
  D:00E0H         PUBLIC        ACC
  C:3173H         PUBLIC        _delay_ms
  D:00D0H         PUBLIC        PSW
  -------         PROC          _DELAY_MS
  D:0007H         SYMBOL        ms
  -------         DO            
BL51 BANKED LINKER/LOCATER V6.00                                                      06/28/2017  20:35:47  PAGE 18


  D:0004H         SYMBOL        i
  -------         ENDDO         
  C:3173H         LINE#         26
  C:3173H         LINE#         27
  C:3173H         LINE#         30
  C:3173H         LINE#         31
  C:3177H         LINE#         32
  C:3180H         LINE#         33
  C:3180H         LINE#         35
  C:3180H         LINE#         36
  C:3180H         LINE#         37
  C:3182H         LINE#         38
  -------         ENDPROC       _DELAY_MS
  -------         ENDMOD        DELAY

  -------         MODULE        GPIO
  C:0000H         SYMBOL        _ICE_DUMMY_
  D:0093H         PUBLIC        P0M1
  D:0092H         PUBLIC        P1M0
  D:0096H         PUBLIC        P2M0
  D:0091H         PUBLIC        P1M1
  D:0080H         PUBLIC        P0
  D:00B2H         PUBLIC        P3M0
  D:0095H         PUBLIC        P2M1
  D:0090H         PUBLIC        P1
  D:00B4H         PUBLIC        P4M0
  D:00B1H         PUBLIC        P3M1
  D:00A0H         PUBLIC        P2
  D:00CAH         PUBLIC        P5M0
  D:00B3H         PUBLIC        P4M1
  D:00B0H         PUBLIC        P3
  D:00C9H         PUBLIC        P5M1
  D:00C0H         PUBLIC        P4
  D:00C8H         PUBLIC        P5
  D:00E8H         PUBLIC        P6
  D:00F8H         PUBLIC        P7
  D:00A8H         PUBLIC        IE
  D:00B8H         PUBLIC        IP
  D:00D8H         PUBLIC        CCON
  D:0098H         PUBLIC        SCON
  D:0088H         PUBLIC        TCON
  D:00F0H         PUBLIC        B
  D:00E0H         PUBLIC        ACC
  C:1C05H         PUBLIC        _GPIO_Inilize
  D:00D0H         PUBLIC        PSW
  C:3252H         PUBLIC        _setPinState
  D:0094H         PUBLIC        P0M0
  -------         PROC          _SETPINSTATE
  D:0007H         SYMBOL        Pin
  B:0020H.4       SYMBOL        State
  C:3252H         LINE#         18
  C:3252H         LINE#         19
  C:3252H         LINE#         20
  C:3254H         LINE#         23
  -------         ENDPROC       _SETPINSTATE
  -------         PROC          _GPIO_INILIZE
  D:0007H         SYMBOL        GPIO
BL51 BANKED LINKER/LOCATER V6.00                                                      06/28/2017  20:35:47  PAGE 19


  D:0001H         SYMBOL        GPIOx
  C:1C05H         LINE#         31
  C:1C05H         LINE#         32
  C:1C05H         LINE#         33
  C:1C0BH         LINE#         34
  C:1C0BH         LINE#         35
  C:1C0EH         LINE#         36
  C:1C0EH         LINE#         37
  C:1C17H         LINE#         38
  C:1C17H         LINE#         39
  C:1C1AH         LINE#         40
  C:1C1AH         LINE#         41
  C:1C1DH         LINE#         42
  C:1C1DH         LINE#         43
  C:1C20H         LINE#         44
  C:1C20H         LINE#         45
  C:1C2BH         LINE#         46
  C:1C2BH         LINE#         47
  C:1C31H         LINE#         48
  C:1C31H         LINE#         49
  C:1C3CH         LINE#         50
  C:1C3CH         LINE#         51
  C:1C43H         LINE#         52
  C:1C43H         LINE#         53
  C:1C4DH         LINE#         54
  C:1C4DH         LINE#         55
  C:1C51H         LINE#         56
  C:1C51H         LINE#         57
  C:1C5EH         LINE#         58
  C:1C5EH         LINE#         59
  C:1C5EH         LINE#         60
  C:1C63H         LINE#         61
  C:1C63H         LINE#         62
  C:1C69H         LINE#         63
  C:1C69H         LINE#         64
  C:1C74H         LINE#         65
  C:1C74H         LINE#         66
  C:1C78H         LINE#         67
  C:1C78H         LINE#         68
  C:1C83H         LINE#         69
  C:1C83H         LINE#         70
  C:1C89H         LINE#         71
  C:1C89H         LINE#         72
  C:1C93H         LINE#         73
  C:1C93H         LINE#         74
  C:1C99H         LINE#         75
  C:1C99H         LINE#         76
  C:1CA6H         LINE#         77
  C:1CA6H         LINE#         78
  C:1CA6H         LINE#         79
  C:1CABH         LINE#         80
  C:1CABH         LINE#         81
  C:1CB1H         LINE#         82
  C:1CB1H         LINE#         83
  C:1CBCH         LINE#         84
  C:1CBCH         LINE#         85
  C:1CC0H         LINE#         86
BL51 BANKED LINKER/LOCATER V6.00                                                      06/28/2017  20:35:47  PAGE 20


  C:1CC0H         LINE#         87
  C:1CCBH         LINE#         88
  C:1CCBH         LINE#         89
  C:1CD1H         LINE#         90
  C:1CD1H         LINE#         91
  C:1CDBH         LINE#         92
  C:1CDBH         LINE#         93
  C:1CE1H         LINE#         94
  C:1CE1H         LINE#         95
  C:1CEEH         LINE#         96
  C:1CEEH         LINE#         97
  C:1CEEH         LINE#         98
  C:1CF3H         LINE#         99
  C:1CF3H         LINE#         100
  C:1CF9H         LINE#         101
  C:1CF9H         LINE#         102
  C:1D04H         LINE#         103
  C:1D04H         LINE#         104
  C:1D08H         LINE#         105
  C:1D08H         LINE#         106
  C:1D13H         LINE#         107
  C:1D13H         LINE#         108
  C:1D19H         LINE#         109
  C:1D19H         LINE#         110
  C:1D23H         LINE#         111
  C:1D23H         LINE#         112
  C:1D29H         LINE#         113
  C:1D29H         LINE#         114
  C:1D36H         LINE#         115
  C:1D36H         LINE#         116
  C:1D36H         LINE#         117
  C:1D3BH         LINE#         118
  C:1D3BH         LINE#         119
  C:1D41H         LINE#         120
  C:1D41H         LINE#         121
  C:1D4CH         LINE#         122
  C:1D4CH         LINE#         123
  C:1D50H         LINE#         124
  C:1D50H         LINE#         125
  C:1D5BH         LINE#         126
  C:1D5BH         LINE#         127
  C:1D61H         LINE#         128
  C:1D61H         LINE#         129
  C:1D6BH         LINE#         130
  C:1D6BH         LINE#         131
  C:1D71H         LINE#         132
  C:1D71H         LINE#         133
  C:1D7EH         LINE#         134
  C:1D7EH         LINE#         135
  C:1D7EH         LINE#         136
  C:1D83H         LINE#         137
  C:1D83H         LINE#         138
  C:1D89H         LINE#         139
  C:1D89H         LINE#         140
  C:1D94H         LINE#         141
  C:1D94H         LINE#         142
  C:1D98H         LINE#         143
BL51 BANKED LINKER/LOCATER V6.00                                                      06/28/2017  20:35:47  PAGE 21


  C:1D98H         LINE#         144
  C:1DA3H         LINE#         145
  C:1DA3H         LINE#         146
  C:1DA9H         LINE#         147
  C:1DA9H         LINE#         148
  C:1DB3H         LINE#         149
  C:1DB3H         LINE#         150
  C:1DB9H         LINE#         151
  C:1DB9H         LINE#         152
  C:1DC6H         LINE#         153
  C:1DC6H         LINE#         154
  C:1DC6H         LINE#         155
  C:1DC8H         LINE#         156
  -------         ENDPROC       _GPIO_INILIZE
  -------         ENDMOD        GPIO

  -------         MODULE        PCA
  C:0000H         SYMBOL        _ICE_DUMMY_
  B:00D8H.2       PUBLIC        CCF2
  D:0080H         PUBLIC        P0
  D:0090H         PUBLIC        P1
  D:00A0H         PUBLIC        P2
  D:00B0H         PUBLIC        P3
  D:00C0H         PUBLIC        P4
  D:00C8H         PUBLIC        P5
  D:00E8H         PUBLIC        P6
  D:00F8H         PUBLIC        P7
  D:00F9H         PUBLIC        CH
  X:02D6H         PUBLIC        PCA0_mode
  X:02D7H         PUBLIC        PCA1_mode
  D:00A8H         PUBLIC        IE
  X:02D8H         PUBLIC        PCA2_mode
  D:00E9H         PUBLIC        CL
  D:00FAH         PUBLIC        CCAP0H
  D:00FBH         PUBLIC        CCAP1H
  D:00FCH         PUBLIC        CCAP2H
  B:00D8H.6       PUBLIC        CR
  D:00EAH         PUBLIC        CCAP0L
  D:00EBH         PUBLIC        CCAP1L
  D:00DAH         PUBLIC        CCAPM0
  D:00ECH         PUBLIC        CCAP2L
  D:00DBH         PUBLIC        CCAPM1
  D:00DCH         PUBLIC        CCAPM2
  D:00B8H         PUBLIC        IP
  D:00D9H         PUBLIC        CMOD
  D:00D8H         PUBLIC        CCON
  B:00B8H.7       PUBLIC        PPCA
  C:25E9H         PUBLIC        _PWMn_Update
  B:0020H.0       PUBLIC        B_Capture0
  B:0020H.1       PUBLIC        B_Capture1
  B:0020H.2       PUBLIC        B_Capture2
  D:0098H         PUBLIC        SCON
  D:0088H         PUBLIC        TCON
  B:00A0H.5       PUBLIC        P25
  B:00A0H.6       PUBLIC        P26
  B:00A0H.7       PUBLIC        P27
  D:00F0H         PUBLIC        B
BL51 BANKED LINKER/LOCATER V6.00                                                      06/28/2017  20:35:47  PAGE 22


  D:00E0H         PUBLIC        ACC
  C:211AH         PUBLIC        _pwmOutPut
  C:1F7BH         PUBLIC        _PCA_Init
  X:02D9H         PUBLIC        PWM0_low
  X:02DBH         PUBLIC        PWM1_low
  D:00F2H         PUBLIC        PCA_PWM0
  X:02DDH         PUBLIC        PWM2_low
  D:00F3H         PUBLIC        PCA_PWM1
  D:00F4H         PUBLIC        PCA_PWM2
  X:02DFH         PUBLIC        PCA_Timer0
  X:02E1H         PUBLIC        PCA_Timer1
  X:02E3H         PUBLIC        PCA_Timer2
  D:00A2H         PUBLIC        AUXR1
  C:2697H         PUBLIC        PCA_Handler
  D:00D0H         PUBLIC        PSW
  X:02E5H         PUBLIC        CCAP0_tmp
  X:02E7H         PUBLIC        CCAP1_tmp
  B:00D8H.0       PUBLIC        CCF0
  X:02E9H         PUBLIC        CCAP2_tmp
  B:00D8H.1       PUBLIC        CCF1
  -------         PROC          _PWMN_UPDATE
  D:0007H         SYMBOL        PCA_id
  D:0004H         SYMBOL        high
  C:25E9H         LINE#         34
  C:25E9H         LINE#         35
  C:25E9H         LINE#         36
  C:25ECH         LINE#         37
  C:25ECH         LINE#         38
  C:25F5H         LINE#         39
  C:25F5H         LINE#         40
  C:25F9H         LINE#         41
  C:25F9H         LINE#         42
  C:2602H         LINE#         43
  C:2602H         LINE#         44
  C:2606H         LINE#         45
  C:2606H         LINE#         46
  C:2608H         LINE#         47
  C:2610H         LINE#         48
  C:261EH         LINE#         49
  C:261EH         LINE#         50
  C:2620H         LINE#         51
  C:2625H         LINE#         52
  C:2625H         LINE#         53
  C:262EH         LINE#         54
  C:262EH         LINE#         55
  C:2632H         LINE#         56
  C:2632H         LINE#         57
  C:263BH         LINE#         58
  C:263BH         LINE#         59
  C:263FH         LINE#         60
  C:263FH         LINE#         61
  C:2641H         LINE#         62
  C:2649H         LINE#         63
  C:2657H         LINE#         64
  C:2657H         LINE#         65
  C:2659H         LINE#         66
  C:265EH         LINE#         67
BL51 BANKED LINKER/LOCATER V6.00                                                      06/28/2017  20:35:47  PAGE 23


  C:265EH         LINE#         68
  C:2667H         LINE#         69
  C:2667H         LINE#         70
  C:266BH         LINE#         71
  C:266BH         LINE#         72
  C:2674H         LINE#         73
  C:2674H         LINE#         74
  C:2678H         LINE#         75
  C:2678H         LINE#         76
  C:267AH         LINE#         77
  C:2682H         LINE#         78
  C:2694H         LINE#         79
  C:2696H         LINE#         80
  C:2696H         LINE#         81
  -------         ENDPROC       _PWMN_UPDATE
  -------         PROC          _PCA_INIT
  D:0005H         SYMBOL        PCA_id
  X:031EH         SYMBOL        PCAx
  C:1F7BH         LINE#         106
  C:1F88H         LINE#         107
  C:1F88H         LINE#         108
  C:1F91H         LINE#         109
  C:1F91H         LINE#         111
  C:1F91H         LINE#         112
  C:1F96H         LINE#         113
  C:1F96H         LINE#         114
  C:1F98H         LINE#         115
  C:1F9AH         LINE#         116
  C:1F9CH         LINE#         117
  C:1FB2H         LINE#         118
  C:1FC0H         LINE#         119
  C:1FD0H         LINE#         120
  C:1FD9H         LINE#         121
  C:1FD9H         LINE#         122
  C:1FDBH         LINE#         123
  C:1FDDH         LINE#         125
  C:1FDDH         LINE#         126
  C:1FDFH         LINE#         127
  C:1FDFH         LINE#         128
  C:1FE2H         LINE#         130
  C:1FE2H         LINE#         131
  C:1FFAH         LINE#         132
  C:2010H         LINE#         133
  C:2010H         LINE#         134
  C:201FH         LINE#         135
  C:201FH         LINE#         136
  C:2022H         LINE#         137
  C:2022H         LINE#         138
  C:203EH         LINE#         139
  C:204CH         LINE#         140
  C:205DH         LINE#         141
  C:205FH         LINE#         142
  C:2064H         LINE#         143
  C:206CH         LINE#         144
  C:206EH         LINE#         145
  C:2071H         LINE#         146
  C:2071H         LINE#         147
BL51 BANKED LINKER/LOCATER V6.00                                                      06/28/2017  20:35:47  PAGE 24


  C:2076H         LINE#         148
  C:2076H         LINE#         149
  C:2092H         LINE#         150
  C:20A0H         LINE#         151
  C:20B1H         LINE#         152
  C:20B3H         LINE#         153
  C:20B8H         LINE#         154
  C:20C0H         LINE#         155
  C:20C2H         LINE#         156
  C:20C5H         LINE#         157
  C:20C5H         LINE#         158
  C:20CAH         LINE#         159
  C:20CAH         LINE#         160
  C:20E6H         LINE#         161
  C:20F4H         LINE#         162
  C:2105H         LINE#         163
  C:2107H         LINE#         164
  C:210CH         LINE#         165
  C:2114H         LINE#         166
  C:2116H         LINE#         167
  C:2119H         LINE#         168
  C:2119H         LINE#         169
  -------         ENDPROC       _PCA_INIT
  -------         PROC          _PWMOUTPUT
  X:0321H         SYMBOL        PCA_id
  X:0322H         SYMBOL        T
  D:0002H         SYMBOL        duty
  C:211AH         LINE#         170
  C:2127H         LINE#         171
  C:2127H         LINE#         172
  C:2129H         LINE#         173
  C:2129H         LINE#         174
  C:2132H         LINE#         175
  C:2132H         LINE#         176
  C:2136H         LINE#         177
  C:2136H         LINE#         178
  C:213FH         LINE#         179
  C:213FH         LINE#         180
  C:2143H         LINE#         181
  C:2143H         LINE#         182
  C:2145H         LINE#         183
  C:2163H         LINE#         184
  C:2184H         LINE#         185
  C:2184H         LINE#         186
  C:2187H         LINE#         187
  C:218FH         LINE#         188
  C:218FH         LINE#         189
  C:2198H         LINE#         190
  C:2198H         LINE#         191
  C:219CH         LINE#         192
  C:219CH         LINE#         193
  C:21A5H         LINE#         194
  C:21A5H         LINE#         195
  C:21A9H         LINE#         196
  C:21A9H         LINE#         197
  C:21ABH         LINE#         198
  C:21C9H         LINE#         199
BL51 BANKED LINKER/LOCATER V6.00                                                      06/28/2017  20:35:47  PAGE 25


  C:21EAH         LINE#         200
  C:21EAH         LINE#         201
  C:21ECH         LINE#         202
  C:21F4H         LINE#         203
  C:21F4H         LINE#         204
  C:21FDH         LINE#         205
  C:21FDH         LINE#         206
  C:2201H         LINE#         207
  C:2201H         LINE#         208
  C:220AH         LINE#         209
  C:220AH         LINE#         210
  C:220EH         LINE#         211
  C:220EH         LINE#         212
  C:2210H         LINE#         213
  C:222EH         LINE#         214
  C:2254H         LINE#         215
  C:2256H         LINE#         216
  C:2256H         LINE#         217
  -------         ENDPROC       _PWMOUTPUT
  -------         PROC          PCA_HANDLER
  C:2697H         LINE#         225
  C:26A6H         LINE#         227
  C:26A9H         LINE#         228
  C:26A9H         LINE#         229
  C:26ABH         LINE#         230
  C:26AEH         LINE#         231
  C:26AEH         LINE#         232
  C:26B1H         LINE#         233
  C:26B3H         LINE#         235
  C:26B3H         LINE#         236
  C:26C7H         LINE#         237
  C:26C7H         LINE#         238
  C:26D0H         LINE#         239
  C:26D3H         LINE#         240
  C:26D3H         LINE#         241
  C:26D6H         LINE#         242
  C:26D6H         LINE#         243
  C:26D8H         LINE#         244
  C:26DBH         LINE#         245
  C:26DBH         LINE#         246
  C:26DEH         LINE#         247
  C:26E0H         LINE#         249
  C:26E0H         LINE#         250
  C:26F4H         LINE#         251
  C:26F4H         LINE#         252
  C:26FDH         LINE#         253
  C:2700H         LINE#         254
  C:2700H         LINE#         255
  C:2703H         LINE#         256
  C:2703H         LINE#         257
  C:2705H         LINE#         258
  C:2708H         LINE#         259
  C:2708H         LINE#         260
  C:270BH         LINE#         261
  C:270DH         LINE#         263
  C:270DH         LINE#         264
  C:2721H         LINE#         265
BL51 BANKED LINKER/LOCATER V6.00                                                      06/28/2017  20:35:47  PAGE 26


  C:2721H         LINE#         266
  C:272AH         LINE#         267
  C:272DH         LINE#         268
  C:272DH         LINE#         274
  -------         ENDPROC       PCA_HANDLER
  -------         ENDMOD        PCA

  -------         MODULE        STC15_EXTI
  C:0000H         SYMBOL        _ICE_DUMMY_
  D:0080H         PUBLIC        P0
  D:0090H         PUBLIC        P1
  D:00A0H         PUBLIC        P2
  D:00B0H         PUBLIC        P3
  D:00C0H         PUBLIC        P4
  D:00C8H         PUBLIC        P5
  D:00E8H         PUBLIC        P6
  D:00F8H         PUBLIC        P7
  D:00A8H         PUBLIC        IE
  D:00B8H         PUBLIC        IP
  D:00D8H         PUBLIC        CCON
  C:3261H         PUBLIC        Ext_INT0
  C:3262H         PUBLIC        Ext_INT1
  C:3263H         PUBLIC        Ext_INT2
  C:3264H         PUBLIC        Ext_INT3
  C:3265H         PUBLIC        Ext_INT4
  D:0098H         PUBLIC        SCON
  D:0088H         PUBLIC        TCON
  D:00F0H         PUBLIC        B
  D:00E0H         PUBLIC        ACC
  B:00A8H.0       PUBLIC        EX0
  B:0088H.0       PUBLIC        IT0
  B:00A8H.2       PUBLIC        EX1
  B:0088H.2       PUBLIC        IT1
  B:00B8H.0       PUBLIC        PX0
  B:00B8H.2       PUBLIC        PX1
  C:2481H         PUBLIC        _Ext_Inilize
  D:008FH         PUBLIC        INT_CLKO
  D:00D0H         PUBLIC        PSW
  -------         PROC          EXT_INT0
  C:3261H         LINE#         23
  C:3261H         LINE#         26
  -------         ENDPROC       EXT_INT0
  -------         PROC          EXT_INT1
  C:3262H         LINE#         29
  C:3262H         LINE#         32
  -------         ENDPROC       EXT_INT1
  -------         PROC          EXT_INT2
  C:3263H         LINE#         35
  C:3263H         LINE#         38
  -------         ENDPROC       EXT_INT2
  -------         PROC          EXT_INT3
  C:3264H         LINE#         41
  C:3264H         LINE#         44
  -------         ENDPROC       EXT_INT3
  -------         PROC          EXT_INT4
  C:3265H         LINE#         47
  C:3265H         LINE#         50
BL51 BANKED LINKER/LOCATER V6.00                                                      06/28/2017  20:35:47  PAGE 27


  -------         ENDPROC       EXT_INT4
  -------         PROC          _EXT_INILIZE
  D:0007H         SYMBOL        EXT
  D:0001H         SYMBOL        INTx
  C:2481H         LINE#         60
  C:2481H         LINE#         61
  C:2481H         LINE#         62
  C:248AH         LINE#         64
  C:248DH         LINE#         65
  C:248DH         LINE#         66
  C:249AH         LINE#         67
  C:249CH         LINE#         68
  C:24A9H         LINE#         69
  C:24ABH         LINE#         70
  C:24B5H         LINE#         71
  C:24B7H         LINE#         72
  C:24BAH         LINE#         73
  C:24BAH         LINE#         75
  C:24BFH         LINE#         76
  C:24BFH         LINE#         77
  C:24CCH         LINE#         78
  C:24CEH         LINE#         79
  C:24DBH         LINE#         80
  C:24DDH         LINE#         81
  C:24E7H         LINE#         82
  C:24E9H         LINE#         83
  C:24ECH         LINE#         84
  C:24ECH         LINE#         86
  C:24F0H         LINE#         87
  C:24F0H         LINE#         88
  C:24FEH         LINE#         89
  C:2501H         LINE#         90
  C:2504H         LINE#         91
  C:2504H         LINE#         93
  C:2508H         LINE#         94
  C:2508H         LINE#         95
  C:2516H         LINE#         96
  C:2519H         LINE#         97
  C:251CH         LINE#         98
  C:251CH         LINE#         100
  C:2520H         LINE#         101
  C:2520H         LINE#         102
  C:252EH         LINE#         103
  C:2531H         LINE#         104
  C:2534H         LINE#         105
  C:2534H         LINE#         106
  C:2536H         LINE#         107
  -------         ENDPROC       _EXT_INILIZE
  -------         ENDMOD        STC15_EXTI

  -------         MODULE        STC15_IIC
  C:0000H         SYMBOL        _ICE_DUMMY_
  D:0080H         PUBLIC        P0
  D:0090H         PUBLIC        P1
  D:00A0H         PUBLIC        P2
  D:00B0H         PUBLIC        P3
  D:00C0H         PUBLIC        P4
BL51 BANKED LINKER/LOCATER V6.00                                                      06/28/2017  20:35:47  PAGE 28


  D:00C8H         PUBLIC        P5
  D:00E8H         PUBLIC        P6
  D:00F8H         PUBLIC        P7
  D:00A8H         PUBLIC        IE
  D:00B8H         PUBLIC        IP
  D:00D8H         PUBLIC        CCON
  C:2B6BH         PUBLIC        _IIC_RdDatFromAdd
  D:0098H         PUBLIC        SCON
  C:322DH         PUBLIC        IIC_Nack
  D:0088H         PUBLIC        TCON
  D:00F0H         PUBLIC        B
  C:31E7H         PUBLIC        IIC_Ack
  C:3223H         PUBLIC        IIC_Start
  D:00E0H         PUBLIC        ACC
  C:2F17H         PUBLIC        _InputOneByte
  C:3023H         PUBLIC        OutputOneByte
  C:31E1H         PUBLIC        Delay5US
  B:00A0H.2       PUBLIC        SDA
  C:3248H         PUBLIC        IIC_Stop
  B:00A0H.0       PUBLIC        SCL
  C:30C9H         PUBLIC        _IIC_WrDevAddAndDatAdd
  C:2D5FH         PUBLIC        _IIC_WrDatToAdd
  D:00D0H         PUBLIC        PSW
  C:2EA6H         PUBLIC        IIC_RdAck
  C:31DCH         SYMBOL        L?0031
  -------         PROC          L?0030
  -------         ENDPROC       L?0030
  C:31DCH         SYMBOL        L?0031
  -------         PROC          DELAY5US
  -------         DO            
  D:0007H         SYMBOL        i
  -------         ENDDO         
  C:31E1H         LINE#         21
  C:31E1H         LINE#         22
  C:31E1H         LINE#         24
  C:31E2H         LINE#         25
  C:31E4H         LINE#         26
  C:31E6H         LINE#         27
  C:31E6H         LINE#         29
  C:31E6H         LINE#         30
  -------         ENDPROC       DELAY5US
  -------         PROC          IIC_START
  C:3223H         LINE#         37
  C:3223H         LINE#         38
  C:3223H         LINE#         39
  C:3225H         LINE#         40
  C:3225H         LINE#         41
  C:3225H         LINE#         42
  C:3228H         LINE#         43
  C:322AH         LINE#         44
  -------         ENDPROC       IIC_START
  -------         PROC          IIC_STOP
  C:3248H         LINE#         52
  C:3248H         LINE#         53
  C:3248H         LINE#         54
  C:3248H         LINE#         55
  C:3248H         LINE#         56
BL51 BANKED LINKER/LOCATER V6.00                                                      06/28/2017  20:35:47  PAGE 29


  C:3248H         LINE#         57
  C:324BH         LINE#         58
  C:324DH         LINE#         59
  -------         ENDPROC       IIC_STOP
  -------         PROC          IIC_ACK
  C:31E7H         LINE#         66
  C:31E7H         LINE#         67
  C:31E7H         LINE#         68
  C:31E9H         LINE#         69
  C:31E9H         LINE#         70
  C:31E9H         LINE#         71
  C:31E9H         LINE#         72
  C:31ECH         LINE#         73
  C:31EEH         LINE#         74
  C:31F1H         LINE#         75
  C:31F3H         LINE#         76
  -------         ENDPROC       IIC_ACK
  -------         PROC          L?0032
  -------         ENDPROC       L?0032
  -------         PROC          IIC_RDACK
  -------         DO            
  B:0020H.5       SYMBOL        AckFlag
  D:0006H         SYMBOL        uiVal
  -------         ENDDO         
  C:2EA6H         LINE#         83
  C:2EA6H         LINE#         84
  C:2EA6H         LINE#         86
  C:2EA8H         LINE#         87
  C:2EAAH         LINE#         88
  C:2EADH         LINE#         89
  C:2EAFH         LINE#         90
  C:2EB1H         LINE#         91
  C:2EB4H         LINE#         92
  C:2EBDH         LINE#         93
  C:2EBDH         LINE#         94
  C:2EBEH         LINE#         95
  C:2EC2H         LINE#         96
  C:2EC4H         LINE#         97
  C:2EC6H         LINE#         98
  C:2EC8H         LINE#         99
  -------         ENDPROC       IIC_RDACK
  -------         PROC          IIC_NACK
  C:322DH         LINE#         106
  C:322DH         LINE#         107
  C:322DH         LINE#         108
  C:322FH         LINE#         109
  C:3231H         LINE#         110
  C:3231H         LINE#         111
  C:3231H         LINE#         112
  C:3234H         LINE#         113
  C:3236H         LINE#         114
  -------         ENDPROC       IIC_NACK
  -------         PROC          OUTPUTONEBYTE
  -------         DO            
  D:0006H         SYMBOL        uByteVal
  D:0005H         SYMBOL        iCount
  -------         ENDDO         
BL51 BANKED LINKER/LOCATER V6.00                                                      06/28/2017  20:35:47  PAGE 30


  C:3023H         LINE#         121
  C:3023H         LINE#         122
  C:3023H         LINE#         123
  C:3025H         LINE#         125
  C:3027H         LINE#         126
  C:3028H         LINE#         127
  C:3028H         LINE#         128
  C:302AH         LINE#         129
  C:302AH         LINE#         130
  C:302AH         LINE#         131
  C:302DH         LINE#         132
  C:3031H         LINE#         133
  C:3034H         LINE#         134
  C:3034H         LINE#         135
  C:3037H         LINE#         136
  C:3037H         LINE#         137
  C:303CH         LINE#         138
  C:303EH         LINE#         139
  C:3040H         LINE#         140
  -------         ENDPROC       OUTPUTONEBYTE
  -------         PROC          _INPUTONEBYTE
  D:0006H         SYMBOL        uByteVal
  -------         DO            
  D:0005H         SYMBOL        iCount
  -------         ENDDO         
  C:2F17H         LINE#         147
  C:2F19H         LINE#         148
  C:2F19H         LINE#         150
  C:2F1BH         LINE#         151
  C:2F1BH         LINE#         152
  C:2F1DH         LINE#         153
  C:2F20H         LINE#         154
  C:2F2EH         LINE#         155
  C:2F2EH         LINE#         156
  C:2F2EH         LINE#         157
  C:2F31H         LINE#         158
  C:2F35H         LINE#         159
  C:2F3AH         LINE#         160
  C:2F3CH         LINE#         161
  -------         ENDPROC       _INPUTONEBYTE
  -------         PROC          _IIC_WRDEVADDANDDATADD
  D:0006H         SYMBOL        uDevAdd
  D:0004H         SYMBOL        uDatAdd
  C:30C9H         LINE#         168
  C:30CDH         LINE#         169
  C:30CDH         LINE#         170
  C:30D0H         LINE#         171
  C:30D5H         LINE#         172
  C:30D8H         LINE#         173
  C:30DDH         LINE#         174
  C:30E0H         LINE#         175
  C:30E1H         LINE#         176
  -------         ENDPROC       _IIC_WRDEVADDANDDATADD
  -------         PROC          _IIC_WRDATTOADD
  D:0007H         SYMBOL        uDevID
  D:0005H         SYMBOL        uStaAddVal
  X:0310H         SYMBOL        p
BL51 BANKED LINKER/LOCATER V6.00                                                      06/28/2017  20:35:47  PAGE 31


  X:0313H         SYMBOL        ucLenVal
  -------         DO            
  D:0004H         SYMBOL        iCount
  -------         ENDDO         
  C:2D5FH         LINE#         184
  C:2D6AH         LINE#         185
  C:2D6AH         LINE#         187
  C:2D6DH         LINE#         189
  C:2D79H         LINE#         190
  C:2D79H         LINE#         191
  C:2D8CH         LINE#         192
  C:2D8FH         LINE#         193
  C:2D92H         LINE#         194
  -------         ENDPROC       _IIC_WRDATTOADD
  -------         PROC          _IIC_RDDATFROMADD
  X:0314H         SYMBOL        uDevID
  D:0005H         SYMBOL        uStaAddVal
  X:0316H         SYMBOL        p
  X:0319H         SYMBOL        uiLenVal
  -------         DO            
  D:0004H         SYMBOL        iCount
  -------         ENDDO         
  C:2B6BH         LINE#         203
  C:2B7BH         LINE#         204
  C:2B7BH         LINE#         206
  C:2B7EH         LINE#         207
  C:2B81H         LINE#         208
  C:2B84H         LINE#         210
  C:2B87H         LINE#         211
  C:2B93H         LINE#         212
  C:2B93H         LINE#         213
  C:2BAAH         LINE#         214
  C:2BB2H         LINE#         215
  C:2BB2H         LINE#         216
  C:2BB5H         LINE#         217
  C:2BB5H         LINE#         218
  C:2BB8H         LINE#         219
  C:2BBBH         LINE#         220
  -------         ENDPROC       _IIC_RDDATFROMADD
  -------         ENDMOD        STC15_IIC

  -------         MODULE        STC15_PWM
  C:0000H         SYMBOL        _ICE_DUMMY_
  D:0080H         PUBLIC        P0
  C:2257H         SYMBOL        _PWM_SET_T12_PERIOD
  D:0090H         PUBLIC        P1
  D:00A0H         PUBLIC        P2
  D:00B0H         PUBLIC        P3
  X:028CH         SYMBOL        PWM_info
  D:00C0H         PUBLIC        P4
  D:00C8H         PUBLIC        P5
  D:00E8H         PUBLIC        P6
  D:00F8H         PUBLIC        P7
  C:3200H         PUBLIC        OPEN_PWM
  D:00F5H         PUBLIC        PWMCR
  D:00BAH         PUBLIC        P_SW2
  D:00A8H         PUBLIC        IE
BL51 BANKED LINKER/LOCATER V6.00                                                      06/28/2017  20:35:47  PAGE 32


  C:2D23H         PUBLIC        _getPWM_N_duty
  D:00F7H         PUBLIC        PWMFDCR
  D:00B8H         PUBLIC        IP
  C:1DC9H         PUBLIC        _PWM_duty
  C:3192H         PUBLIC        getPWM_period
  D:00D8H         PUBLIC        CCON
  C:13D8H         SYMBOL        _PWM_Inilize
  B:00A0H.1       PUBLIC        P21
  B:00A0H.2       PUBLIC        P22
  D:0098H         PUBLIC        SCON
  B:00A0H.3       PUBLIC        P23
  D:0088H         PUBLIC        TCON
  B:0090H.6       PUBLIC        P16
  B:0090H.7       PUBLIC        P17
  B:00B0H.7       PUBLIC        P37
  C:3255H         PUBLIC        getPWM_state
  D:00F0H         PUBLIC        B
  D:00F1H         PUBLIC        PWMCFG
  D:00E0H         PUBLIC        ACC
  C:320CH         PUBLIC        CLOSE_PWM
  C:238EH         PUBLIC        _PWM_config
  C:2DFBH         PUBLIC        _PWM_period
  C:30FBH         PUBLIC        _PWM_SET_PERIOD
  B:0020H.6       SYMBOL        PWM_state
  D:00D0H         PUBLIC        PSW
  -------         PROC          _PWM_INILIZE
  D:0007H         SYMBOL        PWM_N
  D:0001H         SYMBOL        PWMx
  C:13D8H         LINE#         33
  C:13D8H         LINE#         34
  C:13D8H         LINE#         35
  C:13DBH         LINE#         36
  C:13E1H         LINE#         37
  C:13E1H         LINE#         38
  C:13E4H         LINE#         39
  C:13E6H         LINE#         41
  C:13E6H         LINE#         42
  C:13E9H         LINE#         43
  C:13E9H         LINE#         44
  C:13F2H         LINE#         45
  C:13F2H         LINE#         46
  C:13FFH         LINE#         47
  C:1401H         LINE#         49
  C:1401H         LINE#         50
  C:140FH         LINE#         51
  C:140FH         LINE#         52
  C:1418H         LINE#         53
  C:1418H         LINE#         54
  C:141BH         LINE#         55
  C:141DH         LINE#         57
  C:141DH         LINE#         58
  C:1420H         LINE#         59
  C:1420H         LINE#         60
  C:1429H         LINE#         61
  C:1429H         LINE#         62
  C:1436H         LINE#         63
  C:1438H         LINE#         65
BL51 BANKED LINKER/LOCATER V6.00                                                      06/28/2017  20:35:47  PAGE 33


  C:1438H         LINE#         66
  C:1446H         LINE#         67
  C:1446H         LINE#         68
  C:144FH         LINE#         69
  C:144FH         LINE#         70
  C:1452H         LINE#         71
  C:1454H         LINE#         73
  C:1454H         LINE#         74
  C:1457H         LINE#         75
  C:1457H         LINE#         76
  C:1460H         LINE#         77
  C:1460H         LINE#         78
  C:1463H         LINE#         79
  C:1465H         LINE#         81
  C:1465H         LINE#         82
  C:1468H         LINE#         83
  C:1468H         LINE#         84
  C:1471H         LINE#         85
  C:1471H         LINE#         86
  C:1474H         LINE#         87
  C:1476H         LINE#         89
  C:1476H         LINE#         90
  C:1479H         LINE#         91
  C:1479H         LINE#         92
  C:1482H         LINE#         93
  C:1482H         LINE#         94
  C:1485H         LINE#         95
  C:1487H         LINE#         97
  C:1487H         LINE#         98
  C:148AH         LINE#         99
  C:148AH         LINE#         100
  C:1493H         LINE#         101
  C:1493H         LINE#         102
  C:1496H         LINE#         103
  C:1498H         LINE#         105
  C:1498H         LINE#         106
  C:149BH         LINE#         107
  C:149BH         LINE#         109
  C:14A6H         LINE#         110
  C:14A6H         LINE#         111
  C:14AAH         LINE#         112
  C:14ACH         LINE#         114
  C:14ACH         LINE#         115
  C:14B0H         LINE#         116
  C:14B0H         LINE#         118
  C:14C7H         LINE#         119
  C:14EAH         LINE#         120
  C:14EAH         LINE#         121
  C:14EAH         LINE#         122
  C:14EAH         LINE#         123
  C:14F5H         LINE#         124
  C:14F5H         LINE#         125
  C:14F9H         LINE#         126
  C:14FBH         LINE#         128
  C:14FBH         LINE#         129
  C:14FFH         LINE#         130
  C:14FFH         LINE#         131
BL51 BANKED LINKER/LOCATER V6.00                                                      06/28/2017  20:35:47  PAGE 34


  C:150BH         LINE#         132
  C:150BH         LINE#         133
  C:150FH         LINE#         134
  C:1511H         LINE#         136
  C:1511H         LINE#         137
  C:1515H         LINE#         138
  C:1515H         LINE#         139
  C:1521H         LINE#         140
  C:1521H         LINE#         141
  C:1525H         LINE#         142
  C:1527H         LINE#         144
  C:1527H         LINE#         145
  C:152BH         LINE#         146
  C:152BH         LINE#         147
  C:1537H         LINE#         148
  C:1537H         LINE#         149
  C:1537H         LINE#         150
  C:153AH         LINE#         152
  C:153AH         LINE#         153
  C:153AH         LINE#         154
  C:153AH         LINE#         155
  C:153AH         LINE#         156
  C:153DH         LINE#         157
  C:153DH         LINE#         158
  C:153DH         LINE#         159
  C:1548H         LINE#         160
  C:1548H         LINE#         161
  C:154CH         LINE#         162
  C:154EH         LINE#         164
  C:154EH         LINE#         165
  C:1552H         LINE#         166
  C:1552H         LINE#         167
  C:155EH         LINE#         168
  C:155EH         LINE#         169
  C:1562H         LINE#         170
  C:1564H         LINE#         172
  C:1564H         LINE#         173
  C:1568H         LINE#         174
  C:1568H         LINE#         175
  C:1574H         LINE#         176
  C:1574H         LINE#         177
  C:1578H         LINE#         178
  C:157AH         LINE#         180
  C:157AH         LINE#         181
  C:157EH         LINE#         182
  C:157EH         LINE#         183
  C:158AH         LINE#         184
  C:158AH         LINE#         185
  C:158AH         LINE#         186
  C:158DH         LINE#         188
  C:158DH         LINE#         189
  C:158DH         LINE#         190
  C:158DH         LINE#         191
  C:158DH         LINE#         192
  C:1590H         LINE#         193
  C:1590H         LINE#         194
  C:1590H         LINE#         195
BL51 BANKED LINKER/LOCATER V6.00                                                      06/28/2017  20:35:47  PAGE 35


  C:159BH         LINE#         196
  C:159BH         LINE#         197
  C:159FH         LINE#         198
[...]


  C:0C23H         LINE#         153
  C:0C40H         LINE#         154
  C:0C62H         LINE#         155
  C:0C78H         LINE#         156
  C:0C78H         LINE#         157
  C:0C7BH         LINE#         158
  C:0C7EH         LINE#         159
  C:0C81H         LINE#         160
  C:0C84H         LINE#         161
  C:0C99H         LINE#         162
  C:0CA2H         LINE#         163
  C:0CA5H         LINE#         164
  C:0CA8H         LINE#         165
  C:0CAAH         LINE#         166
  C:0CAFH         LINE#         167
  C:0CAFH         LINE#         168
  C:0CB2H         LINE#         169
  C:0CB5H         LINE#         170
  C:0CB8H         LINE#         171
  C:0CBBH         LINE#         172
  C:0CBEH         LINE#         173
  C:0CC1H         LINE#         174
  C:0CD6H         LINE#         175
  C:0CDFH         LINE#         176
  C:0CE2H         LINE#         177
  C:0CE4H         LINE#         178
  C:0CE7H         LINE#         179
  C:0CE7H         LINE#         180
  C:0CEAH         LINE#         181
  C:0D03H         LINE#         182
  C:0D06H         LINE#         183
  C:0D14H         LINE#         184
  C:0D17H         LINE#         185
  C:0D24H         LINE#         186
  C:0D27H         LINE#         188
  C:0D27H         LINE#         190
  C:0D32H         LINE#         191
  C:0D32H         LINE#         192
  C:0D38H         LINE#         193
  C:0D3BH         LINE#         194
  C:0D3DH         LINE#         195
  C:0D3FH         LINE#         196
  C:0D41H         LINE#         197
  C:0D43H         LINE#         198
  C:0D45H         LINE#         199
  C:0D67H         LINE#         200
  C:0D8AH         LINE#         202
  C:0DA5H         LINE#         203
  C:0DA5H         LINE#         204
  C:0DA8H         LINE#         205
  C:0DB1H         LINE#         206
  C:0DB4H         LINE#         207
  C:0DD6H         LINE#         208
  C:0DF3H         LINE#         209
  C:0E15H         LINE#         210
  C:0E2BH         LINE#         211
  C:0E2BH         LINE#         212
BL51 BANKED LINKER/LOCATER V6.00                                                      06/28/2017  20:35:47  PAGE 58


  C:0E2EH         LINE#         213
  C:0E31H         LINE#         214
  C:0E34H         LINE#         215
  C:0E37H         LINE#         216
  C:0E4CH         LINE#         217
  C:0E55H         LINE#         218
  C:0E58H         LINE#         219
  C:0E5BH         LINE#         220
  C:0E5DH         LINE#         221
  C:0E62H         LINE#         222
  C:0E62H         LINE#         223
  C:0E65H         LINE#         224
  C:0E68H         LINE#         225
  C:0E6BH         LINE#         226
  C:0E6EH         LINE#         227
  C:0E71H         LINE#         228
  C:0E74H         LINE#         229
  C:0E89H         LINE#         230
  C:0E92H         LINE#         231
  C:0E95H         LINE#         232
  C:0E97H         LINE#         233
  C:0E9AH         LINE#         234
  C:0E9AH         LINE#         235
  C:0E9DH         LINE#         236
  C:0EB6H         LINE#         237
  C:0EB9H         LINE#         238
  C:0EC7H         LINE#         239
  C:0ECAH         LINE#         240
  C:0EDAH         LINE#         241
  C:0EDDH         LINE#         242
  C:0EDDH         LINE#         244
  C:0EDFH         LINE#         245
  -------         ENDPROC       _USART_CONFIGURATION
  -------         PROC          _TX1_WRITE2BUFF
  D:0007H         SYMBOL        dat
  C:2EF0H         LINE#         250
  C:2EF0H         LINE#         251
  C:2EF0H         LINE#         252
  C:2EFFH         LINE#         253
  C:2F0CH         LINE#         255
  C:2F12H         LINE#         256
  C:2F12H         LINE#         257
  C:2F14H         LINE#         258
  C:2F16H         LINE#         259
  C:2F16H         LINE#         260
  -------         ENDPROC       _TX1_WRITE2BUFF
  -------         PROC          _TX2_WRITE2BUFF
  D:0007H         SYMBOL        dat
  C:2E2AH         LINE#         262
  C:2E2AH         LINE#         263
  C:2E2AH         LINE#         264
  C:2E39H         LINE#         265
  C:2E46H         LINE#         267
  C:2E4CH         LINE#         268
  C:2E4CH         LINE#         269
  C:2E4EH         LINE#         270
  C:2E51H         LINE#         271
BL51 BANKED LINKER/LOCATER V6.00                                                      06/28/2017  20:35:47  PAGE 59


  C:2E51H         LINE#         272
  -------         ENDPROC       _TX2_WRITE2BUFF
  -------         PROC          _TX3_WRITE2BUFF
  D:0007H         SYMBOL        dat
  C:2E52H         LINE#         274
  C:2E52H         LINE#         275
  C:2E52H         LINE#         276
  C:2E61H         LINE#         277
  C:2E6EH         LINE#         279
  C:2E74H         LINE#         280
  C:2E74H         LINE#         281
  C:2E76H         LINE#         282
  C:2E79H         LINE#         283
  C:2E79H         LINE#         284
  -------         ENDPROC       _TX3_WRITE2BUFF
  -------         PROC          _TX4_WRITE2BUFF
  D:0007H         SYMBOL        dat
  C:2E7AH         LINE#         286
  C:2E7AH         LINE#         287
  C:2E7AH         LINE#         288
  C:2E89H         LINE#         289
  C:2E96H         LINE#         291
  C:2E9CH         LINE#         292
  C:2E9CH         LINE#         293
  C:2E9EH         LINE#         294
  C:2EA1H         LINE#         295
  C:2EA1H         LINE#         296
  -------         ENDPROC       _TX4_WRITE2BUFF
  -------         PROC          _PRINTSTRING1
  D:0001H         SYMBOL        puts
  C:3127H         LINE#         298
  C:3127H         LINE#         299
  C:3127H         LINE#         300
  C:3139H         LINE#         301
  -------         ENDPROC       _PRINTSTRING1
  -------         PROC          _PRINTSTRING2
  D:0001H         SYMBOL        puts
  C:313AH         LINE#         303
  C:313AH         LINE#         304
  C:313AH         LINE#         305
  C:314CH         LINE#         306
  -------         ENDPROC       _PRINTSTRING2
  -------         PROC          _PRINTSTRING3
  D:0001H         SYMBOL        puts
  C:314DH         LINE#         308
  C:314DH         LINE#         309
  C:314DH         LINE#         310
  C:315FH         LINE#         311
  -------         ENDPROC       _PRINTSTRING3
  -------         PROC          _PRINTSTRING4
  D:0001H         SYMBOL        puts
  C:3160H         LINE#         313
  C:3160H         LINE#         314
  C:3160H         LINE#         315
  C:3172H         LINE#         316
  -------         ENDPROC       _PRINTSTRING4
  -------         PROC          UART1_INT
BL51 BANKED LINKER/LOCATER V6.00                                                      06/28/2017  20:35:47  PAGE 60


  C:29E6H         LINE#         323
  C:29F5H         LINE#         325
  C:29F8H         LINE#         326
  C:29F8H         LINE#         327
  C:29FAH         LINE#         328
  C:2A00H         LINE#         329
  C:2A00H         LINE#         330
  C:2A0BH         LINE#         331
  C:2A1FH         LINE#         332
  C:2A25H         LINE#         333
  C:2A25H         LINE#         334
  C:2A25H         LINE#         336
  C:2A28H         LINE#         337
  C:2A28H         LINE#         338
  C:2A2AH         LINE#         339
  C:2A37H         LINE#         340
  C:2A37H         LINE#         341
  C:2A44H         LINE#         342
  C:2A51H         LINE#         343
  C:2A53H         LINE#         344
  C:2A58H         LINE#         345
  C:2A58H         LINE#         346
  -------         ENDPROC       UART1_INT
  -------         PROC          UART2_INT
  C:2857H         LINE#         349
  C:2866H         LINE#         351
  C:286BH         LINE#         352
  C:286BH         LINE#         353
  C:286EH         LINE#         354
  C:2874H         LINE#         355
  C:2874H         LINE#         356
  C:287FH         LINE#         357
  C:2893H         LINE#         358
  C:2899H         LINE#         359
  C:2899H         LINE#         360
  C:2899H         LINE#         362
  C:289EH         LINE#         363
  C:289EH         LINE#         364
  C:28A1H         LINE#         365
  C:28AEH         LINE#         366
  C:28AEH         LINE#         367
  C:28BBH         LINE#         368
  C:28C8H         LINE#         369
  C:28CAH         LINE#         370
  C:28CFH         LINE#         371
  C:28CFH         LINE#         373
  -------         ENDPROC       UART2_INT
  -------         PROC          UART3_INT
  C:28DCH         LINE#         377
  C:28EBH         LINE#         379
  C:28F0H         LINE#         380
  C:28F0H         LINE#         381
  C:28F3H         LINE#         382
  C:28F9H         LINE#         383
  C:28F9H         LINE#         384
  C:2904H         LINE#         385
  C:2918H         LINE#         386
BL51 BANKED LINKER/LOCATER V6.00                                                      06/28/2017  20:35:47  PAGE 61


  C:291EH         LINE#         387
  C:291EH         LINE#         388
  C:291EH         LINE#         390
  C:2923H         LINE#         391
  C:2923H         LINE#         392
  C:2926H         LINE#         393
  C:2933H         LINE#         394
  C:2933H         LINE#         395
  C:2940H         LINE#         396
  C:294DH         LINE#         397
  C:294FH         LINE#         398
  C:2954H         LINE#         399
  C:2954H         LINE#         401
  -------         ENDPROC       UART3_INT
  -------         PROC          UART4_INT
  C:2961H         LINE#         405
  C:2970H         LINE#         407
  C:2975H         LINE#         408
  C:2975H         LINE#         409
  C:2978H         LINE#         410
  C:297EH         LINE#         411
  C:297EH         LINE#         412
  C:2989H         LINE#         413
  C:299DH         LINE#         414
  C:29A3H         LINE#         415
  C:29A3H         LINE#         416
  C:29A3H         LINE#         418
  C:29A8H         LINE#         419
  C:29A8H         LINE#         420
  C:29ABH         LINE#         421
  C:29B8H         LINE#         422
  C:29B8H         LINE#         423
  C:29C5H         LINE#         424
  C:29D2H         LINE#         425
  C:29D4H         LINE#         426
  C:29D9H         LINE#         427
  C:29D9H         LINE#         429
  -------         ENDPROC       UART4_INT
  -------         ENDMOD        USART1

  -------         MODULE        ?C?FPMUL
  C:0EE0H         PUBLIC        ?C?FPMUL
  -------         ENDMOD        ?C?FPMUL

  -------         MODULE        ?C?FPCMP
  C:0FE8H         PUBLIC        ?C?FPCMP
  C:0FE6H         PUBLIC        ?C?FPCMP3
  -------         ENDMOD        ?C?FPCMP

  -------         MODULE        ?C?FCAST
  C:105DH         PUBLIC        ?C?FCASTC
  C:1058H         PUBLIC        ?C?FCASTI
  C:1053H         PUBLIC        ?C?FCASTL
  -------         ENDMOD        ?C?FCAST

  -------         MODULE        ?C?CASTF
  C:1091H         PUBLIC        ?C?CASTF
BL51 BANKED LINKER/LOCATER V6.00                                                      06/28/2017  20:35:47  PAGE 62


  -------         ENDMOD        ?C?CASTF

  -------         MODULE        ?C?CLDPTR
  C:1112H         PUBLIC        ?C?CLDPTR
  -------         ENDMOD        ?C?CLDPTR

  -------         MODULE        ?C?CLDOPTR
  C:112BH         PUBLIC        ?C?CLDOPTR
  -------         ENDMOD        ?C?CLDOPTR

  -------         MODULE        ?C?CSTPTR
  C:1158H         PUBLIC        ?C?CSTPTR
  -------         ENDMOD        ?C?CSTPTR

  -------         MODULE        ?C?IMUL
  C:116AH         PUBLIC        ?C?IMUL
  -------         ENDMOD        ?C?IMUL

  -------         MODULE        ?C?UIDIV
  C:117CH         PUBLIC        ?C?UIDIV
  -------         ENDMOD        ?C?UIDIV

  -------         MODULE        ?C?IILDX
  C:11D1H         PUBLIC        ?C?IILDX
  -------         ENDMOD        ?C?IILDX

  -------         MODULE        ?C?ILDIX
  C:11E7H         PUBLIC        ?C?ILDIX
  -------         ENDMOD        ?C?ILDIX

  -------         MODULE        ?C?ILDOPTR
  C:11FDH         PUBLIC        ?C?ILDOPTR
  -------         ENDMOD        ?C?ILDOPTR

  -------         MODULE        ?C?ULDIV
  C:1271H         PUBLIC        ?C?ULDIV
  -------         ENDMOD        ?C?ULDIV

  -------         MODULE        ?C?SLDIV
  C:2CDFH         PUBLIC        ?C?SLDIV
  -------         ENDMOD        ?C?SLDIV

  -------         MODULE        ?C?LNEG
  C:1303H         PUBLIC        ?C?LNEG
  -------         ENDMOD        ?C?LNEG

  -------         MODULE        ?C?ULCMP
  C:1311H         PUBLIC        ?C?ULCMP
  -------         ENDMOD        ?C?ULCMP

  -------         MODULE        ?C?ULSHR
  C:1322H         PUBLIC        ?C?ULSHR
  -------         ENDMOD        ?C?ULSHR

  -------         MODULE        ?C?LLDOPTR0
  C:1335H         PUBLIC        ?C?LLDOPTR0
  -------         ENDMOD        ?C?LLDOPTR0
BL51 BANKED LINKER/LOCATER V6.00                                                      06/28/2017  20:35:47  PAGE 63



  -------         MODULE        ?C?LSTXDATA
  C:1365H         PUBLIC        ?C?LSTXDATA
  -------         ENDMOD        ?C?LSTXDATA

  -------         MODULE        ?C?LSTKXDATA
  C:1371H         PUBLIC        ?C?LSTKXDATA
  -------         ENDMOD        ?C?LSTKXDATA

  -------         MODULE        ?C?LLDIDATA0
  C:13A2H         PUBLIC        ?C?LLDIDATA0
  -------         ENDMOD        ?C?LLDIDATA0

  -------         MODULE        ?C?LLDXDATA0
  C:13AFH         PUBLIC        ?C?LLDXDATA0
  -------         ENDMOD        ?C?LLDXDATA0

  -------         MODULE        ?C?LLDPDATA0
  C:13BBH         PUBLIC        ?C?LLDPDATA0
  -------         ENDMOD        ?C?LLDPDATA0

  -------         MODULE        ?C?LLDCODE0
  C:13C8H         PUBLIC        ?C?LLDCODE0
  -------         ENDMOD        ?C?LLDCODE0

*** WARNING L16: UNCALLED SEGMENT, IGNORED FOR OVERLAY PROCESS
    SEGMENT: ?PR?MODE1?MODE

*** WARNING L16: UNCALLED SEGMENT, IGNORED FOR OVERLAY PROCESS
    SEGMENT: ?PR?MODE2?MODE

*** WARNING L16: UNCALLED SEGMENT, IGNORED FOR OVERLAY PROCESS
    SEGMENT: ?PR?MODE3?MODE

*** WARNING L16: UNCALLED SEGMENT, IGNORED FOR OVERLAY PROCESS
    SEGMENT: ?PR?MODE4?MODE

*** WARNING L16: UNCALLED SEGMENT, IGNORED FOR OVERLAY PROCESS
    SEGMENT: ?PR?MODELAUNCHER?MODE

*** WARNING L16: UNCALLED SEGMENT, IGNORED FOR OVERLAY PROCESS
    SEGMENT: ?PR?_ADC_INILIZE?ADC

*** WARNING L16: UNCALLED SEGMENT, IGNORED FOR OVERLAY PROCESS
    SEGMENT: ?PR?_ADC_POWERCONTROL?ADC

*** WARNING L16: UNCALLED SEGMENT, IGNORED FOR OVERLAY PROCESS
    SEGMENT: ?PR?_GET_ADC10BITRESULT?ADC

*** WARNING L16: UNCALLED SEGMENT, IGNORED FOR OVERLAY PROCESS
    SEGMENT: ?PR?_DELAY_MS?DELAY

*** WARNING L16: UNCALLED SEGMENT, IGNORED FOR OVERLAY PROCESS
    SEGMENT: ?PR?_SETPINSTATE?GPIO

*** WARNING L16: UNCALLED SEGMENT, IGNORED FOR OVERLAY PROCESS
    SEGMENT: ?PR?_PWMN_UPDATE?PCA
BL51 BANKED LINKER/LOCATER V6.00                                                      06/28/2017  20:35:47  PAGE 64



*** WARNING L16: UNCALLED SEGMENT, IGNORED FOR OVERLAY PROCESS
    SEGMENT: ?PR?_PCA_INIT?PCA

*** WARNING L16: UNCALLED SEGMENT, IGNORED FOR OVERLAY PROCESS
    SEGMENT: ?PR?_PWMOUTPUT?PCA

*** WARNING L16: UNCALLED SEGMENT, IGNORED FOR OVERLAY PROCESS
    SEGMENT: ?PR?_EXT_INILIZE?STC15_EXTI

*** WARNING L16: UNCALLED SEGMENT, IGNORED FOR OVERLAY PROCESS
    SEGMENT: ?PR?_IIC_WRDATTOADD?STC15_IIC

*** WARNING L16: UNCALLED SEGMENT, IGNORED FOR OVERLAY PROCESS
    SEGMENT: ?PR?_IIC_RDDATFROMADD?STC15_IIC

*** WARNING L16: UNCALLED SEGMENT, IGNORED FOR OVERLAY PROCESS
    SEGMENT: ?PR?_PWM_CONFIG?STC15_PWM

*** WARNING L16: UNCALLED SEGMENT, IGNORED FOR OVERLAY PROCESS
    SEGMENT: ?PR?GETPWM_PERIOD?STC15_PWM

*** WARNING L16: UNCALLED SEGMENT, IGNORED FOR OVERLAY PROCESS
    SEGMENT: ?PR?_GETPWM_N_DUTY?STC15_PWM

*** WARNING L16: UNCALLED SEGMENT, IGNORED FOR OVERLAY PROCESS
    SEGMENT: ?PR?_PWM_PERIOD?STC15_PWM

*** WARNING L16: UNCALLED SEGMENT, IGNORED FOR OVERLAY PROCESS
    SEGMENT: ?PR?_PWM_DUTY?STC15_PWM

*** WARNING L16: UNCALLED SEGMENT, IGNORED FOR OVERLAY PROCESS
    SEGMENT: ?PR?OPEN_PWM?STC15_PWM

*** WARNING L16: UNCALLED SEGMENT, IGNORED FOR OVERLAY PROCESS
    SEGMENT: ?PR?CLOSE_PWM?STC15_PWM

*** WARNING L16: UNCALLED SEGMENT, IGNORED FOR OVERLAY PROCESS
    SEGMENT: ?PR?GETPWM_STATE?STC15_PWM

*** WARNING L16: UNCALLED SEGMENT, IGNORED FOR OVERLAY PROCESS
    SEGMENT: ?PR?_SPI_INIT?STC15_SPI

*** WARNING L16: UNCALLED SEGMENT, IGNORED FOR OVERLAY PROCESS
    SEGMENT: ?PR?_SPI_WRITENBYTETOTXBUF?STC15_SPI

*** WARNING L16: UNCALLED SEGMENT, IGNORED FOR OVERLAY PROCESS
    SEGMENT: ?PR?SPI_TRIGTX?STC15_SPI

*** WARNING L16: UNCALLED SEGMENT, IGNORED FOR OVERLAY PROCESS
    SEGMENT: ?PR?_SPI_SPI_READTHENBYTETORXBUF?STC15_SPI

*** WARNING L16: UNCALLED SEGMENT, IGNORED FOR OVERLAY PROCESS
    SEGMENT: ?PR?GETMICROS?TIMER

*** WARNING L16: UNCALLED SEGMENT, IGNORED FOR OVERLAY PROCESS
    SEGMENT: ?PR?GETMILLIS?TIMER
BL51 BANKED LINKER/LOCATER V6.00                                                      06/28/2017  20:35:47  PAGE 65



*** WARNING L16: UNCALLED SEGMENT, IGNORED FOR OVERLAY PROCESS
    SEGMENT: ?PR?_SETTIMERHERTZ?TIMER

*** WARNING L16: UNCALLED SEGMENT, IGNORED FOR OVERLAY PROCESS
    SEGMENT: ?PR?_GETTIMERHERTZ?TIMER

*** WARNING L16: UNCALLED SEGMENT, IGNORED FOR OVERLAY PROCESS
    SEGMENT: ?PR?_SETTIMEOUT?TIMER

*** WARNING L16: UNCALLED SEGMENT, IGNORED FOR OVERLAY PROCESS
    SEGMENT: ?PR?_GETTIMEROUT?TIMER

*** WARNING L16: UNCALLED SEGMENT, IGNORED FOR OVERLAY PROCESS
    SEGMENT: ?PR?_STOPTIMER?TIMER

*** WARNING L16: UNCALLED SEGMENT, IGNORED FOR OVERLAY PROCESS
    SEGMENT: ?PR?_ISACTIVETIMER?TIMER

*** WARNING L16: UNCALLED SEGMENT, IGNORED FOR OVERLAY PROCESS
    SEGMENT: ?PR?_ONRESTARTTIMER?TIMER

*** WARNING L16: UNCALLED SEGMENT, IGNORED FOR OVERLAY PROCESS
    SEGMENT: ?PR?_PRINTSTRING2?USART1

*** WARNING L16: UNCALLED SEGMENT, IGNORED FOR OVERLAY PROCESS
    SEGMENT: ?PR?_PRINTSTRING3?USART1

*** WARNING L16: UNCALLED SEGMENT, IGNORED FOR OVERLAY PROCESS
    SEGMENT: ?PR?_PRINTSTRING4?USART1

*** WARNING L1: UNRESOLVED EXTERNAL SYMBOL
    SYMBOL:  DATASCOPE_OUTPUT_BUFFER
    MODULE:  .\task.obj (TASK)

*** WARNING L1: UNRESOLVED EXTERNAL SYMBOL
    SYMBOL:  _DATASCOPE_DATA_GENERATE
    MODULE:  .\task.obj (TASK)

*** WARNING L1: UNRESOLVED EXTERNAL SYMBOL
    SYMBOL:  _DATASCOPE_GET_CHANNEL_DATA
    MODULE:  .\task.obj (TASK)

*** WARNING L1: UNRESOLVED EXTERNAL SYMBOL
    SYMBOL:  ?_DATASCOPE_GET_CHANNEL_DATA?BYTE
    MODULE:  .\task.obj (TASK)

*** WARNING L2: REFERENCE MADE TO UNRESOLVED EXTERNAL
    SYMBOL:  ?_DATASCOPE_GET_CHANNEL_DATA?BYTE
    MODULE:  .\task.obj (TASK)
    ADDRESS: 2C0FH

*** WARNING L2: REFERENCE MADE TO UNRESOLVED EXTERNAL
    SYMBOL:  _DATASCOPE_GET_CHANNEL_DATA
    MODULE:  .\task.obj (TASK)
    ADDRESS: 2C1DH

BL51 BANKED LINKER/LOCATER V6.00                                                      06/28/2017  20:35:47  PAGE 66


*** WARNING L2: REFERENCE MADE TO UNRESOLVED EXTERNAL
    SYMBOL:  _DATASCOPE_DATA_GENERATE
    MODULE:  .\task.obj (TASK)
    ADDRESS: 2C22H

*** WARNING L2: REFERENCE MADE TO UNRESOLVED EXTERNAL
    SYMBOL:  DATASCOPE_OUTPUT_BUFFER
    MODULE:  .\task.obj (TASK)
    ADDRESS: 2C3DH

*** WARNING L2: REFERENCE MADE TO UNRESOLVED EXTERNAL
    SYMBOL:  DATASCOPE_OUTPUT_BUFFER
    MODULE:  .\task.obj (TASK)
    ADDRESS: 2C43H

*** WARNING L1: UNRESOLVED EXTERNAL SYMBOL
    SYMBOL:  BUTTON_CONFIG
    MODULE:  .\setup.obj (SETUP)

*** WARNING L2: REFERENCE MADE TO UNRESOLVED EXTERNAL
    SYMBOL:  BUTTON_CONFIG
    MODULE:  .\setup.obj (SETUP)
    ADDRESS: 323BH

******************************************************************************
* RESTRICTED VERSION WITH FFFFH BYTE CODE SIZE LIMIT; USED: 2354H BYTE (13%) *
******************************************************************************

Program Size: data=91.7 xdata=804 code=10905
LINK/LOCATE RUN COMPLETE.  51 WARNING(S),  0 ERROR(S)
